{"level":"info","message":"Created client session 3f9883a2c136e1bd8c2a2772","timestamp":"2026-07-03 00:12:10"}
{"level":"info","message":"Created JournalEntry with id [9h3lCnPgUa5pWik9]","timestamp":"2026-07-03 00:12:40"}
{"level":"info","message":"Created JournalEntryPage with id [X12EiGnhw2Ge3XAs] in parent JournalEntry [9h3lCnPgUa5pWik9]","timestamp":"2026-07-03 00:12:49"}
{"level":"debug","message":"Starting edit session for user 'YzL2W1htQr2gHsBA' and instance 'JournalEntry.9h3lCnPgUa5pWik9.JournalEntryPage.X12EiGnhw2Ge3XAs#text.content'.","timestamp":"2026-07-03 00:12:49"}
{"level":"debug","message":"Retiring user 'YzL2W1htQr2gHsBA' from editing session for instance 'JournalEntry.9h3lCnPgUa5pWik9.JournalEntryPage.X12EiGnhw2Ge3XAs#text.content'.","timestamp":"2026-07-03 00:13:00"}
{"level":"debug","message":"Instance 'JournalEntry.9h3lCnPgUa5pWik9.JournalEntryPage.X12EiGnhw2Ge3XAs#text.content' has no more active editors, cleaning up.","timestamp":"2026-07-03 00:13:00"}
{"level":"info","message":"Created JournalEntryPage with id [VFvM2pzyKVQGsBn1] in parent JournalEntry [9h3lCnPgUa5pWik9]","timestamp":"2026-07-03 00:13:19"}
{"level":"debug","message":"Starting edit session for user 'YzL2W1htQr2gHsBA' and instance 'JournalEntry.9h3lCnPgUa5pWik9.JournalEntryPage.VFvM2pzyKVQGsBn1#text.content'.","timestamp":"2026-07-03 00:13:19"}
{"level":"debug","message":"Retiring user 'YzL2W1htQr2gHsBA' from editing session for instance 'JournalEntry.9h3lCnPgUa5pWik9.JournalEntryPage.VFvM2pzyKVQGsBn1#text.content'.","timestamp":"2026-07-03 00:13:31"}
{"level":"debug","message":"Instance 'JournalEntry.9h3lCnPgUa5pWik9.JournalEntryPage.VFvM2pzyKVQGsBn1#text.content' has no more active editors, cleaning up.","timestamp":"2026-07-03 00:13:31"}
{"level":"debug","message":"Starting edit session for user 'YzL2W1htQr2gHsBA' and instance 'JournalEntry.9h3lCnPgUa5pWik9.JournalEntryPage.VFvM2pzyKVQGsBn1#text.content'.","timestamp":"2026-07-03 00:13:33"}
{"level":"debug","message":"Retiring user 'YzL2W1htQr2gHsBA' from editing session for instance 'JournalEntry.9h3lCnPgUa5pWik9.JournalEntryPage.VFvM2pzyKVQGsBn1#text.content'.","timestamp":"2026-07-03 00:13:37"}
{"level":"debug","message":"Instance 'JournalEntry.9h3lCnPgUa5pWik9.JournalEntryPage.VFvM2pzyKVQGsBn1#text.content' has no more active editors, cleaning up.","timestamp":"2026-07-03 00:13:37"}
{"level":"debug","message":"Starting edit session for user 'YzL2W1htQr2gHsBA' and instance 'JournalEntry.9h3lCnPgUa5pWik9.JournalEntryPage.VFvM2pzyKVQGsBn1#text.content'.","timestamp":"2026-07-03 00:13:37"}
{"level":"debug","message":"Starting edit session for user 'YzL2W1htQr2gHsBA' and instance 'JournalEntry.9h3lCnPgUa5pWik9.JournalEntryPage.VFvM2pzyKVQGsBn1#text.content'.","timestamp":"2026-07-03 00:13:37"}
{"level":"debug","message":"Retiring user 'YzL2W1htQr2gHsBA' from editing session for instance 'JournalEntry.9h3lCnPgUa5pWik9.JournalEntryPage.VFvM2pzyKVQGsBn1#text.content'.","timestamp":"2026-07-03 00:13:41"}
{"level":"debug","message":"Instance 'JournalEntry.9h3lCnPgUa5pWik9.JournalEntryPage.VFvM2pzyKVQGsBn1#text.content' has no more active editors, cleaning up.","timestamp":"2026-07-03 00:13:41"}
{"level":"info","message":"Created client session 2718c52ae32cc4137d9cf3e1","timestamp":"2026-07-03 00:28:32"}
{"level":"info","message":"Created client session fd309182bad1f2ae1ef0d8f9","timestamp":"2026-07-03 00:45:20"}
{"level":"info","message":"Logged user YzL2W1htQr2gHsBA out of active World","timestamp":"2026-07-03 00:49:31"}
{"ip":"::ffff:127.0.0.1","level":"info","message":"User authentication successful for user Gamemaster","session":"7d0f80e6693f65eab1c6c7b6","timestamp":"2026-07-03 00:49:37"}
{"level":"info","message":"Dungeons & Dragons Fifth Edition update 5.3.3 is now available!","timestamp":"2026-07-03 00:49:38"}
{"level":"info","message":"Vended World data to User [YzL2W1htQr2gHsBA] in 473ms","timestamp":"2026-07-03 00:49:38"}
{"level":"info","message":"Created client session fc64e2fc84582114df047a54","timestamp":"2026-07-03 01:13:10"}
{"level":"info","message":"Created client session 0c91c15755b6effbb13db3eb","timestamp":"2026-07-03 01:14:32"}
{"level":"info","message":"Created client session 755b0f30ba5411d8fdb1293b","timestamp":"2026-07-03 01:16:01"}
{"level":"info","message":"Created client session 9c9792afa7a71096ec94938a","timestamp":"2026-07-03 01:38:51"}
{"level":"info","message":"Created client session 67283934ca7f8ddc68e2d1e2","timestamp":"2026-07-03 01:47:31"}
{"level":"info","message":"Created client session 428728fdd09095f4ed4ae012","timestamp":"2026-07-03 01:53:03"}
{"level":"info","message":"Created client session 1d1effd18de9e57c2a6da08c","timestamp":"2026-07-03 01:57:37"}
{"level":"info","message":"Created client session 417d975189a80f07ff75e71e","timestamp":"2026-07-03 02:09:04"}
{"level":"info","message":"Created client session b6e8c0a40c64e6d4d281317d","timestamp":"2026-07-03 02:14:02"}
{"level":"info","message":"Created client session 33e8543ce01e30fe412537fd","timestamp":"2026-07-03 02:14:48"}
{"level":"info","message":"Created client session 9f43ce715652c8b3558595a1","timestamp":"2026-07-03 02:24:55"}
{"level":"info","message":"Created client session 56c2cf45bf719a21e463ce14","timestamp":"2026-07-03 02:25:43"}
{"level":"info","message":"Created client session c1ffe2707a1c6d874d2b57f4","timestamp":"2026-07-03 02:31:32"}
{"level":"info","message":"Created client session eceef08310c41f39d5be8647","timestamp":"2026-07-03 02:38:12"}
{"level":"info","message":"Created client session dc796b31afb143a848a21c06","timestamp":"2026-07-03 02:38:32"}
{"level":"info","message":"Created client session caefb8d35e4c37fab7a305e4","timestamp":"2026-07-03 02:38:48"}
{"level":"info","message":"Created client session fa6be8729957239ee0afc95e","timestamp":"2026-07-03 02:46:17"}
{"level":"info","message":"Created client session a58c8c50825bc92791891838","timestamp":"2026-07-03 03:30:09"}
{"level":"info","message":"Created client session 526a3d1f899b5be4302011c4","timestamp":"2026-07-03 03:38:18"}
{"level":"info","message":"Created client session 3a45f53803c8b8c25e9f482d","timestamp":"2026-07-03 03:41:57"}
{"level":"info","message":"Created client session a818a6ccfdd539d75fea44e0","timestamp":"2026-07-03 03:43:55"}
{"level":"info","message":"Created client session 17cdce795c631e3e753f3654","timestamp":"2026-07-03 03:43:58"}
{"level":"info","message":"Created client session 0c0c724ce1421e26979fe8fc","timestamp":"2026-07-03 03:46:14"}
{"level":"info","message":"Created client session 5697809c32f5cae425b34d25","timestamp":"2026-07-03 03:46:14"}
{"level":"info","message":"Created client session 036204cd4066aad8832ef362","timestamp":"2026-07-03 03:46:14"}
{"level":"info","message":"Created client session 048e6575681b8792c5665036","timestamp":"2026-07-03 03:46:14"}
{"level":"info","message":"Created client session 1b99e2859ebaf3873bc2faed","timestamp":"2026-07-03 03:46:15"}
{"level":"info","message":"Created client session 5fbad8400ef6b261b46a40d1","timestamp":"2026-07-03 03:46:15"}
{"level":"info","message":"Created client session 4005172a38e94aeba6097198","timestamp":"2026-07-03 03:46:15"}
{"level":"info","message":"Created client session 799506a47c8420bf214f0bd1","timestamp":"2026-07-03 03:46:15"}
{"level":"info","message":"Created client session a10997baef122414212c700b","timestamp":"2026-07-03 03:46:15"}
{"level":"info","message":"Created client session 524cdba18552d5e6f774ff5d","timestamp":"2026-07-03 03:46:15"}
{"level":"info","message":"Created client session 89a4eaf0782a8bd245bb6cb6","timestamp":"2026-07-03 03:46:17"}
{"level":"info","message":"Created client session 0d949aa1437e96e5455c4031","timestamp":"2026-07-03 03:46:17"}
{"level":"info","message":"Created client session 6d6c096d83b37b920a016f0d","timestamp":"2026-07-03 03:46:17"}
{"level":"info","message":"Created client session 8da3b37dd88f41c18e25374e","timestamp":"2026-07-03 03:46:17"}
{"level":"info","message":"Created client session e7b25ba92f70cdbfe8057d04","timestamp":"2026-07-03 03:46:17"}
{"level":"info","message":"Created client session 0b8ff1aa151d8c167997b4ca","timestamp":"2026-07-03 03:46:18"}
{"level":"info","message":"Created client session 5edee90000fb349d276d9e92","timestamp":"2026-07-03 03:46:18"}
{"level":"info","message":"Created client session 0c851eb012f58b4c497a3c9d","timestamp":"2026-07-03 03:47:15"}
{"level":"info","message":"Created client session fb195d0029e77eb92aa3ca0a","timestamp":"2026-07-03 03:47:15"}
{"level":"info","message":"Created client session 5da2a211c56f4c514d5cdd5d","timestamp":"2026-07-03 03:47:15"}
{"level":"info","message":"Created client session e45749d974be34920f5ec472","timestamp":"2026-07-03 03:47:15"}
{"level":"info","message":"Created client session a1a7f02120324d0188506e7b","timestamp":"2026-07-03 03:47:15"}
{"level":"info","message":"Created client session 415122eba74d6b2fac443d9e","timestamp":"2026-07-03 03:47:15"}
{"level":"info","message":"Created client session 2184959cc698bd135e171fe0","timestamp":"2026-07-03 03:47:15"}
{"level":"info","message":"Created client session 3c6973865586c4b2886744a2","timestamp":"2026-07-03 03:47:15"}
{"level":"info","message":"Created client session 1f708b2b181128f9250a6c8e","timestamp":"2026-07-03 03:47:15"}
{"level":"info","message":"Created client session 44b0243ce55f51140f014c62","timestamp":"2026-07-03 03:47:15"}
{"level":"info","message":"Created client session 17587714c9afe0238c3d4a6c","timestamp":"2026-07-03 03:47:15"}
{"level":"info","message":"Created client session dfdcada1d173ff7e4d5983a4","timestamp":"2026-07-03 03:47:15"}
{"level":"info","message":"Created client session f35d45ed9ed9b6cfe769f92f","timestamp":"2026-07-03 03:47:15"}
{"level":"info","message":"Created client session 879acb874becbc523b350ab6","timestamp":"2026-07-03 03:47:15"}
{"level":"info","message":"Created client session 86452290c50dbc90d833bfc1","timestamp":"2026-07-03 03:47:15"}
{"level":"info","message":"Created client session e35720ea20dfd464ecc19f1d","timestamp":"2026-07-03 03:47:15"}
{"level":"info","message":"Created client session e16327b553abdc60658c04d9","timestamp":"2026-07-03 03:47:15"}
{"level":"info","message":"Created client session e0fe827c88daa400246e2f4b","timestamp":"2026-07-03 03:47:16"}
{"level":"info","message":"Created client session 47f8585f1369053ca7917d87","timestamp":"2026-07-03 03:47:16"}
{"level":"info","message":"Created client session 13f8c5c52f15336d9b609bb5","timestamp":"2026-07-03 03:47:16"}
{"level":"info","message":"Created client session 2a7e703af0d542a6fe1fd672","timestamp":"2026-07-03 03:47:16"}
{"level":"info","message":"Created client session c93cf094f4a601b91030e189","timestamp":"2026-07-03 03:47:16"}
{"level":"info","message":"Created client session 3cc60ea57e11821aa0bb378f","timestamp":"2026-07-03 03:47:16"}
{"level":"info","message":"Created client session d849fa8a86c186b6033b3ebf","timestamp":"2026-07-03 03:47:16"}
{"level":"info","message":"Created client session 3ee6c767e16f5326194530a7","timestamp":"2026-07-03 03:47:16"}
{"level":"info","message":"Created client session 147e924c7f6e5bfbbf7b01de","timestamp":"2026-07-03 03:47:16"}
{"level":"info","message":"Created client session 00f6da71d3d667fe1a1963ae","timestamp":"2026-07-03 03:47:16"}
{"level":"info","message":"Created client session 5dfadf6187140db36d8cd7da","timestamp":"2026-07-03 03:47:16"}
{"level":"info","message":"Created client session 83e2bc480c4f2120fcb5852c","timestamp":"2026-07-03 03:47:16"}
{"level":"info","message":"Created client session c595d80ca6b8af7e1c2beb48","timestamp":"2026-07-03 03:47:16"}
{"level":"info","message":"Created client session 7b61d7a706ae1440705882a8","timestamp":"2026-07-03 03:47:16"}
{"level":"info","message":"Created client session bdfe0f2fab16f888d59a180e","timestamp":"2026-07-03 03:47:16"}
{"level":"info","message":"Created client session e7c1d918f64845fb61bc8413","timestamp":"2026-07-03 03:47:16"}
{"level":"info","message":"Created client session 821940d1cd6fe2345071c7ce","timestamp":"2026-07-03 03:47:16"}
{"level":"info","message":"Created client session 31199dc9bc313f38f720d54c","timestamp":"2026-07-03 03:47:16"}
{"level":"info","message":"Created client session 245610424cb8e5251e7beae6","timestamp":"2026-07-03 03:47:16"}
{"level":"info","message":"Created client session 028ae1bc79faaeac19c6f1a2","timestamp":"2026-07-03 03:47:40"}
{"level":"info","message":"Created client session 9ee1abd54af46ff72f671b5f","timestamp":"2026-07-03 03:47:40"}
{"level":"info","message":"Created client session d8bfcb1fac27d69e67cc8b38","timestamp":"2026-07-03 03:47:40"}
{"level":"info","message":"Created client session 8526d6d99d689366cbf16f0d","timestamp":"2026-07-03 03:47:40"}
{"level":"info","message":"Created client session b0e3af43bb0f3d75f3681a39","timestamp":"2026-07-03 03:47:40"}
{"level":"info","message":"Created client session 2e8799bbc9e0302650e0b654","timestamp":"2026-07-03 03:47:40"}
{"level":"info","message":"Created client session 22cd0127797d39f07c33611a","timestamp":"2026-07-03 03:47:41"}
{"level":"info","message":"Created client session 2053fd7bb1d5a6ab58bd460c","timestamp":"2026-07-03 03:47:41"}
{"level":"info","message":"Created client session 723311e0ef166e4deb43a82d","timestamp":"2026-07-03 03:47:41"}
{"level":"info","message":"Created client session 6450fd34f8e176cf9b7779ff","timestamp":"2026-07-03 03:48:04"}
{"level":"info","message":"Created client session 079de92b1f0f806cb9b0d86e","timestamp":"2026-07-03 03:48:05"}
{"level":"info","message":"Created client session 46cc63d578710d2fbcd33c55","timestamp":"2026-07-03 03:48:05"}
{"level":"info","message":"Created client session d9c6102625a3f1bde21d00e7","timestamp":"2026-07-03 03:48:05"}
{"level":"info","message":"Created client session 52222816fe3dc8d3daf7cc06","timestamp":"2026-07-03 03:48:06"}
{"level":"info","message":"Created client session eba2d8f3408e7017b5ad6b13","timestamp":"2026-07-03 03:48:06"}
{"level":"info","message":"Created client session 805683671b0c8b9a7051574d","timestamp":"2026-07-03 03:48:06"}
{"level":"info","message":"Created client session 5e75de2718a31d26654c4577","timestamp":"2026-07-03 03:48:06"}
{"level":"info","message":"Created client session c3178fc6946c31fa33879f9d","timestamp":"2026-07-03 03:48:06"}
{"level":"info","message":"Created client session 6dcb95a8830c824e4368ef1f","timestamp":"2026-07-03 03:48:06"}
{"level":"info","message":"Created client session dafc9283f728123637ddd8d2","timestamp":"2026-07-03 03:48:06"}
{"level":"info","message":"Created client session 8d476f87a00ab148d49a6210","timestamp":"2026-07-03 03:48:06"}
{"level":"info","message":"Created client session c53b9c256faf344c42e3759b","timestamp":"2026-07-03 03:48:06"}
{"level":"info","message":"Created client session fc62859506efcec173de25b4","timestamp":"2026-07-03 03:48:06"}
{"level":"info","message":"Created client session 6b879e9ec5612daad6641b7d","timestamp":"2026-07-03 03:48:06"}
{"level":"info","message":"Created client session 2d2da0628d66accd9e08dbbb","timestamp":"2026-07-03 03:48:53"}
{"level":"info","message":"Created client session b80e17b3f040cb5644384194","timestamp":"2026-07-03 03:48:54"}
{"level":"info","message":"Created client session 2736a3428cddab30f9a75281","timestamp":"2026-07-03 03:48:55"}
{"level":"info","message":"Created client session 2e19e8b192dda7585cbbffb5","timestamp":"2026-07-03 03:48:55"}
{"level":"info","message":"Created client session 4e28efe8b3aeffb4056cfb67","timestamp":"2026-07-03 03:48:56"}
{"level":"info","message":"Created client session 792d47268965b17167addcf3","timestamp":"2026-07-03 03:48:56"}
{"level":"info","message":"Created client session 0d5a8866a88c15f630802ded","timestamp":"2026-07-03 03:48:56"}
{"level":"info","message":"Created client session 469a2f7b480bcca2cfbae8d3","timestamp":"2026-07-03 03:48:57"}
{"level":"info","message":"Created client session da10f138d9c5487e25a744f6","timestamp":"2026-07-03 03:48:57"}
{"level":"info","message":"Created client session 6cfd11b45c29d4c63bbfe89f","timestamp":"2026-07-03 03:48:57"}
{"level":"info","message":"Created client session 7d6cd9a950fcb5b1d52eddaf","timestamp":"2026-07-03 03:48:57"}
{"level":"info","message":"Created client session f710541ead11cef484df53c5","timestamp":"2026-07-03 03:48:57"}
{"level":"info","message":"Created client session 7e9f44eaa805285487d597bf","timestamp":"2026-07-03 03:48:57"}
{"level":"info","message":"Created client session 17bd79be65f1046a1f53929b","timestamp":"2026-07-03 03:48:57"}
{"level":"info","message":"Created client session 68cf6bd1af68b663310db96a","timestamp":"2026-07-03 03:48:57"}
{"level":"info","message":"Created client session 9491b82a33bd5c2860983d25","timestamp":"2026-07-03 03:48:58"}
{"level":"info","message":"Created client session 85c1845cb67a17aaff6e201c","timestamp":"2026-07-03 03:48:59"}
{"level":"info","message":"Created client session 6de68f86dcd1f35d142e3a42","timestamp":"2026-07-03 03:50:05"}
{"level":"info","message":"Created client session 0dca7ac18d76305235bdd618","timestamp":"2026-07-03 03:50:11"}
{"level":"info","message":"Created client session ba9f60e3b9587b5790630ac4","timestamp":"2026-07-03 03:50:13"}
{"level":"info","message":"Created client session 123057ab4c2d969f8b7bd033","timestamp":"2026-07-03 03:50:14"}
{"level":"info","message":"Created client session f690745f574b515612d16112","timestamp":"2026-07-03 03:50:15"}
{"level":"info","message":"Created client session 3ee8c727b9527eeccb047133","timestamp":"2026-07-03 03:50:15"}
{"level":"info","message":"Created client session f5950c2f85ec949e0418d44e","timestamp":"2026-07-03 03:50:16"}
{"level":"info","message":"Created client session 718589ef555464f3b42bb9d7","timestamp":"2026-07-03 03:50:16"}
{"level":"info","message":"Created client session dc34089954012e51e18fa87d","timestamp":"2026-07-03 03:50:16"}
{"level":"info","message":"Created client session aae16368dad5146110997b61","timestamp":"2026-07-03 03:50:16"}
{"level":"info","message":"Created client session a5771fca3a0f8c9d7afabb3b","timestamp":"2026-07-03 03:50:16"}
{"level":"info","message":"Created client session 1c5271eb0af6c6d38cf17b8d","timestamp":"2026-07-03 03:50:16"}
{"level":"info","message":"Created client session d5d51ddbef97b47fa3645829","timestamp":"2026-07-03 03:50:16"}
{"level":"info","message":"Created client session a23449a9d2c44e1a296dda7a","timestamp":"2026-07-03 03:50:16"}
{"level":"info","message":"Created client session ad374fa5c81fcbff8becd9ec","timestamp":"2026-07-03 03:50:16"}
{"level":"info","message":"Created client session 1113488cb702571851f41251","timestamp":"2026-07-03 03:50:16"}
{"level":"info","message":"Created client session 2e47d0d51e744aff76a1b96f","timestamp":"2026-07-03 03:50:17"}
{"level":"info","message":"Created client session 76ce42a09744f7783f8d550b","timestamp":"2026-07-03 03:50:17"}
{"level":"info","message":"Created client session 2219e49dc209abdde2fe75e0","timestamp":"2026-07-03 03:50:17"}
{"level":"info","message":"Created client session b899a05b81146ef5a0198209","timestamp":"2026-07-03 03:50:17"}
{"level":"info","message":"Created client session 135472782db0a3f51a75739f","timestamp":"2026-07-03 03:50:49"}
{"level":"info","message":"Created client session a1209b282906b12fd62e45b4","timestamp":"2026-07-03 03:50:50"}
{"level":"info","message":"Created client session 5c9c2e92e2540b9925fb4eeb","timestamp":"2026-07-03 03:50:50"}
{"level":"info","message":"Created client session 4877bd042f02ea95b404cf10","timestamp":"2026-07-03 03:50:50"}
{"level":"info","message":"Created client session 61b9608598d4b55152815981","timestamp":"2026-07-03 03:50:50"}
{"level":"info","message":"Created client session 9da0c30b6c1ca2c589c18d1e","timestamp":"2026-07-03 03:50:51"}
{"level":"info","message":"Created client session 6d328218224db7375acda4c0","timestamp":"2026-07-03 03:50:51"}
{"level":"info","message":"Created client session 86c24e2e3f527c6808c6d968","timestamp":"2026-07-03 03:50:51"}
{"level":"info","message":"Created client session 48a897412552fe7e40942df2","timestamp":"2026-07-03 03:51:13"}
{"level":"info","message":"Created client session fa363064bbe65f4761f23a02","timestamp":"2026-07-03 03:51:14"}
{"level":"info","message":"Created client session 06402514a22864fabf9bbada","timestamp":"2026-07-03 03:51:15"}
{"level":"info","message":"Created client session 1426b6084b061afa5faf5a74","timestamp":"2026-07-03 03:51:15"}
{"level":"info","message":"Created client session 35b2540c6b047102daf52058","timestamp":"2026-07-03 03:51:15"}
{"level":"info","message":"Created client session 52fad330106f90915399732c","timestamp":"2026-07-03 03:51:15"}
{"level":"info","message":"Created client session 197f6890c5e054ece20b9f65","timestamp":"2026-07-03 03:51:16"}
{"level":"info","message":"Created client session 7831b012fafdb62c20d262e6","timestamp":"2026-07-03 03:51:16"}
{"level":"info","message":"Created client session 06ec6b3fcf99e28b3a7c489f","timestamp":"2026-07-03 03:51:17"}
{"level":"info","message":"Created client session 29dbc638e98775e14b1d4119","timestamp":"2026-07-03 03:51:17"}
{"level":"info","message":"Created client session a9307d71db537de9ef99c602","timestamp":"2026-07-03 03:51:17"}
{"level":"info","message":"Created client session ff7183eb251e2ab70bb5843b","timestamp":"2026-07-03 03:51:17"}
{"level":"info","message":"Created client session de0c16a3346fc968dc89f878","timestamp":"2026-07-03 03:51:18"}
{"level":"info","message":"Created client session d3bf0485b4d4b6000a045ce0","timestamp":"2026-07-03 03:51:18"}
{"level":"info","message":"Created client session 7dff017ae36847eaf718c5c4","timestamp":"2026-07-03 03:51:19"}
{"level":"info","message":"Created client session fb1ab4efc7eb430006dca0f6","timestamp":"2026-07-03 03:51:46"}
{"level":"info","message":"Created client session d168a02b32f20354379d6863","timestamp":"2026-07-03 03:51:47"}
{"level":"info","message":"Created client session 8bc747ba6e832d7b30906575","timestamp":"2026-07-03 03:51:48"}
{"level":"info","message":"Created client session 58b0e9d1f95fdc395b2077ee","timestamp":"2026-07-03 03:51:48"}
{"level":"info","message":"Created client session 87e65d94cf181258907f3505","timestamp":"2026-07-03 03:51:49"}
{"level":"info","message":"Created client session 903078543469beb4eb2267c1","timestamp":"2026-07-03 03:51:49"}
{"level":"info","message":"Created client session 95db70d74e39e9b339c70efc","timestamp":"2026-07-03 03:51:49"}
{"level":"info","message":"Created client session 754647be8c2383ca7bb82804","timestamp":"2026-07-03 03:51:49"}
{"level":"info","message":"Created client session a1a1a05604a7a895006d2388","timestamp":"2026-07-03 03:51:50"}
{"level":"info","message":"Created client session e2a837273472cf768bc399af","timestamp":"2026-07-03 03:51:50"}
{"level":"info","message":"Created client session 3e6379753733811f62a8c268","timestamp":"2026-07-03 03:51:50"}
{"level":"info","message":"Created client session 120cdb98ac4fcf6afb021e2a","timestamp":"2026-07-03 03:51:50"}
{"level":"info","message":"Created client session 13f506c57ad323a9d01a5d35","timestamp":"2026-07-03 03:51:50"}
{"level":"info","message":"Created client session 318cd01505037c67c15c05cc","timestamp":"2026-07-03 03:51:50"}
{"level":"info","message":"Created client session 3bc889cfff908ee6208aff31","timestamp":"2026-07-03 03:51:51"}
{"level":"info","message":"Created client session 02a5c297c7ab8d2fa5b7db8b","timestamp":"2026-07-03 03:51:51"}
{"level":"info","message":"Created client session ebe4a0507ac86c1f5750a372","timestamp":"2026-07-03 03:51:51"}
{"level":"info","message":"Created client session 564de3b3c9d455216b7fdba0","timestamp":"2026-07-03 03:51:51"}
{"level":"info","message":"Created client session b2f700d23e4676d3e2ee7b12","timestamp":"2026-07-03 03:51:51"}
{"level":"info","message":"Created client session 64e062b184a24c74b90b6438","timestamp":"2026-07-03 03:51:52"}
{"level":"info","message":"Created client session 6c109fbd7f291339f9766113","timestamp":"2026-07-03 03:52:19"}
{"level":"info","message":"Created client session 792d4e5e4a0cf9e8a699feb0","timestamp":"2026-07-03 03:52:20"}
{"level":"info","message":"Created client session 389a62fc7b9a8dba88be1d8a","timestamp":"2026-07-03 03:52:20"}
{"level":"info","message":"Created client session 3daddf65640cafc42a3c9dcb","timestamp":"2026-07-03 03:52:21"}
{"level":"info","message":"Created client session 5aa66beb82dcea01857a51d1","timestamp":"2026-07-03 03:52:22"}
{"level":"info","message":"Created client session 314379300caf2c3406469690","timestamp":"2026-07-03 03:52:22"}
{"level":"info","message":"Created client session 3a28d482ce6bcd26fd11b432","timestamp":"2026-07-03 03:52:22"}
{"level":"info","message":"Created client session 248922d4eed5373e1217db81","timestamp":"2026-07-03 03:52:23"}
{"level":"info","message":"Created client session 5a5c7e1e4f7b948647da85a9","timestamp":"2026-07-03 03:52:23"}
{"level":"info","message":"Created client session 09c42f73eed2d1b0ac832417","timestamp":"2026-07-03 03:52:23"}
{"level":"info","message":"Created client session d1d819ff4be7720bcaef8a52","timestamp":"2026-07-03 03:52:23"}
{"level":"info","message":"Created client session dd9c7218ab7f61ce99702257","timestamp":"2026-07-03 03:52:23"}
{"level":"info","message":"Created client session 5c02e297990269f9574aea48","timestamp":"2026-07-03 03:52:23"}
{"level":"info","message":"Created client session f473be0acbd6533e57f5cbf2","timestamp":"2026-07-03 03:52:24"}
{"level":"info","message":"Created client session eaec082c4d8fdf75bb7da8e4","timestamp":"2026-07-03 03:52:24"}
{"level":"info","message":"Created client session ee2efdfe55c9a30a0cf6edb5","timestamp":"2026-07-03 03:52:24"}
{"level":"info","message":"Created client session 67e425cf41dc79b7f7b041be","timestamp":"2026-07-03 03:52:54"}
{"level":"info","message":"Created client session 21e793196003e6df43fb13ab","timestamp":"2026-07-03 03:52:55"}
{"level":"info","message":"Created client session bab13ecb19080cc527fbaab6","timestamp":"2026-07-03 03:52:56"}
{"level":"info","message":"Created client session ee258ef27a63bd49035116e1","timestamp":"2026-07-03 03:52:56"}
{"level":"info","message":"Created client session 75142946be853fabdeac9eb5","timestamp":"2026-07-03 03:52:56"}
{"level":"info","message":"Created client session 189f1df0c3c371321b9a9831","timestamp":"2026-07-03 03:52:56"}
{"level":"info","message":"Created client session 9773f0ef196c3de8db19e293","timestamp":"2026-07-03 03:52:57"}
{"level":"info","message":"Created client session 58cdfcf3442f16159ec806c5","timestamp":"2026-07-03 03:52:57"}
{"level":"info","message":"Created client session 0682c67ee8b23b5f0134df40","timestamp":"2026-07-03 03:52:57"}
{"level":"info","message":"Created client session 9959116a64708abbd3caca75","timestamp":"2026-07-03 03:52:57"}
{"level":"info","message":"Created client session 8e5a8d55fa5d10f69785fcbf","timestamp":"2026-07-03 03:52:57"}
{"level":"info","message":"Created client session 2f3042ba8221e297dfef2b54","timestamp":"2026-07-03 03:52:57"}
{"level":"info","message":"Created client session ef2ce06d75082dfe529506a0","timestamp":"2026-07-03 03:52:58"}
{"level":"info","message":"Created client session ed4fd5a0c8a909ff83a45571","timestamp":"2026-07-03 03:52:58"}
{"level":"info","message":"Created client session 9ae13ab5012bc32295e82139","timestamp":"2026-07-03 03:52:58"}
{"level":"info","message":"Created client session 8659a2e4859dc2853a561e87","timestamp":"2026-07-03 03:52:58"}
{"level":"info","message":"Created client session 26f95b9683d6b81ffd494b20","timestamp":"2026-07-03 03:52:58"}
{"level":"info","message":"Created client session 621e78373bd5b2f464758881","timestamp":"2026-07-03 03:53:32"}
{"level":"info","message":"Created client session 728de38918e8f771a06e7bfc","timestamp":"2026-07-03 03:53:33"}
{"level":"info","message":"Created client session 76976fc199f6d561d0571ba6","timestamp":"2026-07-03 03:53:34"}
{"level":"info","message":"Created client session 7d403a24cc3be50da636712e","timestamp":"2026-07-03 03:53:37"}
{"level":"info","message":"Created client session 8aedc3061df2015542a9e353","timestamp":"2026-07-03 03:53:37"}
{"level":"info","message":"Created client session bca26d6ccff7cf9e2d49ba33","timestamp":"2026-07-03 03:53:37"}
{"level":"info","message":"Created client session 8f07bea0cef5552e41456b6e","timestamp":"2026-07-03 03:53:38"}
{"level":"info","message":"Created client session 8bec8d18b18a5471bb3eaa62","timestamp":"2026-07-03 03:53:38"}
{"level":"info","message":"Created client session 6c5b13f76beb288aa96d7763","timestamp":"2026-07-03 03:53:38"}
{"level":"info","message":"Created client session 984dc8d2804fa94d74f97dd2","timestamp":"2026-07-03 03:53:38"}
{"level":"info","message":"Created client session 685b1ab532dfbb5082754e56","timestamp":"2026-07-03 03:53:38"}
{"level":"info","message":"Created client session 7b2a0f8674cc1d5eb9727f83","timestamp":"2026-07-03 03:53:38"}
{"level":"info","message":"Created client session 745aa55f463461c84f2c6e92","timestamp":"2026-07-03 03:53:39"}
{"level":"info","message":"Created client session a903d505577e567fd4d23e42","timestamp":"2026-07-03 03:53:39"}
{"level":"info","message":"Created client session 3bb5729ea62848ff8278747c","timestamp":"2026-07-03 03:53:39"}
{"level":"info","message":"Created client session 46ec2d005575fce527bc6060","timestamp":"2026-07-03 03:53:40"}
{"level":"info","message":"Created client session 2a6861a685c09a7890e560b6","timestamp":"2026-07-03 03:53:40"}
{"level":"info","message":"Created client session 78b269be743df9e808b1a363","timestamp":"2026-07-03 03:53:40"}
{"level":"info","message":"Created client session 08ec2e35f1c2e6c7582be2a0","timestamp":"2026-07-03 03:53:40"}
{"level":"info","message":"Created client session 981dc780ab82f5dcf19d42e1","timestamp":"2026-07-03 03:54:21"}
{"level":"info","message":"Created client session 73937278bf65e10a375dc1b8","timestamp":"2026-07-03 03:54:22"}
{"level":"info","message":"Created client session c5bcd321477dfb3a07ca028e","timestamp":"2026-07-03 03:54:22"}
{"level":"info","message":"Created client session 0208db5c423eaa3aad4952f2","timestamp":"2026-07-03 03:54:23"}
{"level":"info","message":"Created client session f7dea3b01fd8e01c5e575344","timestamp":"2026-07-03 03:54:23"}
{"level":"info","message":"Created client session 81650e29f99285420c3b5d53","timestamp":"2026-07-03 03:54:24"}
{"level":"info","message":"Created client session 93e3612d2d0938d14c9001e3","timestamp":"2026-07-03 03:54:29"}
{"level":"info","message":"Created client session d54def15523a1f10a78e1f92","timestamp":"2026-07-03 04:34:31"}
{"level":"info","message":"Created client session f178b6eb3d6cc9f03644de98","timestamp":"2026-07-03 04:41:40"}
{"level":"info","message":"Created client session 77dc59fd94b11ce046d19f7a","timestamp":"2026-07-03 04:50:41"}
{"level":"info","message":"Created client session 06a18201059e73e5dc7261c9","timestamp":"2026-07-03 05:33:41"}
{"level":"info","message":"Created client session 09922d60ea09e3f7c191b795","timestamp":"2026-07-03 05:33:41"}
{"level":"info","message":"Created client session 1c25d6aa0cde0360f69b5f49","timestamp":"2026-07-03 05:33:41"}
{"level":"info","message":"Created client session a56649575d6edeff822bd9ee","timestamp":"2026-07-03 05:33:41"}
{"level":"info","message":"Created client session 7fe71f39e1e8584e9b790a52","timestamp":"2026-07-03 05:33:41"}
{"level":"info","message":"Created client session 171c89a9a50dee4f4eacc5a3","timestamp":"2026-07-03 05:33:41"}
{"level":"info","message":"Created client session bcda71b23936ad34349e4aca","timestamp":"2026-07-03 05:51:10"}
{"level":"info","message":"Created client session 6367ff6793a7acbfe76bcb73","timestamp":"2026-07-03 05:52:58"}
{"level":"info","message":"Created client session d676bbb927ee90ecfc73ac1c","timestamp":"2026-07-03 05:53:07"}
{"level":"info","message":"Created client session 26b0dca37e9b7499355977a8","timestamp":"2026-07-03 05:53:15"}
{"level":"info","message":"Created client session 70e11958bac1cd4e78ad99cb","timestamp":"2026-07-03 06:50:53"}
{"level":"info","message":"Created client session d79784592fcd90a8346fc251","timestamp":"2026-07-03 07:01:32"}
{"level":"info","message":"Created client session dad1c34d32386fdb57f011e1","timestamp":"2026-07-03 07:01:32"}
{"level":"info","message":"Created client session 31ecf911fc2d4a71c996a3b2","timestamp":"2026-07-03 07:01:32"}
{"level":"info","message":"Created client session 51f7634c6b4cb79107286b90","timestamp":"2026-07-03 07:01:32"}
{"level":"info","message":"Created client session 60f9c61af763ac131d465a1e","timestamp":"2026-07-03 07:01:32"}
{"level":"info","message":"Created client session 76d0d0156b25a10c4c81feb1","timestamp":"2026-07-03 07:01:32"}
{"level":"info","message":"Created client session 9227d6d6569a03ff0cc9d6a6","timestamp":"2026-07-03 07:01:32"}
{"level":"info","message":"Created client session 9238cf5426ab28c846ca4637","timestamp":"2026-07-03 07:01:32"}
{"level":"info","message":"Created client session 44c5c4edfe3e37b4264a2d3c","timestamp":"2026-07-03 07:01:32"}
{"level":"info","message":"Created client session 51a4f47ed0aa5cec128302fa","timestamp":"2026-07-03 07:01:32"}
{"level":"info","message":"Created client session 77f28a8cedc7fa55aa05bf50","timestamp":"2026-07-03 07:01:32"}
{"level":"info","message":"Created client session b5316d4952f399afda98b392","timestamp":"2026-07-03 07:01:32"}
{"level":"info","message":"Created client session e1a622354a455158892c37e8","timestamp":"2026-07-03 07:01:32"}
{"level":"info","message":"Created client session ccc263e0f416470b23991bff","timestamp":"2026-07-03 07:01:32"}
{"level":"info","message":"Created client session 84db609082a00a59ddf78b62","timestamp":"2026-07-03 07:01:32"}
{"level":"info","message":"Created client session 7f12e52bcd0517b79974812f","timestamp":"2026-07-03 07:01:32"}
{"level":"info","message":"Created client session f536ca531ea083c189e7e134","timestamp":"2026-07-03 07:01:32"}
{"level":"info","message":"Created client session 56c91377dc5b6dbd87e92c58","timestamp":"2026-07-03 07:01:32"}
{"level":"info","message":"Created client session 511197e71c93e707895a8141","timestamp":"2026-07-03 07:01:32"}
{"level":"info","message":"Created client session 6fad5bb619d4b60b06d58574","timestamp":"2026-07-03 07:01:32"}
{"level":"info","message":"Created client session 8ab3823c466e8a0ea3266f73","timestamp":"2026-07-03 07:01:32"}
{"level":"info","message":"Created client session 2916e38fcd15dbbb897cd0ac","timestamp":"2026-07-03 07:01:32"}
{"level":"info","message":"Created client session 569099fa73c1405840c6bc19","timestamp":"2026-07-03 07:01:32"}
{"level":"info","message":"Created client session 53e5d1686155cf64fed941c2","timestamp":"2026-07-03 07:01:32"}
{"level":"info","message":"Created client session b562c622ee3a74d3e6adf6a0","timestamp":"2026-07-03 07:01:32"}
{"level":"info","message":"Created client session 935d76b0f0be26476439db15","timestamp":"2026-07-03 07:01:32"}
{"level":"info","message":"Created client session 3389de739ca85aa64b6ea152","timestamp":"2026-07-03 07:01:32"}
{"level":"info","message":"Created client session d396264566a654c529b6b8fa","timestamp":"2026-07-03 07:01:32"}
{"level":"info","message":"Created client session 5e3e6fac9c29738494fc83cc","timestamp":"2026-07-03 07:01:32"}
{"level":"info","message":"Created client session 26c175ceafcefb05deb30593","timestamp":"2026-07-03 07:01:32"}
{"level":"info","message":"Created client session f0b21e3397fc5c6e71276eff","timestamp":"2026-07-03 07:01:32"}
{"level":"info","message":"Created client session b3c049c17a1eea843fad70d4","timestamp":"2026-07-03 07:01:32"}
{"level":"info","message":"Created client session ac1015b26d412cd916c03cc2","timestamp":"2026-07-03 07:01:32"}
{"level":"info","message":"Created client session 22c43f96e86b80e774c5a668","timestamp":"2026-07-03 07:01:32"}
{"level":"info","message":"Created client session 498499cf6f8b09631e7c28a6","timestamp":"2026-07-03 07:01:32"}
{"level":"info","message":"Created client session c9db3da1cf38d9cbb929e6e5","timestamp":"2026-07-03 07:01:32"}
{"level":"info","message":"Created client session 22829fcd5ee04f6243c1f54d","timestamp":"2026-07-03 07:01:32"}
{"level":"info","message":"Created client session 98f73568c58fcd8959fe72b4","timestamp":"2026-07-03 07:01:32"}
{"level":"info","message":"Created client session a21a33b8204abbf610cf7b13","timestamp":"2026-07-03 07:01:32"}
{"level":"info","message":"Created client session 2459646988c9062bd0d8e177","timestamp":"2026-07-03 07:01:32"}
{"level":"info","message":"Created client session c6a3438c3cb793965b47ad1a","timestamp":"2026-07-03 07:01:32"}
{"level":"info","message":"Created client session 4aaf347eaa25ef3f265f9a5e","timestamp":"2026-07-03 07:01:32"}
{"level":"info","message":"Created client session c9e7e1cf124d7c59016f8f17","timestamp":"2026-07-03 07:01:32"}
{"level":"info","message":"Created client session b1029bbf7aff662a19b9e208","timestamp":"2026-07-03 07:01:32"}
{"level":"info","message":"Created client session cf69147d4e2c6bb45d474723","timestamp":"2026-07-03 07:01:32"}
{"level":"info","message":"Created client session 2dfa9d807a59e429b6469bb4","timestamp":"2026-07-03 07:01:33"}
{"level":"info","message":"Created client session e64889937136d03eea738f7f","timestamp":"2026-07-03 07:01:33"}
{"level":"info","message":"Created client session 9c260e6fa3a40476d62ac1f6","timestamp":"2026-07-03 07:01:33"}
{"level":"info","message":"Created client session b01cd1143c86f758a0910618","timestamp":"2026-07-03 07:01:33"}
{"level":"info","message":"Created client session e8897a40bfd7a334b57e914f","timestamp":"2026-07-03 07:01:33"}
{"level":"info","message":"Created client session c58487bb31d441baf4d4531a","timestamp":"2026-07-03 07:01:33"}
{"level":"info","message":"Created client session a585e38cd9d698b147510f8b","timestamp":"2026-07-03 07:01:33"}
{"level":"info","message":"Created client session a091b1e5eeba35abca191851","timestamp":"2026-07-03 07:01:33"}
{"level":"info","message":"Created client session cd988732c3766e913d03f218","timestamp":"2026-07-03 07:01:33"}
{"level":"info","message":"Created client session 691558f52da746c6ec089aae","timestamp":"2026-07-03 07:01:33"}
{"level":"info","message":"Created client session 622e76b5cd562ac71c65dfff","timestamp":"2026-07-03 07:01:33"}
{"level":"info","message":"Created client session 4467bbe6a15224fe990b6c89","timestamp":"2026-07-03 07:01:33"}
{"level":"info","message":"Created client session f053ba0d867bbdeaac3cf7fe","timestamp":"2026-07-03 07:01:33"}
{"level":"info","message":"Created client session f5121a7c4065d0c4ce30bd53","timestamp":"2026-07-03 07:01:33"}
{"level":"info","message":"Created client session 2cb187cd3124c1a456d81f83","timestamp":"2026-07-03 07:01:33"}
{"level":"info","message":"Created client session 44c5b234d3dc9834b4c00810","timestamp":"2026-07-03 07:01:33"}
{"level":"info","message":"Created client session 8cabc66a744544263dee33e3","timestamp":"2026-07-03 07:01:33"}
{"level":"info","message":"Created client session cd2497c3b07b7d4f308ab5f0","timestamp":"2026-07-03 07:01:33"}
{"level":"info","message":"Created client session a1ca28945688fb731145bff3","timestamp":"2026-07-03 07:01:33"}
{"level":"info","message":"Created client session 696966dbe909aa4366b24ba7","timestamp":"2026-07-03 07:01:33"}
{"level":"info","message":"Created client session 0cc839bf3d0dc05c5b49c422","timestamp":"2026-07-03 07:01:33"}
{"level":"info","message":"Created client session 82859914885ca7554a066483","timestamp":"2026-07-03 07:01:33"}
{"level":"info","message":"Created client session 1275926d931f8a6dfca88c99","timestamp":"2026-07-03 07:01:33"}
{"level":"info","message":"Created client session d0edc775e32f44fff0b28969","timestamp":"2026-07-03 07:01:33"}
{"level":"info","message":"Created client session 20c7a4118695d62f5be8d487","timestamp":"2026-07-03 07:01:33"}
{"level":"info","message":"Created client session 80774186d3009ce296eff928","timestamp":"2026-07-03 07:01:33"}
{"level":"info","message":"Created client session 5754f656f78d51fe82469036","timestamp":"2026-07-03 07:01:33"}
{"level":"info","message":"Created client session 3ad7bbfc570d4fd57fdd525d","timestamp":"2026-07-03 07:01:33"}
{"level":"info","message":"Created client session acc42d8a4b959f0dd1019936","timestamp":"2026-07-03 07:01:33"}
{"level":"info","message":"Created client session 3b0dfbbb006ac91e62495c64","timestamp":"2026-07-03 07:01:33"}
{"level":"info","message":"Created client session a40f8542ba42c52243816a31","timestamp":"2026-07-03 07:01:33"}
{"level":"info","message":"Created client session a8b36128d48ebaf0138984cb","timestamp":"2026-07-03 07:01:33"}
{"level":"info","message":"Created client session b6fc988dd40e41d193c68952","timestamp":"2026-07-03 07:01:33"}
{"level":"info","message":"Created client session 177f3b1e0064e097c1335562","timestamp":"2026-07-03 07:01:33"}
{"level":"info","message":"Created client session fedf8c8c3d637d4c37f2f08e","timestamp":"2026-07-03 07:01:33"}
{"level":"info","message":"Created client session 0f4de09ce6ed8eb85d6f3e5c","timestamp":"2026-07-03 07:01:33"}
{"level":"info","message":"Created client session 9f96b3655d52f8e511305152","timestamp":"2026-07-03 07:01:33"}
{"level":"info","message":"Created client session 314ca441152623cef36244a3","timestamp":"2026-07-03 07:01:33"}
{"level":"info","message":"Created client session 747398edd419db9ac715f2c9","timestamp":"2026-07-03 07:01:33"}
{"level":"info","message":"Created client session 58f0d4bcb40f51a1587d7b2a","timestamp":"2026-07-03 07:01:33"}
{"level":"info","message":"Created client session 512c614089a600f7ae4b70a7","timestamp":"2026-07-03 07:01:33"}
{"level":"info","message":"Created client session bf543b9a6b68ed5cebe227cb","timestamp":"2026-07-03 07:01:33"}
{"level":"info","message":"Created client session b614e1211d8cf97b43f841f3","timestamp":"2026-07-03 07:01:33"}
{"level":"info","message":"Created client session 1eda2f1be3032b5971d82f4e","timestamp":"2026-07-03 07:01:33"}
{"level":"info","message":"Created client session 23b6c7baee48184b30d880d9","timestamp":"2026-07-03 07:01:33"}
{"level":"info","message":"Created client session d523a217e873c5079f64668e","timestamp":"2026-07-03 07:01:33"}
{"level":"info","message":"Created client session 64d7a570f840748574eaccda","timestamp":"2026-07-03 07:01:33"}
{"level":"info","message":"Created client session bcc4e5e93b1ee487bdf6cb3e","timestamp":"2026-07-03 07:01:34"}
{"level":"info","message":"Created client session e4dc264872644946c8ea366a","timestamp":"2026-07-03 07:01:34"}
{"level":"info","message":"Created client session fa3fa11ba1924fef4362dd06","timestamp":"2026-07-03 07:01:34"}
{"level":"info","message":"Created client session 6a52187855bf016c25a0a3c2","timestamp":"2026-07-03 07:01:34"}
{"level":"info","message":"Created client session 689c644edb62d174359e63fe","timestamp":"2026-07-03 07:01:34"}
{"level":"info","message":"Created client session 5c0aeb3eb365349c9396a7ec","timestamp":"2026-07-03 07:01:34"}
{"level":"info","message":"Created client session 37be8210585fb1fa5114316f","timestamp":"2026-07-03 07:01:34"}
{"level":"info","message":"Created client session fcfc48a813a1943477f5aa1e","timestamp":"2026-07-03 07:01:34"}
{"level":"info","message":"Created client session c97851ededab1efa6a2b985d","timestamp":"2026-07-03 07:01:34"}
{"level":"info","message":"Created client session 48cad3357a24da70d6413266","timestamp":"2026-07-03 07:01:34"}
{"level":"info","message":"Created client session 55e22ee76f5dd315d4614881","timestamp":"2026-07-03 07:01:34"}
{"level":"info","message":"Created client session 294f013e05886634636dd2f2","timestamp":"2026-07-03 07:01:34"}
{"level":"info","message":"Created client session a31ef9a6ba8fec0e1c18c972","timestamp":"2026-07-03 07:01:34"}
{"level":"info","message":"Created client session b434bcd85c108401668de74e","timestamp":"2026-07-03 07:01:34"}
{"level":"info","message":"Created client session 132058ad1e01670b3cff54f6","timestamp":"2026-07-03 07:01:34"}
{"level":"info","message":"Created client session 2f24f2c69856871349b30900","timestamp":"2026-07-03 07:01:34"}
{"level":"info","message":"Created client session 1e604dc8fdc4fbc1382e6a5f","timestamp":"2026-07-03 07:01:34"}
{"level":"info","message":"Created client session 34e18ac7dd4e378566e8caaf","timestamp":"2026-07-03 07:01:34"}
{"level":"info","message":"Created client session 9fed206bdefcdaa918da25d8","timestamp":"2026-07-03 07:01:34"}
{"level":"info","message":"Created client session 870f764ecd8f8449ed6013df","timestamp":"2026-07-03 07:01:34"}
{"level":"info","message":"Created client session 22b78f3a25b1f6b594deb7ef","timestamp":"2026-07-03 07:01:34"}
{"level":"info","message":"Created client session e3810920179bca978da163c5","timestamp":"2026-07-03 07:01:34"}
{"level":"info","message":"Created client session 398975c855e7f80e46559d10","timestamp":"2026-07-03 07:01:34"}
{"level":"info","message":"Created client session f7ffaf9a7fccab828221be1c","timestamp":"2026-07-03 07:01:34"}
{"level":"info","message":"Created client session 6d77bce68c74d31ca43d0ce5","timestamp":"2026-07-03 07:01:34"}
{"level":"info","message":"Created client session d7b64bb7a1d125805e84eaf3","timestamp":"2026-07-03 07:01:34"}
{"level":"info","message":"Created client session 01794250ed384a267e395432","timestamp":"2026-07-03 07:01:34"}
{"level":"info","message":"Created client session 9477e61a6475f4bf0be386f4","timestamp":"2026-07-03 07:01:34"}
{"level":"info","message":"Created client session 4f5ef184649c2d938a3b5d43","timestamp":"2026-07-03 07:01:34"}
{"level":"info","message":"Created client session ca4aadc4f82f0e9777c22150","timestamp":"2026-07-03 07:01:34"}
{"level":"info","message":"Created client session c3caed44be07b143b6c3592b","timestamp":"2026-07-03 07:01:34"}
{"level":"info","message":"Created client session 61134c85e71b727e15f98d47","timestamp":"2026-07-03 07:01:34"}
{"level":"info","message":"Created client session 084ac6948f32035efc2cc164","timestamp":"2026-07-03 07:01:34"}
{"level":"info","message":"Created client session 01c41d2a4b833f6b69dea3e7","timestamp":"2026-07-03 07:01:34"}
{"level":"info","message":"Created client session 2a08773ca2830e29dad29c5b","timestamp":"2026-07-03 08:01:49"}
{"level":"info","message":"Created client session 315fd5ae7512ddf7e568fde8","timestamp":"2026-07-03 08:24:32"}
{"level":"info","message":"Created client session e649b9078f350fff6494392a","timestamp":"2026-07-03 08:28:53"}
{"level":"info","message":"Created client session 36cbe06e9fc93893fd9fa3f8","timestamp":"2026-07-03 08:28:55"}
{"level":"info","message":"Created client session 496ea3f44683b559c6e66e2b","timestamp":"2026-07-03 08:28:57"}
{"level":"info","message":"Created client session 464b8b5b7ae243917a412ff7","timestamp":"2026-07-03 08:29:07"}
{"level":"info","message":"Created client session 9b051ee81999d36c32747123","timestamp":"2026-07-03 08:29:09"}
{"level":"info","message":"Created client session 1ac7ac34b8d5cedb9ddb7722","timestamp":"2026-07-03 08:29:10"}
{"level":"info","message":"Created client session 40f4ebc4af710e1045dbf4c2","timestamp":"2026-07-03 08:45:15"}
{"level":"info","message":"Created client session 181210c45bb0c8c52eba8530","timestamp":"2026-07-03 08:46:29"}
{"level":"info","message":"Created client session d0f71272a17c4280babe10b3","timestamp":"2026-07-03 09:35:41"}
{"level":"info","message":"Created client session 18f66e733435e7a2d7f39ce2","timestamp":"2026-07-03 10:22:01"}
{"level":"info","message":"Created client session 7df5855673c9a976702ede95","timestamp":"2026-07-03 10:42:45"}
{"level":"info","message":"Created client session cf5b83f7130ad56e8f80f51d","timestamp":"2026-07-03 10:54:35"}
{"level":"info","message":"Created client session a10fa80f2e7c83ac8e006cf9","timestamp":"2026-07-03 11:11:09"}
{"level":"info","message":"Created client session f2de541812ca97b901e9c993","timestamp":"2026-07-03 11:22:46"}
{"level":"info","message":"Created client session 8eef2d7a1534db1268edb5af","timestamp":"2026-07-03 11:22:47"}
{"level":"info","message":"Dungeons & Dragons Fifth Edition update 5.3.3 is now available!","timestamp":"2026-07-03 11:23:33"}
{"level":"info","message":"Vended World data to User [YzL2W1htQr2gHsBA] in 510ms","timestamp":"2026-07-03 11:23:33"}
{"level":"info","message":"Created client session 2ac31f4a92598f001edf53d1","timestamp":"2026-07-03 11:44:06"}
{"level":"info","message":"Created client session b7352f40e29f5917894dfa7c","timestamp":"2026-07-03 11:59:07"}
{"level":"info","message":"Created client session 681724fdb05e3f1a81d4ccc7","timestamp":"2026-07-03 11:59:07"}
{"level":"info","message":"Created client session 81c90bf52638c12cb3475274","timestamp":"2026-07-03 11:59:07"}
{"level":"info","message":"Created client session 59d8a51646211f8acc485574","timestamp":"2026-07-03 11:59:07"}
{"level":"info","message":"Created client session 8b3606d7f230ba23d877f815","timestamp":"2026-07-03 11:59:07"}
{"level":"info","message":"Created client session 2922f6b3d77eac76dec5e4d1","timestamp":"2026-07-03 11:59:07"}
{"level":"info","message":"Created client session dff4d767f32cf82473e5ad1d","timestamp":"2026-07-03 11:59:07"}
{"level":"info","message":"Created client session 481b86fcd8d847287cfd1db6","timestamp":"2026-07-03 11:59:07"}
{"level":"info","message":"Created client session ec520df18dbe0b0d2650a3a2","timestamp":"2026-07-03 11:59:07"}
{"level":"info","message":"Created client session 1dddc306318a70cd4e710b43","timestamp":"2026-07-03 11:59:07"}
{"level":"info","message":"Created client session 49f7bdb354eebce3a6212733","timestamp":"2026-07-03 11:59:07"}
{"level":"info","message":"Created client session 72c9ff0b6b1ab963bc8ad4c3","timestamp":"2026-07-03 11:59:07"}
{"level":"info","message":"Created client session 0d6a7411ec982eeb086eb41f","timestamp":"2026-07-03 11:59:07"}
{"level":"info","message":"Created client session 9f4facd4a3ca8222ecea3447","timestamp":"2026-07-03 11:59:07"}
{"level":"info","message":"Created client session 1e536bc7db744f75a6d4e330","timestamp":"2026-07-03 11:59:07"}
{"level":"info","message":"Created client session e7125c2257573616bb821f61","timestamp":"2026-07-03 11:59:07"}
{"level":"info","message":"Created client session be8c0e9311be15f2d0e785c2","timestamp":"2026-07-03 11:59:07"}
{"level":"info","message":"Created client session 57f20361cc52b1bc010d43ba","timestamp":"2026-07-03 11:59:07"}
{"level":"info","message":"Created client session 003d378202f53a04e7951aad","timestamp":"2026-07-03 11:59:08"}
{"level":"info","message":"Created client session 42ec97c6bd9bacc6f169c6ab","timestamp":"2026-07-03 11:59:08"}
{"level":"info","message":"Created client session 2f9aaa2aaff9c550d9578fb3","timestamp":"2026-07-03 11:59:08"}
{"level":"info","message":"Created client session 8d27f8c3c5da549dd2c11761","timestamp":"2026-07-03 11:59:08"}
{"level":"info","message":"Created client session db3087a53852c473429ba2e5","timestamp":"2026-07-03 11:59:08"}
{"level":"info","message":"Created client session 2cc883f8acbeca20b17e299a","timestamp":"2026-07-03 11:59:08"}
{"level":"info","message":"Created client session e09464134787b58fbf9df1b6","timestamp":"2026-07-03 11:59:08"}
{"level":"info","message":"Created client session 4b97339bc13ba1f6dac27a76","timestamp":"2026-07-03 11:59:08"}
{"level":"info","message":"Created client session 3388de3099c07e912cf06eeb","timestamp":"2026-07-03 11:59:08"}
{"level":"info","message":"Created client session 3ca640d22d87750b5f2dd553","timestamp":"2026-07-03 11:59:08"}
{"level":"info","message":"Created client session 5fefd336c483975c93eab77e","timestamp":"2026-07-03 11:59:08"}
{"level":"info","message":"Created client session c01556128cb8672036e03073","timestamp":"2026-07-03 13:03:36"}
{"level":"info","message":"Created client session 9c010e61dee8a230ca14eea8","timestamp":"2026-07-03 13:15:09"}
{"level":"info","message":"Created client session 4b19e118d1b93ab3ff4f6b8d","timestamp":"2026-07-03 13:15:35"}
{"level":"info","message":"Created client session fc9282e5995f54d1d972b016","timestamp":"2026-07-03 13:19:33"}
{"level":"info","message":"Created client session 4d74915d1d6255c16a6e0896","timestamp":"2026-07-03 13:22:38"}
{"level":"info","message":"Created client session eecdac12513337c03310e6dc","timestamp":"2026-07-03 13:31:20"}
{"level":"info","message":"Created client session 479c74f8444a521ad7ce7b81","timestamp":"2026-07-03 14:23:03"}
{"level":"info","message":"Created client session b49a8bb983376e29c1f368be","timestamp":"2026-07-03 14:32:20"}
{"level":"info","message":"Created client session 14ab77aa33f240ba231e865e","timestamp":"2026-07-03 14:37:28"}
{"level":"info","message":"Created client session 366b0fe886854ddc36ec59ef","timestamp":"2026-07-03 14:39:30"}
{"level":"info","message":"Created client session 99940696899d76416d8dfe1b","timestamp":"2026-07-03 14:51:12"}
{"level":"info","message":"Created client session 23f3d4060f92531e1ffb9c43","timestamp":"2026-07-03 15:13:34"}
{"level":"info","message":"Created client session c6b371707bca1122d6d65947","timestamp":"2026-07-03 15:17:19"}
{"level":"info","message":"Created client session 36b1d31829aa1807b1806081","timestamp":"2026-07-03 15:31:47"}
{"level":"info","message":"Created client session 6aefc9b853993a8540228bce","timestamp":"2026-07-03 15:53:04"}
{"level":"info","message":"Created client session 297288b0f60ffe40e778efa8","timestamp":"2026-07-03 15:53:04"}
{"level":"info","message":"Created client session e7b4b9ad54eb9325e5c0b571","timestamp":"2026-07-03 16:10:31"}
{"level":"info","message":"Created client session b9e979697def80ef376f4349","timestamp":"2026-07-03 16:16:00"}
{"level":"info","message":"Created client session 96374ab23ce3ee29ae5cc7fe","timestamp":"2026-07-03 16:26:46"}
{"level":"info","message":"Created client session f5967b0c9f2a2bd5ea96c8d4","timestamp":"2026-07-03 16:35:38"}
{"level":"info","message":"Created client session 0b3281036f978c5623b2ffbc","timestamp":"2026-07-03 16:35:38"}
{"level":"info","message":"Created client session 0ae8b86263632ab6e9c8b33f","timestamp":"2026-07-03 16:35:38"}
{"level":"info","message":"Created client session 1cb818eb95d08093fbbd4999","timestamp":"2026-07-03 16:35:38"}
{"level":"info","message":"Created client session 4f99d348224d86dc70641a5d","timestamp":"2026-07-03 16:35:38"}
{"level":"info","message":"Created client session 87fbc91a194a735e480660d1","timestamp":"2026-07-03 16:35:38"}
{"level":"info","message":"Created client session 95dd3f29dedd82990ba97d95","timestamp":"2026-07-03 16:35:38"}
{"level":"info","message":"Created client session 0e59b5d6c3e73f4bda01b90c","timestamp":"2026-07-03 16:35:39"}
{"level":"info","message":"Created client session b62614299550ef49126428ec","timestamp":"2026-07-03 16:35:39"}
{"level":"info","message":"Created client session e1ade7394f9ca4569c063c57","timestamp":"2026-07-03 16:35:39"}
{"level":"info","message":"Created client session c0be56383919ee25dc264952","timestamp":"2026-07-03 16:35:39"}
{"level":"info","message":"Created client session 3a644d847f230d3239d05e6c","timestamp":"2026-07-03 16:35:39"}
{"level":"info","message":"Created client session d24edc510bd1de4a5d1e82d1","timestamp":"2026-07-03 16:35:39"}
{"level":"info","message":"Created client session 3147298c975076f093707ee7","timestamp":"2026-07-03 16:35:39"}
{"level":"info","message":"Created client session c31555e328d329d4e1d08880","timestamp":"2026-07-03 16:35:39"}
{"level":"info","message":"Created client session 254488ce580d1096ea31d7b4","timestamp":"2026-07-03 16:35:39"}
{"level":"info","message":"Created client session 5903dd9792ae9096cb31bbe1","timestamp":"2026-07-03 16:35:39"}
{"level":"info","message":"Created client session a52a3a5d6d74c6990ab415c1","timestamp":"2026-07-03 16:35:39"}
{"level":"info","message":"Created client session c6a4c95186bf25b23b407443","timestamp":"2026-07-03 16:35:39"}
{"level":"info","message":"Created client session f5b7c642e8a1ce413cf07a4b","timestamp":"2026-07-03 16:35:39"}
{"level":"info","message":"Created client session 5363a9f580c3341d57edb675","timestamp":"2026-07-03 16:35:39"}
{"level":"info","message":"Created client session 8bd4e9143c18659b1d8ababa","timestamp":"2026-07-03 16:35:39"}
{"level":"info","message":"Created client session 425cf6be6bbfbead4691e026","timestamp":"2026-07-03 16:35:39"}
{"level":"info","message":"Created client session 5712f6acd55d76f4ede0e6e1","timestamp":"2026-07-03 16:35:39"}
{"level":"info","message":"Created client session 3a55cd20502f7b93040c7ecf","timestamp":"2026-07-03 16:35:39"}
{"level":"info","message":"Created client session dc75a27ba661865cdc7e08cf","timestamp":"2026-07-03 16:35:39"}
{"level":"info","message":"Created client session 19a197b0c1f728ada87e1f1d","timestamp":"2026-07-03 16:35:40"}
{"level":"info","message":"Created client session 3176d1a4b2fd587cdb41283d","timestamp":"2026-07-03 16:35:40"}
{"level":"info","message":"Created client session 2d1552288750095a00d1b7e3","timestamp":"2026-07-03 16:35:40"}
{"level":"info","message":"Created client session 5ed978aed915eedbf259a0af","timestamp":"2026-07-03 16:35:40"}
{"level":"info","message":"Created client session 3b8ef2be995d39d07ff3612f","timestamp":"2026-07-03 16:35:40"}
{"level":"info","message":"Created client session a6cc46a58f1b0b41214f68ae","timestamp":"2026-07-03 16:35:40"}
{"level":"info","message":"Created client session d1cfb8b9734f8a637f95c353","timestamp":"2026-07-03 16:35:40"}
{"level":"info","message":"Created client session 46f796a5f6889179a62c7572","timestamp":"2026-07-03 16:35:40"}
{"level":"info","message":"Created client session 17e28a1d779a4a8c0a3155b4","timestamp":"2026-07-03 16:35:40"}
{"level":"info","message":"Created client session 0be347779a4a140a12876122","timestamp":"2026-07-03 16:35:40"}
{"level":"info","message":"Created client session 0ae77a422ec60d8b2889ab54","timestamp":"2026-07-03 16:35:40"}
{"level":"info","message":"Created client session 7fb17fbf343f312fcd76eddb","timestamp":"2026-07-03 16:35:40"}
{"level":"info","message":"Created client session ea3532d7b80083d012ad6a9e","timestamp":"2026-07-03 16:35:40"}
{"level":"info","message":"Created client session 80a49e4fca542c17e91467e6","timestamp":"2026-07-03 17:11:37"}
{"level":"info","message":"Created client session 73cd79b000f96b876094046d","timestamp":"2026-07-03 17:27:44"}
{"level":"info","message":"Created client session fef214e4fde5aee74d0c1420","timestamp":"2026-07-03 17:48:52"}
{"level":"info","message":"Created client session 31f958a5436beab3272078e6","timestamp":"2026-07-03 17:49:34"}
{"level":"info","message":"Created client session 2c54d9f49568011ef826d2f5","timestamp":"2026-07-03 18:15:04"}
{"level":"info","message":"Created client session f3c7f666ee8a149602d1a756","timestamp":"2026-07-03 18:53:34"}
{"level":"info","message":"Created client session c423891f4447c9e4ddfa5b8b","timestamp":"2026-07-03 18:58:00"}
{"level":"info","message":"Created client session ec2883f1e5847ad46c40de8c","timestamp":"2026-07-03 18:58:07"}
{"level":"info","message":"Created client session bf93991d1efa52d02ac27e30","timestamp":"2026-07-03 19:37:51"}
{"level":"info","message":"Created client session 7b2be9a5f5571a4a171e5c07","timestamp":"2026-07-03 19:41:10"}
{"level":"info","message":"Created client session 2176d59300b296808ee5670f","timestamp":"2026-07-03 19:41:10"}
{"level":"info","message":"Created client session 94c875b58d9be6dd388be138","timestamp":"2026-07-03 19:41:11"}
{"level":"info","message":"Created client session b0e3793a22df0bcde3084149","timestamp":"2026-07-03 19:41:11"}
{"level":"info","message":"Created client session 47f25e0718d24119ad1a12a3","timestamp":"2026-07-03 19:41:11"}
{"level":"info","message":"Created client session e42e802a2147e08dd004d508","timestamp":"2026-07-03 19:41:12"}
{"level":"info","message":"Created client session 06e3c27560f6287617d4676c","timestamp":"2026-07-03 19:41:12"}
{"level":"info","message":"Created client session 8bf1d27603c899facaa62672","timestamp":"2026-07-03 19:41:13"}
{"level":"info","message":"Created client session 11ab1453237c1ce5397e1662","timestamp":"2026-07-03 19:41:13"}
{"level":"info","message":"Created client session 2575863bc7ae811c650771d3","timestamp":"2026-07-03 19:41:14"}
{"level":"info","message":"Created client session 5b4c238669804a6b51f487fc","timestamp":"2026-07-03 19:41:14"}
{"level":"info","message":"Created client session f24c64a49b9893f5ea70bac6","timestamp":"2026-07-03 19:41:14"}
{"level":"info","message":"Created client session 5e38d825e863b713f6ad2beb","timestamp":"2026-07-03 19:41:15"}
{"level":"info","message":"Created client session cc9ed711674a93289fef7c3b","timestamp":"2026-07-03 19:41:15"}
{"level":"info","message":"Created client session 8303807618ddd3f50166c7e6","timestamp":"2026-07-03 19:41:16"}
{"level":"info","message":"Created client session 6ec3d1bba166cee357662f19","timestamp":"2026-07-03 19:41:16"}
{"level":"info","message":"Created client session d329599c999778ef55329c68","timestamp":"2026-07-03 19:41:16"}
{"level":"info","message":"Created client session b9a09f968d18b91904e9d609","timestamp":"2026-07-03 19:41:17"}
{"level":"info","message":"Created client session 6cec979c6057182d26a03dd0","timestamp":"2026-07-03 19:41:17"}
{"level":"info","message":"Created client session ce1e7a5b6a904cf9122647c3","timestamp":"2026-07-03 19:41:17"}
{"level":"info","message":"Created client session aa40ea0e385361c9d5d20acb","timestamp":"2026-07-03 19:41:18"}
{"level":"info","message":"Created client session 0e5b8ba4a4c3cf4327ccf038","timestamp":"2026-07-03 19:41:18"}
{"level":"info","message":"Created client session a35bf379bffd6aceabb533de","timestamp":"2026-07-03 19:41:19"}
{"level":"info","message":"Created client session 3682d252793c0ed56660720b","timestamp":"2026-07-03 19:41:19"}
{"level":"info","message":"Created client session ed5fdb0c1cac12dce8d7174b","timestamp":"2026-07-03 19:41:20"}
{"level":"info","message":"Created client session 6221e702c64d9745f822bc75","timestamp":"2026-07-03 19:41:20"}
{"level":"info","message":"Created client session e991d5ee77fe90b20db9cd40","timestamp":"2026-07-03 19:41:21"}
{"level":"info","message":"Created client session 87c57e0f8420c346f0c8e076","timestamp":"2026-07-03 19:41:22"}
{"level":"info","message":"Created client session 45b787b19915e87167473c5d","timestamp":"2026-07-03 19:41:22"}
{"level":"info","message":"Created client session 88bf074042e2c8517298662b","timestamp":"2026-07-03 19:41:23"}
{"level":"info","message":"Created client session ce2508ff6619c6669f511f68","timestamp":"2026-07-03 19:41:23"}
{"level":"info","message":"Created client session 0c52e27f46b93a72523003f4","timestamp":"2026-07-03 19:41:23"}
{"level":"info","message":"Created client session a68913cb151e980ae8e8e018","timestamp":"2026-07-03 19:41:24"}
{"level":"info","message":"Created client session c9671e153da9569340d00e9a","timestamp":"2026-07-03 19:41:24"}
{"level":"info","message":"Created client session aa080a4fb6fa422582bc7868","timestamp":"2026-07-03 19:41:25"}
{"level":"info","message":"Created client session 648c4e9bae029aaefaeb69e4","timestamp":"2026-07-03 19:41:26"}
{"level":"info","message":"Created client session 155fadb73c48af3097f85df6","timestamp":"2026-07-03 19:41:26"}
{"level":"info","message":"Created client session e46c1ec70fccf96f7de6053f","timestamp":"2026-07-03 19:41:27"}
{"level":"info","message":"Created client session 8c2698d4a59ce4d8dce36667","timestamp":"2026-07-03 19:41:27"}
{"level":"info","message":"Created client session eadf37c3e4f9145ad2bb4bd9","timestamp":"2026-07-03 19:41:28"}
{"level":"info","message":"Created client session 6a5f8f2aaddb932d00a7b559","timestamp":"2026-07-03 19:41:28"}
{"level":"info","message":"Created client session f5130d9fbd71b9572919d412","timestamp":"2026-07-03 19:41:29"}
{"level":"info","message":"Created client session a2012e3b735e6966b6e80e1e","timestamp":"2026-07-03 19:41:29"}
{"level":"info","message":"Created client session 5f35ab8446c24693ce215ba1","timestamp":"2026-07-03 19:41:30"}
{"level":"info","message":"Created client session 72dd08f8608e6b822d8c9c8a","timestamp":"2026-07-03 20:39:29"}
{"level":"info","message":"Created client session b80b8562bc8dd630f033ee08","timestamp":"2026-07-03 20:39:29"}
{"level":"info","message":"Created client session 6647dd6d6cb31c009b84e01d","timestamp":"2026-07-03 20:39:29"}
{"level":"info","message":"Created client session e2901df9f2871ea95a4b5c5c","timestamp":"2026-07-03 20:39:29"}
{"level":"info","message":"Created client session 343011071dd1ee4c88ef533f","timestamp":"2026-07-03 20:39:29"}
{"level":"info","message":"Created client session 3768d7063156ffbae9422dd9","timestamp":"2026-07-03 20:39:29"}
{"level":"info","message":"Created client session bd1aab04d2611e40a8a51679","timestamp":"2026-07-03 20:39:29"}
{"level":"info","message":"Created client session cc90de18bc57f4880ee50a47","timestamp":"2026-07-03 20:39:29"}
{"level":"info","message":"Created client session 7b217e9a592870aff3d62e87","timestamp":"2026-07-03 20:39:29"}
{"level":"info","message":"Created client session a2417efa73d174bbaae2019a","timestamp":"2026-07-03 20:39:29"}
{"level":"info","message":"Created client session e26ca47154c77f831b7ac937","timestamp":"2026-07-03 20:39:29"}
{"level":"info","message":"Created client session f81df8554b4295af4139c29e","timestamp":"2026-07-03 20:39:30"}
{"level":"info","message":"Created client session 766179d184341ae51eeba9c3","timestamp":"2026-07-03 20:39:30"}
{"level":"info","message":"Created client session d5a24774968b362419fc2646","timestamp":"2026-07-03 20:39:30"}
{"level":"info","message":"Created client session ba8e81ac993b7c1228a88880","timestamp":"2026-07-03 20:39:30"}
{"level":"info","message":"Created client session a723d5d757ca85350b4de2da","timestamp":"2026-07-03 20:39:30"}
{"level":"info","message":"Created client session 44b3ec2e5bda5b8ceb9764ed","timestamp":"2026-07-03 20:39:30"}
{"level":"info","message":"Created client session e84cae2a0e72ab69b4b61cb3","timestamp":"2026-07-03 20:39:30"}
{"level":"info","message":"Created client session 104570984934f2e20c27e6f8","timestamp":"2026-07-03 20:39:30"}
{"level":"info","message":"Created client session 556210f629c8c05a10967630","timestamp":"2026-07-03 20:39:30"}
{"level":"info","message":"Created client session 5aa2084edff16a3c1a1cab9b","timestamp":"2026-07-03 20:39:30"}
{"level":"info","message":"Created client session 5fc6e4695045c55318ecb7df","timestamp":"2026-07-03 20:39:30"}
{"level":"info","message":"Created client session 2cc69c160d6a08d39193f495","timestamp":"2026-07-03 20:39:30"}
{"level":"info","message":"Created client session 2c2040c940651566296c49af","timestamp":"2026-07-03 20:39:30"}
{"level":"info","message":"Created client session d077700cbf2edb894053032c","timestamp":"2026-07-03 20:39:30"}
{"level":"info","message":"Created client session c4743edd76950d0b8af3e408","timestamp":"2026-07-03 20:39:30"}
{"level":"info","message":"Created client session 3012ad100fb92c90c46fc1fe","timestamp":"2026-07-03 20:39:30"}
{"level":"info","message":"Created client session 53619c21576cbc62f1d23a5a","timestamp":"2026-07-03 20:39:30"}
{"level":"info","message":"Created client session 117a7e30108ae66272a5cd5e","timestamp":"2026-07-03 20:39:30"}
{"level":"info","message":"Created client session 6dd10419788670baf0a62d96","timestamp":"2026-07-03 20:39:30"}
{"level":"info","message":"Created client session e55b3b9307f21b189b932f76","timestamp":"2026-07-03 20:39:30"}
{"level":"info","message":"Created client session da4a966c32bb37fa84f168be","timestamp":"2026-07-03 20:39:30"}
{"level":"info","message":"Created client session c62b4cb3c032ac5d515f17e5","timestamp":"2026-07-03 20:39:30"}
{"level":"info","message":"Created client session 4d4724d73cd1d57dfb240bc3","timestamp":"2026-07-03 20:39:31"}
{"level":"info","message":"Created client session 20fe77120bed868ba8b441d5","timestamp":"2026-07-03 20:39:31"}
{"level":"info","message":"Created client session c9292ba93e3006cf330bf590","timestamp":"2026-07-03 20:39:31"}
{"level":"info","message":"Created client session b72c769991e617ecec66a6a3","timestamp":"2026-07-03 20:39:31"}
{"level":"info","message":"Created client session 10f7fda0898029481ca84788","timestamp":"2026-07-03 20:39:31"}
{"level":"info","message":"Created client session e23dd7dfcfc9f5a877d0d0be","timestamp":"2026-07-03 20:39:31"}
{"level":"info","message":"Created client session 97656396b61fef8fa8c3ca03","timestamp":"2026-07-03 20:39:31"}
{"level":"info","message":"Created client session 287cda4115c4a7b7a12fa566","timestamp":"2026-07-03 20:39:31"}
{"level":"info","message":"Created client session 5523f75bc95e7625e7491463","timestamp":"2026-07-03 20:39:31"}
{"level":"info","message":"Created client session 64768ea2f3b6c012740b677b","timestamp":"2026-07-03 20:39:31"}
{"level":"info","message":"Created client session 76e417f2e3938f1a81b26f2c","timestamp":"2026-07-03 20:39:31"}
{"level":"info","message":"Created client session 8b349c196b9522b62600f48c","timestamp":"2026-07-03 20:54:10"}
{"level":"info","message":"Created client session b1827ac371b804d0cbe5e75c","timestamp":"2026-07-03 20:54:14"}
{"level":"info","message":"Created client session ae402e9b53f2daaac796ea61","timestamp":"2026-07-03 20:56:19"}
{"level":"info","message":"Created client session 7598a56d1cf551e92198eae8","timestamp":"2026-07-03 21:00:38"}
{"level":"info","message":"Created client session 44f22e66b1fcc2ecb5f51cb9","timestamp":"2026-07-03 21:00:51"}
{"level":"info","message":"Created client session bba563cb1687a71fa18be8b6","timestamp":"2026-07-03 21:25:11"}
{"level":"info","message":"Created client session 4e1673a40a5909085b75bbaa","timestamp":"2026-07-03 21:26:10"}
{"level":"info","message":"Created client session 6a9748d5a76ccddb5037eb0b","timestamp":"2026-07-03 21:47:05"}
{"level":"info","message":"Created client session 35455dc4b0df9432a6f68bc3","timestamp":"2026-07-03 21:47:14"}
{"level":"info","message":"Created client session 5d070b67d823f8b958fe50b6","timestamp":"2026-07-03 22:10:54"}
{"level":"info","message":"Created client session 4c2732dcd1dca7d133fe1b17","timestamp":"2026-07-03 22:24:44"}
{"level":"info","message":"Created client session 8b3029f77ae05863ace3552d","timestamp":"2026-07-03 22:33:21"}
{"level":"info","message":"Created client session f52a9a66d096a7cf1e3e871b","timestamp":"2026-07-03 23:43:15"}
{"level":"info","message":"Created client session 08f2bf4e3a8dc17b40bc642c","timestamp":"2026-07-03 23:59:04"}
