{"level":"debug","message":"Broadcasting autosave update for instance 'JournalEntry.pvj1i6lt1v1F6z6Q.JournalEntryPage.mPbIWRPWcbTVsnsG#text.content'.","timestamp":"2026-07-18 00:00:41"}
{"level":"debug","message":"Broadcasting autosave update for instance 'JournalEntry.pvj1i6lt1v1F6z6Q.JournalEntryPage.mPbIWRPWcbTVsnsG#text.content'.","timestamp":"2026-07-18 00:01:41"}
{"level":"debug","message":"Broadcasting autosave update for instance 'JournalEntry.pvj1i6lt1v1F6z6Q.JournalEntryPage.mPbIWRPWcbTVsnsG#text.content'.","timestamp":"2026-07-18 00:02:41"}
{"level":"debug","message":"Broadcasting autosave update for instance 'JournalEntry.pvj1i6lt1v1F6z6Q.JournalEntryPage.mPbIWRPWcbTVsnsG#text.content'.","timestamp":"2026-07-18 00:03:41"}
{"level":"debug","message":"Broadcasting autosave update for instance 'JournalEntry.pvj1i6lt1v1F6z6Q.JournalEntryPage.mPbIWRPWcbTVsnsG#text.content'.","timestamp":"2026-07-18 00:04:41"}
{"level":"debug","message":"Broadcasting autosave update for instance 'JournalEntry.pvj1i6lt1v1F6z6Q.JournalEntryPage.mPbIWRPWcbTVsnsG#text.content'.","timestamp":"2026-07-18 00:06:41"}
{"level":"debug","message":"Broadcasting autosave update for instance 'JournalEntry.pvj1i6lt1v1F6z6Q.JournalEntryPage.mPbIWRPWcbTVsnsG#text.content'.","timestamp":"2026-07-18 00:07:41"}
{"level":"debug","message":"Broadcasting autosave update for instance 'JournalEntry.pvj1i6lt1v1F6z6Q.JournalEntryPage.mPbIWRPWcbTVsnsG#text.content'.","timestamp":"2026-07-18 00:08:41"}
{"level":"debug","message":"Retiring user 'YzL2W1htQr2gHsBA' from editing session for instance 'JournalEntry.pvj1i6lt1v1F6z6Q.JournalEntryPage.mPbIWRPWcbTVsnsG#text.content'.","timestamp":"2026-07-18 00:11:19"}
{"level":"debug","message":"Instance 'JournalEntry.pvj1i6lt1v1F6z6Q.JournalEntryPage.mPbIWRPWcbTVsnsG#text.content' has no more active editors, cleaning up.","timestamp":"2026-07-18 00:11:19"}
{"level":"debug","message":"Starting edit session for user 'YzL2W1htQr2gHsBA' and instance 'JournalEntry.pvj1i6lt1v1F6z6Q.JournalEntryPage.maNriiJo0MlDyrPh#text.content'.","timestamp":"2026-07-18 00:11:49"}
{"level":"debug","message":"Broadcasting autosave update for instance 'JournalEntry.pvj1i6lt1v1F6z6Q.JournalEntryPage.maNriiJo0MlDyrPh#text.content'.","timestamp":"2026-07-18 00:12:49"}
{"level":"debug","message":"Broadcasting autosave update for instance 'JournalEntry.pvj1i6lt1v1F6z6Q.JournalEntryPage.maNriiJo0MlDyrPh#text.content'.","timestamp":"2026-07-18 00:14:49"}
{"level":"debug","message":"Retiring user 'YzL2W1htQr2gHsBA' from editing session for instance 'JournalEntry.pvj1i6lt1v1F6z6Q.JournalEntryPage.maNriiJo0MlDyrPh#text.content'.","timestamp":"2026-07-18 00:15:02"}
{"level":"debug","message":"Instance 'JournalEntry.pvj1i6lt1v1F6z6Q.JournalEntryPage.maNriiJo0MlDyrPh#text.content' has no more active editors, cleaning up.","timestamp":"2026-07-18 00:15:02"}
{"level":"info","message":"Created JournalEntryPage with id [V5FOo3hvJQJnMEQt] in parent JournalEntry [9h3lCnPgUa5pWik9]","timestamp":"2026-07-18 00:16:58"}
{"level":"debug","message":"Starting edit session for user 'YzL2W1htQr2gHsBA' and instance 'JournalEntry.9h3lCnPgUa5pWik9.JournalEntryPage.V5FOo3hvJQJnMEQt#text.content'.","timestamp":"2026-07-18 00:16:58"}
{"level":"debug","message":"Retiring user 'YzL2W1htQr2gHsBA' from editing session for instance 'JournalEntry.9h3lCnPgUa5pWik9.JournalEntryPage.V5FOo3hvJQJnMEQt#text.content'.","timestamp":"2026-07-18 00:17:20"}
{"level":"debug","message":"Instance 'JournalEntry.9h3lCnPgUa5pWik9.JournalEntryPage.V5FOo3hvJQJnMEQt#text.content' has no more active editors, cleaning up.","timestamp":"2026-07-18 00:17:20"}
{"level":"debug","message":"Starting edit session for user 'YzL2W1htQr2gHsBA' and instance 'JournalEntry.9h3lCnPgUa5pWik9.JournalEntryPage.VFvM2pzyKVQGsBn1#text.content'.","timestamp":"2026-07-18 00:17:33"}
{"level":"debug","message":"Retiring user 'YzL2W1htQr2gHsBA' from editing session for instance 'JournalEntry.9h3lCnPgUa5pWik9.JournalEntryPage.VFvM2pzyKVQGsBn1#text.content'.","timestamp":"2026-07-18 00:18:46"}
{"level":"debug","message":"Instance 'JournalEntry.9h3lCnPgUa5pWik9.JournalEntryPage.VFvM2pzyKVQGsBn1#text.content' has no more active editors, cleaning up.","timestamp":"2026-07-18 00:18:46"}
{"level":"debug","message":"Starting edit session for user 'YzL2W1htQr2gHsBA' and instance 'JournalEntry.9h3lCnPgUa5pWik9.JournalEntryPage.V5FOo3hvJQJnMEQt#text.content'.","timestamp":"2026-07-18 00:19:01"}
{"level":"debug","message":"Retiring user 'YzL2W1htQr2gHsBA' from editing session for instance 'JournalEntry.9h3lCnPgUa5pWik9.JournalEntryPage.V5FOo3hvJQJnMEQt#text.content'.","timestamp":"2026-07-18 00:19:05"}
{"level":"debug","message":"Instance 'JournalEntry.9h3lCnPgUa5pWik9.JournalEntryPage.V5FOo3hvJQJnMEQt#text.content' has no more active editors, cleaning up.","timestamp":"2026-07-18 00:19:05"}
{"level":"debug","message":"Starting edit session for user 'YzL2W1htQr2gHsBA' and instance 'JournalEntry.pvj1i6lt1v1F6z6Q.JournalEntryPage.9CCW4ieY4BBhDyIY#text.content'.","timestamp":"2026-07-18 00:19:13"}
{"level":"debug","message":"Retiring user 'YzL2W1htQr2gHsBA' from editing session for instance 'JournalEntry.pvj1i6lt1v1F6z6Q.JournalEntryPage.9CCW4ieY4BBhDyIY#text.content'.","timestamp":"2026-07-18 00:19:20"}
{"level":"debug","message":"Instance 'JournalEntry.pvj1i6lt1v1F6z6Q.JournalEntryPage.9CCW4ieY4BBhDyIY#text.content' has no more active editors, cleaning up.","timestamp":"2026-07-18 00:19:20"}
{"level":"info","message":"Deleted JournalEntryPage with id [V5FOo3hvJQJnMEQt] in parent JournalEntry [9h3lCnPgUa5pWik9]","timestamp":"2026-07-18 00:19:27"}
{"level":"info","message":"Deleted JournalEntryPage with id [X12EiGnhw2Ge3XAs] in parent JournalEntry [9h3lCnPgUa5pWik9]","timestamp":"2026-07-18 00:19:34"}
{"level":"info","message":"Deleted JournalEntryPage with id [VFvM2pzyKVQGsBn1] in parent JournalEntry [9h3lCnPgUa5pWik9]","timestamp":"2026-07-18 00:19:40"}
{"level":"info","message":"Created client session d459b12449b6d3f959a37901","timestamp":"2026-07-18 00:23:22"}
{"level":"debug","message":"Starting edit session for user 'YzL2W1htQr2gHsBA' and instance 'JournalEntry.pvj1i6lt1v1F6z6Q.JournalEntryPage.9CCW4ieY4BBhDyIY#text.content'.","timestamp":"2026-07-18 00:32:42"}
{"level":"debug","message":"Retiring user 'YzL2W1htQr2gHsBA' from editing session for instance 'JournalEntry.pvj1i6lt1v1F6z6Q.JournalEntryPage.9CCW4ieY4BBhDyIY#text.content'.","timestamp":"2026-07-18 00:32:49"}
{"level":"debug","message":"Instance 'JournalEntry.pvj1i6lt1v1F6z6Q.JournalEntryPage.9CCW4ieY4BBhDyIY#text.content' has no more active editors, cleaning up.","timestamp":"2026-07-18 00:32:49"}
{"level":"debug","message":"Starting edit session for user 'YzL2W1htQr2gHsBA' and instance 'JournalEntry.pvj1i6lt1v1F6z6Q.JournalEntryPage.9CCW4ieY4BBhDyIY#text.content'.","timestamp":"2026-07-18 00:32:56"}
{"level":"debug","message":"Broadcasting autosave update for instance 'JournalEntry.pvj1i6lt1v1F6z6Q.JournalEntryPage.9CCW4ieY4BBhDyIY#text.content'.","timestamp":"2026-07-18 00:33:56"}
{"level":"debug","message":"Broadcasting autosave update for instance 'JournalEntry.pvj1i6lt1v1F6z6Q.JournalEntryPage.9CCW4ieY4BBhDyIY#text.content'.","timestamp":"2026-07-18 00:35:56"}
{"level":"debug","message":"Broadcasting autosave update for instance 'JournalEntry.pvj1i6lt1v1F6z6Q.JournalEntryPage.9CCW4ieY4BBhDyIY#text.content'.","timestamp":"2026-07-18 00:37:56"}
{"level":"debug","message":"Broadcasting autosave update for instance 'JournalEntry.pvj1i6lt1v1F6z6Q.JournalEntryPage.9CCW4ieY4BBhDyIY#text.content'.","timestamp":"2026-07-18 00:38:56"}
{"level":"debug","message":"Retiring user 'YzL2W1htQr2gHsBA' from editing session for instance 'JournalEntry.pvj1i6lt1v1F6z6Q.JournalEntryPage.9CCW4ieY4BBhDyIY#text.content'.","timestamp":"2026-07-18 00:39:40"}
{"level":"debug","message":"Instance 'JournalEntry.pvj1i6lt1v1F6z6Q.JournalEntryPage.9CCW4ieY4BBhDyIY#text.content' has no more active editors, cleaning up.","timestamp":"2026-07-18 00:39:40"}
{"level":"info","message":"Created JournalEntryPage with id [o3QjNdHm95xDoQ9Y] in parent JournalEntry [pvj1i6lt1v1F6z6Q]","timestamp":"2026-07-18 00:40:06"}
{"level":"debug","message":"Starting edit session for user 'YzL2W1htQr2gHsBA' and instance 'JournalEntry.pvj1i6lt1v1F6z6Q.JournalEntryPage.o3QjNdHm95xDoQ9Y#text.content'.","timestamp":"2026-07-18 00:40:06"}
{"level":"debug","message":"Broadcasting autosave update for instance 'JournalEntry.pvj1i6lt1v1F6z6Q.JournalEntryPage.o3QjNdHm95xDoQ9Y#text.content'.","timestamp":"2026-07-18 00:41:06"}
{"level":"debug","message":"Broadcasting autosave update for instance 'JournalEntry.pvj1i6lt1v1F6z6Q.JournalEntryPage.o3QjNdHm95xDoQ9Y#text.content'.","timestamp":"2026-07-18 00:42:06"}
{"level":"debug","message":"Broadcasting autosave update for instance 'JournalEntry.pvj1i6lt1v1F6z6Q.JournalEntryPage.o3QjNdHm95xDoQ9Y#text.content'.","timestamp":"2026-07-18 00:44:06"}
{"level":"debug","message":"Broadcasting autosave update for instance 'JournalEntry.pvj1i6lt1v1F6z6Q.JournalEntryPage.o3QjNdHm95xDoQ9Y#text.content'.","timestamp":"2026-07-18 00:45:06"}
{"level":"debug","message":"Retiring user 'YzL2W1htQr2gHsBA' from editing session for instance 'JournalEntry.pvj1i6lt1v1F6z6Q.JournalEntryPage.o3QjNdHm95xDoQ9Y#text.content'.","timestamp":"2026-07-18 00:45:48"}
{"level":"debug","message":"Instance 'JournalEntry.pvj1i6lt1v1F6z6Q.JournalEntryPage.o3QjNdHm95xDoQ9Y#text.content' has no more active editors, cleaning up.","timestamp":"2026-07-18 00:45:48"}
{"level":"info","message":"Created Actor with id [VMMfmYG3oqadSvpK]","timestamp":"2026-07-18 00:50:09"}
{"level":"info","message":"Deleted Actor with id [VMMfmYG3oqadSvpK]","timestamp":"2026-07-18 00:50:17"}
{"level":"info","message":"Created Actor with id [hlwsA7VdaS0h167t]","timestamp":"2026-07-18 00:51:02"}
{"level":"info","message":"zwerg1.png saved to Icons","timestamp":"2026-07-18 00:51:18"}
{"level":"info","message":"Created Token with id [xgoqXzmnTBEalSDl] in parent Scene [t5xjgozQiEWk5aDN]","timestamp":"2026-07-18 00:51:48"}
{"level":"info","message":"Deleted Token with id [xgoqXzmnTBEalSDl] in parent Scene [t5xjgozQiEWk5aDN]","timestamp":"2026-07-18 00:51:50"}
{"level":"info","message":"zwerg1.png saved to Icons","timestamp":"2026-07-18 00:58:10"}
{"level":"info","message":"zwerg1.png saved to Icons","timestamp":"2026-07-18 00:58:20"}
{"level":"info","message":"zwerg1.png saved to Icons","timestamp":"2026-07-18 00:58:37"}
{"level":"info","message":"Dungeons & Dragons Fifth Edition update 5.3.3 is now available!","timestamp":"2026-07-18 00:58:50"}
{"level":"info","message":"Vended World data to User [YzL2W1htQr2gHsBA] in 495ms","timestamp":"2026-07-18 00:58:50"}
{"level":"info","message":"Created 5 Item documents with ids: [JhpBlnT1Ydljsp0o,BXeOyeZoq7U7CKwL,uZe49qt35vRSFk9x,VlKDoptKhgUGhXnB,EY6ZnRJcw5e1oR7d] in parent Actor [hlwsA7VdaS0h167t]","timestamp":"2026-07-18 01:00:40"}
{"level":"info","message":"Created 4 Item documents with ids: [J1lTidGvqPBX2jVh,qssRCDsFx1aC1CI6,o4WhyPCaFvJfUqPx,QIcG8JwKuR3WS1Lm] in parent Actor [hlwsA7VdaS0h167t]","timestamp":"2026-07-18 01:01:10"}
{"level":"info","message":"Created 2 Item documents with ids: [v8HTAgdDs9l8h3KJ,irsdC0aoGRHX7uPg] in parent Actor [hlwsA7VdaS0h167t]","timestamp":"2026-07-18 01:01:26"}
{"level":"info","message":"Created 4 Item documents with ids: [VjaNCsWz1klMK6WQ,zuJV5JbMPR2gggC8,JL091axF8QPuV4ee,HB7zVWRZB0aCw62j] in parent Actor [hlwsA7VdaS0h167t]","timestamp":"2026-07-18 01:02:58"}
{"level":"info","message":"Created Actor with id [tU0vf4SHkC153myW]","timestamp":"2026-07-18 01:05:51"}
{"level":"info","message":"zwerg2.png saved to Icons","timestamp":"2026-07-18 01:06:01"}
{"level":"info","message":"Created 4 Item documents with ids: [7YFC9Ui2qZGqLZEP,Mg5J5wnTBnqYfWjm,jVnn1OmlXuK2bxJx,JKlr2F0WEdwdQQjL] in parent Actor [tU0vf4SHkC153myW]","timestamp":"2026-07-18 01:06:13"}
{"level":"info","message":"Created 5 Item documents with ids: [ryOkU1uNLxzETNm2,DPQQsZq8yyVo3PEK,OQsFbyAKGgEUGcrO,jadcV84wwRB53mhY,NshFCuASu05GVvyO] in parent Actor [tU0vf4SHkC153myW]","timestamp":"2026-07-18 01:07:33"}
{"level":"info","message":"Created 4 Item documents with ids: [8jHI6zHWDVImI63N,0DGQw1Lq4H9Y5tpN,ZSXzIAqi9JYgHdLj,95kEQUwybIH9qf3y] in parent Actor [tU0vf4SHkC153myW]","timestamp":"2026-07-18 01:08:31"}
{"level":"info","message":"Created Item with id [u1pW4Y3Xz8BnAoiC] in parent Actor [tU0vf4SHkC153myW]","timestamp":"2026-07-18 01:08:53"}
{"level":"info","message":"Created Item with id [3aw9t3TZIR00xdIw] in parent Actor [tU0vf4SHkC153myW]","timestamp":"2026-07-18 01:09:19"}
{"level":"info","message":"Created Item with id [237dK4phKvd6nqzb] in parent Actor [tU0vf4SHkC153myW]","timestamp":"2026-07-18 01:09:21"}
{"level":"info","message":"Created Item with id [a22V1Wcao61YFnFI] in parent Actor [tU0vf4SHkC153myW]","timestamp":"2026-07-18 01:10:00"}
{"level":"info","message":"Created Item with id [fKfvUjm7EwzPnGRG] in parent Actor [tU0vf4SHkC153myW]","timestamp":"2026-07-18 01:10:06"}
{"level":"info","message":"Created Actor with id [mGNeuu3S96ICd202]","timestamp":"2026-07-18 01:10:28"}
{"level":"info","message":"zwerg3.png saved to Icons","timestamp":"2026-07-18 01:10:36"}
{"level":"info","message":"Created client session 5ecaf6f6202bd33df8d59529","timestamp":"2026-07-18 01:10:40"}
{"level":"info","message":"Created Item with id [UnGOtbaIP6VpQcyn] in parent Actor [mGNeuu3S96ICd202]","timestamp":"2026-07-18 01:11:24"}
{"level":"info","message":"Created Item with id [NAIem9gABn1iney7] in parent Actor [mGNeuu3S96ICd202]","timestamp":"2026-07-18 01:11:29"}
{"level":"info","message":"Created Item with id [YATmSREIOjNVZ5RS] in parent Actor [mGNeuu3S96ICd202]","timestamp":"2026-07-18 01:12:26"}
{"level":"info","message":"Created Item with id [0bIDuJxg8GzidQZf] in parent Actor [mGNeuu3S96ICd202]","timestamp":"2026-07-18 01:12:43"}
{"level":"info","message":"Created Item with id [YAex3aDWJjpBQijZ] in parent Actor [mGNeuu3S96ICd202]","timestamp":"2026-07-18 01:13:22"}
{"level":"info","message":"Created Item with id [g43ZBiEZUV9FfynO] in parent Actor [mGNeuu3S96ICd202]","timestamp":"2026-07-18 01:13:41"}
{"level":"info","message":"Created 4 Item documents with ids: [vsuBrpsddHRmtvSU,pAgqTTHoJsNsUMGM,fJSO7MGFBXrODYC4,ErE38qDA3zMNoS7d] in parent Actor [mGNeuu3S96ICd202]","timestamp":"2026-07-18 01:13:54"}
{"level":"info","message":"Created Item with id [QWVH13vmViW1hvfW] in parent Actor [mGNeuu3S96ICd202]","timestamp":"2026-07-18 01:14:02"}
{"level":"info","message":"Created 5 Item documents with ids: [11UUiN81DddbmTXZ,Qw4XtWvPw8O7hO6Z,t0ecVmyTy981ccOw,N1tawxycIfhYOmDU,WiPqUurbEKvT4gYd] in parent Actor [mGNeuu3S96ICd202]","timestamp":"2026-07-18 01:15:19"}
{"level":"info","message":"Created 6 Item documents in parent Actor [mGNeuu3S96ICd202]","timestamp":"2026-07-18 01:15:53"}
{"level":"info","message":"Created Actor with id [S3FZdRUghoUGJkpS]","timestamp":"2026-07-18 01:16:37"}
{"level":"info","message":"zwerg4.png saved to Icons","timestamp":"2026-07-18 01:16:52"}
{"level":"info","message":"Created 4 Item documents with ids: [s5MEHP78rCEznlii,1IHSXK2P1S5IQQgz,bEQDdzYwdwBXZZVJ,pO4ZRCHw0EZ5MVYh] in parent Actor [S3FZdRUghoUGJkpS]","timestamp":"2026-07-18 01:17:44"}
{"level":"info","message":"Created 2 Item documents with ids: [AkzOqGW5zsNB5yvR,VGmX6cnMPiBFg147] in parent Actor [S3FZdRUghoUGJkpS]","timestamp":"2026-07-18 01:18:07"}
{"level":"info","message":"Created 5 Item documents with ids: [bUagKn3RFzHeTuIz,zPb0pDgita9OOPhG,ZHeOLif42LVU1NCv,cGmlHzAJKFcUZeic,lgvmdbEdKikPUutJ] in parent Actor [mGNeuu3S96ICd202]","timestamp":"2026-07-18 01:19:11"}
{"level":"info","message":"Created Item with id [KGWY3YP7XX1hDfDW] in parent Actor [S3FZdRUghoUGJkpS]","timestamp":"2026-07-18 01:19:53"}
{"level":"info","message":"Created 5 Item documents with ids: [1gagcKREThgh5LFv,I4sTeMyUlhAeqM07,ZnCAZ1PNsoI1PmqI,GWZtSFJuYUjUqTpt,u50mBy40VfSrO8By] in parent Actor [S3FZdRUghoUGJkpS]","timestamp":"2026-07-18 01:20:29"}
{"level":"info","message":"Created 5 Item documents with ids: [0BN67EwAEKIJ0VaH,GegU5JunzAo1pnDm,3yR54qSm60ATeHCB,1GPruPPbg7H5iAuS,KXCCKEFHj9i084Eo] in parent Actor [S3FZdRUghoUGJkpS]","timestamp":"2026-07-18 01:21:02"}
{"level":"info","message":"Created 2 Item documents with ids: [TOVXdrvhFRGDxt4A,9bGZacKm7P9cQoxY] in parent Actor [S3FZdRUghoUGJkpS]","timestamp":"2026-07-18 01:21:09"}
{"level":"info","message":"Created Item with id [EsYHDOguy09yAleH] in parent Actor [S3FZdRUghoUGJkpS]","timestamp":"2026-07-18 01:22:14"}
{"level":"info","message":"Created Item with id [v0oKmB25IcfDl8XX] in parent Actor [S3FZdRUghoUGJkpS]","timestamp":"2026-07-18 01:22:58"}
{"level":"info","message":"Created Item with id [qhKKjiQxg4ySeMxE] in parent Actor [S3FZdRUghoUGJkpS]","timestamp":"2026-07-18 01:23:01"}
{"level":"info","message":"Deleted Item with id [u50mBy40VfSrO8By] in parent Actor [S3FZdRUghoUGJkpS]","timestamp":"2026-07-18 01:23:13"}
{"level":"info","message":"Created client session ed36a62dc9a0a0319cbec6d8","timestamp":"2026-07-18 02:08:45"}
{"level":"info","message":"Created client session 07c22de160988fbd4d0eda9a","timestamp":"2026-07-18 02:08:45"}
{"level":"info","message":"Created client session 07cbcc9c6cac33186cb1f532","timestamp":"2026-07-18 02:08:46"}
{"level":"info","message":"Created client session 5354911bdbc863fd43264b41","timestamp":"2026-07-18 02:08:46"}
{"level":"info","message":"Created client session 85e953fab8fb24847125ade2","timestamp":"2026-07-18 02:08:47"}
{"level":"info","message":"Created client session 8aa9ccbbb310ae3e5c9d5c7a","timestamp":"2026-07-18 02:08:47"}
{"level":"info","message":"Created client session 824867230b9728a2cbace670","timestamp":"2026-07-18 02:08:47"}
{"level":"info","message":"Created client session 3bdbc4b34f533363db98db31","timestamp":"2026-07-18 02:08:47"}
{"level":"info","message":"Created client session 9d97aba9a8b498aff69939fe","timestamp":"2026-07-18 02:08:47"}
{"level":"info","message":"Created client session 5227a45c2449c3edd5989af5","timestamp":"2026-07-18 02:08:47"}
{"level":"info","message":"Created client session bc58bda059c0bd149c7f180c","timestamp":"2026-07-18 02:08:47"}
{"level":"info","message":"Created client session dc628673a112ca43ed2b83c9","timestamp":"2026-07-18 02:08:47"}
{"level":"info","message":"Created client session 3869bf8fff6f2509e623a546","timestamp":"2026-07-18 02:08:48"}
{"level":"info","message":"Created client session 871c027b2bf3fb847e451453","timestamp":"2026-07-18 02:08:48"}
{"level":"info","message":"Created client session a7732862c87438724af741b8","timestamp":"2026-07-18 02:08:48"}
{"level":"info","message":"Created client session 193961f0d17a90e287e6bcb9","timestamp":"2026-07-18 02:08:48"}
{"level":"info","message":"Created client session 3dd0e9e0d66bd8ad3db1ecff","timestamp":"2026-07-18 02:08:48"}
{"level":"info","message":"Created client session e14b55c5ca5335aba70ce986","timestamp":"2026-07-18 02:08:48"}
{"level":"info","message":"Created client session f4b5442c71a289bb2258e56b","timestamp":"2026-07-18 02:08:48"}
{"level":"info","message":"Created client session f0ee85e89329a0026863f4a0","timestamp":"2026-07-18 02:08:48"}
{"level":"info","message":"Created client session b536fc018de8b0f602d94831","timestamp":"2026-07-18 02:08:49"}
{"level":"info","message":"Created client session d225dc76eaeca21df772ecdb","timestamp":"2026-07-18 02:08:49"}
{"level":"info","message":"Created client session eb5774c76b7f939cc47cc3b7","timestamp":"2026-07-18 02:08:49"}
{"level":"info","message":"Created client session 8f82755464d4df3143c4241f","timestamp":"2026-07-18 02:08:49"}
{"level":"info","message":"Created client session 07677e0111d16238ad365cae","timestamp":"2026-07-18 02:08:49"}
{"level":"info","message":"Created client session 5abfc8b469662131546cb1c3","timestamp":"2026-07-18 02:08:49"}
{"level":"info","message":"Created client session ff9e7d30ac9b3f8aeb199065","timestamp":"2026-07-18 02:08:50"}
{"level":"info","message":"Created client session 199a27bfb8b2e774783f3019","timestamp":"2026-07-18 02:08:50"}
{"level":"info","message":"Created client session e4ccfc81f2f4436d7e9f841b","timestamp":"2026-07-18 02:08:50"}
{"level":"info","message":"Created client session c67eec0267b090b0afaaee2f","timestamp":"2026-07-18 02:08:50"}
{"level":"info","message":"Created client session 2a3d997467e464dd0bd7f188","timestamp":"2026-07-18 02:08:50"}
{"level":"info","message":"Created client session c0220b38fff504cf37106535","timestamp":"2026-07-18 02:08:50"}
{"level":"info","message":"Created client session b04241bcbd7fb5dfc60e6e84","timestamp":"2026-07-18 02:08:50"}
{"level":"info","message":"Created client session e727b5df3b07fa148eba4048","timestamp":"2026-07-18 02:08:51"}
{"level":"info","message":"Created client session d07f9d65a7ee2c37e590cc70","timestamp":"2026-07-18 02:17:03"}
{"level":"info","message":"Created client session 9f00df9b543dd79e7cb0b75c","timestamp":"2026-07-18 02:28:56"}
{"level":"info","message":"Created client session 6aff3f4877e620b309e7f95d","timestamp":"2026-07-18 02:46:51"}
{"level":"info","message":"Created client session d62cc5cc20dfc29997063d7d","timestamp":"2026-07-18 03:04:37"}
{"level":"info","message":"Created client session 3eef91977aafaecfd6da6757","timestamp":"2026-07-18 03:33:06"}
{"level":"info","message":"Created client session e1d842b86413d510ab6f3e37","timestamp":"2026-07-18 04:06:04"}
{"level":"info","message":"Created client session 82a20a92bd2eb3a18a651278","timestamp":"2026-07-18 05:18:08"}
{"level":"info","message":"Created client session 2786da7edc83c9ae48dc2a70","timestamp":"2026-07-18 05:31:44"}
{"level":"info","message":"Created client session 72e9b6a99a4e5f84f58c5f58","timestamp":"2026-07-18 05:31:44"}
{"level":"info","message":"Created client session 8af638ea7dc1ee92043243bc","timestamp":"2026-07-18 05:31:44"}
{"level":"info","message":"Created client session c97cb8deb36843c947b996e1","timestamp":"2026-07-18 05:31:44"}
{"level":"info","message":"Created client session 5a855c3529ab798f8affdb2a","timestamp":"2026-07-18 05:31:44"}
{"level":"info","message":"Created client session f687ecc65684c5ad21c5f93c","timestamp":"2026-07-18 05:31:44"}
{"level":"info","message":"Created client session 8b35cf9ce83aab7c7b1585ba","timestamp":"2026-07-18 05:31:44"}
{"level":"info","message":"Created client session d7c601b6a2021c722b19d26d","timestamp":"2026-07-18 05:31:44"}
{"level":"info","message":"Created client session 9c9783a9bcf24ab4175d7aaf","timestamp":"2026-07-18 05:31:44"}
{"level":"info","message":"Created client session 68ee40c32c5c2c2cae293901","timestamp":"2026-07-18 05:31:45"}
{"level":"info","message":"Created client session c7c0a4acd9c27473d6923c5a","timestamp":"2026-07-18 05:31:45"}
{"level":"info","message":"Created client session 437b19c4337fd04fcb523f7a","timestamp":"2026-07-18 05:31:45"}
{"level":"info","message":"Created client session 89e4590bde848849e1ef411c","timestamp":"2026-07-18 05:31:45"}
{"level":"info","message":"Created client session 99506264d80969eee26e2be1","timestamp":"2026-07-18 05:31:45"}
{"level":"info","message":"Created client session ed578feb3b36cbb5326265af","timestamp":"2026-07-18 05:31:45"}
{"level":"info","message":"Created client session a3c1f1dab149d856561de288","timestamp":"2026-07-18 05:31:45"}
{"level":"info","message":"Created client session 8f6d95cbc90e6802ee152140","timestamp":"2026-07-18 05:31:45"}
{"level":"info","message":"Created client session 834ac8188101c451083a9128","timestamp":"2026-07-18 05:31:45"}
{"level":"info","message":"Created client session 697e0867d72a2a5c6170ded5","timestamp":"2026-07-18 05:31:45"}
{"level":"info","message":"Created client session 1cf8853aaacec8bc81356b09","timestamp":"2026-07-18 05:32:25"}
{"level":"info","message":"Created client session 1d5bde63c774f80ffef60c0c","timestamp":"2026-07-18 05:32:43"}
{"level":"info","message":"Created client session 10c3c5b175f0b567d90f91c6","timestamp":"2026-07-18 05:33:12"}
{"level":"info","message":"Created client session a672b98deec3db0434d2f457","timestamp":"2026-07-18 06:27:14"}
{"level":"info","message":"Created client session c4f6b54733dad9ab397b94d6","timestamp":"2026-07-18 06:32:25"}
{"level":"info","message":"Created client session 740460d685cce5ff3cc0633b","timestamp":"2026-07-18 06:32:28"}
{"level":"info","message":"Created client session 86e8a92584e04e802fc40181","timestamp":"2026-07-18 07:11:15"}
{"level":"info","message":"Created client session 4f272ed76addea8672656398","timestamp":"2026-07-18 07:11:16"}
{"level":"info","message":"Created client session 16e59f054cf7675725536a36","timestamp":"2026-07-18 07:11:18"}
{"level":"info","message":"Created client session b02c13b0074ed79025c0ff72","timestamp":"2026-07-18 07:40:26"}
{"level":"info","message":"Created client session 68e5448dca2984d840e7db19","timestamp":"2026-07-18 07:56:40"}
{"level":"info","message":"Created client session 8603dbe402f3e376072aff8c","timestamp":"2026-07-18 07:56:47"}
{"level":"info","message":"Created client session 5b56984d980fb143552cac0b","timestamp":"2026-07-18 07:56:47"}
{"level":"info","message":"Created client session 551316aa5bec383391d2b2a8","timestamp":"2026-07-18 07:56:47"}
{"level":"info","message":"Created client session b96ec83c42fa72cf2b8587ff","timestamp":"2026-07-18 08:03:45"}
{"level":"info","message":"Created client session 37617c60623c617e95c55970","timestamp":"2026-07-18 08:05:27"}
{"level":"info","message":"Created client session e58e7500c240df31babc5bce","timestamp":"2026-07-18 08:05:27"}
{"level":"info","message":"Created client session eea07252b1a21b3db08f216b","timestamp":"2026-07-18 08:05:28"}
{"level":"info","message":"Created client session 78635848ad9bde6ca694f394","timestamp":"2026-07-18 08:05:28"}
{"level":"info","message":"Created client session 7144c429467ba612c8f2343a","timestamp":"2026-07-18 08:39:33"}
{"level":"info","message":"Created client session 70a6d339706134c32c9f958c","timestamp":"2026-07-18 08:59:13"}
{"level":"info","message":"Created client session f8b8981170b9b85e1fa066d2","timestamp":"2026-07-18 09:01:59"}
{"level":"info","message":"Created client session 20f4b38623631855f2e40ee0","timestamp":"2026-07-18 09:18:33"}
{"level":"info","message":"Created client session 41b5a245be496b937cee3fac","timestamp":"2026-07-18 09:18:33"}
{"level":"info","message":"Created client session 6473f5deb26cee5975a6ea64","timestamp":"2026-07-18 09:18:33"}
{"level":"info","message":"Created client session 783ef9867690828b74438143","timestamp":"2026-07-18 09:18:33"}
{"level":"info","message":"Created client session 127c19dc36b67d05a7da3d55","timestamp":"2026-07-18 09:18:33"}
{"level":"info","message":"Created client session 90240c60bb2466f1bc654481","timestamp":"2026-07-18 09:18:33"}
{"level":"info","message":"Created client session 40549d2fb7e3ad9ac47f61d4","timestamp":"2026-07-18 09:18:33"}
{"level":"info","message":"Created client session d7e368aa70dd538a9e502109","timestamp":"2026-07-18 09:18:33"}
{"level":"info","message":"Created client session d300e335f7ddaaa837086987","timestamp":"2026-07-18 09:18:33"}
{"level":"info","message":"Created client session 9615ca0ffff9735bcd1addce","timestamp":"2026-07-18 09:18:33"}
{"level":"info","message":"Created client session 38f0595341a5f7bc6be2cbf9","timestamp":"2026-07-18 09:18:33"}
{"level":"info","message":"Created client session 9780044eb1d8c59abc092ff1","timestamp":"2026-07-18 09:18:33"}
{"level":"info","message":"Created client session 7e731a98794cc63f8b128dfa","timestamp":"2026-07-18 09:18:33"}
{"level":"info","message":"Created client session 3821aaf0f93311b81cfc5f8d","timestamp":"2026-07-18 09:18:33"}
{"level":"info","message":"Created client session 3600d062c74b12db9af0007a","timestamp":"2026-07-18 09:18:33"}
{"level":"info","message":"Created client session 56ddc8fa9e6107c901ee0f8c","timestamp":"2026-07-18 09:18:33"}
{"level":"info","message":"Created client session 4299c3c5dd7da9e7d9614483","timestamp":"2026-07-18 09:18:33"}
{"level":"info","message":"Created client session 41dd522844ce80e35ebe4fc5","timestamp":"2026-07-18 09:18:33"}
{"level":"info","message":"Created client session ce7ace5048b2e57ec774a42e","timestamp":"2026-07-18 09:18:33"}
{"level":"info","message":"Created client session 232b06da410a08b60fcd1862","timestamp":"2026-07-18 09:18:33"}
{"level":"info","message":"Created client session 88ed8b2b86bba9b1c2b825df","timestamp":"2026-07-18 09:18:33"}
{"level":"info","message":"Created client session 4032d932306ca0cfb8fdd098","timestamp":"2026-07-18 09:18:34"}
{"level":"info","message":"Created client session 1f5ca654a771681b170cab3b","timestamp":"2026-07-18 09:18:34"}
{"level":"info","message":"Created client session bc4209eec383c6da9d0bf877","timestamp":"2026-07-18 09:18:34"}
{"level":"info","message":"Created client session de57ae4591fa8c8c2eba0cf0","timestamp":"2026-07-18 09:18:34"}
{"level":"info","message":"Created client session d2f49c21f4d8b8d2d17b7e6c","timestamp":"2026-07-18 09:18:34"}
{"level":"info","message":"Created client session 3e938ef2296158661cf8e691","timestamp":"2026-07-18 09:18:34"}
{"level":"info","message":"Created client session e31692bca1f13b7e6c3dd651","timestamp":"2026-07-18 09:18:34"}
{"level":"info","message":"Created client session f711d1abc2673819c02aff08","timestamp":"2026-07-18 09:18:34"}
{"level":"info","message":"Created client session aae0a4161f88887dd3c6fbaf","timestamp":"2026-07-18 09:18:34"}
{"level":"info","message":"Created client session f155cc3993c5cd8b5e655a3f","timestamp":"2026-07-18 09:18:34"}
{"level":"info","message":"Created client session 1c1bcf69762c64e2865a3f82","timestamp":"2026-07-18 09:18:34"}
{"level":"info","message":"Created client session da9aa779273db8a98b6a10b8","timestamp":"2026-07-18 09:18:34"}
{"level":"info","message":"Created client session bb255a4748f5d3c29abd6189","timestamp":"2026-07-18 09:18:34"}
{"level":"info","message":"Created client session a585b99b6add7e4e7adecc21","timestamp":"2026-07-18 09:18:35"}
{"level":"info","message":"Created client session cfdc96e5ed1662357355f3fa","timestamp":"2026-07-18 09:18:35"}
{"level":"info","message":"Created client session a8369b11258908002353647f","timestamp":"2026-07-18 09:18:35"}
{"level":"info","message":"Created client session 42f23b0a6462ddbbba9bed7c","timestamp":"2026-07-18 09:18:35"}
{"level":"info","message":"Created client session ba4698e4b18a54eda48eaac3","timestamp":"2026-07-18 09:18:35"}
{"level":"info","message":"Created client session 3ff8abc927a50be5e4347262","timestamp":"2026-07-18 09:18:35"}
{"level":"info","message":"Created client session 763e8d71c3e6ce28ae4753ff","timestamp":"2026-07-18 09:18:35"}
{"level":"info","message":"Created client session a115f7c8c245b6d101e0b562","timestamp":"2026-07-18 09:18:35"}
{"level":"info","message":"Created client session 408c6567296f48fcb9f21136","timestamp":"2026-07-18 09:18:35"}
{"level":"info","message":"Created client session da054efc96e1bbc6210e9167","timestamp":"2026-07-18 09:18:36"}
{"level":"info","message":"Created client session 736aa5d7f6797d81ad06e390","timestamp":"2026-07-18 10:34:23"}
{"level":"info","message":"Created client session 2b64a65fefbba705a337cb9a","timestamp":"2026-07-18 10:43:49"}
{"level":"info","message":"Created client session ddb4ff0138c48229a13e79b5","timestamp":"2026-07-18 11:02:30"}
{"level":"info","message":"Created client session 125a66fe2b7af2b6a657db56","timestamp":"2026-07-18 11:17:44"}
{"level":"info","message":"Created client session bdc13b45715c57e3c4114bb5","timestamp":"2026-07-18 11:18:34"}
{"level":"info","message":"Created client session 321a9e56d6e09c0dd5b9b407","timestamp":"2026-07-18 11:19:46"}
{"level":"info","message":"Created client session 4795d66dc69fc4af9a18b560","timestamp":"2026-07-18 11:29:17"}
{"level":"info","message":"Created client session 44f96fffd0a9bd4d1d1ce3db","timestamp":"2026-07-18 11:29:58"}
{"level":"info","message":"Created client session a265fc6b3bde22b8063cec65","timestamp":"2026-07-18 11:30:15"}
{"level":"info","message":"Created client session 40c71066949bca619509feab","timestamp":"2026-07-18 11:30:26"}
{"level":"info","message":"Created client session 7105ff012e0c9e1b28a795fb","timestamp":"2026-07-18 11:35:28"}
{"level":"info","message":"Created client session 6c07a70126f7d0e7f4ef0daa","timestamp":"2026-07-18 11:37:03"}
{"level":"info","message":"Created client session 392ece967ca3a498b0eddb7f","timestamp":"2026-07-18 11:37:03"}
{"level":"info","message":"Created client session 1695e33fe2a58da37909db42","timestamp":"2026-07-18 11:37:03"}
{"level":"info","message":"Created client session 69e025f42b2bc66051736142","timestamp":"2026-07-18 11:59:39"}
{"level":"info","message":"Created client session 77558f7e6af09ceb048f9af2","timestamp":"2026-07-18 12:03:53"}
{"level":"info","message":"Created client session f2d34784b78ba41862831696","timestamp":"2026-07-18 12:54:03"}
{"level":"info","message":"Created client session 872d3ffdc5395bd401c8fea3","timestamp":"2026-07-18 13:07:03"}
{"level":"info","message":"Created client session e2a6bd357b3faaa1d753263d","timestamp":"2026-07-18 13:07:03"}
{"level":"info","message":"Created client session 06fec3af52b9aaf35776be46","timestamp":"2026-07-18 13:07:03"}
{"level":"info","message":"Created client session eb8b95b03af9a7f9be8d4540","timestamp":"2026-07-18 13:07:03"}
{"level":"info","message":"Created client session 3ecd41de0efaeb04b2c2c33b","timestamp":"2026-07-18 13:07:03"}
{"level":"info","message":"Created client session 29f3ad6eb45abf233eb70b35","timestamp":"2026-07-18 13:07:03"}
{"level":"info","message":"Created client session 59757d60b10899c066f53db7","timestamp":"2026-07-18 13:07:03"}
{"level":"info","message":"Created client session ba62ef2c5a4ef2e8cba3ca2f","timestamp":"2026-07-18 13:07:03"}
{"level":"info","message":"Created client session dba889033500739fac78f900","timestamp":"2026-07-18 13:07:03"}
{"level":"info","message":"Created client session 32bce2fb5054e9d60f90a224","timestamp":"2026-07-18 13:07:03"}
{"level":"info","message":"Created client session 9f742796e40a76135985e3fd","timestamp":"2026-07-18 13:07:03"}
{"level":"info","message":"Created client session f31faffbd2530c0be6a10e33","timestamp":"2026-07-18 13:07:03"}
{"level":"info","message":"Created client session 03403924c97bc3c3c8691372","timestamp":"2026-07-18 13:07:03"}
{"level":"info","message":"Created client session e826c0555405c0d56c273aa6","timestamp":"2026-07-18 13:07:03"}
{"level":"info","message":"Created client session 404506dc3593b46d18dfce18","timestamp":"2026-07-18 13:07:03"}
{"level":"info","message":"Created client session 82620f25fe8180086dc4bc8e","timestamp":"2026-07-18 13:07:03"}
{"level":"info","message":"Created client session 33cd45f18fc085c4538d19ea","timestamp":"2026-07-18 13:07:03"}
{"level":"info","message":"Created client session f09f8d943db0416ce6d04e78","timestamp":"2026-07-18 13:07:03"}
{"level":"info","message":"Created client session bbaf1160f619632a5fc4b692","timestamp":"2026-07-18 13:07:03"}
{"level":"info","message":"Created client session ca63e7099314493cab61ec69","timestamp":"2026-07-18 13:07:03"}
{"level":"info","message":"Created client session 99fcce4e4f0de330dd20c474","timestamp":"2026-07-18 13:07:03"}
{"level":"info","message":"Created client session 153443dc12c034b45816df73","timestamp":"2026-07-18 13:07:03"}
{"level":"info","message":"Created client session 98bfa6829f0f2590ceed94b9","timestamp":"2026-07-18 13:07:03"}
{"level":"info","message":"Created client session f12fc333f6222fbe395f5e57","timestamp":"2026-07-18 13:07:03"}
{"level":"info","message":"Created client session 5839bc3aa689125450cd7744","timestamp":"2026-07-18 13:07:03"}
{"level":"info","message":"Created client session 8dd47b4478f623b2862de74f","timestamp":"2026-07-18 13:07:03"}
{"level":"info","message":"Created client session f6ad20d24028f7d973c21a4d","timestamp":"2026-07-18 13:07:03"}
{"level":"info","message":"Created client session 83d9bd99dcfca0c477773a1f","timestamp":"2026-07-18 13:07:03"}
{"level":"info","message":"Created client session 3301ff5727281af4d5fcc12b","timestamp":"2026-07-18 13:07:03"}
{"level":"info","message":"Created client session 50f47c9de96429658e35075a","timestamp":"2026-07-18 13:07:03"}
{"level":"info","message":"Created client session bf48c39960cab63421cab07d","timestamp":"2026-07-18 13:07:03"}
{"level":"info","message":"Created client session 377258cb669d2e28538bbad3","timestamp":"2026-07-18 13:07:03"}
{"level":"info","message":"Created client session 0d6a3e996b99462cc4eb9ab2","timestamp":"2026-07-18 13:07:03"}
{"level":"info","message":"Created client session 6e8fc4d130572e002ab695f6","timestamp":"2026-07-18 13:07:03"}
{"level":"info","message":"Created client session e36096b6de36ade189de7ce0","timestamp":"2026-07-18 13:07:03"}
{"level":"info","message":"Created client session a168a59b343657298c6e1d0f","timestamp":"2026-07-18 13:07:03"}
{"level":"info","message":"Created client session 753b1cf64fd389db7541214f","timestamp":"2026-07-18 13:07:03"}
{"level":"info","message":"Created client session 7d10b02beccbd42742238802","timestamp":"2026-07-18 13:07:03"}
{"level":"info","message":"Created client session 772b79169807b27fdc562a85","timestamp":"2026-07-18 13:07:03"}
{"level":"info","message":"Created client session 3c8ef9bacb1c4f48f8eba9aa","timestamp":"2026-07-18 13:07:03"}
{"level":"info","message":"Created client session 0989dc5261ac2a3ae1953ec7","timestamp":"2026-07-18 13:07:03"}
{"level":"info","message":"Created client session 8ff9dc4a3134978ca9afcd51","timestamp":"2026-07-18 13:07:03"}
{"level":"info","message":"Created client session 854aa8c83e2359aa8a2de1eb","timestamp":"2026-07-18 13:07:03"}
{"level":"info","message":"Created client session 4d48265671b1084ccdda164c","timestamp":"2026-07-18 13:07:03"}
{"level":"info","message":"Created client session be524f3f1162929d964d57dd","timestamp":"2026-07-18 13:07:03"}
{"level":"info","message":"Created client session 9530085ed3f28be1015caeab","timestamp":"2026-07-18 13:07:03"}
{"level":"info","message":"Created client session 1abbe9e6480c7ac2c4ddde32","timestamp":"2026-07-18 13:07:03"}
{"level":"info","message":"Created client session 533b5dc86fcce51df5494c2c","timestamp":"2026-07-18 13:07:03"}
{"level":"info","message":"Created client session c53bca1803ff63d4d0b4f0e6","timestamp":"2026-07-18 13:07:03"}
{"level":"info","message":"Created client session 5aef5a5a77718cd7cc9dce7f","timestamp":"2026-07-18 13:07:03"}
{"level":"info","message":"Created client session 6a0845bb76e02719e976d808","timestamp":"2026-07-18 13:07:03"}
{"level":"info","message":"Created client session 2efbd3b4f14217123d15a3cf","timestamp":"2026-07-18 13:07:03"}
{"level":"info","message":"Created client session b05458d6de157a66eea1f8f8","timestamp":"2026-07-18 13:07:03"}
{"level":"info","message":"Created client session 442fe7ef670b56268d126d0c","timestamp":"2026-07-18 13:07:03"}
{"level":"info","message":"Created client session 4cb3978f047b11bc008709e2","timestamp":"2026-07-18 13:07:03"}
{"level":"info","message":"Created client session 8d4e7bc90d4873a269bdaa2a","timestamp":"2026-07-18 13:07:03"}
{"level":"info","message":"Created client session 5155838e2316e2f6a7606def","timestamp":"2026-07-18 13:07:03"}
{"level":"info","message":"Created client session 42c265f148ff8da790ba3f17","timestamp":"2026-07-18 13:07:03"}
{"level":"info","message":"Created client session a98c281b6dd0afb6d168a1ad","timestamp":"2026-07-18 13:07:03"}
{"level":"info","message":"Created client session d56565849152e204a35de328","timestamp":"2026-07-18 13:07:03"}
{"level":"info","message":"Created client session d868eb0a9dc435aaec76d3dc","timestamp":"2026-07-18 13:07:03"}
{"level":"info","message":"Created client session bfa923f06b54785f949752a1","timestamp":"2026-07-18 13:07:04"}
{"level":"info","message":"Created client session 8684a34f56ad1d78a760f2e0","timestamp":"2026-07-18 13:07:04"}
{"level":"info","message":"Created client session e32e7835fe822ad02ae267a0","timestamp":"2026-07-18 13:07:04"}
{"level":"info","message":"Created client session 6857368ffcfa4a3d5949dc0d","timestamp":"2026-07-18 13:07:04"}
{"level":"info","message":"Created client session 3d3a5dae9c8f1ae8a1e4a93d","timestamp":"2026-07-18 13:07:04"}
{"level":"info","message":"Created client session 57e371dd9248880f4391da69","timestamp":"2026-07-18 13:07:04"}
{"level":"info","message":"Created client session 839091d9f12d93427925cb3b","timestamp":"2026-07-18 13:07:04"}
{"level":"info","message":"Created client session db01e112f2e3f05b874778f8","timestamp":"2026-07-18 13:07:04"}
{"level":"info","message":"Created client session 999a6ffd6618a20780a8884d","timestamp":"2026-07-18 13:07:04"}
{"level":"info","message":"Created client session 139812538843adcb7727fe0f","timestamp":"2026-07-18 13:07:04"}
{"level":"info","message":"Created client session 641553a658933a1cd8f8f883","timestamp":"2026-07-18 13:07:04"}
{"level":"info","message":"Created client session 72da260c80d4eb0f09ee7bda","timestamp":"2026-07-18 13:07:04"}
{"level":"info","message":"Created client session b7f7da4c866d28030b8a074b","timestamp":"2026-07-18 13:07:04"}
{"level":"info","message":"Created client session 3f7cb8e644132a707889dff0","timestamp":"2026-07-18 13:07:04"}
{"level":"info","message":"Created client session c2359c47bf87321b5f5b8473","timestamp":"2026-07-18 13:07:04"}
{"level":"info","message":"Created client session 84dc80282aabf2f58a75bfeb","timestamp":"2026-07-18 13:07:04"}
{"level":"info","message":"Created client session 1090c7a1898010ed3ac84442","timestamp":"2026-07-18 13:07:04"}
{"level":"info","message":"Created client session e0898cc958b412fc6c49ae55","timestamp":"2026-07-18 13:07:04"}
{"level":"info","message":"Created client session 1da6ec1ae8c44a09f8e42db0","timestamp":"2026-07-18 13:07:04"}
{"level":"info","message":"Created client session 0e55c00b455c04b3cd8dedef","timestamp":"2026-07-18 13:07:04"}
{"level":"info","message":"Created client session 728ed7b20d92b096426f1332","timestamp":"2026-07-18 13:07:04"}
{"level":"info","message":"Created client session 83020eb352139013e54d35b1","timestamp":"2026-07-18 13:07:04"}
{"level":"info","message":"Created client session 7113ad0b0c8d78b15779099d","timestamp":"2026-07-18 13:07:04"}
{"level":"info","message":"Created client session 2b6f3de0ce52cbc9f3aeec03","timestamp":"2026-07-18 13:07:04"}
{"level":"info","message":"Created client session 83c84b4262f330d06bcddf4b","timestamp":"2026-07-18 13:07:04"}
{"level":"info","message":"Created client session 0a3e6756ea9b0f6af3f21d78","timestamp":"2026-07-18 13:07:04"}
{"level":"info","message":"Created client session 29b8de5a188a4a7a27a98527","timestamp":"2026-07-18 13:07:04"}
{"level":"info","message":"Created client session cab6da29bc83f13f59da5c18","timestamp":"2026-07-18 13:07:04"}
{"level":"info","message":"Created client session 01c966de64f5c2488d611886","timestamp":"2026-07-18 13:07:04"}
{"level":"info","message":"Created client session 1a96751f0a3097085843937b","timestamp":"2026-07-18 13:07:04"}
{"level":"info","message":"Created client session 96be52d0854d1352bb4fd930","timestamp":"2026-07-18 13:07:04"}
{"level":"info","message":"Created client session ce70740e91e26ed976e89217","timestamp":"2026-07-18 13:07:04"}
{"level":"info","message":"Created client session c14d3e67303e0269bf98414d","timestamp":"2026-07-18 13:07:04"}
{"level":"info","message":"Created client session 2b751b83f42787ea5a5eba64","timestamp":"2026-07-18 13:07:04"}
{"level":"info","message":"Created client session 4716e1efb95a445693e87414","timestamp":"2026-07-18 13:07:04"}
{"level":"info","message":"Created client session b34525592ed1e17d1c4f8c6b","timestamp":"2026-07-18 13:07:04"}
{"level":"info","message":"Created client session 4aef5e5ca1c4affd53aef5f9","timestamp":"2026-07-18 13:07:04"}
{"level":"info","message":"Created client session caf370b573cb092a9c9b763e","timestamp":"2026-07-18 13:07:04"}
{"level":"info","message":"Created client session 4841c4e8480a8b9a29c8917d","timestamp":"2026-07-18 13:07:04"}
{"level":"info","message":"Created client session 2e6f1247352e4aa1f5d2e6d5","timestamp":"2026-07-18 13:07:04"}
{"level":"info","message":"Created client session 9d7a985d1a07048ba516f5f9","timestamp":"2026-07-18 13:07:04"}
{"level":"info","message":"Created client session 77f0ce5d1593035e4e82d32f","timestamp":"2026-07-18 13:07:04"}
{"level":"info","message":"Created client session 18b478d259d8dc0d01b37227","timestamp":"2026-07-18 13:07:04"}
{"level":"info","message":"Created client session aed9a2066b2ced18f4f14952","timestamp":"2026-07-18 13:07:04"}
{"level":"info","message":"Created client session 6f2c947ce5d0a5b0b4cd5cf4","timestamp":"2026-07-18 13:07:04"}
{"level":"info","message":"Created client session 222f692938b3d9f98e91109e","timestamp":"2026-07-18 13:07:04"}
{"level":"info","message":"Created client session df7ea3367495952e37cbfc60","timestamp":"2026-07-18 13:07:04"}
{"level":"info","message":"Created client session 4f40a2c00081e6aadfb656ad","timestamp":"2026-07-18 13:07:04"}
{"level":"info","message":"Created client session 065de98db3c5c2ebffbb71ad","timestamp":"2026-07-18 13:07:04"}
{"level":"info","message":"Created client session 0f2e8aba91c4b30872e0ab8d","timestamp":"2026-07-18 13:07:04"}
{"level":"info","message":"Created client session 8fb039e9194a4b764d8601ba","timestamp":"2026-07-18 13:07:04"}
{"level":"info","message":"Created client session 3c39f812a8f59678eb921dca","timestamp":"2026-07-18 13:07:04"}
{"level":"info","message":"Created client session 8225c1f79d6c7a141e438f95","timestamp":"2026-07-18 13:07:04"}
{"level":"info","message":"Created client session c5e0a210b4507b753b54a5e6","timestamp":"2026-07-18 13:07:05"}
{"level":"info","message":"Created client session 0e3151d3279691aa049b9567","timestamp":"2026-07-18 13:07:05"}
{"level":"info","message":"Created client session 27e95100133431011ba7bbab","timestamp":"2026-07-18 13:07:05"}
{"level":"info","message":"Created client session 782c70b762b85b1053f3cba2","timestamp":"2026-07-18 13:07:05"}
{"level":"info","message":"Created client session b2e1a03f8e04846ee4e57876","timestamp":"2026-07-18 13:07:05"}
{"level":"info","message":"Created client session 0f04f43e03a0791ab03626c3","timestamp":"2026-07-18 13:07:05"}
{"level":"info","message":"Created client session d299d5e20f62c0d7dcff9627","timestamp":"2026-07-18 13:07:05"}
{"level":"info","message":"Created client session bb62f5785064ac33f751dda5","timestamp":"2026-07-18 13:07:05"}
{"level":"info","message":"Created client session 4a00478ad06cdc70a4a6f67a","timestamp":"2026-07-18 13:07:05"}
{"level":"info","message":"Created client session a2199f57ace61f1a63b413e2","timestamp":"2026-07-18 13:07:05"}
{"level":"info","message":"Created client session 90b3b3db195e32284a2956f0","timestamp":"2026-07-18 13:07:05"}
{"level":"info","message":"Created client session 70f2d565ca86b0b020ee203e","timestamp":"2026-07-18 13:07:05"}
{"level":"info","message":"Created client session 67f0400b9ca5ca2a88a3b34d","timestamp":"2026-07-18 13:07:05"}
{"level":"info","message":"Created client session a4eabb66f1a71ed199076b26","timestamp":"2026-07-18 13:07:05"}
{"level":"info","message":"Created client session 8433d5d77869c59dbaf08530","timestamp":"2026-07-18 13:07:05"}
{"level":"info","message":"Created client session 7ef5ac80eec4d2186cfeef73","timestamp":"2026-07-18 13:07:05"}
{"level":"info","message":"Created client session 6f77e2fa0d280556ee4dc758","timestamp":"2026-07-18 13:07:05"}
{"level":"info","message":"Created client session 688ca67d89327a178276cf42","timestamp":"2026-07-18 13:07:05"}
{"level":"info","message":"Created client session c63236470a7f5af6beec6528","timestamp":"2026-07-18 13:07:05"}
{"level":"info","message":"Created client session cfbdb3bd524ebef439f2e6f6","timestamp":"2026-07-18 13:07:05"}
{"level":"info","message":"Created client session a7cecbd0954d8f65c2834b7c","timestamp":"2026-07-18 13:07:05"}
{"level":"info","message":"Created client session bcd34cd7f1b5154d8f354a46","timestamp":"2026-07-18 13:07:05"}
{"level":"info","message":"Created client session 64a799d8a5881fc7a3fcf118","timestamp":"2026-07-18 13:07:05"}
{"level":"info","message":"Created client session 0f68a103b54329b4af932a9e","timestamp":"2026-07-18 13:07:05"}
{"level":"info","message":"Created client session 69834d73365663c1849e95fd","timestamp":"2026-07-18 13:07:05"}
{"level":"info","message":"Created client session f2ca6186c2878ece43688fd9","timestamp":"2026-07-18 13:07:05"}
{"level":"info","message":"Created client session c8bd7a0ee0e0b2a19bda3869","timestamp":"2026-07-18 13:07:05"}
{"level":"info","message":"Created client session 8c14fc9f288f932120894caf","timestamp":"2026-07-18 13:07:05"}
{"level":"info","message":"Created client session 60d9e5a7b4efdf64cb3cb228","timestamp":"2026-07-18 13:07:05"}
{"level":"info","message":"Created client session 0c2a8efaea06be0fc63ddd76","timestamp":"2026-07-18 13:07:05"}
{"level":"info","message":"Created client session 88bee277eca9884ff1168379","timestamp":"2026-07-18 13:07:05"}
{"level":"info","message":"Created client session 6887ae03e33a190a73c97914","timestamp":"2026-07-18 13:07:05"}
{"level":"info","message":"Created client session 5654b9513228c02d53cc5e88","timestamp":"2026-07-18 13:07:05"}
{"level":"info","message":"Created client session 2d797b64f73787eddd143dd3","timestamp":"2026-07-18 13:07:05"}
{"level":"info","message":"Created client session 828bd7680204b6b7353488eb","timestamp":"2026-07-18 13:07:05"}
{"level":"info","message":"Created client session ce37a83267c2a2283f31a20b","timestamp":"2026-07-18 13:07:05"}
{"level":"info","message":"Created client session 5a7b0de09b312eac4e41b810","timestamp":"2026-07-18 13:07:05"}
{"level":"info","message":"Created client session c776af17d9b7e364a26d8320","timestamp":"2026-07-18 13:07:05"}
{"level":"info","message":"Created client session 3a764de7aa55886ec139e0ce","timestamp":"2026-07-18 13:07:05"}
{"level":"info","message":"Created client session c05e00dcb97bfa0adf03e9b1","timestamp":"2026-07-18 13:07:05"}
{"level":"info","message":"Created client session f5cc527e1faf5f4ccd7d8889","timestamp":"2026-07-18 13:07:05"}
{"level":"info","message":"Created client session d1e040c51730781107cd971c","timestamp":"2026-07-18 13:07:05"}
{"level":"info","message":"Created client session 3ef6a17bf39cd1035014263a","timestamp":"2026-07-18 13:07:05"}
{"level":"info","message":"Created client session edfc693ec453164b37c762ea","timestamp":"2026-07-18 13:07:05"}
{"level":"info","message":"Created client session 7531db27ed66ac52cc8a75bb","timestamp":"2026-07-18 13:07:05"}
{"level":"info","message":"Created client session 49b68a2d5410b777566b612a","timestamp":"2026-07-18 13:07:05"}
{"level":"info","message":"Created client session d349810f8e7834388a01e177","timestamp":"2026-07-18 13:07:05"}
{"level":"info","message":"Created client session 29b09b5865399cf5dd094fbe","timestamp":"2026-07-18 13:07:05"}
{"level":"info","message":"Created client session b5202e1b0eab69bd3b3afb58","timestamp":"2026-07-18 13:07:05"}
{"level":"info","message":"Created client session cbb059e76c250bfa9d65d534","timestamp":"2026-07-18 13:07:05"}
{"level":"info","message":"Created client session 574b89a81807c57230d31656","timestamp":"2026-07-18 13:07:05"}
{"level":"info","message":"Created client session 7ec1d9380190bf467df0d7f8","timestamp":"2026-07-18 13:07:06"}
{"level":"info","message":"Created client session 750c891858e6949b86d39078","timestamp":"2026-07-18 13:07:06"}
{"level":"info","message":"Created client session 89f8638ac0117c88f98ef86a","timestamp":"2026-07-18 13:07:06"}
{"level":"info","message":"Created client session 8dbea82091f0695a1ee59b47","timestamp":"2026-07-18 13:07:06"}
{"level":"info","message":"Created client session 6c2d0e9ad97a153546cb3ab9","timestamp":"2026-07-18 13:07:06"}
{"level":"info","message":"Created client session fbb2121965106ddf7770ef3e","timestamp":"2026-07-18 13:07:06"}
{"level":"info","message":"Created client session 757846694019c682b004ff36","timestamp":"2026-07-18 13:07:06"}
{"level":"info","message":"Created client session 46b3236063dc65c6611bdd79","timestamp":"2026-07-18 13:07:06"}
{"level":"info","message":"Created client session 47d202fe5d25ea2dc0c61afc","timestamp":"2026-07-18 13:07:06"}
{"level":"info","message":"Created client session 3decd0db74b43456e0433dc9","timestamp":"2026-07-18 13:07:06"}
{"level":"info","message":"Created client session 6acaeaf33265d3f9b0ff45b5","timestamp":"2026-07-18 13:07:06"}
{"level":"info","message":"Created client session 5ec54fb30e74004db2a3c308","timestamp":"2026-07-18 13:07:06"}
{"level":"info","message":"Created client session b2def9ed5589c0a5b21a1e6e","timestamp":"2026-07-18 13:07:06"}
{"level":"info","message":"Created client session 8dfb0d5060734c66e99701ce","timestamp":"2026-07-18 13:07:06"}
{"level":"info","message":"Created client session 0828b1ecbef5b4ad06633394","timestamp":"2026-07-18 13:07:06"}
{"level":"info","message":"Created client session c6d9d625170d1c558c797319","timestamp":"2026-07-18 13:07:06"}
{"level":"info","message":"Created client session fcd458a9588b5e20a044f5d7","timestamp":"2026-07-18 13:07:06"}
{"level":"info","message":"Created client session 4e25b869040941fdaa41d019","timestamp":"2026-07-18 13:07:06"}
{"level":"info","message":"Created client session 4bc757476d5e5f802c0ff5aa","timestamp":"2026-07-18 13:07:06"}
{"level":"info","message":"Created client session 50b0eeb620294f5958b1093a","timestamp":"2026-07-18 13:07:06"}
{"level":"info","message":"Created client session 57500f412536f2f0426cfc26","timestamp":"2026-07-18 13:07:06"}
{"level":"info","message":"Created client session 916b56e863f9e26febd418e3","timestamp":"2026-07-18 13:07:06"}
{"level":"info","message":"Created client session 7c76ddf5fd587b628e18c536","timestamp":"2026-07-18 13:07:06"}
{"level":"info","message":"Created client session c25ce62fa5db84cfc470f6f1","timestamp":"2026-07-18 13:07:06"}
{"level":"info","message":"Created client session 063bb2ae10ae088f1bb51294","timestamp":"2026-07-18 13:07:06"}
{"level":"info","message":"Created client session a8a5dfe46b8b741a8b309160","timestamp":"2026-07-18 13:07:06"}
{"level":"info","message":"Created client session aa9942e261e1800dfe8b05c4","timestamp":"2026-07-18 13:07:06"}
{"level":"info","message":"Created client session 6a01a7ec34a009fd4a3ca9a2","timestamp":"2026-07-18 13:07:06"}
{"level":"info","message":"Created client session 64f8ffec843aa8060cca0de6","timestamp":"2026-07-18 13:07:06"}
{"level":"info","message":"Created client session 087a7d25fa20cdea8348f55a","timestamp":"2026-07-18 13:07:06"}
{"level":"info","message":"Created client session 030aafc6b4d72f21fdda7c56","timestamp":"2026-07-18 13:07:06"}
{"level":"info","message":"Created client session b991c14c2f0e3854a17fa215","timestamp":"2026-07-18 13:07:06"}
{"level":"info","message":"Created client session f317c81e74a237566d11404e","timestamp":"2026-07-18 13:07:06"}
{"level":"info","message":"Created client session e22c28f8c3d20be3278a69fe","timestamp":"2026-07-18 13:07:06"}
{"level":"info","message":"Created client session a995d63c38c2faa87a12b229","timestamp":"2026-07-18 13:07:06"}
{"level":"info","message":"Created client session ee0066bc03eb8fb6b9fc0a89","timestamp":"2026-07-18 13:07:06"}
{"level":"info","message":"Created client session 2a6a8ddccab4827baf512008","timestamp":"2026-07-18 13:07:06"}
{"level":"info","message":"Created client session 7c438de24c9efce82b967201","timestamp":"2026-07-18 13:07:06"}
{"level":"info","message":"Created client session 30b0284ec13beda39f2da81e","timestamp":"2026-07-18 13:07:06"}
{"level":"info","message":"Created client session 6f02dac3c1d2fa7b2091439b","timestamp":"2026-07-18 13:07:06"}
{"level":"info","message":"Created client session 68737b957023208281910f35","timestamp":"2026-07-18 13:07:07"}
{"level":"info","message":"Created client session fe60ce063441ebf1f523c642","timestamp":"2026-07-18 13:07:07"}
{"level":"info","message":"Created client session 5206df23a187ae11d0f0e4f6","timestamp":"2026-07-18 13:07:07"}
{"level":"info","message":"Created client session 2939f67135754115d7e72eb0","timestamp":"2026-07-18 13:07:07"}
{"level":"info","message":"Created client session d227cb397fea8cdc153c3150","timestamp":"2026-07-18 13:07:07"}
{"level":"info","message":"Created client session dea13345c73a62aab6d2709d","timestamp":"2026-07-18 13:07:07"}
{"level":"info","message":"Created client session 2a11ee8469f4a40e92433480","timestamp":"2026-07-18 13:07:07"}
{"level":"info","message":"Created client session 79270f7c422b4cc98624635b","timestamp":"2026-07-18 13:07:07"}
{"level":"info","message":"Created client session 57b49f096f6afda6c0072ddb","timestamp":"2026-07-18 13:07:07"}
{"level":"info","message":"Created client session 8163f885a0aff6073cff2dbf","timestamp":"2026-07-18 13:07:07"}
{"level":"info","message":"Created client session 4344c89a0f710a9e10c6bd59","timestamp":"2026-07-18 13:07:07"}
{"level":"info","message":"Created client session 8767558d1f55e590d8570d5c","timestamp":"2026-07-18 13:07:07"}
{"level":"info","message":"Created client session 8dd7502f115ebbd192e2cd68","timestamp":"2026-07-18 13:07:07"}
{"level":"info","message":"Created client session c9f07a06aa467a63e40798ef","timestamp":"2026-07-18 13:07:07"}
{"level":"info","message":"Created client session 7edf836f5df81a80a4070131","timestamp":"2026-07-18 13:07:07"}
{"level":"info","message":"Created client session 87c3755b8cd7c7ccf86e2731","timestamp":"2026-07-18 13:07:07"}
{"level":"info","message":"Created client session 61e9648a085a5dc1b601378c","timestamp":"2026-07-18 13:07:07"}
{"level":"info","message":"Created client session 7d92e519d8a4a9876df89290","timestamp":"2026-07-18 13:07:07"}
{"level":"info","message":"Created client session 46db83f5a79bf0f7bedaee92","timestamp":"2026-07-18 13:07:07"}
{"level":"info","message":"Created client session e2fd9598e6c2fc608135233c","timestamp":"2026-07-18 13:07:07"}
{"level":"info","message":"Created client session 5bd5f41958cf07efaa101629","timestamp":"2026-07-18 13:07:07"}
{"level":"info","message":"Created client session 341ecaf29bdf266050df015c","timestamp":"2026-07-18 13:07:07"}
{"level":"info","message":"Created client session 13cad73a6370a1ed12ce02bb","timestamp":"2026-07-18 13:07:07"}
{"level":"info","message":"Created client session 30860b8b59161265e5c30d28","timestamp":"2026-07-18 13:07:07"}
{"level":"info","message":"Created client session e44a1ba628edcb13fefa377a","timestamp":"2026-07-18 13:07:07"}
{"level":"info","message":"Created client session 9ba38db88aea2fcc895c6e69","timestamp":"2026-07-18 13:07:07"}
{"level":"info","message":"Created client session 2cabbe9be33548daf50387cf","timestamp":"2026-07-18 13:07:07"}
{"level":"info","message":"Created client session d1983ab77c76faab9953638e","timestamp":"2026-07-18 13:07:07"}
{"level":"info","message":"Created client session 14092a69bafa55957394f488","timestamp":"2026-07-18 13:07:07"}
{"level":"info","message":"Created client session 3ccd5aef343338fa994c1db6","timestamp":"2026-07-18 13:07:07"}
{"level":"info","message":"Created client session 996bce7319233747c3d0d40b","timestamp":"2026-07-18 13:07:07"}
{"level":"info","message":"Created client session 442025c9d7b58bee1ca78510","timestamp":"2026-07-18 13:07:07"}
{"level":"info","message":"Created client session 395fb0608c5ea084674054bc","timestamp":"2026-07-18 13:07:07"}
{"level":"info","message":"Created client session 6887dddc0ec8adc300cabb9b","timestamp":"2026-07-18 13:07:07"}
{"level":"info","message":"Created client session ed284812d15b57648258cc2d","timestamp":"2026-07-18 13:07:07"}
{"level":"info","message":"Created client session f795625a52ea765f215f3252","timestamp":"2026-07-18 13:07:07"}
{"level":"info","message":"Created client session e3586eed07b2b546b6a31950","timestamp":"2026-07-18 13:07:08"}
{"level":"info","message":"Created client session f2b0371cf247c302ab493dda","timestamp":"2026-07-18 13:07:08"}
{"level":"info","message":"Created client session 094ed25adaf02c2ffcb8f1dc","timestamp":"2026-07-18 13:07:08"}
{"level":"info","message":"Created client session d2efea0befe4aed05bba4ade","timestamp":"2026-07-18 13:07:08"}
{"level":"info","message":"Created client session 5842dee477b6df36b7762201","timestamp":"2026-07-18 13:07:08"}
{"level":"info","message":"Created client session f2ef8fc4af22d9024facaa93","timestamp":"2026-07-18 13:07:08"}
{"level":"info","message":"Created client session e01a17b8de02a6ce6722a229","timestamp":"2026-07-18 13:07:08"}
{"level":"info","message":"Created client session ad176caf39463b6c4da30c0d","timestamp":"2026-07-18 13:07:08"}
{"level":"info","message":"Created client session d2acb9d724596de0c3837d16","timestamp":"2026-07-18 13:07:08"}
{"level":"info","message":"Created client session 2fbc9213ce65f53f307555ca","timestamp":"2026-07-18 13:07:08"}
{"level":"info","message":"Created client session e5b729f3eba897196eba4762","timestamp":"2026-07-18 13:07:08"}
{"level":"info","message":"Created client session 16946b91f48996c6aa26e2cc","timestamp":"2026-07-18 13:07:08"}
{"level":"info","message":"Created client session bbf4c4e0faa0a2d3b6fe7035","timestamp":"2026-07-18 13:07:08"}
{"level":"info","message":"Created client session 9f75c25065310fcbf9f4b547","timestamp":"2026-07-18 13:07:08"}
{"level":"info","message":"Created client session 9e717491f13175ad283d5ae4","timestamp":"2026-07-18 13:07:08"}
{"level":"info","message":"Created client session aead61622c22d76429f8785c","timestamp":"2026-07-18 13:07:08"}
{"level":"info","message":"Created client session 28564b8140ec3dd0552aaa4b","timestamp":"2026-07-18 13:07:08"}
{"level":"info","message":"Created client session 9851323d9bc8c8f53ab97b99","timestamp":"2026-07-18 13:07:08"}
{"level":"info","message":"Created client session 0c8cea26a59500a38fca6f06","timestamp":"2026-07-18 13:07:08"}
{"level":"info","message":"Created client session 7d334ecbb406efe54e32464e","timestamp":"2026-07-18 13:07:08"}
{"level":"info","message":"Created client session 9125663611504342d0560160","timestamp":"2026-07-18 13:07:08"}
{"level":"info","message":"Created client session fff2bd95a3ea4c356d6fb1fd","timestamp":"2026-07-18 13:07:08"}
{"level":"info","message":"Created client session d30cbdcbdce0795013af022a","timestamp":"2026-07-18 13:07:08"}
{"level":"info","message":"Created client session 4efd59350e062db8bae4ac4a","timestamp":"2026-07-18 13:07:08"}
{"level":"info","message":"Created client session ef2dbc443f6d5fc6f0220136","timestamp":"2026-07-18 13:07:08"}
{"level":"info","message":"Created client session d572b768c294bf7f8c837b17","timestamp":"2026-07-18 13:07:08"}
{"level":"info","message":"Created client session 9ca36247a83fb127317eb0d6","timestamp":"2026-07-18 13:07:08"}
{"level":"info","message":"Created client session 087359ac8bff551a91a8ec82","timestamp":"2026-07-18 13:07:08"}
{"level":"info","message":"Created client session 3e1b8a4d3728840319bd68f3","timestamp":"2026-07-18 13:07:08"}
{"level":"info","message":"Created client session 54ec5d222cda343570288328","timestamp":"2026-07-18 13:07:08"}
{"level":"info","message":"Created client session f8657a18a4c34786e4e7a9b0","timestamp":"2026-07-18 13:07:08"}
{"level":"info","message":"Created client session 733d5f26d32f29c6b3963c1e","timestamp":"2026-07-18 13:07:09"}
{"level":"info","message":"Created client session 45539abc43f26c38f3907a87","timestamp":"2026-07-18 13:07:09"}
{"level":"info","message":"Created client session 8489f88ea2aff7c4e31ec245","timestamp":"2026-07-18 13:07:09"}
{"level":"info","message":"Created client session 8d617019715717e68d426724","timestamp":"2026-07-18 13:07:09"}
{"level":"info","message":"Created client session 2d4bd8df11a2fbc466033de1","timestamp":"2026-07-18 13:07:09"}
{"level":"info","message":"Created client session c73a214ccc071e7a9b93edff","timestamp":"2026-07-18 13:07:09"}
{"level":"info","message":"Created client session 65f5d57df4f01a3ec37c3779","timestamp":"2026-07-18 13:07:09"}
{"level":"info","message":"Created client session dcb8aaa6c6d1338a21a3dd7c","timestamp":"2026-07-18 13:07:09"}
{"level":"info","message":"Created client session 463dfc8013305ae417e363b6","timestamp":"2026-07-18 13:07:09"}
{"level":"info","message":"Created client session f1ade162f6be267ba72f28ec","timestamp":"2026-07-18 13:07:09"}
{"level":"info","message":"Created client session 805e4666f59e824fd6ef3307","timestamp":"2026-07-18 13:07:09"}
{"level":"info","message":"Created client session cdc464c5a3fa9cc1b9e22c84","timestamp":"2026-07-18 13:07:09"}
{"level":"info","message":"Created client session 88110e208f8ea9dab76ba547","timestamp":"2026-07-18 13:07:09"}
{"level":"info","message":"Created client session 65856b2f6571cfc6fc899562","timestamp":"2026-07-18 13:07:09"}
{"level":"info","message":"Created client session 68cc2eb0b7c17100c5755a3d","timestamp":"2026-07-18 13:07:09"}
{"level":"info","message":"Created client session b194b719a53518f62fee318c","timestamp":"2026-07-18 13:07:09"}
{"level":"info","message":"Created client session 549723190527f5351bddbadc","timestamp":"2026-07-18 13:07:09"}
{"level":"info","message":"Created client session b7bf45211e34d14982b95c3a","timestamp":"2026-07-18 13:07:09"}
{"level":"info","message":"Created client session d10d8dcd613029fbe4c9560c","timestamp":"2026-07-18 13:07:09"}
{"level":"info","message":"Created client session fbee70fa9e7c41d229fa9d7d","timestamp":"2026-07-18 13:07:09"}
{"level":"info","message":"Created client session 8962cd00b6ecab2ae00ac22a","timestamp":"2026-07-18 13:07:09"}
{"level":"info","message":"Created client session 6966991e6b5b0c442da63a3f","timestamp":"2026-07-18 13:07:09"}
{"level":"info","message":"Created client session 4b8709c048e2f89178dab0d3","timestamp":"2026-07-18 13:07:09"}
{"level":"info","message":"Created client session 41300b3b62b2d365d321b28b","timestamp":"2026-07-18 13:07:09"}
{"level":"info","message":"Created client session 5337f8d383d07e2563ab8747","timestamp":"2026-07-18 13:07:09"}
{"level":"info","message":"Created client session ebe86bf72f023a14b3eb6321","timestamp":"2026-07-18 13:07:09"}
{"level":"info","message":"Created client session d54f98934f0cd6d4204b64a6","timestamp":"2026-07-18 13:07:09"}
{"level":"info","message":"Created client session ef3b2d658bb547be185de1fe","timestamp":"2026-07-18 13:07:09"}
{"level":"info","message":"Created client session 7fa1e06385094272f3c4883e","timestamp":"2026-07-18 13:07:09"}
{"level":"info","message":"Created client session 2101540e2e43b4f78c139037","timestamp":"2026-07-18 13:48:41"}
{"level":"info","message":"Created client session 1e716b991cf1491cd2be9c2b","timestamp":"2026-07-18 13:49:25"}
{"level":"info","message":"Created client session 07aae5269db2338c70ae38e2","timestamp":"2026-07-18 13:49:28"}
{"level":"info","message":"Created client session 43fffe621d1d893632d2a631","timestamp":"2026-07-18 13:49:32"}
{"level":"info","message":"Created client session 19b14c2bce22ad52bbbdc8f0","timestamp":"2026-07-18 13:49:33"}
{"level":"info","message":"Created client session d99aea47c829114235854ae1","timestamp":"2026-07-18 13:49:43"}
{"level":"info","message":"Created client session fc611fd8cd597444fcee4969","timestamp":"2026-07-18 13:51:32"}
{"level":"info","message":"Created client session 0060c0d104496f8c066fe1fd","timestamp":"2026-07-18 14:06:25"}
{"level":"info","message":"Logged user YzL2W1htQr2gHsBA out of active World","timestamp":"2026-07-18 14:14:03"}
{"ip":"::ffff:127.0.0.1","level":"info","message":"User authentication successful for user Gamemaster","session":"2f77938605c95a0d569cedf3","timestamp":"2026-07-18 14:14:12"}
{"level":"info","message":"Dungeons & Dragons Fifth Edition update 5.3.3 is now available!","timestamp":"2026-07-18 14:14:14"}
{"level":"info","message":"Vended World data to User [YzL2W1htQr2gHsBA] in 618ms","timestamp":"2026-07-18 14:14:14"}
{"level":"info","message":"Deleted JournalEntry with id [9h3lCnPgUa5pWik9]","timestamp":"2026-07-18 14:20:23"}
{"level":"debug","message":"Starting edit session for user 'YzL2W1htQr2gHsBA' and instance 'JournalEntry.pvj1i6lt1v1F6z6Q.JournalEntryPage.MAxNad9PSFvdaauP#text.content'.","timestamp":"2026-07-18 14:22:03"}
{"level":"debug","message":"Retiring user 'YzL2W1htQr2gHsBA' from editing session for instance 'JournalEntry.pvj1i6lt1v1F6z6Q.JournalEntryPage.MAxNad9PSFvdaauP#text.content'.","timestamp":"2026-07-18 14:22:36"}
{"level":"debug","message":"Instance 'JournalEntry.pvj1i6lt1v1F6z6Q.JournalEntryPage.MAxNad9PSFvdaauP#text.content' has no more active editors, cleaning up.","timestamp":"2026-07-18 14:22:36"}
{"level":"debug","message":"Starting edit session for user 'YzL2W1htQr2gHsBA' and instance 'JournalEntry.pvj1i6lt1v1F6z6Q.JournalEntryPage.MAxNad9PSFvdaauP#text.content'.","timestamp":"2026-07-18 14:22:51"}
{"level":"debug","message":"Broadcasting autosave update for instance 'JournalEntry.pvj1i6lt1v1F6z6Q.JournalEntryPage.MAxNad9PSFvdaauP#text.content'.","timestamp":"2026-07-18 14:23:51"}
{"level":"debug","message":"Retiring user 'YzL2W1htQr2gHsBA' from editing session for instance 'JournalEntry.pvj1i6lt1v1F6z6Q.JournalEntryPage.MAxNad9PSFvdaauP#text.content'.","timestamp":"2026-07-18 14:24:15"}
{"level":"debug","message":"Instance 'JournalEntry.pvj1i6lt1v1F6z6Q.JournalEntryPage.MAxNad9PSFvdaauP#text.content' has no more active editors, cleaning up.","timestamp":"2026-07-18 14:24:15"}
{"level":"debug","message":"Starting edit session for user 'YzL2W1htQr2gHsBA' and instance 'JournalEntry.pvj1i6lt1v1F6z6Q.JournalEntryPage.mPbIWRPWcbTVsnsG#text.content'.","timestamp":"2026-07-18 14:24:35"}
{"level":"debug","message":"Retiring user 'YzL2W1htQr2gHsBA' from editing session for instance 'JournalEntry.pvj1i6lt1v1F6z6Q.JournalEntryPage.mPbIWRPWcbTVsnsG#text.content'.","timestamp":"2026-07-18 14:25:30"}
{"level":"debug","message":"Instance 'JournalEntry.pvj1i6lt1v1F6z6Q.JournalEntryPage.mPbIWRPWcbTVsnsG#text.content' has no more active editors, cleaning up.","timestamp":"2026-07-18 14:25:30"}
{"level":"info","message":"Created Drawing with id [TdStcsjIXyLHwcxQ] in parent Scene [t5xjgozQiEWk5aDN]","timestamp":"2026-07-18 14:26:28"}
{"level":"info","message":"Deleted Drawing with id [TdStcsjIXyLHwcxQ] in parent Scene [t5xjgozQiEWk5aDN]","timestamp":"2026-07-18 14:26:54"}
{"level":"info","message":"Created Drawing with id [WtfcIbZ1BTqaPQx8] in parent Scene [t5xjgozQiEWk5aDN]","timestamp":"2026-07-18 14:27:02"}
{"level":"info","message":"Deleted Drawing with id [WtfcIbZ1BTqaPQx8] in parent Scene [t5xjgozQiEWk5aDN]","timestamp":"2026-07-18 14:27:37"}
{"level":"info","message":"Created Tile with id [JItJo15czu7NLnr2] in parent Scene [t5xjgozQiEWk5aDN]","timestamp":"2026-07-18 14:27:54"}
{"level":"info","message":"Deleted Tile with id [JItJo15czu7NLnr2] in parent Scene [t5xjgozQiEWk5aDN]","timestamp":"2026-07-18 14:28:22"}
{"level":"info","message":"Created client session c79cdfc25739a5b8eb2ba693","timestamp":"2026-07-18 14:37:39"}
{"level":"info","message":"Created client session 8e1d2a916910260280a37669","timestamp":"2026-07-18 14:37:41"}
{"level":"debug","message":"Starting edit session for user 'YzL2W1htQr2gHsBA' and instance 'JournalEntry.pvj1i6lt1v1F6z6Q.JournalEntryPage.MAxNad9PSFvdaauP#text.content'.","timestamp":"2026-07-18 14:39:02"}
{"level":"info","message":"Created client session c76bd26c5380c6b025e7e452","timestamp":"2026-07-18 14:39:23"}
{"level":"debug","message":"Broadcasting autosave update for instance 'JournalEntry.pvj1i6lt1v1F6z6Q.JournalEntryPage.MAxNad9PSFvdaauP#text.content'.","timestamp":"2026-07-18 14:40:02"}
{"level":"debug","message":"Retiring user 'YzL2W1htQr2gHsBA' from editing session for instance 'JournalEntry.pvj1i6lt1v1F6z6Q.JournalEntryPage.MAxNad9PSFvdaauP#text.content'.","timestamp":"2026-07-18 14:41:27"}
{"level":"debug","message":"Instance 'JournalEntry.pvj1i6lt1v1F6z6Q.JournalEntryPage.MAxNad9PSFvdaauP#text.content' has no more active editors, cleaning up.","timestamp":"2026-07-18 14:41:27"}
{"level":"debug","message":"Starting edit session for user 'YzL2W1htQr2gHsBA' and instance 'JournalEntry.pvj1i6lt1v1F6z6Q.JournalEntryPage.MAxNad9PSFvdaauP#text.content'.","timestamp":"2026-07-18 14:42:02"}
{"level":"debug","message":"Retiring user 'YzL2W1htQr2gHsBA' from editing session for instance 'JournalEntry.pvj1i6lt1v1F6z6Q.JournalEntryPage.MAxNad9PSFvdaauP#text.content'.","timestamp":"2026-07-18 14:42:55"}
{"level":"debug","message":"Instance 'JournalEntry.pvj1i6lt1v1F6z6Q.JournalEntryPage.MAxNad9PSFvdaauP#text.content' has no more active editors, cleaning up.","timestamp":"2026-07-18 14:42:55"}
{"level":"info","message":"Created Actor with id [lDbVhA4ZZLRc3kSE]","timestamp":"2026-07-18 14:43:27"}
{"level":"info","message":"Created Token with id [tBT8b1ZOBin7x9d8] in parent Scene [qbILv35hj17A2e2a]","timestamp":"2026-07-18 14:43:27"}
{"level":"info","message":"Created Actor with id [tnsUpQXRAC714igy]","timestamp":"2026-07-18 14:43:53"}
{"level":"info","message":"Created Token with id [pbWfmjrSnv4oKOeZ] in parent Scene [qbILv35hj17A2e2a]","timestamp":"2026-07-18 14:43:53"}
{"level":"info","message":"Deleted Token with id [pbWfmjrSnv4oKOeZ] in parent Scene [qbILv35hj17A2e2a]","timestamp":"2026-07-18 14:43:55"}
{"level":"info","message":"Created Actor with id [shrKztHCIaqZHTO4]","timestamp":"2026-07-18 14:44:00"}
{"level":"info","message":"Created Token with id [CtdAqDtdBGEVNkov] in parent Scene [qbILv35hj17A2e2a]","timestamp":"2026-07-18 14:44:00"}
{"level":"info","message":"Created Actor with id [Vru0M81QE53PFL7R]","timestamp":"2026-07-18 14:44:08"}
{"level":"info","message":"Created Token with id [BTgg8K5VxUYJuZLa] in parent Scene [qbILv35hj17A2e2a]","timestamp":"2026-07-18 14:44:09"}
{"level":"info","message":"bully2.png saved to Chapters/10. Die Ruinen von Beres/Images","timestamp":"2026-07-18 14:45:08"}
{"level":"info","message":"bully.png saved to Chapters/10. Die Ruinen von Beres/Images","timestamp":"2026-07-18 14:45:42"}
{"level":"info","message":"troll.png saved to Chapters/10. Die Ruinen von Beres/Images","timestamp":"2026-07-18 14:47:12"}
{"level":"debug","message":"Starting edit session for user 'YzL2W1htQr2gHsBA' and instance 'JournalEntry.pvj1i6lt1v1F6z6Q.JournalEntryPage.MAxNad9PSFvdaauP#text.content'.","timestamp":"2026-07-18 14:48:02"}
{"level":"debug","message":"Broadcasting autosave update for instance 'JournalEntry.pvj1i6lt1v1F6z6Q.JournalEntryPage.MAxNad9PSFvdaauP#text.content'.","timestamp":"2026-07-18 14:49:02"}
{"level":"debug","message":"Retiring user 'YzL2W1htQr2gHsBA' from editing session for instance 'JournalEntry.pvj1i6lt1v1F6z6Q.JournalEntryPage.MAxNad9PSFvdaauP#text.content'.","timestamp":"2026-07-18 14:49:30"}
{"level":"debug","message":"Instance 'JournalEntry.pvj1i6lt1v1F6z6Q.JournalEntryPage.MAxNad9PSFvdaauP#text.content' has no more active editors, cleaning up.","timestamp":"2026-07-18 14:49:30"}
{"level":"info","message":"Dungeons & Dragons Fifth Edition update 5.3.3 is now available!","timestamp":"2026-07-18 14:50:34"}
{"level":"info","message":"Vended World data to User [YzL2W1htQr2gHsBA] in 540ms","timestamp":"2026-07-18 14:50:34"}
{"level":"info","message":"Created client session 36fb8d4b46ececf41c26cc2e","timestamp":"2026-07-18 15:13:24"}
{"level":"info","message":"Created client session 7ab9a6ce3cae8958bff87139","timestamp":"2026-07-18 15:14:57"}
{"level":"info","message":"Created client session 135c2ece3dfa29512ba90f20","timestamp":"2026-07-18 15:14:57"}
{"level":"info","message":"Created client session 99c0eae11e1408713d138457","timestamp":"2026-07-18 15:14:57"}
{"level":"info","message":"Created client session 45d5686e3086b2699eda1e20","timestamp":"2026-07-18 15:14:57"}
{"level":"info","message":"Created client session 25dbf0ea366629c6904cb48c","timestamp":"2026-07-18 15:14:57"}
{"level":"info","message":"Created client session 5a5525106b0a6cdd9dd40c02","timestamp":"2026-07-18 15:14:57"}
{"level":"info","message":"Created client session a3db6400b4d1a2905a6245fc","timestamp":"2026-07-18 15:15:08"}
{"level":"info","message":"Created client session d8762c72f05d8e49e0e7374a","timestamp":"2026-07-18 15:19:06"}
{"level":"info","message":"Created client session 0f5258952b22a66a1e120b31","timestamp":"2026-07-18 15:19:08"}
{"level":"info","message":"Created client session 47413eae881081382809d4aa","timestamp":"2026-07-18 15:19:20"}
{"level":"info","message":"Created client session 3ce6ca887bdaa547d1219a19","timestamp":"2026-07-18 15:28:07"}
{"level":"info","message":"Created client session e5d2e8a55bea92ee7ff834a4","timestamp":"2026-07-18 16:04:36"}
{"level":"info","message":"Created client session 5b8c07100f9fab13fa00b4ab","timestamp":"2026-07-18 16:43:52"}
{"level":"info","message":"Created client session c9fcd6ff90974b0dbd5d45e5","timestamp":"2026-07-18 16:46:23"}
{"level":"info","message":"Created client session 1b2b040dd8beac8925a93dc2","timestamp":"2026-07-18 17:03:44"}
{"level":"info","message":"Created client session 34cbb82656b98aa1c689f318","timestamp":"2026-07-18 17:26:38"}
{"level":"info","message":"Created client session 255578c5db6a207d894db853","timestamp":"2026-07-18 18:12:52"}
{"level":"info","message":"Created client session 99bedc62cf513744bf67d326","timestamp":"2026-07-18 18:36:07"}
{"level":"info","message":"Created client session f1f3e682708d1cebe172a20f","timestamp":"2026-07-18 18:36:08"}
{"level":"info","message":"Created client session d31be4f865aebed3223a77c7","timestamp":"2026-07-18 18:44:58"}
{"level":"info","message":"Created client session c364a8229119df7e028cffd1","timestamp":"2026-07-18 18:44:59"}
{"level":"info","message":"Created client session d3308f9319c61ea80db5d0d1","timestamp":"2026-07-18 18:45:00"}
{"level":"info","message":"Created client session 7d29560bef93542f334cbe2b","timestamp":"2026-07-18 18:45:01"}
{"level":"info","message":"Created client session 97c57ec36e47bfe20f4c6e8e","timestamp":"2026-07-18 18:57:17"}
{"level":"info","message":"Created client session 5a6b1cc617b387b66fc1b82d","timestamp":"2026-07-18 19:00:43"}
{"level":"info","message":"Created client session f6293c8093b0b7a92733fbec","timestamp":"2026-07-18 19:00:44"}
{"level":"info","message":"Created client session 1f177a2bcf2b424e488b12b0","timestamp":"2026-07-18 19:01:10"}
{"level":"info","message":"Created client session 563fa1c1f909ff71db23dd46","timestamp":"2026-07-18 19:20:19"}
{"level":"info","message":"Created client session 2a55475c1ce6b6ce8e60a3df","timestamp":"2026-07-18 19:20:20"}
{"level":"info","message":"Created client session 4dc4ec135d161b25079d72e7","timestamp":"2026-07-18 19:58:29"}
{"level":"info","message":"Created client session 96eefdb89d374bffc062d653","timestamp":"2026-07-18 19:58:30"}
{"level":"info","message":"Created client session d151d4224a1e93a8bb432a3e","timestamp":"2026-07-18 20:15:43"}
{"level":"info","message":"Created client session ca379675dd752317c760696c","timestamp":"2026-07-18 20:43:52"}
{"level":"info","message":"Created client session da3955ebbe026cd598ecf471","timestamp":"2026-07-18 20:59:32"}
{"level":"info","message":"Created client session fe32bc71c66c6c452b6e45a3","timestamp":"2026-07-18 20:59:33"}
{"level":"info","message":"Created client session dcbc3ed35cdbe4489a61f0c0","timestamp":"2026-07-18 22:01:37"}
{"level":"info","message":"Created client session 760b1b86f6e6083bc0b2f604","timestamp":"2026-07-18 22:01:40"}
{"level":"info","message":"Created client session 7ca24bc7ec71817b2fe8d155","timestamp":"2026-07-18 22:01:42"}
{"level":"info","message":"Created client session 756542ba19d9b073eefe95ac","timestamp":"2026-07-18 22:01:44"}
{"level":"info","message":"Created client session 14198253bcdd4601edb2079e","timestamp":"2026-07-18 22:01:46"}
{"level":"info","message":"Created client session 6515db102807cc4228c9e2ae","timestamp":"2026-07-18 22:01:48"}
{"level":"info","message":"Created client session 04b13efce097ba9829b951eb","timestamp":"2026-07-18 22:01:51"}
{"level":"info","message":"Created client session ab715ad8dae86f45f709d47a","timestamp":"2026-07-18 22:01:53"}
{"level":"info","message":"Created client session bab3db35ab2e26e7e797fb08","timestamp":"2026-07-18 22:01:55"}
{"level":"info","message":"Created client session c832ce4676313a9803a7551a","timestamp":"2026-07-18 22:01:58"}
{"level":"info","message":"Created client session 608f4b682e0263ec8019695c","timestamp":"2026-07-18 22:02:00"}
{"level":"info","message":"Created client session 8ca9101f683b3c127471ec1f","timestamp":"2026-07-18 22:02:02"}
{"level":"info","message":"Created client session c81328d4547e561325453a29","timestamp":"2026-07-18 22:02:05"}
{"level":"info","message":"Created client session 71392734e878ae7738416436","timestamp":"2026-07-18 22:02:07"}
{"level":"info","message":"Created client session 0c305a593cd7387224666270","timestamp":"2026-07-18 22:02:09"}
{"level":"info","message":"Created client session aa75fe9d35d4e06f8160e2ff","timestamp":"2026-07-18 22:02:11"}
{"level":"info","message":"Created client session 7fdf07d264fc039f6ead6e18","timestamp":"2026-07-18 22:02:14"}
{"level":"info","message":"Created client session 70ef5f1e38a3d4d49d7dca82","timestamp":"2026-07-18 22:02:16"}
{"level":"info","message":"Created client session 88054ec05d2b476236e50695","timestamp":"2026-07-18 22:02:18"}
{"level":"info","message":"Created client session 926bad1c9f04631e36ac57c1","timestamp":"2026-07-18 22:02:21"}
{"level":"info","message":"Created client session aee0f16a20aea86f8988e032","timestamp":"2026-07-18 22:02:23"}
{"level":"info","message":"Created client session 601d6b0d6891bc8c390c7b6d","timestamp":"2026-07-18 22:02:25"}
{"level":"info","message":"Created client session 2baa865e870cbc61b22e6f9f","timestamp":"2026-07-18 22:02:27"}
{"level":"info","message":"Created client session 889fbe108e87beaa958835b9","timestamp":"2026-07-18 22:02:30"}
{"level":"info","message":"Created client session 208e5a4a20a0316da6fd27e5","timestamp":"2026-07-18 22:02:32"}
{"level":"info","message":"Created client session 162d0e4758873625d02c9302","timestamp":"2026-07-18 22:02:35"}
{"level":"info","message":"Created client session a78f9254a38f3419260a9a1e","timestamp":"2026-07-18 22:02:37"}
{"level":"info","message":"Created client session 2022380d6bf8ce2ef4d74890","timestamp":"2026-07-18 22:02:39"}
{"level":"info","message":"Created client session 8e0f6f5f6f711336ae403745","timestamp":"2026-07-18 22:02:42"}
{"level":"info","message":"Created client session 6da3ccdd630e42b56fd46960","timestamp":"2026-07-18 22:02:44"}
{"level":"info","message":"Created client session e6a8636618a59e450727297e","timestamp":"2026-07-18 22:02:46"}
{"level":"info","message":"Created client session 00eef7b202387867994f8ea7","timestamp":"2026-07-18 22:02:48"}
{"level":"info","message":"Created client session cea51e3715fbb187a7eed32d","timestamp":"2026-07-18 22:02:51"}
{"level":"info","message":"Created client session 87d299ef663b6cf54fb7104a","timestamp":"2026-07-18 22:02:53"}
{"level":"info","message":"Created client session d09b72ab8581c37684c2f050","timestamp":"2026-07-18 22:02:55"}
{"level":"info","message":"Created client session 4df87d79bf8c0bb0050e9e17","timestamp":"2026-07-18 22:02:58"}
{"level":"info","message":"Created client session 7c2441e851bc12f7a88eabd4","timestamp":"2026-07-18 22:03:00"}
{"level":"info","message":"Created client session 29a413ecea56853206edaf7f","timestamp":"2026-07-18 22:03:02"}
{"level":"info","message":"Created client session c77f150c3ff7855493655063","timestamp":"2026-07-18 22:03:04"}
{"level":"info","message":"Created client session 727dbbdbb5ea157bbeae8b9e","timestamp":"2026-07-18 22:03:07"}
{"level":"info","message":"Created client session a9dc2c515acc63759b245f7d","timestamp":"2026-07-18 22:03:09"}
{"level":"info","message":"Created client session ace985efa95b413fd48d2ae4","timestamp":"2026-07-18 22:03:11"}
{"level":"info","message":"Created client session 14b0f8dcc635a9bd9b1ff6ee","timestamp":"2026-07-18 22:03:14"}
{"level":"info","message":"Created client session 0a0a5d888cd649f3b22fbf93","timestamp":"2026-07-18 22:03:16"}
{"level":"info","message":"Created client session 54ce5e263b66481b504128c8","timestamp":"2026-07-18 22:21:38"}
{"level":"info","message":"Created client session 77fda4a28465c2ec232ba50e","timestamp":"2026-07-18 22:23:03"}
{"level":"info","message":"Created client session 227fdabdee8dbe446ff6fc31","timestamp":"2026-07-18 22:48:31"}
{"level":"info","message":"Created client session 8c9c3cd513a9fc2e9c7f3aa8","timestamp":"2026-07-18 22:54:34"}
{"level":"info","message":"Created client session b2281fb2e4fcb01ef84ba0d0","timestamp":"2026-07-18 23:02:08"}
{"level":"info","message":"Created client session f2da061d1d6f06226e48a624","timestamp":"2026-07-18 23:02:19"}
{"level":"info","message":"Created client session 9e494789e948a9cf38257065","timestamp":"2026-07-18 23:23:51"}
{"level":"info","message":"Created client session f56de4e8e0a5f139f6a69902","timestamp":"2026-07-18 23:26:19"}
{"level":"info","message":"Created client session abfe5d5cc793e653348af11c","timestamp":"2026-07-18 23:33:47"}
{"level":"info","message":"Created client session ccc2ec2fdd26787853f77973","timestamp":"2026-07-18 23:47:41"}
{"level":"info","message":"Created client session 4d006e712be68ba9ed36b230","timestamp":"2026-07-18 23:48:13"}
{"level":"info","message":"Created client session 99b90af304106cffea3a3697","timestamp":"2026-07-18 23:49:55"}
{"level":"info","message":"Created client session 302c737f665f83990a50b2cd","timestamp":"2026-07-18 23:52:00"}
{"level":"info","message":"Created client session b658531bf049210fa765e39e","timestamp":"2026-07-18 23:52:01"}
{"level":"info","message":"Created client session dcc94beea624beb84b0996d9","timestamp":"2026-07-18 23:52:02"}
{"level":"info","message":"Created client session f12acacdd2fd372afd3c1256","timestamp":"2026-07-18 23:52:03"}
{"level":"info","message":"Created client session 330535be1ce4fa5dff748936","timestamp":"2026-07-18 23:52:04"}
{"level":"info","message":"Created client session edb8b4681993052b333ddf5b","timestamp":"2026-07-18 23:52:05"}
{"level":"info","message":"Created client session 8ab630997fa44356e2010450","timestamp":"2026-07-18 23:52:07"}
{"level":"info","message":"Created client session 6d66e0bbc4260902a96215ff","timestamp":"2026-07-18 23:52:08"}
{"level":"info","message":"Created client session d4f48d0639f8bbd57b609f4c","timestamp":"2026-07-18 23:52:09"}
{"level":"info","message":"Created client session 747de0b750ffaa13f4d0cdf4","timestamp":"2026-07-18 23:52:11"}
{"level":"info","message":"Created client session a0b24425c0dba072845eea81","timestamp":"2026-07-18 23:52:12"}
{"level":"info","message":"Created client session 21d4a7510941dfbe94e7bded","timestamp":"2026-07-18 23:52:14"}
{"level":"info","message":"Created client session 5afd826bf42985260ce78eae","timestamp":"2026-07-18 23:52:15"}
{"level":"info","message":"Created client session 7f1b48ea122c09e18a8b1c8c","timestamp":"2026-07-18 23:52:16"}
{"level":"info","message":"Created client session ed4ce58c049a913ec0ed5001","timestamp":"2026-07-18 23:52:17"}
{"level":"info","message":"Created client session 8c70190bc8f3fb848f2c829f","timestamp":"2026-07-18 23:52:17"}
{"level":"info","message":"Created client session 4da7dd01db24596341002971","timestamp":"2026-07-18 23:52:19"}
{"level":"info","message":"Created client session c888db5675ecb0319d05f557","timestamp":"2026-07-18 23:52:20"}
{"level":"info","message":"Created client session 53d17a46b4b52bf5394107ba","timestamp":"2026-07-18 23:52:22"}
{"level":"info","message":"Created client session d0cc39886b5d2b975b4e93bc","timestamp":"2026-07-18 23:52:23"}
{"level":"info","message":"Created client session b9a4e99a28287232f2f8c970","timestamp":"2026-07-18 23:52:25"}
{"level":"info","message":"Created client session f6e94e7db21fc0730bace7e7","timestamp":"2026-07-18 23:52:26"}
{"level":"info","message":"Created client session 5f64a7aca865f8b3ba70da1c","timestamp":"2026-07-18 23:52:28"}
{"level":"info","message":"Created client session e165cc3bbc6f91fb547554c6","timestamp":"2026-07-18 23:52:29"}
{"level":"info","message":"Created client session a6040c0ca24f20f75e7acdf8","timestamp":"2026-07-18 23:52:30"}
{"level":"info","message":"Created client session 207961b32b6465a3bad2e21a","timestamp":"2026-07-18 23:52:31"}
{"level":"info","message":"Created client session 7629505a72db2be869c10ecd","timestamp":"2026-07-18 23:52:33"}
{"level":"info","message":"Created client session c69906756c0b84f3b320887e","timestamp":"2026-07-18 23:52:35"}
{"level":"info","message":"Created client session 69a8496d2a4897d3b63c6735","timestamp":"2026-07-18 23:52:36"}
{"level":"info","message":"Created client session b676ae8e71cce65dbdef118a","timestamp":"2026-07-18 23:52:37"}
{"level":"info","message":"Created client session f3c59b344fbb4cc2e5ae5560","timestamp":"2026-07-18 23:52:38"}
{"level":"info","message":"Created client session 98e64052449a0e88a86713ba","timestamp":"2026-07-18 23:52:40"}
{"level":"info","message":"Created client session 27876673781ca314222b1070","timestamp":"2026-07-18 23:52:41"}
{"level":"info","message":"Created client session 3a50b9f46e19325ac8f6de08","timestamp":"2026-07-18 23:52:42"}
{"level":"info","message":"Created client session 9684a8cdb6a44480dec9138d","timestamp":"2026-07-18 23:52:44"}
{"level":"info","message":"Created client session 9a663221dd5179371fa730e9","timestamp":"2026-07-18 23:52:45"}
{"level":"info","message":"Created client session 6f131ed5360f393e062a8e3e","timestamp":"2026-07-18 23:52:47"}
{"level":"info","message":"Created client session 5ad14130ca9b275e97d1cf7b","timestamp":"2026-07-18 23:52:48"}
{"level":"info","message":"Created client session 4378375c3140b92a839cdc2c","timestamp":"2026-07-18 23:52:49"}
{"level":"info","message":"Created client session 1a2206ee50510cbf29a14f8f","timestamp":"2026-07-18 23:52:50"}
{"level":"info","message":"Created client session 567614e61c4d2ae5e4204420","timestamp":"2026-07-18 23:52:52"}
{"level":"info","message":"Created client session bf9f1149001121e46002669c","timestamp":"2026-07-18 23:52:53"}
{"level":"info","message":"Created client session e9675cf2f1e346f30fabfb33","timestamp":"2026-07-18 23:52:54"}
{"level":"info","message":"Created client session 4ccc0ed184a1b2d6c9a24694","timestamp":"2026-07-18 23:52:56"}
