{"level":"debug","message":"Broadcasting autosave update for instance 'JournalEntry.DGfjvIgrrKtWUP7J.JournalEntryPage.GSdLBFsYJA7tOHkD#text.content'.","timestamp":"2026-06-26 00:00:31"}
{"level":"debug","message":"Retiring user 'YzL2W1htQr2gHsBA' from editing session for instance 'JournalEntry.DGfjvIgrrKtWUP7J.JournalEntryPage.GSdLBFsYJA7tOHkD#text.content'.","timestamp":"2026-06-26 00:02:22"}
{"level":"debug","message":"Instance 'JournalEntry.DGfjvIgrrKtWUP7J.JournalEntryPage.GSdLBFsYJA7tOHkD#text.content' has no more active editors, cleaning up.","timestamp":"2026-06-26 00:02:22"}
{"level":"debug","message":"Starting edit session for user 'YzL2W1htQr2gHsBA' and instance 'JournalEntry.DGfjvIgrrKtWUP7J.JournalEntryPage.7kxaxxLuDF18P1BW#text.content'.","timestamp":"2026-06-26 00:02:31"}
{"level":"debug","message":"Broadcasting autosave update for instance 'JournalEntry.DGfjvIgrrKtWUP7J.JournalEntryPage.7kxaxxLuDF18P1BW#text.content'.","timestamp":"2026-06-26 00:03:31"}
{"level":"debug","message":"Broadcasting autosave update for instance 'JournalEntry.DGfjvIgrrKtWUP7J.JournalEntryPage.7kxaxxLuDF18P1BW#text.content'.","timestamp":"2026-06-26 00:05:31"}
{"level":"debug","message":"Broadcasting autosave update for instance 'JournalEntry.DGfjvIgrrKtWUP7J.JournalEntryPage.7kxaxxLuDF18P1BW#text.content'.","timestamp":"2026-06-26 00:06:31"}
{"level":"debug","message":"Broadcasting autosave update for instance 'JournalEntry.DGfjvIgrrKtWUP7J.JournalEntryPage.7kxaxxLuDF18P1BW#text.content'.","timestamp":"2026-06-26 00:07:31"}
{"level":"debug","message":"Broadcasting autosave update for instance 'JournalEntry.DGfjvIgrrKtWUP7J.JournalEntryPage.7kxaxxLuDF18P1BW#text.content'.","timestamp":"2026-06-26 00:08:31"}
{"level":"debug","message":"Broadcasting autosave update for instance 'JournalEntry.DGfjvIgrrKtWUP7J.JournalEntryPage.7kxaxxLuDF18P1BW#text.content'.","timestamp":"2026-06-26 00:09:31"}
{"level":"debug","message":"Broadcasting autosave update for instance 'JournalEntry.DGfjvIgrrKtWUP7J.JournalEntryPage.7kxaxxLuDF18P1BW#text.content'.","timestamp":"2026-06-26 00:10:31"}
{"level":"debug","message":"Broadcasting autosave update for instance 'JournalEntry.DGfjvIgrrKtWUP7J.JournalEntryPage.7kxaxxLuDF18P1BW#text.content'.","timestamp":"2026-06-26 00:11:31"}
{"level":"debug","message":"Broadcasting autosave update for instance 'JournalEntry.DGfjvIgrrKtWUP7J.JournalEntryPage.7kxaxxLuDF18P1BW#text.content'.","timestamp":"2026-06-26 00:13:31"}
{"level":"debug","message":"Broadcasting autosave update for instance 'JournalEntry.DGfjvIgrrKtWUP7J.JournalEntryPage.7kxaxxLuDF18P1BW#text.content'.","timestamp":"2026-06-26 00:15:31"}
{"level":"debug","message":"Retiring user 'YzL2W1htQr2gHsBA' from editing session for instance 'JournalEntry.DGfjvIgrrKtWUP7J.JournalEntryPage.7kxaxxLuDF18P1BW#text.content'.","timestamp":"2026-06-26 00:16:02"}
{"level":"debug","message":"Instance 'JournalEntry.DGfjvIgrrKtWUP7J.JournalEntryPage.7kxaxxLuDF18P1BW#text.content' has no more active editors, cleaning up.","timestamp":"2026-06-26 00:16:02"}
{"level":"debug","message":"Starting edit session for user 'YzL2W1htQr2gHsBA' and instance 'JournalEntry.DGfjvIgrrKtWUP7J.JournalEntryPage.ODqpZhbYvnXOap0d#text.content'.","timestamp":"2026-06-26 00:16:32"}
{"level":"debug","message":"Retiring user 'YzL2W1htQr2gHsBA' from editing session for instance 'JournalEntry.DGfjvIgrrKtWUP7J.JournalEntryPage.ODqpZhbYvnXOap0d#text.content'.","timestamp":"2026-06-26 00:16:37"}
{"level":"debug","message":"Instance 'JournalEntry.DGfjvIgrrKtWUP7J.JournalEntryPage.ODqpZhbYvnXOap0d#text.content' has no more active editors, cleaning up.","timestamp":"2026-06-26 00:16:37"}
{"level":"debug","message":"Starting edit session for user 'YzL2W1htQr2gHsBA' and instance 'JournalEntry.DGfjvIgrrKtWUP7J.JournalEntryPage.ODqpZhbYvnXOap0d#text.content'.","timestamp":"2026-06-26 00:18:54"}
{"level":"debug","message":"Broadcasting autosave update for instance 'JournalEntry.DGfjvIgrrKtWUP7J.JournalEntryPage.ODqpZhbYvnXOap0d#text.content'.","timestamp":"2026-06-26 00:19:54"}
{"level":"debug","message":"Broadcasting autosave update for instance 'JournalEntry.DGfjvIgrrKtWUP7J.JournalEntryPage.ODqpZhbYvnXOap0d#text.content'.","timestamp":"2026-06-26 00:21:54"}
{"level":"debug","message":"Broadcasting autosave update for instance 'JournalEntry.DGfjvIgrrKtWUP7J.JournalEntryPage.ODqpZhbYvnXOap0d#text.content'.","timestamp":"2026-06-26 00:22:54"}
{"level":"info","message":"Created client session ba9c487b9b278935e3df6d17","timestamp":"2026-06-26 00:25:57"}
{"level":"info","message":"Created client session 5b06120f1179e354bb52b37b","timestamp":"2026-06-26 00:32:07"}
{"level":"debug","message":"Retiring user 'YzL2W1htQr2gHsBA' from editing session for instance 'JournalEntry.DGfjvIgrrKtWUP7J.JournalEntryPage.ODqpZhbYvnXOap0d#text.content'.","timestamp":"2026-06-26 00:49:14"}
{"level":"debug","message":"Instance 'JournalEntry.DGfjvIgrrKtWUP7J.JournalEntryPage.ODqpZhbYvnXOap0d#text.content' has no more active editors, cleaning up.","timestamp":"2026-06-26 00:49:14"}
{"level":"debug","message":"Starting edit session for user 'YzL2W1htQr2gHsBA' and instance 'JournalEntry.DGfjvIgrrKtWUP7J.JournalEntryPage.GSdLBFsYJA7tOHkD#text.content'.","timestamp":"2026-06-26 00:52:00"}
{"level":"debug","message":"Retiring user 'YzL2W1htQr2gHsBA' from editing session for instance 'JournalEntry.DGfjvIgrrKtWUP7J.JournalEntryPage.GSdLBFsYJA7tOHkD#text.content'.","timestamp":"2026-06-26 00:52:44"}
{"level":"debug","message":"Instance 'JournalEntry.DGfjvIgrrKtWUP7J.JournalEntryPage.GSdLBFsYJA7tOHkD#text.content' has no more active editors, cleaning up.","timestamp":"2026-06-26 00:52:44"}
{"level":"info","message":"Created client session df094ccafc5fc2aaabf6ff80","timestamp":"2026-06-26 01:08:29"}
{"level":"info","message":"Created client session 03ad20809a2a7c392e3a1d41","timestamp":"2026-06-26 01:08:29"}
{"level":"info","message":"Created client session ba49ad70f22b0b36a8559cde","timestamp":"2026-06-26 01:49:51"}
{"level":"info","message":"Created client session 65beb0982ff40903b3ee1734","timestamp":"2026-06-26 02:16:21"}
{"level":"info","message":"Created client session 4599d3c8722acfd0827f6745","timestamp":"2026-06-26 02:16:21"}
{"level":"info","message":"Created client session 03b2fe562205bbfbad1668dc","timestamp":"2026-06-26 02:16:21"}
{"level":"info","message":"Created client session 3b11b190816607c685d77aac","timestamp":"2026-06-26 02:16:21"}
{"level":"info","message":"Created client session 459f83e0f32ca3a86f009fd0","timestamp":"2026-06-26 02:16:21"}
{"level":"info","message":"Created client session bc1c9c17135009ec8e05c79e","timestamp":"2026-06-26 02:16:21"}
{"level":"info","message":"Created client session 4badc6c015580d32dbf8860f","timestamp":"2026-06-26 02:16:21"}
{"level":"info","message":"Created client session 4220997b2e5e7344df8fb5ac","timestamp":"2026-06-26 02:16:21"}
{"level":"info","message":"Created client session 1acd168998f18e35ba6662ef","timestamp":"2026-06-26 02:16:21"}
{"level":"info","message":"Created client session 5d4e22d55921fda944c7c27a","timestamp":"2026-06-26 02:16:21"}
{"level":"info","message":"Created client session 073c0602c73ff24cc2857732","timestamp":"2026-06-26 02:16:21"}
{"level":"info","message":"Created client session 78ac37d6b701328ed647fab5","timestamp":"2026-06-26 02:16:21"}
{"level":"info","message":"Created client session 20fa279e70496e0d75f5d9c9","timestamp":"2026-06-26 02:16:21"}
{"level":"info","message":"Created client session 06e725ee1c2ae000fc78cd70","timestamp":"2026-06-26 02:16:21"}
{"level":"info","message":"Created client session c6668d4ee20ae11bd0bd7606","timestamp":"2026-06-26 02:16:21"}
{"level":"info","message":"Created client session 57c74d9b6abbf6489872781c","timestamp":"2026-06-26 02:16:21"}
{"level":"info","message":"Created client session 2b6836ddc601f620bb6c3295","timestamp":"2026-06-26 02:16:21"}
{"level":"info","message":"Created client session e86412f24d0d791025b0900b","timestamp":"2026-06-26 02:16:21"}
{"level":"info","message":"Created client session a5adaef67d42c0135f725bc1","timestamp":"2026-06-26 02:16:21"}
{"level":"info","message":"Created client session 2b8dfe7ca009effddb00b416","timestamp":"2026-06-26 02:16:21"}
{"level":"info","message":"Created client session 6f9abb84b25a5bacce001b66","timestamp":"2026-06-26 02:16:21"}
{"level":"info","message":"Created client session 1bfdade884c00c5b20019c2a","timestamp":"2026-06-26 02:16:21"}
{"level":"info","message":"Created client session 2d2980cff8b12850c5695a57","timestamp":"2026-06-26 02:16:21"}
{"level":"info","message":"Created client session 4eaae69733810414b2dbe557","timestamp":"2026-06-26 02:16:21"}
{"level":"info","message":"Created client session d0736a6dbc86c34e97ad5ea1","timestamp":"2026-06-26 02:16:21"}
{"level":"info","message":"Created client session cac07691d833f90f3b202f69","timestamp":"2026-06-26 02:16:21"}
{"level":"info","message":"Created client session 18e6e1dfc103bde11ca69208","timestamp":"2026-06-26 02:16:22"}
{"level":"info","message":"Created client session 73e19effbe8c7821cc07b909","timestamp":"2026-06-26 02:16:22"}
{"level":"info","message":"Created client session d3d18f1b9659f21175e573f3","timestamp":"2026-06-26 02:16:22"}
{"level":"info","message":"Created client session 250759c007104a817ed5c5b9","timestamp":"2026-06-26 02:20:46"}
{"level":"info","message":"Created client session 5a7aaea58fb266a809eb9eb0","timestamp":"2026-06-26 02:35:45"}
{"level":"info","message":"Created client session fdfff4ead20b2882fbe2732a","timestamp":"2026-06-26 02:35:46"}
{"level":"info","message":"Created client session 4262f34c2f9c9b92c584e7ca","timestamp":"2026-06-26 02:35:46"}
{"level":"info","message":"Created client session 19cfdf3313a3ce6c27fca7f9","timestamp":"2026-06-26 02:35:47"}
{"level":"info","message":"Created client session 474741e699a78703f4b64f8a","timestamp":"2026-06-26 02:35:48"}
{"level":"info","message":"Created client session 8af079ca4effaf4557ba2aaa","timestamp":"2026-06-26 02:35:50"}
{"level":"info","message":"Created client session 06d94a2eaba50395e19d4c87","timestamp":"2026-06-26 02:35:50"}
{"level":"info","message":"Created client session f8c14a5e0c1d6ba14ed6d4aa","timestamp":"2026-06-26 02:35:51"}
{"level":"info","message":"Created client session 19c0f5650898a580ada597eb","timestamp":"2026-06-26 02:35:52"}
{"level":"info","message":"Created client session 8035bd3e6a8bb5632c747c7f","timestamp":"2026-06-26 02:35:53"}
{"level":"info","message":"Created client session a5255d372746e629a7f81958","timestamp":"2026-06-26 02:35:54"}
{"level":"info","message":"Created client session 45ac7ba68f55504cdcdbcc67","timestamp":"2026-06-26 02:35:55"}
{"level":"info","message":"Created client session 8dbbbe6fbcee3d827bc67d68","timestamp":"2026-06-26 02:35:56"}
{"level":"info","message":"Created client session f01477755434f46e2f3d9685","timestamp":"2026-06-26 02:35:57"}
{"level":"info","message":"Created client session a36277166ceb65ac846a6148","timestamp":"2026-06-26 02:35:58"}
{"level":"info","message":"Created client session 27ddc3223991fedd0f0debbb","timestamp":"2026-06-26 02:35:59"}
{"level":"info","message":"Created client session 765e9e1ddb42dee6e134565f","timestamp":"2026-06-26 02:36:00"}
{"level":"info","message":"Created client session 24cab2e2ee8ca16868b8e59a","timestamp":"2026-06-26 02:36:01"}
{"level":"info","message":"Created client session 53bad111fd8086cfca7a5115","timestamp":"2026-06-26 02:36:01"}
{"level":"info","message":"Created client session 771b4fe83bc6fa095f21cd63","timestamp":"2026-06-26 02:36:02"}
{"level":"info","message":"Created client session d2d7fc543977972b1d2f65b3","timestamp":"2026-06-26 02:36:03"}
{"level":"info","message":"Created client session 43fc8aba5e3048f241eb1537","timestamp":"2026-06-26 02:36:04"}
{"level":"info","message":"Created client session e9ba344c235268fb411259d7","timestamp":"2026-06-26 02:36:05"}
{"level":"info","message":"Created client session 98c2b9aa4b98431dd9707baf","timestamp":"2026-06-26 02:36:06"}
{"level":"info","message":"Created client session a23abab49fcfff469a2e5ec2","timestamp":"2026-06-26 02:36:06"}
{"level":"info","message":"Created client session 7961b1ae8ae98bd9ae695b4a","timestamp":"2026-06-26 02:36:07"}
{"level":"info","message":"Created client session 507ff440226e49cf65c22dae","timestamp":"2026-06-26 02:36:09"}
{"level":"info","message":"Created client session 6cc8c2c105cfe8bebbddbba5","timestamp":"2026-06-26 02:36:10"}
{"level":"info","message":"Created client session 9356b6bb829354025d696a62","timestamp":"2026-06-26 02:36:11"}
{"level":"info","message":"Created client session 66a81c04b0c9603a9d4b4be4","timestamp":"2026-06-26 02:36:12"}
{"level":"info","message":"Created client session fa458c9f057a39b8c860606c","timestamp":"2026-06-26 02:36:13"}
{"level":"info","message":"Created client session dd17a18f7d2a7167761f6641","timestamp":"2026-06-26 02:36:14"}
{"level":"info","message":"Created client session 11dc49f3223fdd351e8c3c14","timestamp":"2026-06-26 02:36:15"}
{"level":"info","message":"Created client session bc10b66c353f5af9a81df5c4","timestamp":"2026-06-26 02:36:16"}
{"level":"info","message":"Created client session 10222d9f533c2b76e479b41d","timestamp":"2026-06-26 02:36:17"}
{"level":"info","message":"Created client session b5ffc7a01b886063b29dc6b2","timestamp":"2026-06-26 02:36:18"}
{"level":"info","message":"Created client session 23ee6805161b06d3e84f552e","timestamp":"2026-06-26 02:36:19"}
{"level":"info","message":"Created client session d61939576c05eb3d2eeac999","timestamp":"2026-06-26 02:36:20"}
{"level":"info","message":"Created client session 0cb148b19a2d6d86b542f8ff","timestamp":"2026-06-26 02:36:21"}
{"level":"info","message":"Created client session 6770979145a36b5bd023ee9f","timestamp":"2026-06-26 02:36:22"}
{"level":"info","message":"Created client session 23bd406f728f6792a882edb8","timestamp":"2026-06-26 02:36:23"}
{"level":"info","message":"Created client session 1266865e1727f2a72e85dc32","timestamp":"2026-06-26 02:36:23"}
{"level":"info","message":"Created client session b8eeefe4e9b472ac5903480c","timestamp":"2026-06-26 02:36:24"}
{"level":"info","message":"Created client session f990b0738bd50dc6921f3ebc","timestamp":"2026-06-26 02:36:26"}
{"level":"info","message":"Created client session 5eb6842896997a1f774ddf8f","timestamp":"2026-06-26 02:39:13"}
{"level":"info","message":"Created client session bdae20b4fe6b80b081b904b5","timestamp":"2026-06-26 02:48:53"}
{"level":"info","message":"Created client session 2af3a7f2adb765c55a7bef0d","timestamp":"2026-06-26 02:55:25"}
{"level":"info","message":"Created client session 20a28faaa340a1073d259227","timestamp":"2026-06-26 03:00:59"}
{"level":"info","message":"Created client session be3b14f70353b1a1acc7eae9","timestamp":"2026-06-26 03:15:54"}
{"level":"info","message":"Created client session 080af1c85ddd54ea2c42df2e","timestamp":"2026-06-26 03:15:54"}
{"level":"info","message":"Created client session c60f1dbbe3283a57e4b9f84e","timestamp":"2026-06-26 03:15:54"}
{"level":"info","message":"Created client session 070def9947c3b222d6e49b71","timestamp":"2026-06-26 03:15:54"}
{"level":"info","message":"Created client session ea0fa5c76e77dadbed5c3e01","timestamp":"2026-06-26 03:15:54"}
{"level":"info","message":"Created client session dd6019f2108a229ad18c5bd6","timestamp":"2026-06-26 03:15:54"}
{"level":"info","message":"Created client session 36aaa460ce1dec29efb2da97","timestamp":"2026-06-26 03:15:54"}
{"level":"info","message":"Created client session 4b9a220c5919b580fe4656ae","timestamp":"2026-06-26 03:15:54"}
{"level":"info","message":"Created client session d688125ace1db1b948004158","timestamp":"2026-06-26 03:15:54"}
{"level":"info","message":"Created client session aabdcbf25688a03adec62ca9","timestamp":"2026-06-26 03:15:55"}
{"level":"info","message":"Created client session 4a359cf723462869cef45b0d","timestamp":"2026-06-26 03:15:55"}
{"level":"info","message":"Created client session 348f0c83b52a1cc07f1e6eb7","timestamp":"2026-06-26 03:15:55"}
{"level":"info","message":"Created client session 397e9dbcc1af1ddb0afe9288","timestamp":"2026-06-26 03:15:55"}
{"level":"info","message":"Created client session a6a234c62ef6817e89428464","timestamp":"2026-06-26 03:15:55"}
{"level":"info","message":"Created client session 1f17bb63359134b96e4bf7ee","timestamp":"2026-06-26 03:15:55"}
{"level":"info","message":"Created client session 1a08694d77430043dea26c3e","timestamp":"2026-06-26 03:15:55"}
{"level":"info","message":"Created client session f700b410e240903ba165c327","timestamp":"2026-06-26 03:15:55"}
{"level":"info","message":"Created client session 5bbe0e5ab43c1ac9bda9f79d","timestamp":"2026-06-26 03:15:55"}
{"level":"info","message":"Created client session 456b035b61ca007481dba186","timestamp":"2026-06-26 03:15:55"}
{"level":"info","message":"Created client session c232fb8255bafc4de2bdbb86","timestamp":"2026-06-26 03:15:55"}
{"level":"info","message":"Created client session cdb4c06b72293fb9169ad332","timestamp":"2026-06-26 03:15:55"}
{"level":"info","message":"Created client session 782b4a03988fcb9e6442cf3e","timestamp":"2026-06-26 03:15:55"}
{"level":"info","message":"Created client session d01839e81f17f4c30176e990","timestamp":"2026-06-26 03:15:55"}
{"level":"info","message":"Created client session eba2a51682b3413f7001d0d5","timestamp":"2026-06-26 03:15:55"}
{"level":"info","message":"Created client session 2671a4cf2d00f94bf082d2e2","timestamp":"2026-06-26 03:15:55"}
{"level":"info","message":"Created client session f17eabd2424801ca519248a8","timestamp":"2026-06-26 03:15:55"}
{"level":"info","message":"Created client session dbbb3fbe8de43face1b1a383","timestamp":"2026-06-26 03:15:55"}
{"level":"info","message":"Created client session 2bf2cffa7ab5cd5fe84be0e6","timestamp":"2026-06-26 03:15:55"}
{"level":"info","message":"Created client session 5abd5271ba156697eb42eaef","timestamp":"2026-06-26 03:15:55"}
{"level":"info","message":"Created client session f92636facd65c570f8a239e2","timestamp":"2026-06-26 03:15:55"}
{"level":"info","message":"Created client session 8e8eea7f509892f3513b3643","timestamp":"2026-06-26 03:22:49"}
