{"level":"info","message":"Created client session bc811875aef16dc065bd07dc","timestamp":"2026-09-02 00:02:39"}
{"level":"info","message":"Created client session ca74eba07f2b1126a3e3c875","timestamp":"2026-09-02 00:04:59"}
{"level":"info","message":"Created client session 67eaea2db79005ba21b3b77b","timestamp":"2026-09-02 00:05:05"}
{"level":"info","message":"Created client session 5b067a93c40e72d6730b4565","timestamp":"2026-09-02 00:05:09"}
{"level":"info","message":"Created client session 931996cac539b9b5b68f6765","timestamp":"2026-09-02 00:29:03"}
{"level":"info","message":"Created client session d5cfbddd71546e2a307c9c23","timestamp":"2026-09-02 00:29:27"}
{"level":"info","message":"Created client session 620c7d0e6f9bacc7b0a40177","timestamp":"2026-09-02 00:50:40"}
{"level":"info","message":"Created client session 1cdfc522188e8619c9aa580c","timestamp":"2026-09-02 00:50:40"}
{"level":"info","message":"Created client session 93d613a4960fc2ee7084bcba","timestamp":"2026-09-02 01:08:57"}
{"level":"info","message":"Created client session 51f697964e9b9cd3e7503180","timestamp":"2026-09-02 01:08:58"}
{"level":"info","message":"Created client session 1bd23733c10d129d7741e01c","timestamp":"2026-09-02 01:13:06"}
{"level":"info","message":"Created client session e38c3c6eea19570fc32b7537","timestamp":"2026-09-02 01:14:50"}
{"level":"info","message":"Created client session 81ed52e09a8a1455efa733ca","timestamp":"2026-09-02 01:16:52"}
{"level":"info","message":"Created client session c64aaeb1d6e96758e7d865db","timestamp":"2026-09-02 01:35:16"}
{"level":"info","message":"Created client session ae7e3380f2c3d1f9bbfe114e","timestamp":"2026-09-02 01:35:16"}
{"level":"info","message":"Created client session bc62d8c7e997caaede0434cc","timestamp":"2026-09-02 01:35:16"}
{"level":"info","message":"Created client session b9d3a8078668b71d34572237","timestamp":"2026-09-02 01:35:16"}
{"level":"info","message":"Created client session e6934f5c2d2b945311252cf3","timestamp":"2026-09-02 01:35:16"}
{"level":"info","message":"Created client session 9771751e67d7afccc7c11d73","timestamp":"2026-09-02 01:35:16"}
{"level":"info","message":"Created client session cf3f7a35b841e1fa7dc77b1d","timestamp":"2026-09-02 01:35:17"}
{"level":"info","message":"Created client session 4bbb272c4f8ff08046dd4711","timestamp":"2026-09-02 01:35:17"}
{"level":"info","message":"Created client session bead43df65500af0a976f0d7","timestamp":"2026-09-02 01:35:17"}
{"level":"info","message":"Created client session 5f124b57086cd2cf3cfd4555","timestamp":"2026-09-02 01:35:17"}
{"level":"info","message":"Created client session f2a5fdd9374385690bb12016","timestamp":"2026-09-02 01:35:17"}
{"level":"info","message":"Created client session c239376be2a736caedacec6c","timestamp":"2026-09-02 01:35:17"}
{"level":"info","message":"Created client session 73e0b6c78d097998533b7a64","timestamp":"2026-09-02 01:35:18"}
{"level":"info","message":"Created client session dd57e9ff99623da9c67b12e0","timestamp":"2026-09-02 01:35:18"}
{"level":"info","message":"Created client session cc5fad27fdf9f31150afdda3","timestamp":"2026-09-02 01:35:18"}
{"level":"info","message":"Created client session e4fc67c63f207ac1fa7489ad","timestamp":"2026-09-02 01:35:18"}
{"level":"info","message":"Created client session 7f4273767abeda5b50e866c5","timestamp":"2026-09-02 01:35:18"}
{"level":"info","message":"Created client session 712a35b9d02c191953f5d641","timestamp":"2026-09-02 01:35:18"}
{"level":"info","message":"Created client session d1a93b741e6192d49a98a26b","timestamp":"2026-09-02 01:35:19"}
{"level":"info","message":"Created client session 04288029bc5f53ccfca3fde6","timestamp":"2026-09-02 01:35:19"}
{"level":"info","message":"Created client session 98ba53930b2755e02cc4c9ad","timestamp":"2026-09-02 01:35:19"}
{"level":"info","message":"Created client session 2188f974ea818b8f9fe2e347","timestamp":"2026-09-02 01:35:19"}
{"level":"info","message":"Created client session e61f9b6f301f0bc0cbef5f5d","timestamp":"2026-09-02 01:35:19"}
{"level":"info","message":"Created client session 1f785fc4566f3e5e9b2d20e1","timestamp":"2026-09-02 01:35:19"}
{"level":"info","message":"Created client session a0941158b03999c6eaaec80b","timestamp":"2026-09-02 01:35:19"}
{"level":"info","message":"Created client session 63e62ebd7a42001a7909471d","timestamp":"2026-09-02 01:35:20"}
{"level":"info","message":"Created client session 24da47d4d87df6b41db730bb","timestamp":"2026-09-02 01:35:20"}
{"level":"info","message":"Created client session 24510c6c439463209897140a","timestamp":"2026-09-02 01:35:20"}
{"level":"info","message":"Created client session 37a8458ff947145af0740453","timestamp":"2026-09-02 01:35:20"}
{"level":"info","message":"Created client session d556239f17a19b50bce5bad2","timestamp":"2026-09-02 01:35:20"}
{"level":"info","message":"Created client session 6fe657fda04c59838f29c250","timestamp":"2026-09-02 01:35:20"}
{"level":"info","message":"Created client session ab093bf2e5378e43e0ce8489","timestamp":"2026-09-02 01:35:21"}
{"level":"info","message":"Created client session 3c937c769b446ae72964c2e0","timestamp":"2026-09-02 01:35:21"}
{"level":"info","message":"Created client session 713cb40e3bf07fa6b7a02a14","timestamp":"2026-09-02 01:35:21"}
{"level":"info","message":"Created client session 3c952989166df2e7f8804b45","timestamp":"2026-09-02 01:35:21"}
{"level":"info","message":"Created client session 23a1794d1e9057e3c72b64c8","timestamp":"2026-09-02 01:35:21"}
{"level":"info","message":"Created client session 56771d3f7e95d4b8159145de","timestamp":"2026-09-02 01:35:21"}
{"level":"info","message":"Created client session 1cd2c2ca737af271a65e4b80","timestamp":"2026-09-02 01:35:21"}
{"level":"info","message":"Created client session 8acb7fc0868e3d5ffb806210","timestamp":"2026-09-02 01:35:22"}
{"level":"info","message":"Created client session 1d0b2ba94a7ffd11b81bf5cd","timestamp":"2026-09-02 01:35:22"}
{"level":"info","message":"Created client session e6db353b27bda43f81bc18e4","timestamp":"2026-09-02 01:35:22"}
{"level":"info","message":"Created client session f401960a1cf7f223578b8734","timestamp":"2026-09-02 01:35:22"}
{"level":"info","message":"Created client session 3af50eb49627def14e00505d","timestamp":"2026-09-02 01:35:22"}
{"level":"info","message":"Created client session f6341ce5aeb4f294a5ef0cd8","timestamp":"2026-09-02 01:35:22"}
{"level":"info","message":"Created client session fe5f7f7983f0f4a9d12f94e4","timestamp":"2026-09-02 01:35:22"}
{"level":"info","message":"Created client session d77b6d741f41e1c4720e702d","timestamp":"2026-09-02 01:35:22"}
{"level":"info","message":"Created client session 962db841e7b3da461faac10d","timestamp":"2026-09-02 01:35:22"}
{"level":"info","message":"Created client session d61cffff95108f03a477a9b0","timestamp":"2026-09-02 01:47:23"}
{"level":"info","message":"Created client session 48cadb2773f9e1814e3eae43","timestamp":"2026-09-02 02:04:32"}
{"level":"info","message":"Created client session 7330abca7185fbca4ecb6482","timestamp":"2026-09-02 02:18:07"}
{"level":"info","message":"Created client session 69998076e54540ea58c4439c","timestamp":"2026-09-02 02:27:32"}
{"level":"info","message":"Created client session 07557e8bf9530054537f012a","timestamp":"2026-09-02 02:32:03"}
{"level":"info","message":"Created client session ee84b7559012cb8e41c1d7d2","timestamp":"2026-09-02 02:38:33"}
{"level":"info","message":"Created client session 8934fbd61cd8e263e88054bd","timestamp":"2026-09-02 02:39:50"}
{"level":"info","message":"Created client session fa174acf94c32fc8d9cff720","timestamp":"2026-09-02 02:48:26"}
{"level":"info","message":"Created client session 1d6b7766b238816a1bfa557a","timestamp":"2026-09-02 02:54:03"}
{"level":"info","message":"Created client session 120df79b69e323117a5ee864","timestamp":"2026-09-02 02:58:05"}
{"level":"info","message":"Created client session 622cb85194d8c067ccef5285","timestamp":"2026-09-02 03:03:42"}
{"level":"info","message":"Created client session abb340e5bae77444a58fd321","timestamp":"2026-09-02 03:06:17"}
{"level":"info","message":"Created client session 4f1e39969aea4bcc93ee87ea","timestamp":"2026-09-02 03:29:58"}
{"level":"info","message":"Created client session 0c72c3f742b145e0772642a8","timestamp":"2026-09-02 03:50:39"}
{"level":"info","message":"Created client session 5c20938e8d870452b7a1a331","timestamp":"2026-09-02 03:50:39"}
{"level":"info","message":"Created client session 43e7e1e4268fb08dc9491762","timestamp":"2026-09-02 04:01:24"}
{"level":"info","message":"Created client session 18427f6dd3a368f0c5220081","timestamp":"2026-09-02 04:02:19"}
{"level":"info","message":"Created client session 83fdf6534fad426fd3a00a7e","timestamp":"2026-09-02 04:13:00"}
{"level":"info","message":"Created client session 2e5e0d74555ef6879327dd62","timestamp":"2026-09-02 04:13:00"}
{"level":"info","message":"Created client session d110bf4cc62ed216624afd22","timestamp":"2026-09-02 04:18:15"}
{"level":"info","message":"Created client session ddf5d5394082465e1e17290d","timestamp":"2026-09-02 04:18:15"}
{"level":"info","message":"Created client session 6c77f780d57b82e5f4d90d14","timestamp":"2026-09-02 04:30:08"}
{"level":"info","message":"Created client session f1571c0145616025fa0c49c8","timestamp":"2026-09-02 04:30:09"}
{"level":"info","message":"Created client session 461cd7f72eff2d7d45d024a5","timestamp":"2026-09-02 04:41:45"}
{"level":"info","message":"Created client session 27d0363a5a2e8ac6401bf546","timestamp":"2026-09-02 04:41:45"}
{"level":"info","message":"Created client session 17dffffdd942b9dc5989132d","timestamp":"2026-09-02 04:42:23"}
{"level":"info","message":"Created client session 161eef130d5cd292509c2d6c","timestamp":"2026-09-02 04:42:24"}
{"level":"info","message":"Created client session caffa1f2b4cd462097ddb12f","timestamp":"2026-09-02 04:54:17"}
{"level":"info","message":"Created client session 4a57377bb2ccf3f9c21d6d5e","timestamp":"2026-09-02 04:55:53"}
{"level":"info","message":"Created client session a0097333556d810c2f08cc9d","timestamp":"2026-09-02 04:55:57"}
{"level":"info","message":"Created client session bc5757bd19fe38c5f248be63","timestamp":"2026-09-02 05:15:34"}
{"level":"info","message":"Created client session ff1cd8fede5ae20091cbd474","timestamp":"2026-09-02 05:15:37"}
{"level":"info","message":"Created client session ad9e11cbcf8465916562c262","timestamp":"2026-09-02 05:15:38"}
{"level":"info","message":"Created client session 461b4eaac322011b75c74c30","timestamp":"2026-09-02 05:41:53"}
{"level":"info","message":"Created client session 645e08ee9283a009c15a3d2b","timestamp":"2026-09-02 05:41:53"}
{"level":"info","message":"Created client session 9d693b42e06a14df28402b95","timestamp":"2026-09-02 05:45:08"}
{"level":"info","message":"Created client session e7bb6b9c1f8b053750b8ce9c","timestamp":"2026-09-02 05:51:23"}
{"level":"info","message":"Created client session ea93c9949e94422c82ea3dd6","timestamp":"2026-09-02 05:51:46"}
{"level":"info","message":"Created client session a9de7cb4705d4f5351bbab5c","timestamp":"2026-09-02 05:52:07"}
{"level":"info","message":"Created client session b08d8ab352bd043038e93bc1","timestamp":"2026-09-02 05:52:08"}
{"level":"info","message":"Created client session 063d0283cd240eedde7d4873","timestamp":"2026-09-02 05:52:52"}
{"level":"info","message":"Created client session 90c7209a256b20b250f38103","timestamp":"2026-09-02 05:56:47"}
{"level":"info","message":"Created client session 2682f6e6506da411ec27232a","timestamp":"2026-09-02 06:18:30"}
{"level":"info","message":"Created client session d769d5bc58a31088b4413cb0","timestamp":"2026-09-02 06:30:15"}
{"level":"info","message":"Created client session 056a50e85867ea39149a09e1","timestamp":"2026-09-02 06:30:22"}
{"level":"info","message":"Created client session 8a24b6029980ac29e46a4deb","timestamp":"2026-09-02 06:49:49"}
{"level":"info","message":"Created client session f51d22e81050fae7d2227f4f","timestamp":"2026-09-02 06:50:46"}
{"level":"info","message":"Created client session 50cc14986b0229665893ddd2","timestamp":"2026-09-02 07:11:29"}
{"level":"info","message":"Created client session 3a68a3adeb1ae2d4d88881ac","timestamp":"2026-09-02 07:37:31"}
{"level":"info","message":"Created client session a895ac09502fd20eca4b3afd","timestamp":"2026-09-02 07:39:43"}
{"level":"info","message":"Created client session 0c80241b921bf3a097e2be49","timestamp":"2026-09-02 08:03:11"}
{"level":"info","message":"Created client session c01dc8b89dc5982859cd21cb","timestamp":"2026-09-02 08:21:03"}
{"level":"info","message":"Created client session 6871b14f4216866aa6e64c07","timestamp":"2026-09-02 08:21:28"}
{"level":"info","message":"Created client session e1e99076f2a0050ef84b496d","timestamp":"2026-09-02 08:26:14"}
{"level":"info","message":"Created client session 30e8fc146dacea919c82aefa","timestamp":"2026-09-02 08:33:08"}
{"level":"info","message":"Created client session 5946d2d9dbf2a4d42fc75c7b","timestamp":"2026-09-02 08:38:03"}
{"level":"info","message":"Created client session 986c2f0e4e83e85cd0384928","timestamp":"2026-09-02 08:38:46"}
{"level":"info","message":"Created client session b4ebf57779a799008c70315d","timestamp":"2026-09-02 08:46:50"}
{"level":"info","message":"Created client session ed197479c651df35feaf720b","timestamp":"2026-09-02 08:52:29"}
{"level":"info","message":"Created client session df116a16d90db5734ce7b102","timestamp":"2026-09-02 08:52:39"}
{"level":"info","message":"Created client session 880c998d843a50408d5efc47","timestamp":"2026-09-02 08:52:55"}
{"level":"info","message":"Created client session 510c0d2f371ed03508ec3e47","timestamp":"2026-09-02 08:55:44"}
{"level":"info","message":"Created client session 9b8fc44b65746400d137fff3","timestamp":"2026-09-02 09:13:21"}
{"level":"info","message":"Created client session 321b7449688cd480f8764e5d","timestamp":"2026-09-02 09:17:00"}
{"level":"info","message":"Created client session 6c545705264bd934d7df8e18","timestamp":"2026-09-02 09:48:39"}
{"level":"info","message":"Created client session 8346f938e3fd4206ce1f12f8","timestamp":"2026-09-02 10:06:14"}
{"level":"info","message":"Created client session d712ab9d7cc659cd2839ecc6","timestamp":"2026-09-02 10:21:27"}
{"level":"info","message":"Created client session 0f27777ca9b070d896c607a3","timestamp":"2026-09-02 10:21:44"}
{"level":"info","message":"Created client session a82662ce6a1ede9cbaf333c1","timestamp":"2026-09-02 10:40:51"}
{"level":"info","message":"Created client session c946995cd4b9c0114ffe9311","timestamp":"2026-09-02 10:40:51"}
{"level":"info","message":"Created client session ffb4513d5d2faccb92d08121","timestamp":"2026-09-02 10:40:51"}
{"level":"info","message":"Created client session 5dcd492943d6d8cc6480c46d","timestamp":"2026-09-02 10:40:51"}
{"level":"info","message":"Created client session 999457b51fe5851197280033","timestamp":"2026-09-02 10:40:52"}
{"level":"info","message":"Created client session 0c8cc57f8aae5d65230035c4","timestamp":"2026-09-02 10:40:52"}
{"level":"info","message":"Created client session 5157b60e77030b7598069405","timestamp":"2026-09-02 10:45:31"}
{"level":"info","message":"Created client session 6a4a73a1a6ccec1df06abba3","timestamp":"2026-09-02 11:01:34"}
{"level":"info","message":"Created client session 040a60c395fbd9f4b2723ce7","timestamp":"2026-09-02 11:01:34"}
{"level":"info","message":"Created client session c2db704205c3e1ab356fedfa","timestamp":"2026-09-02 11:01:34"}
{"level":"info","message":"Created client session 88ec70c38cd8d7b4744321b2","timestamp":"2026-09-02 11:01:34"}
{"level":"info","message":"Created client session 52fe23810f69db9c804b5572","timestamp":"2026-09-02 11:01:34"}
{"level":"info","message":"Created client session dbf6af3ff4f2e81a665de4d6","timestamp":"2026-09-02 11:01:34"}
{"level":"info","message":"Created client session fa689206ec7b17e1d757eb72","timestamp":"2026-09-02 11:01:34"}
{"level":"info","message":"Created client session 4fc2878443973493587cd649","timestamp":"2026-09-02 11:01:34"}
{"level":"info","message":"Created client session 6faac6b135f6f242da6d6539","timestamp":"2026-09-02 11:01:35"}
{"level":"info","message":"Created client session 4d6b7f38193daef02ab673ab","timestamp":"2026-09-02 11:01:35"}
{"level":"info","message":"Created client session 0db1b298195f17561afb560e","timestamp":"2026-09-02 11:01:35"}
{"level":"info","message":"Created client session 9a0e435f8e3fe244a7314b77","timestamp":"2026-09-02 11:01:35"}
{"level":"info","message":"Created client session 1f34339711c7f2b08f7a605a","timestamp":"2026-09-02 11:01:35"}
{"level":"info","message":"Created client session 329a4f64b73d117da5d670b7","timestamp":"2026-09-02 11:01:35"}
{"level":"info","message":"Created client session 1e0f47adc1b102224a0b6365","timestamp":"2026-09-02 11:01:35"}
{"level":"info","message":"Created client session 174257371cfcc223ac7c54bf","timestamp":"2026-09-02 11:01:35"}
{"level":"info","message":"Created client session d94ab1e929f447602ba4c03d","timestamp":"2026-09-02 11:01:35"}
{"level":"info","message":"Created client session e1ecbbff733622214352bae4","timestamp":"2026-09-02 11:01:35"}
{"level":"info","message":"Created client session 8c3d800077815e2e6231b111","timestamp":"2026-09-02 11:01:36"}
{"level":"info","message":"Created client session c36a5768a31a03479799f897","timestamp":"2026-09-02 11:01:36"}
{"level":"info","message":"Created client session 16aaa2fb944e15ba4180bf85","timestamp":"2026-09-02 11:27:31"}
{"level":"info","message":"Created client session e9d4463f1d5c47706485cf29","timestamp":"2026-09-02 12:15:11"}
{"level":"info","message":"Created client session 9e1f8983d041ad99efa12af8","timestamp":"2026-09-02 12:34:19"}
{"level":"info","message":"Created client session cac7756a65706e2fed820446","timestamp":"2026-09-02 13:15:44"}
{"level":"info","message":"Created client session 60cdf9aa6de88f97367be186","timestamp":"2026-09-02 13:28:54"}
{"level":"info","message":"Created client session f3a3160e49c45c52ee8fe1ec","timestamp":"2026-09-02 13:32:11"}
{"level":"info","message":"Created client session ef8d606f6581294b6abe2825","timestamp":"2026-09-02 13:35:29"}
{"level":"info","message":"Created client session 534afe4ade84954b3a0ca31c","timestamp":"2026-09-02 13:46:08"}
{"level":"info","message":"Created client session a60141e988f8968a38fca02b","timestamp":"2026-09-02 13:53:27"}
{"level":"info","message":"Created client session 6997ee3fcd21241cd2ad7656","timestamp":"2026-09-02 13:54:04"}
{"level":"info","message":"Created client session be8e9a60cd3ddc1bdbebb589","timestamp":"2026-09-02 13:56:54"}
{"level":"info","message":"Created client session f3d6a29de59c054c91b41c04","timestamp":"2026-09-02 13:56:54"}
{"level":"info","message":"Created client session 312633f30e878e6226b97885","timestamp":"2026-09-02 13:56:54"}
{"level":"info","message":"Created client session 909fe3effe7d5c0a8b02de62","timestamp":"2026-09-02 13:56:54"}
{"level":"info","message":"Created client session 302e48176be6d7620b52291f","timestamp":"2026-09-02 13:56:54"}
{"level":"info","message":"Created client session 311da880b134b10448c4e63d","timestamp":"2026-09-02 13:56:55"}
{"level":"info","message":"Created client session d60f19b31963e28df028d56a","timestamp":"2026-09-02 13:56:55"}
{"level":"info","message":"Created client session 7a4c8c7712a2c23e2d9b1836","timestamp":"2026-09-02 13:56:55"}
{"level":"info","message":"Created client session aa63d07f71f48fd6d1543e16","timestamp":"2026-09-02 14:13:48"}
{"ip":"::1","level":"info","message":"User authentication successful for user Gamemaster","session":"aa63d07f71f48fd6d1543e16","timestamp":"2026-09-02 14:14:05"}
{"level":"info","message":"No system update for Dungeons & Dragons Fifth Edition is currently available.","timestamp":"2026-09-02 14:14:06"}
{"level":"info","message":"Core software stable update 14.367 is available!","timestamp":"2026-09-02 14:14:07"}
{"level":"info","message":"Vended World data to User [YzL2W1htQr2gHsBA] in 1233ms","timestamp":"2026-09-02 14:14:07"}
{"level":"info","message":"Deleted Drawing with id [jgfhUjuyAUwzqfqu] in parent Scene [qbILv35hj17A2e2a]","timestamp":"2026-09-02 14:15:40"}
{"level":"info","message":"Deleted 2 Drawing documents with ids: [CNtk8phuFPUkkmAY,745P9M2Rmx1HEdd6] in parent Scene [qbILv35hj17A2e2a]","timestamp":"2026-09-02 14:15:41"}
{"level":"info","message":"Created Tile with id [ycimKsOcw4YuCsUu] in parent Scene [qbILv35hj17A2e2a]","timestamp":"2026-09-02 14:15:53"}
{"level":"info","message":"Deleted Tile with id [ycimKsOcw4YuCsUu] in parent Scene [qbILv35hj17A2e2a]","timestamp":"2026-09-02 14:15:55"}
{"level":"info","message":"Created Tile with id [idc50eCtKScbQySl] in parent Scene [qbILv35hj17A2e2a]","timestamp":"2026-09-02 14:16:04"}
{"level":"info","message":"Deleted Tile with id [idc50eCtKScbQySl] in parent Scene [qbILv35hj17A2e2a]","timestamp":"2026-09-02 14:16:13"}
{"level":"info","message":"Created Token with id [vaB5x73r12xiT9lU] in parent Scene [qbILv35hj17A2e2a]","timestamp":"2026-09-02 14:16:58"}
{"level":"info","message":"Created Token with id [3Y4nXEZymsCs2UtN] in parent Scene [qbILv35hj17A2e2a]","timestamp":"2026-09-02 14:17:01"}
{"level":"info","message":"Created Actor with id [WIu9sBU1EI0dQEaY]","timestamp":"2026-09-02 14:23:02"}
{"level":"info","message":"token_1.png saved to Icons","timestamp":"2026-09-02 14:23:27"}
{"level":"info","message":"Created client session a1eaff486d88f0a1e8a8edcf","timestamp":"2026-09-02 14:27:06"}
{"level":"info","message":"Created client session ddbeebb340f25813e76b1d45","timestamp":"2026-09-02 14:29:14"}
{"level":"info","message":"Created Item with id [TPn2Q1w4YiuGNbzn] in parent Actor [WIu9sBU1EI0dQEaY]","timestamp":"2026-09-02 14:46:47"}
{"level":"info","message":"Created Item with id [pkjjIjvBNTrdTYgK] in parent Actor [WIu9sBU1EI0dQEaY]","timestamp":"2026-09-02 14:46:49"}
{"level":"info","message":"Created Token with id [3y6J1kMz4dLjX2Qi] in parent Scene [qbILv35hj17A2e2a]","timestamp":"2026-09-02 14:47:56"}
{"level":"info","message":"Reset 5 FogExploration documents for Scene qbILv35hj17A2e2a","timestamp":"2026-09-02 14:48:51"}
{"level":"info","message":"Created FogExploration with id [jSk5dCRu5Eq5LZSD]","timestamp":"2026-09-02 14:48:57"}
{"level":"info","message":"Created client session a6293eddd4f8f2ce57d9d15e","timestamp":"2026-09-02 15:02:47"}
{"level":"info","message":"Created client session c31d3829e64ce3ed2e16a2f4","timestamp":"2026-09-02 15:06:09"}
{"level":"info","message":"Deleted Item with id [TPn2Q1w4YiuGNbzn] in parent ActorDelta [3y6J1kMz4dLjX2Qi]","timestamp":"2026-09-02 15:06:17"}
{"level":"info","message":"Created ChatMessage with id [XHZtS2AA2I9EGEju]","timestamp":"2026-09-02 15:06:25"}
{"level":"info","message":"Deleted ChatMessage with id [XHZtS2AA2I9EGEju]","timestamp":"2026-09-02 15:06:29"}
{"level":"info","message":"Created client session c03635a9bc9ab852c8c46b9b","timestamp":"2026-09-02 15:10:08"}
{"level":"debug","message":"Starting edit session for user 'YzL2W1htQr2gHsBA' and instance 'JournalEntry.pvj1i6lt1v1F6z6Q.JournalEntryPage.FmyGFe7AX72n4h2J#text.content'.","timestamp":"2026-09-02 15:17:38"}
{"level":"debug","message":"Broadcasting autosave update for instance 'JournalEntry.pvj1i6lt1v1F6z6Q.JournalEntryPage.FmyGFe7AX72n4h2J#text.content'.","timestamp":"2026-09-02 15:18:38"}
{"level":"debug","message":"Broadcasting autosave update for instance 'JournalEntry.pvj1i6lt1v1F6z6Q.JournalEntryPage.FmyGFe7AX72n4h2J#text.content'.","timestamp":"2026-09-02 15:23:38"}
{"level":"debug","message":"Broadcasting autosave update for instance 'JournalEntry.pvj1i6lt1v1F6z6Q.JournalEntryPage.FmyGFe7AX72n4h2J#text.content'.","timestamp":"2026-09-02 15:24:38"}
{"level":"debug","message":"Broadcasting autosave update for instance 'JournalEntry.pvj1i6lt1v1F6z6Q.JournalEntryPage.FmyGFe7AX72n4h2J#text.content'.","timestamp":"2026-09-02 15:31:38"}
{"level":"info","message":"Created client session aa964de80059a86f0225ee80","timestamp":"2026-09-02 15:33:04"}
{"level":"debug","message":"Broadcasting autosave update for instance 'JournalEntry.pvj1i6lt1v1F6z6Q.JournalEntryPage.FmyGFe7AX72n4h2J#text.content'.","timestamp":"2026-09-02 15:38:38"}
{"level":"debug","message":"Retiring user 'YzL2W1htQr2gHsBA' from editing session for instance 'JournalEntry.pvj1i6lt1v1F6z6Q.JournalEntryPage.FmyGFe7AX72n4h2J#text.content'.","timestamp":"2026-09-02 15:41:30"}
{"level":"debug","message":"Instance 'JournalEntry.pvj1i6lt1v1F6z6Q.JournalEntryPage.FmyGFe7AX72n4h2J#text.content' has no more active editors, cleaning up.","timestamp":"2026-09-02 15:41:30"}
{"level":"info","message":"Created client session 1333c67d2bbb60e0ebeac38d","timestamp":"2026-09-02 15:59:15"}
{"level":"info","message":"Deleted Token with id [3y6J1kMz4dLjX2Qi] in parent Scene [qbILv35hj17A2e2a]","timestamp":"2026-09-02 16:39:39"}
{"level":"debug","message":"Starting edit session for user 'YzL2W1htQr2gHsBA' and instance 'JournalEntry.pvj1i6lt1v1F6z6Q.JournalEntryPage.O6NQJf65mU5ediPY#text.content'.","timestamp":"2026-09-02 16:39:41"}
{"level":"debug","message":"Retiring user 'YzL2W1htQr2gHsBA' from editing session for instance 'JournalEntry.pvj1i6lt1v1F6z6Q.JournalEntryPage.O6NQJf65mU5ediPY#text.content'.","timestamp":"2026-09-02 16:41:16"}
{"level":"debug","message":"Instance 'JournalEntry.pvj1i6lt1v1F6z6Q.JournalEntryPage.O6NQJf65mU5ediPY#text.content' has no more active editors, cleaning up.","timestamp":"2026-09-02 16:41:16"}
{"level":"info","message":"Created client session 78e060ae17fff50d695b4c96","timestamp":"2026-09-02 16:41:54"}
{"level":"info","message":"Created ActiveEffect with id [dnd5ebloodied000] in parent ActorDelta [gxejukD8BXlI8Z0i]","timestamp":"2026-09-02 16:43:13"}
{"level":"info","message":"Created AmbientLight with id [fzrgNnosfq3Q2RJq] in parent Scene [xHMBGFHLd1GaoC8x]","timestamp":"2026-09-02 16:44:26"}
{"level":"info","message":"Created client session efff22c070b7d4cbdd5701ed","timestamp":"2026-09-02 16:46:16"}
{"level":"info","message":"Created client session edb766d1fec04357bab0d4a0","timestamp":"2026-09-02 16:46:16"}
{"level":"info","message":"Created client session cc1a85b477437363d0618b69","timestamp":"2026-09-02 16:46:16"}
{"level":"info","message":"Created client session c2831f62fbb7787c9f3127b1","timestamp":"2026-09-02 16:46:17"}
{"level":"info","message":"Created client session aa1c543e353a3dcc3d9467e2","timestamp":"2026-09-02 16:46:17"}
{"level":"info","message":"Created client session 77ca37cbd7e331a9c893a253","timestamp":"2026-09-02 16:46:17"}
{"level":"info","message":"Created client session f22b9911cb0401b76f2957c3","timestamp":"2026-09-02 16:46:17"}
{"level":"info","message":"Created client session 19ddc45ba723d2874ba74b06","timestamp":"2026-09-02 16:46:17"}
{"level":"info","message":"Created client session 94ee9c4816f74e12682875bc","timestamp":"2026-09-02 16:46:17"}
{"level":"info","message":"Created client session 096afed47f133264c0485f75","timestamp":"2026-09-02 16:46:18"}
{"level":"info","message":"Created client session cc1d7c888d9492aef45f94e6","timestamp":"2026-09-02 16:46:18"}
{"level":"info","message":"Created client session 1bc761177f121bdea732f049","timestamp":"2026-09-02 16:46:18"}
{"level":"info","message":"Created client session 468216c0423588d2ff02b729","timestamp":"2026-09-02 16:46:18"}
{"level":"info","message":"Created client session c98b60c5bde9fe499a4cc8f7","timestamp":"2026-09-02 16:46:18"}
{"level":"info","message":"Created client session 9a0d27b3339badee10526279","timestamp":"2026-09-02 16:46:18"}
{"level":"info","message":"Created client session 3cf750e430eaa6b9dba6edeb","timestamp":"2026-09-02 16:46:19"}
{"level":"info","message":"Created client session f4f266d9e6bdc812ce4a0644","timestamp":"2026-09-02 16:46:19"}
{"level":"info","message":"Created client session b774994fd625c7a4ecff670d","timestamp":"2026-09-02 16:46:19"}
{"level":"info","message":"Created AmbientLight with id [A9IfBCKaIJMn12Um] in parent Scene [xHMBGFHLd1GaoC8x]","timestamp":"2026-09-02 16:46:19"}
{"level":"info","message":"Created client session 4e4d0cc2990d775d231a754c","timestamp":"2026-09-02 16:46:19"}
{"level":"info","message":"Created client session b91066ac8b03c70851a69fce","timestamp":"2026-09-02 16:46:19"}
{"level":"info","message":"Created client session f084b864f0f530cc22f5a089","timestamp":"2026-09-02 16:46:20"}
{"level":"info","message":"Created client session de3b00662111d69e058f086b","timestamp":"2026-09-02 16:46:20"}
{"level":"info","message":"Created client session 5079a9a8c49f85539e089ba9","timestamp":"2026-09-02 16:46:20"}
{"level":"info","message":"Created client session 73b666243308bab91b77d91e","timestamp":"2026-09-02 16:46:20"}
{"level":"info","message":"Created client session 12d6c414cc087b8315f9fa7b","timestamp":"2026-09-02 16:46:20"}
{"level":"info","message":"Created client session 577292ccb42a7b1083553c11","timestamp":"2026-09-02 16:46:20"}
{"level":"info","message":"Created client session 2226a49d4079f7eb3faf6c78","timestamp":"2026-09-02 16:46:20"}
{"level":"info","message":"Created client session 453505fae2279551e8260eed","timestamp":"2026-09-02 16:46:21"}
{"level":"info","message":"Created client session d8ee97be1f0fb4345cfe1818","timestamp":"2026-09-02 16:46:21"}
{"level":"info","message":"Created client session bd4d33196333af2834071938","timestamp":"2026-09-02 16:46:21"}
{"level":"info","message":"Created client session 35f803829332746859f15fd4","timestamp":"2026-09-02 16:46:21"}
{"level":"info","message":"Created client session fe3e245d9511be5430aa7112","timestamp":"2026-09-02 16:46:21"}
{"level":"info","message":"Created client session 4c4a28be1a7e7fca86c00daa","timestamp":"2026-09-02 16:46:21"}
{"level":"info","message":"Created client session 7264a2008cd0b0d312e3fce2","timestamp":"2026-09-02 16:46:22"}
{"level":"info","message":"Created client session 43de68e311e9c08ef9bc3ed7","timestamp":"2026-09-02 16:46:22"}
{"level":"info","message":"Created client session 3ce9c60c3ccb6f03fbb0d1ac","timestamp":"2026-09-02 16:46:22"}
{"level":"info","message":"Created client session acda6f34282dbe448eb1d925","timestamp":"2026-09-02 16:46:22"}
{"level":"info","message":"Created client session 2118a3b640bba7f1c922ce66","timestamp":"2026-09-02 16:46:23"}
{"level":"info","message":"Created client session 2995744671c6b7e3594a1a74","timestamp":"2026-09-02 16:46:23"}
{"level":"info","message":"Created client session 71d92dff0853ec3bc08dba31","timestamp":"2026-09-02 16:46:23"}
{"level":"info","message":"Created client session 443c0da68312bb20a3ba6f46","timestamp":"2026-09-02 16:46:23"}
{"level":"info","message":"Created client session 17788ddfdef0b5eecdf2a514","timestamp":"2026-09-02 16:46:23"}
{"level":"info","message":"Created client session ccfa0477700594c47d461c60","timestamp":"2026-09-02 16:46:24"}
{"level":"info","message":"Created client session 35f9c9b177395ee783c8e4b4","timestamp":"2026-09-02 16:46:24"}
{"level":"info","message":"Created client session a065c1bb72d349a6e4ff0b31","timestamp":"2026-09-02 16:46:24"}
{"level":"info","message":"Created client session 7e7d3f0123c47407e1dbd714","timestamp":"2026-09-02 16:46:24"}
{"level":"info","message":"Created client session 07bec24cfa9c7afdd5261255","timestamp":"2026-09-02 16:46:24"}
{"level":"info","message":"Created client session 3afa887f6bb6f0c010c79dd2","timestamp":"2026-09-02 16:46:24"}
{"level":"info","message":"Reset 0 FogExploration documents for Scene xHMBGFHLd1GaoC8x","timestamp":"2026-09-02 16:46:29"}
{"level":"info","message":"Created AmbientLight with id [lkv3xrY6Hy2eLKKj] in parent Scene [xHMBGFHLd1GaoC8x]","timestamp":"2026-09-02 16:46:39"}
{"level":"info","message":"Created AmbientLight with id [dOOeCzDzhLrNwgez] in parent Scene [xHMBGFHLd1GaoC8x]","timestamp":"2026-09-02 16:46:42"}
{"level":"info","message":"Created AmbientLight with id [B7RVOHGBoKVHitjo] in parent Scene [xHMBGFHLd1GaoC8x]","timestamp":"2026-09-02 16:46:47"}
{"level":"info","message":"Created AmbientLight with id [0yWgbmsJQSHhj6Kb] in parent Scene [xHMBGFHLd1GaoC8x]","timestamp":"2026-09-02 16:46:51"}
{"level":"info","message":"Created AmbientLight with id [AJYpeWfOKDXBFRqQ] in parent Scene [xHMBGFHLd1GaoC8x]","timestamp":"2026-09-02 16:46:53"}
{"level":"info","message":"Created AmbientLight with id [kivhmrlSpc5mZUFE] in parent Scene [xHMBGFHLd1GaoC8x]","timestamp":"2026-09-02 16:46:54"}
{"level":"info","message":"Created AmbientLight with id [6Q3wjgYPEHhmFkel] in parent Scene [xHMBGFHLd1GaoC8x]","timestamp":"2026-09-02 16:46:56"}
{"level":"info","message":"Created AmbientLight with id [XVcCH5pQgCQJZenu] in parent Scene [xHMBGFHLd1GaoC8x]","timestamp":"2026-09-02 16:47:00"}
{"level":"info","message":"Created AmbientLight with id [riEYrzvhwJCZ5ARk] in parent Scene [xHMBGFHLd1GaoC8x]","timestamp":"2026-09-02 16:47:02"}
{"level":"info","message":"Created AmbientLight with id [XDH6jpatQV4D5PFq] in parent Scene [xHMBGFHLd1GaoC8x]","timestamp":"2026-09-02 16:47:05"}
{"level":"info","message":"Created AmbientLight with id [KCRL1lG6oNYKYEHE] in parent Scene [xHMBGFHLd1GaoC8x]","timestamp":"2026-09-02 16:47:06"}
{"level":"info","message":"Created AmbientLight with id [r8w0KWiuTlesUuec] in parent Scene [xHMBGFHLd1GaoC8x]","timestamp":"2026-09-02 16:47:07"}
{"level":"info","message":"Created AmbientLight with id [xjMob8MGI2JiTHzP] in parent Scene [xHMBGFHLd1GaoC8x]","timestamp":"2026-09-02 16:47:08"}
{"level":"info","message":"Created AmbientLight with id [rh5ejkzf4dBql8Yg] in parent Scene [xHMBGFHLd1GaoC8x]","timestamp":"2026-09-02 16:47:10"}
{"level":"info","message":"Created AmbientLight with id [orQ28Su8SD8fIbeZ] in parent Scene [xHMBGFHLd1GaoC8x]","timestamp":"2026-09-02 16:47:13"}
{"level":"info","message":"Created AmbientLight with id [A1iJwFE62J61bQxV] in parent Scene [xHMBGFHLd1GaoC8x]","timestamp":"2026-09-02 16:47:17"}
{"level":"info","message":"Created AmbientLight with id [rLxIhmHyt4n8mEfZ] in parent Scene [xHMBGFHLd1GaoC8x]","timestamp":"2026-09-02 16:47:18"}
{"level":"info","message":"Created AmbientLight with id [KBip4imjlwDpe0bU] in parent Scene [xHMBGFHLd1GaoC8x]","timestamp":"2026-09-02 16:47:20"}
{"level":"info","message":"Created AmbientLight with id [d6fOqwV2uPcESpQ7] in parent Scene [xHMBGFHLd1GaoC8x]","timestamp":"2026-09-02 16:47:22"}
{"level":"info","message":"Created AmbientLight with id [L2x9CZI1NJrVBeEn] in parent Scene [xHMBGFHLd1GaoC8x]","timestamp":"2026-09-02 16:47:23"}
{"level":"info","message":"Created AmbientLight with id [l6XIwuqHvRZQcs8I] in parent Scene [xHMBGFHLd1GaoC8x]","timestamp":"2026-09-02 16:47:25"}
{"level":"info","message":"Created AmbientLight with id [MGVliWlNI29QSYNl] in parent Scene [xHMBGFHLd1GaoC8x]","timestamp":"2026-09-02 16:47:27"}
{"level":"info","message":"Created AmbientLight with id [8Uabuwnnq4KLCwge] in parent Scene [xHMBGFHLd1GaoC8x]","timestamp":"2026-09-02 16:47:28"}
{"level":"info","message":"Created AmbientLight with id [UKhIewkWJSptWxg6] in parent Scene [xHMBGFHLd1GaoC8x]","timestamp":"2026-09-02 16:47:32"}
{"level":"info","message":"Created AmbientLight with id [2RVR1WCPKPMYJQ6i] in parent Scene [xHMBGFHLd1GaoC8x]","timestamp":"2026-09-02 16:47:34"}
{"level":"info","message":"Created AmbientLight with id [2f0GVztie7PPDtDr] in parent Scene [xHMBGFHLd1GaoC8x]","timestamp":"2026-09-02 16:47:38"}
{"level":"info","message":"Created AmbientLight with id [dZFoSXu6cm8ZGXcp] in parent Scene [xHMBGFHLd1GaoC8x]","timestamp":"2026-09-02 16:47:41"}
{"level":"info","message":"Created AmbientLight with id [V12BPXJFvf0cUML3] in parent Scene [xHMBGFHLd1GaoC8x]","timestamp":"2026-09-02 16:47:42"}
{"level":"info","message":"Created AmbientLight with id [ebG9vxalYJ8UhSQG] in parent Scene [xHMBGFHLd1GaoC8x]","timestamp":"2026-09-02 16:47:43"}
{"level":"info","message":"Created AmbientLight with id [v4CVkUy6NZ8jeyTO] in parent Scene [xHMBGFHLd1GaoC8x]","timestamp":"2026-09-02 16:47:44"}
{"level":"info","message":"Created AmbientLight with id [gyX7iv7gfqUMlx0C] in parent Scene [xHMBGFHLd1GaoC8x]","timestamp":"2026-09-02 16:47:45"}
{"level":"info","message":"Created AmbientLight with id [QptStpbZMMxz2t6v] in parent Scene [xHMBGFHLd1GaoC8x]","timestamp":"2026-09-02 16:47:46"}
{"level":"info","message":"Created AmbientLight with id [gd4GzbdW4i8a66yQ] in parent Scene [xHMBGFHLd1GaoC8x]","timestamp":"2026-09-02 16:47:48"}
{"level":"info","message":"Created AmbientLight with id [6qmhD7cVtLFl4k4F] in parent Scene [xHMBGFHLd1GaoC8x]","timestamp":"2026-09-02 16:47:50"}
{"level":"info","message":"Created AmbientLight with id [pmjzeqteGyRmUYeM] in parent Scene [xHMBGFHLd1GaoC8x]","timestamp":"2026-09-02 16:47:52"}
{"level":"info","message":"Created AmbientLight with id [knMZE2TQy20l3vNv] in parent Scene [xHMBGFHLd1GaoC8x]","timestamp":"2026-09-02 16:47:54"}
{"level":"info","message":"Created AmbientLight with id [G1TZNbugpsJAff7D] in parent Scene [xHMBGFHLd1GaoC8x]","timestamp":"2026-09-02 16:47:56"}
{"level":"info","message":"Created AmbientLight with id [l8Qle3q1t63jEgBe] in parent Scene [xHMBGFHLd1GaoC8x]","timestamp":"2026-09-02 16:47:58"}
{"level":"info","message":"Created AmbientLight with id [KUEyHV7qJQI5Ghlo] in parent Scene [xHMBGFHLd1GaoC8x]","timestamp":"2026-09-02 16:48:05"}
{"level":"info","message":"Created AmbientLight with id [GEJunj0uHVgnWXZ6] in parent Scene [xHMBGFHLd1GaoC8x]","timestamp":"2026-09-02 16:48:06"}
{"level":"info","message":"Created AmbientLight with id [pdgUbwdAx6xA424e] in parent Scene [xHMBGFHLd1GaoC8x]","timestamp":"2026-09-02 16:48:08"}
{"level":"info","message":"Created AmbientLight with id [kruWteZkG7XUCqFa] in parent Scene [xHMBGFHLd1GaoC8x]","timestamp":"2026-09-02 16:48:09"}
{"level":"info","message":"Created AmbientLight with id [BFFCjlXVgH3PxkNk] in parent Scene [xHMBGFHLd1GaoC8x]","timestamp":"2026-09-02 16:48:22"}
{"level":"info","message":"Created AmbientLight with id [ccn6wd4In3Wwb6iC] in parent Scene [xHMBGFHLd1GaoC8x]","timestamp":"2026-09-02 16:48:34"}
{"level":"info","message":"Created AmbientLight with id [lr1eeMHOENGDG58T] in parent Scene [xHMBGFHLd1GaoC8x]","timestamp":"2026-09-02 16:48:37"}
{"level":"info","message":"Created AmbientLight with id [bvBjSMGTB7jUutC7] in parent Scene [xHMBGFHLd1GaoC8x]","timestamp":"2026-09-02 16:48:45"}
{"level":"info","message":"Created AmbientLight with id [yVej1Q4Hbq5rZ00G] in parent Scene [xHMBGFHLd1GaoC8x]","timestamp":"2026-09-02 16:48:52"}
{"level":"info","message":"Created client session ca7029d5c346c0b6afa09aa1","timestamp":"2026-09-02 16:49:54"}
{"level":"info","message":"Created client session 6928438ecabd0633df17d0b4","timestamp":"2026-09-02 17:25:32"}
{"level":"info","message":"Created client session 947eeb4fb5fa1b718f190ce3","timestamp":"2026-09-02 17:30:22"}
{"level":"info","message":"Created client session 833959c953d15079583728f9","timestamp":"2026-09-02 17:32:11"}
{"level":"info","message":"Created client session fa972fef2d2ce2ae351b0dc7","timestamp":"2026-09-02 17:34:27"}
{"level":"info","message":"Created client session 3bf5d56b03fa593c872a7ecb","timestamp":"2026-09-02 17:34:30"}
{"level":"info","message":"Created client session 1c4e3b1c98e1d4c3a17dc6c8","timestamp":"2026-09-02 17:34:33"}
{"level":"info","message":"Created client session 65c96b011de834ea8b5d7a6d","timestamp":"2026-09-02 17:34:33"}
{"level":"info","message":"Created client session 5af33cd7b8ff24609166ff20","timestamp":"2026-09-02 17:34:37"}
{"level":"info","message":"Created client session 69071ea16884d3c321af251a","timestamp":"2026-09-02 17:34:37"}
{"level":"info","message":"Created client session 50b4339e9d0a2c2b3226e598","timestamp":"2026-09-02 17:34:40"}
{"level":"info","message":"Created client session 1913198b3b879cef6bb09f33","timestamp":"2026-09-02 17:34:40"}
{"level":"info","message":"Created client session fd0ab1de5823e80fb696a5f6","timestamp":"2026-09-02 17:34:44"}
{"level":"info","message":"Created client session 73fa7815d2737a981eb8ce60","timestamp":"2026-09-02 17:34:44"}
{"level":"info","message":"Created client session d07731c26c92ca77460a1685","timestamp":"2026-09-02 17:34:47"}
{"level":"info","message":"Created client session 7d44712112535b136db7ccea","timestamp":"2026-09-02 17:34:48"}
{"level":"info","message":"Created client session 707ce5d194cdcc27b000c7c6","timestamp":"2026-09-02 17:34:51"}
{"level":"info","message":"Created client session 3a951503ae89c1087fef1c9e","timestamp":"2026-09-02 17:34:52"}
{"level":"info","message":"Created client session bb4e8f812dbccfb8d4d7088f","timestamp":"2026-09-02 17:34:54"}
{"level":"info","message":"Created client session 28903aa6c7b4901520f05bbe","timestamp":"2026-09-02 17:34:57"}
{"level":"info","message":"Created client session 1c5ec9dd52847e473fa31c6c","timestamp":"2026-09-02 17:34:57"}
{"level":"info","message":"Created client session 6e27839c1c6ee6d4691e0361","timestamp":"2026-09-02 17:35:01"}
{"level":"info","message":"Created client session 7607f29c211545a71948741d","timestamp":"2026-09-02 17:35:01"}
{"level":"info","message":"Created client session d0f106524da967ae135e3257","timestamp":"2026-09-02 17:35:05"}
{"level":"info","message":"Created client session c36806ad0d53a2346f8f9bb1","timestamp":"2026-09-02 17:35:06"}
{"level":"info","message":"Created client session 664c949f7bafea34d30097b9","timestamp":"2026-09-02 17:35:08"}
{"level":"info","message":"Created client session 646fea724383d613f9d68944","timestamp":"2026-09-02 17:35:10"}
{"level":"info","message":"Created client session 3634ae0ea2f1c44f61a73c09","timestamp":"2026-09-02 17:35:12"}
{"level":"info","message":"Created client session 19598c6dd08fab73e30ba181","timestamp":"2026-09-02 17:35:14"}
{"level":"info","message":"Created client session ddda1cda23f3b324a4ba02f0","timestamp":"2026-09-02 17:35:15"}
{"level":"info","message":"Created client session 79f18356a2d85bbb829e3045","timestamp":"2026-09-02 17:35:18"}
{"level":"info","message":"Created client session c7e65e026143344530c91663","timestamp":"2026-09-02 17:35:19"}
{"level":"info","message":"Created client session b70284e0c24543624cf521ca","timestamp":"2026-09-02 17:35:22"}
{"level":"info","message":"Created client session 4c0473544ef004da75bef344","timestamp":"2026-09-02 17:35:22"}
{"level":"info","message":"Created client session fe865adc38bf0ceec900d25b","timestamp":"2026-09-02 17:35:25"}
{"level":"info","message":"Created client session 0099b8dae070c39fd4793a36","timestamp":"2026-09-02 17:35:26"}
{"level":"info","message":"Created client session ef331a9ae985291e145368e6","timestamp":"2026-09-02 17:35:29"}
{"level":"info","message":"Created client session 675de0d94482eef21b7db390","timestamp":"2026-09-02 17:35:30"}
{"level":"info","message":"Created client session ab8ca3a8777e91c99740e0ec","timestamp":"2026-09-02 17:35:32"}
{"level":"info","message":"Created client session aba876ca7d6ec9f9729e1ae8","timestamp":"2026-09-02 17:35:34"}
{"level":"info","message":"Created client session b797e22598d7c33f84e29fa1","timestamp":"2026-09-02 17:35:35"}
{"level":"info","message":"Created client session e5b720909f3d514739303e9f","timestamp":"2026-09-02 17:35:39"}
{"level":"info","message":"Created client session 1465cc91f83b07b1aa1b5d94","timestamp":"2026-09-02 17:35:39"}
{"level":"info","message":"Created client session d1dd43679ce7104dd24820b3","timestamp":"2026-09-02 17:35:42"}
{"level":"info","message":"Created client session bb8c103ca1e06d1008f08842","timestamp":"2026-09-02 17:35:43"}
{"level":"info","message":"Created client session 3b6361c4476879943ff0d583","timestamp":"2026-09-02 17:35:45"}
{"level":"info","message":"Created client session 7dfe5cfa8b8a47949b1ac264","timestamp":"2026-09-02 17:35:47"}
{"level":"info","message":"Created client session 34d988a1e08133e63f4e6815","timestamp":"2026-09-02 17:35:48"}
{"level":"info","message":"Created client session 8048d9ebba173dd3f64128d8","timestamp":"2026-09-02 17:35:51"}
{"level":"info","message":"Created client session 328744e9fd338d2b4740567e","timestamp":"2026-09-02 17:35:52"}
{"level":"info","message":"Created client session 5421d2a26eb4e9bafb75d000","timestamp":"2026-09-02 17:35:55"}
{"level":"info","message":"Created client session d8c4e4e5903b7e060a5510e5","timestamp":"2026-09-02 17:35:56"}
{"level":"info","message":"Created client session 9e6c1f7910e145323421f697","timestamp":"2026-09-02 17:35:58"}
{"level":"info","message":"Created client session 309cc07af44f18726b786723","timestamp":"2026-09-02 17:36:00"}
{"level":"info","message":"Created client session 4c641513414ea253d53240ad","timestamp":"2026-09-02 17:36:02"}
{"level":"info","message":"Created client session 4eac9459bbbd4099b8e0908a","timestamp":"2026-09-02 17:36:04"}
{"level":"info","message":"Created client session 0eea7f6fd2d1238272a2b123","timestamp":"2026-09-02 17:36:05"}
{"level":"info","message":"Created client session 754713c814b97bfaf68a1662","timestamp":"2026-09-02 17:36:08"}
{"level":"info","message":"Created client session 67ea9fcf8994ba4b00c83600","timestamp":"2026-09-02 17:36:08"}
{"level":"info","message":"Created client session 4a74e86317703b6ad874ab10","timestamp":"2026-09-02 17:36:12"}
{"level":"info","message":"Created client session fc9c5389a2d66f8eb4cb7651","timestamp":"2026-09-02 17:36:12"}
{"level":"info","message":"Created client session 2dfa0d66918266196cdae347","timestamp":"2026-09-02 17:36:15"}
{"level":"info","message":"Created client session 81f3b9f4f1957e0414a95c41","timestamp":"2026-09-02 17:36:16"}
{"level":"info","message":"Created client session 3709b73022698aaca8403dc6","timestamp":"2026-09-02 17:36:18"}
{"level":"info","message":"Created client session 3983e6641518b043e55c9304","timestamp":"2026-09-02 17:36:20"}
{"level":"info","message":"Created client session 934c12493d426c932f241883","timestamp":"2026-09-02 17:36:22"}
{"level":"info","message":"Created client session 452e667f7316df36f48701c3","timestamp":"2026-09-02 17:36:24"}
{"level":"info","message":"Created client session 2df8530e08fb93c46c377d1d","timestamp":"2026-09-02 17:36:25"}
{"level":"info","message":"Created client session 5d3a78b6a2099529f802d04c","timestamp":"2026-09-02 17:36:29"}
{"level":"info","message":"Created client session 5172af3a279a9db75213971d","timestamp":"2026-09-02 17:36:29"}
{"level":"info","message":"Created client session c204aed68a7fe85a9153a141","timestamp":"2026-09-02 17:36:32"}
{"level":"info","message":"Created client session 851e886c6eef3b79a4cd1d13","timestamp":"2026-09-02 17:36:32"}
{"level":"info","message":"Created client session 524f47bc0d0f1ffa467bd0f1","timestamp":"2026-09-02 17:36:35"}
{"level":"info","message":"Created client session a8bdfcba28381f607c46b51f","timestamp":"2026-09-02 17:36:37"}
{"level":"info","message":"Created client session 4a1db00c946fb20ef25fa468","timestamp":"2026-09-02 17:36:39"}
{"level":"info","message":"Created client session 1cbc8c1c22a66b5017a766e6","timestamp":"2026-09-02 17:36:41"}
{"level":"info","message":"Created client session 570b604effb14fb76f5397ae","timestamp":"2026-09-02 17:36:42"}
{"level":"info","message":"Created client session e322aa92d72045b64f035be1","timestamp":"2026-09-02 17:36:45"}
{"level":"info","message":"Created client session 1a7f1771318176ed382b2521","timestamp":"2026-09-02 17:36:45"}
{"level":"info","message":"Created client session b00ca5b6107985a128e5da2f","timestamp":"2026-09-02 17:36:48"}
{"level":"info","message":"Created client session 4a86ddcbc01ada8b0643d1db","timestamp":"2026-09-02 17:36:49"}
{"level":"info","message":"Created client session cc473d1f8e2cce4efbb3d1c3","timestamp":"2026-09-02 17:36:52"}
{"level":"info","message":"Created client session 379fcc528c542387884105ba","timestamp":"2026-09-02 17:36:53"}
{"level":"info","message":"Created client session ffbedf88eb74a0772ceabcb4","timestamp":"2026-09-02 17:36:55"}
{"level":"info","message":"Created client session 7f1b296c8f6b855e57864a9f","timestamp":"2026-09-02 17:36:57"}
{"level":"info","message":"Created client session baa00df04c74ec7ca86a8cf2","timestamp":"2026-09-02 17:36:58"}
{"level":"info","message":"Created client session d97f6402a7b1a8da4be76d41","timestamp":"2026-09-02 17:37:01"}
{"level":"info","message":"Created client session 0bf36e772dd5b14a3c525507","timestamp":"2026-09-02 17:37:05"}
{"level":"info","message":"Created client session 6140f458244bbe259bf1133b","timestamp":"2026-09-02 17:37:09"}
{"level":"info","message":"Created client session a9bdb767a2a830e58a38e18f","timestamp":"2026-09-02 17:37:12"}
{"level":"info","message":"Created client session 2b0c7c376d826059bb5ceba7","timestamp":"2026-09-02 17:37:17"}
{"level":"info","message":"Created client session 50bfee58621823c1ed747017","timestamp":"2026-09-02 17:37:20"}
{"level":"info","message":"Created client session a3c88e880ea778b3ebe4e876","timestamp":"2026-09-02 17:37:25"}
{"level":"info","message":"Created client session 9f01f8b96dfd78ed8dc956a1","timestamp":"2026-09-02 17:37:29"}
{"level":"info","message":"Created client session 1c4760958a8d2a0a8b3e8a38","timestamp":"2026-09-02 17:37:33"}
{"level":"info","message":"Created client session 192ff2e387145706d5f5da9b","timestamp":"2026-09-02 17:37:37"}
{"level":"info","message":"Created client session 09328b60849daff0cee4014e","timestamp":"2026-09-02 17:59:46"}
{"level":"info","message":"Created client session c867ab3ce6caf0d56d66cf07","timestamp":"2026-09-02 17:59:46"}
{"level":"info","message":"Created client session 6f3984049b4ce67ce72dd2a6","timestamp":"2026-09-02 17:59:46"}
{"level":"info","message":"Created client session c6f5ad00f2036e5c5f6b3cbf","timestamp":"2026-09-02 17:59:46"}
{"level":"info","message":"Created client session d79895b4ae00665167d71cdb","timestamp":"2026-09-02 17:59:46"}
{"level":"info","message":"Created client session 95fc87369090ca63b602e539","timestamp":"2026-09-02 17:59:46"}
{"level":"info","message":"Created client session c7f38a8040f5f1016fea7aab","timestamp":"2026-09-02 17:59:46"}
{"level":"info","message":"Created client session f6dd9e53d865b684fb32af3d","timestamp":"2026-09-02 17:59:46"}
{"level":"info","message":"Created client session 4174c232f18510e1dd0018c8","timestamp":"2026-09-02 17:59:46"}
{"level":"info","message":"Created client session f2e735a7b5bc52b416f682a5","timestamp":"2026-09-02 17:59:47"}
{"level":"info","message":"Created client session 808f2795f6da0045067c2d68","timestamp":"2026-09-02 17:59:47"}
{"level":"info","message":"Created client session 9ea7217cd096f7964fea3b5a","timestamp":"2026-09-02 17:59:47"}
{"level":"info","message":"Created client session f93812188448a5401f4ebdc9","timestamp":"2026-09-02 17:59:47"}
{"level":"info","message":"Created client session 420eb8208dd67caad1c0f531","timestamp":"2026-09-02 17:59:47"}
{"level":"info","message":"Created client session 8e9d411cb4c70cc5344804dc","timestamp":"2026-09-02 17:59:47"}
{"level":"info","message":"Created client session 4fb8380bd0d7bc7b3fd5d6c5","timestamp":"2026-09-02 17:59:47"}
{"level":"info","message":"Created client session df556674e656bfb9b2ac0cdd","timestamp":"2026-09-02 17:59:47"}
{"level":"info","message":"Created client session c48e1b97d832d66f9511838d","timestamp":"2026-09-02 17:59:47"}
{"level":"info","message":"Created client session b171b2f4fb5546e56f9d3f43","timestamp":"2026-09-02 17:59:48"}
{"level":"info","message":"Created client session 8d923c8a4adf85a79fcc2080","timestamp":"2026-09-02 17:59:48"}
{"level":"info","message":"Created client session 8e9f0ed20effdea28eb7fcf4","timestamp":"2026-09-02 17:59:48"}
{"level":"info","message":"Created client session f767fd34de790f0afda1d014","timestamp":"2026-09-02 17:59:48"}
{"level":"info","message":"Created client session 7d507408c042256496ced28f","timestamp":"2026-09-02 17:59:48"}
{"level":"info","message":"Created client session c11131454b97f49761889646","timestamp":"2026-09-02 17:59:48"}
{"level":"info","message":"Created client session 1cd7d8dc352fb383a64f54b4","timestamp":"2026-09-02 17:59:48"}
{"level":"info","message":"Created client session 6ea7ce2b93ae983e667f2a0d","timestamp":"2026-09-02 17:59:48"}
{"level":"info","message":"Created client session 3e67ffdc25c24813a120ca39","timestamp":"2026-09-02 17:59:48"}
{"level":"info","message":"Created client session f1fe84f1a6ce49ef677debde","timestamp":"2026-09-02 17:59:49"}
{"level":"info","message":"Created client session ac2327b1545260c159639d9f","timestamp":"2026-09-02 17:59:49"}
{"level":"info","message":"Created client session 5cd73b494c6f8d3c0a1de10f","timestamp":"2026-09-02 17:59:49"}
{"level":"info","message":"Created client session bd0f8eb356108ba743ed789c","timestamp":"2026-09-02 17:59:49"}
{"level":"info","message":"Created client session 340fd6e84e2c8f2f00d94c3a","timestamp":"2026-09-02 17:59:49"}
{"level":"info","message":"Created client session 8b88c1254264b9fdec3fb0a6","timestamp":"2026-09-02 17:59:49"}
{"level":"info","message":"Created client session dce8408430b4f23a2417eae6","timestamp":"2026-09-02 17:59:50"}
{"level":"info","message":"Created client session c8c3f3b8df4bb3a00ae633d0","timestamp":"2026-09-02 17:59:50"}
{"level":"info","message":"Created client session 968c87174cb44e9b43084e63","timestamp":"2026-09-02 17:59:50"}
{"level":"info","message":"Created client session d4ef552fcca8d4643b2034d5","timestamp":"2026-09-02 17:59:50"}
{"level":"info","message":"Created client session 9ed228b6521f12f7bbf32373","timestamp":"2026-09-02 17:59:50"}
{"level":"info","message":"Created client session bf896d8e2ad93b0ad74ccc96","timestamp":"2026-09-02 17:59:51"}
{"level":"info","message":"Created client session 1f6c96656179c829f5d0ebc0","timestamp":"2026-09-02 17:59:51"}
{"level":"info","message":"Created client session 006c8e64ddcabb332d567adb","timestamp":"2026-09-02 17:59:51"}
{"level":"info","message":"Created client session ec2978e23ac6d77804dc66e0","timestamp":"2026-09-02 17:59:51"}
{"level":"info","message":"Created client session 1aa4dc522d3ae1eda64a7fa9","timestamp":"2026-09-02 17:59:51"}
{"level":"info","message":"Created client session 8c1eae1f24cd630d31cf1ef5","timestamp":"2026-09-02 17:59:52"}
{"level":"info","message":"Created client session e4d97bd4b400851232300454","timestamp":"2026-09-02 17:59:52"}
{"level":"info","message":"Created client session 05cb521fbb9d9f72cd413880","timestamp":"2026-09-02 17:59:52"}
{"level":"info","message":"Created client session f7757d42d3b4cf75d4606494","timestamp":"2026-09-02 18:29:28"}
{"level":"info","message":"Created client session ce60b72408638c2998ee9df6","timestamp":"2026-09-02 18:41:06"}
{"level":"info","message":"Created client session 3d257bae3b29dad4eae41be7","timestamp":"2026-09-02 18:55:32"}
{"ip":"::ffff:127.0.0.1","level":"warn","message":"User authentication failed for user Thiala; invalid password","session":"3d257bae3b29dad4eae41be7","status":401,"timestamp":"2026-09-02 18:55:41"}
{"ip":"::1","level":"info","message":"User authentication successful for user Thiala","session":"3d257bae3b29dad4eae41be7","timestamp":"2026-09-02 18:55:51"}
{"level":"info","message":"No system update for Dungeons & Dragons Fifth Edition is currently available.","timestamp":"2026-09-02 18:55:52"}
{"level":"info","message":"Vended World data to User [sjYkV3qNoQe97JYZ] in 702ms","timestamp":"2026-09-02 18:55:53"}
{"level":"info","message":"Created FogExploration with id [on1wTG8Pw5LzwzZA]","timestamp":"2026-09-02 18:55:58"}
{"level":"info","message":"Created client session cf8c81eb6c4c0f47b674705b","timestamp":"2026-09-02 18:56:45"}
{"level":"info","message":"Created client session 69e1c40570e8471c04d5e320","timestamp":"2026-09-02 19:00:33"}
{"ip":"::ffff:127.0.0.1","level":"info","message":"User authentication successful for user Vandor","session":"69e1c40570e8471c04d5e320","timestamp":"2026-09-02 19:00:42"}
{"level":"info","message":"No system update for Dungeons & Dragons Fifth Edition is currently available.","timestamp":"2026-09-02 19:00:44"}
{"level":"info","message":"Vended World data to User [7fNHm3YbN0rkIUxL] in 581ms","timestamp":"2026-09-02 19:00:44"}
{"level":"info","message":"Created FogExploration with id [UVKIeGmNDnWARxLR]","timestamp":"2026-09-02 19:00:58"}
{"level":"info","message":"Created client session 02ead73181e5d45e7bdd8f68","timestamp":"2026-09-02 19:05:15"}
{"ip":"::1","level":"info","message":"User authentication successful for user Erevan","session":"02ead73181e5d45e7bdd8f68","timestamp":"2026-09-02 19:05:30"}
{"level":"info","message":"No system update for Dungeons & Dragons Fifth Edition is currently available.","timestamp":"2026-09-02 19:05:32"}
{"level":"info","message":"Vended World data to User [d7Jxxn5B6j1l4Shx] in 535ms","timestamp":"2026-09-02 19:05:32"}
{"level":"info","message":"Created FogExploration with id [SFEOKm5tlLMQ4L4j]","timestamp":"2026-09-02 19:05:41"}
{"level":"info","message":"Created ChatMessage with id [Wie03IgKe5qRrJF5]","timestamp":"2026-09-02 19:11:51"}
{"level":"info","message":"Created ChatMessage with id [XDvvHHcERREtmabv]","timestamp":"2026-09-02 19:11:54"}
{"level":"info","message":"Created ChatMessage with id [YD6MsSCdJdIECJ0x]","timestamp":"2026-09-02 19:12:00"}
{"level":"info","message":"Created ChatMessage with id [l8G3LEhbrHEDSRYk]","timestamp":"2026-09-02 19:12:37"}
{"level":"info","message":"Created client session 3cd52a8b45b13b7568eebf38","timestamp":"2026-09-02 19:13:02"}
{"level":"info","message":"Created Token with id [WdbfnvjXOHhlPwF5] in parent Scene [qbILv35hj17A2e2a]","timestamp":"2026-09-02 19:14:09"}
{"level":"info","message":"Created client session af2a9b2c03d3f6429dc0f575","timestamp":"2026-09-02 19:14:24"}
{"level":"info","message":"Toggling game pause status to true","timestamp":"2026-09-02 19:20:32"}
{"level":"info","message":"Toggling game pause status to false","timestamp":"2026-09-02 19:21:25"}
{"level":"info","message":"Created ChatMessage with id [zR3g81B40bymKy9z]","timestamp":"2026-09-02 19:22:13"}
{"level":"info","message":"Created ChatMessage with id [DWBOstYlZTVtnN1M]","timestamp":"2026-09-02 19:23:25"}
{"level":"info","message":"Created Combat with id [4bBIbId5HCn360rh]","timestamp":"2026-09-02 19:24:27"}
{"level":"info","message":"Created Combatant with id [mWxibJ7xZRwpaTxD] in parent Combat [4bBIbId5HCn360rh]","timestamp":"2026-09-02 19:24:27"}
{"level":"info","message":"Created Combatant with id [AVFXqAPkbamunaQk] in parent Combat [4bBIbId5HCn360rh]","timestamp":"2026-09-02 19:24:28"}
{"level":"info","message":"Created Combatant with id [tB4K04BS1cevaWUj] in parent Combat [4bBIbId5HCn360rh]","timestamp":"2026-09-02 19:24:30"}
{"level":"info","message":"Created Combatant with id [vpwRUTho9Uw67L50] in parent Combat [4bBIbId5HCn360rh]","timestamp":"2026-09-02 19:24:31"}
{"level":"info","message":"Created Combatant with id [z1GpQPU4Y4guYiSH] in parent Combat [4bBIbId5HCn360rh]","timestamp":"2026-09-02 19:24:32"}
{"level":"info","message":"Created Combatant with id [GFv82ZfKIbcH8QSQ] in parent Combat [4bBIbId5HCn360rh]","timestamp":"2026-09-02 19:24:34"}
{"level":"info","message":"Created ChatMessage with id [KNb7EdVKyxto53Mn]","timestamp":"2026-09-02 19:24:51"}
{"level":"info","message":"Created ChatMessage with id [htz6zaeDM6zBco97]","timestamp":"2026-09-02 19:24:52"}
{"level":"info","message":"Created ChatMessage with id [tNNeXsXY1ymIl0Ia]","timestamp":"2026-09-02 19:24:54"}
{"level":"info","message":"Created ChatMessage with id [RX9XE0DkffBqK6M5]","timestamp":"2026-09-02 19:25:06"}
{"level":"info","message":"Created ChatMessage with id [Gm9LI87wyBDiig5L]","timestamp":"2026-09-02 19:25:42"}
{"level":"info","message":"Created ChatMessage with id [gGkmAOP2qr5h5yf4]","timestamp":"2026-09-02 19:25:45"}
{"level":"info","message":"Created client session 143b1974d9ab546a2253812c","timestamp":"2026-09-02 19:27:30"}
{"ip":"::ffff:127.0.0.1","level":"info","message":"User authentication successful for user Barogart","session":"143b1974d9ab546a2253812c","timestamp":"2026-09-02 19:27:44"}
{"level":"info","message":"No system update for Dungeons & Dragons Fifth Edition is currently available.","timestamp":"2026-09-02 19:27:49"}
{"level":"info","message":"Vended World data to User [y8opEFHvV7c7QIhq] in 579ms","timestamp":"2026-09-02 19:27:49"}
{"level":"info","message":"Created client session 92f17b1e99fdba8bccfa1f6d","timestamp":"2026-09-02 19:27:49"}
{"level":"info","message":"Created FogExploration with id [hDodRzliEByih0e9]","timestamp":"2026-09-02 19:27:56"}
{"level":"info","message":"Created ChatMessage with id [1Vtb2QeoK4nmqOkb]","timestamp":"2026-09-02 19:30:15"}
{"level":"info","message":"Created ChatMessage with id [qoCW4UX4JBuOi5T7]","timestamp":"2026-09-02 19:30:16"}
{"level":"info","message":"Created ChatMessage with id [vLpgLLxZlWfWcFmu]","timestamp":"2026-09-02 19:30:29"}
{"level":"info","message":"Created ChatMessage with id [JjtWDRq0AfpigxRI]","timestamp":"2026-09-02 19:32:50"}
{"level":"info","message":"Created ChatMessage with id [xq91XpdHSV73Ctbv]","timestamp":"2026-09-02 19:33:05"}
{"level":"info","message":"Created ChatMessage with id [RmEXm1AFRiRjldQT]","timestamp":"2026-09-02 19:33:07"}
{"level":"info","message":"Created ChatMessage with id [bAHilizNMaJmeFsB]","timestamp":"2026-09-02 19:33:10"}
{"level":"info","message":"Created ChatMessage with id [ZC4iQC9hIXNHz8uj]","timestamp":"2026-09-02 19:33:12"}
{"level":"info","message":"Created ChatMessage with id [uNiRYXSuMiNHMYzh]","timestamp":"2026-09-02 19:37:09"}
{"level":"info","message":"Created ChatMessage with id [YSA0Lukh5fGdbHQj]","timestamp":"2026-09-02 19:38:45"}
{"level":"info","message":"Created ChatMessage with id [sWHotrtDUYhHMWdp]","timestamp":"2026-09-02 19:40:08"}
{"level":"info","message":"Created ChatMessage with id [MFpVxjyhNdIfKQmZ]","timestamp":"2026-09-02 19:45:02"}
{"level":"info","message":"Created ChatMessage with id [0TFQNxJIFHTnuLeM]","timestamp":"2026-09-02 19:45:25"}
{"level":"info","message":"Created ChatMessage with id [1cjaKjXBmSHK43am]","timestamp":"2026-09-02 19:45:28"}
{"level":"info","message":"Created ChatMessage with id [9MQcNUdFjbqKV3BW]","timestamp":"2026-09-02 19:46:50"}
{"level":"info","message":"Created ChatMessage with id [gGGO9eomKAH5bD9E]","timestamp":"2026-09-02 19:49:53"}
{"level":"info","message":"Created ChatMessage with id [VtqVKlSPMJHmQzvO]","timestamp":"2026-09-02 19:50:28"}
{"level":"info","message":"Created ChatMessage with id [KGTfHBmV35aydcD7]","timestamp":"2026-09-02 19:50:30"}
{"level":"info","message":"Created ChatMessage with id [VOYQq8XK7aY0Et0s]","timestamp":"2026-09-02 19:54:46"}
{"level":"error","message":"The changed position {x: 765, y: 1125, elevation: 0, width: 1, height: 1, depth: 1, shape: 4, level: defaultLevel0000} of Token [oB7cLpd9YNSZlnyy] in Scene [qbILv35hj17A2e2a] does not match the destination {x: 720, y: 1125, elevation: 0, width: 1, height: 1, depth: 1, shape: 4, level: defaultLevel0000} of movement initiated by User [d7Jxxn5B6j1l4Shx]. The movement of this Token has been prevented.","timestamp":"2026-09-02 19:59:51"}
{"level":"debug","message":"Token update prevented by _preUpdate","timestamp":"2026-09-02 19:59:51"}
{"level":"info","message":"Created ChatMessage with id [Ul0tk9MjHq8KlWNy]","timestamp":"2026-09-02 20:02:48"}
{"level":"info","message":"Created ChatMessage with id [VXGazEVzISM7Qcbe]","timestamp":"2026-09-02 20:06:40"}
{"level":"info","message":"Created ChatMessage with id [veFO0UtyfUH9skoO]","timestamp":"2026-09-02 20:06:59"}
{"level":"info","message":"Created ActiveEffect with id [dnd5erestrained0] in parent ActorDelta [vaB5x73r12xiT9lU]","timestamp":"2026-09-02 20:07:24"}
{"level":"info","message":"Created ActiveEffect with id [kWEoOZlyfKABGoWp] in parent Actor [PaW5YJwuaFlOREtj]","timestamp":"2026-09-02 20:08:45"}
{"level":"info","message":"Created ChatMessage with id [X7kYWnmdW8b466Mc]","timestamp":"2026-09-02 20:08:45"}
{"level":"info","message":"Created ChatMessage with id [5z6NwEOkdzy1OoMD]","timestamp":"2026-09-02 20:08:50"}
{"level":"info","message":"Created ActiveEffect with id [dnd5erestrained0] in parent ActorDelta [vaB5x73r12xiT9lU]","timestamp":"2026-09-02 20:09:03"}
{"level":"info","message":"Deleted ActiveEffect with id [dnd5erestrained0] in parent ActorDelta [vaB5x73r12xiT9lU]","timestamp":"2026-09-02 20:09:06"}
{"level":"info","message":"Created ActiveEffect with id [dnd5erestrained0] in parent ActorDelta [vaB5x73r12xiT9lU]","timestamp":"2026-09-02 20:09:13"}
{"level":"info","message":"Created client session ed8b01eae81dec861cb82b98","timestamp":"2026-09-02 20:09:16"}
{"level":"info","message":"Created ChatMessage with id [AuIUfHzsnqpHg7xO]","timestamp":"2026-09-02 20:10:13"}
{"level":"info","message":"Deleted ActiveEffect with id [dnd5erestrained0] in parent ActorDelta [vaB5x73r12xiT9lU]","timestamp":"2026-09-02 20:10:31"}
{"level":"info","message":"Deleted Combatant with id [AVFXqAPkbamunaQk] in parent Combat [4bBIbId5HCn360rh]","timestamp":"2026-09-02 20:18:32"}
{"level":"info","message":"Created ChatMessage with id [5f5Vc63bhAg9yC9x]","timestamp":"2026-09-02 20:18:51"}
{"level":"info","message":"Created client session 18e2f06f422acc232b2ed735","timestamp":"2026-09-02 20:19:13"}
{"level":"info","message":"Deleted Combat with id [4bBIbId5HCn360rh]","timestamp":"2026-09-02 20:22:37"}
{"level":"info","message":"Created ChatMessage with id [fxZ1mprtUW7r090V]","timestamp":"2026-09-02 20:24:10"}
{"level":"info","message":"Created ChatMessage with id [09eaMQnSPmwgv7jE]","timestamp":"2026-09-02 20:24:13"}
{"level":"info","message":"Created ChatMessage with id [9zZoC4WLqOOjfFgF]","timestamp":"2026-09-02 20:24:15"}
{"level":"info","message":"Created ChatMessage with id [zNUXBpNkG0N9HOdQ]","timestamp":"2026-09-02 20:24:19"}
{"level":"info","message":"Deleted ActiveEffect with id [kWEoOZlyfKABGoWp] in parent Actor [PaW5YJwuaFlOREtj]","timestamp":"2026-09-02 20:27:32"}
{"level":"info","message":"Created ChatMessage with id [vwNEo0lrdceSOQm4]","timestamp":"2026-09-02 20:27:52"}
{"level":"info","message":"Created ChatMessage with id [lXcmuhZ5wmuqxJ6O]","timestamp":"2026-09-02 20:30:32"}
{"level":"info","message":"Created ChatMessage with id [y7crbdIVTINhTq0N]","timestamp":"2026-09-02 20:30:37"}
{"level":"info","message":"Created ChatMessage with id [xS7a0Bxjy2n4HdE2]","timestamp":"2026-09-02 20:32:41"}
{"level":"info","message":"Created ChatMessage with id [kS7oEvrC9wN9kGDn]","timestamp":"2026-09-02 20:32:49"}
{"level":"info","message":"Created ChatMessage with id [wQZRUKL60rlfRpg4]","timestamp":"2026-09-02 20:36:13"}
{"level":"info","message":"Created ChatMessage with id [vOv5fyuMG4snrmwP]","timestamp":"2026-09-02 20:36:23"}
{"level":"info","message":"Created ChatMessage with id [HYm0pGgPviEwEsqC]","timestamp":"2026-09-02 20:39:27"}
{"level":"info","message":"Created ChatMessage with id [VfdUhlAeuh3w5ugf]","timestamp":"2026-09-02 20:39:34"}
{"level":"info","message":"Created ChatMessage with id [YYb85AIaeeGFQl0N]","timestamp":"2026-09-02 20:41:39"}
{"level":"info","message":"Created ChatMessage with id [SgfRSc0FYtoqtatI]","timestamp":"2026-09-02 20:41:47"}
{"level":"info","message":"Created ChatMessage with id [9oOGz59uE5cUwCvh]","timestamp":"2026-09-02 20:43:13"}
{"level":"info","message":"Created ChatMessage with id [FJldmTSqvrFx7Zym]","timestamp":"2026-09-02 20:43:22"}
{"level":"info","message":"Created client session cd6a9088fc65ddc4d19a2d8f","timestamp":"2026-09-02 20:46:28"}
{"level":"info","message":"Created ChatMessage with id [nMkvyxb9ze7PxJdQ]","timestamp":"2026-09-02 20:46:52"}
{"level":"info","message":"Created ChatMessage with id [wXNjT39NtzZuvRPi]","timestamp":"2026-09-02 20:46:57"}
{"level":"info","message":"Created ChatMessage with id [6qkWOuJJ70rvIhbB]","timestamp":"2026-09-02 20:48:02"}
{"level":"info","message":"Created ChatMessage with id [KxBDndUNFS2PkyPX]","timestamp":"2026-09-02 20:48:12"}
{"level":"info","message":"Created ChatMessage with id [d7Ys6dhXONO1IMQz]","timestamp":"2026-09-02 20:50:10"}
{"level":"info","message":"Created ChatMessage with id [rNc5TyrBSBaPukbP]","timestamp":"2026-09-02 20:50:14"}
{"level":"info","message":"Created ChatMessage with id [lDycTDkaEaPrvsim]","timestamp":"2026-09-02 20:50:18"}
{"level":"info","message":"Created ChatMessage with id [Am9q9cJenSptXkbX]","timestamp":"2026-09-02 20:51:25"}
{"level":"info","message":"Created ChatMessage with id [jMgFIq54y6f019OP]","timestamp":"2026-09-02 20:51:54"}
{"level":"info","message":"Deleted ChatMessage with id [Am9q9cJenSptXkbX]","timestamp":"2026-09-02 20:51:58"}
{"level":"info","message":"Created ChatMessage with id [FFyeExjQShiv32mf]","timestamp":"2026-09-02 20:52:04"}
{"level":"info","message":"Created ChatMessage with id [D71ux1RZ7E4L5cwu]","timestamp":"2026-09-02 20:53:10"}
{"level":"info","message":"Created ChatMessage with id [ZieFn9Z98j1I18C1]","timestamp":"2026-09-02 20:53:17"}
{"level":"info","message":"Created client session 0bec530047d7eb4c07d8bb88","timestamp":"2026-09-02 20:55:53"}
{"level":"info","message":"Created ChatMessage with id [CO7ZEvUroIhxbxb3]","timestamp":"2026-09-02 20:56:58"}
{"level":"info","message":"Created ChatMessage with id [nAvJFHxebVARtFqH]","timestamp":"2026-09-02 20:57:04"}
{"level":"info","message":"Created client session 3b349a3a0d61fd99a88160b8","timestamp":"2026-09-02 21:01:03"}
{"level":"info","message":"Created client session 62f11f2b7451ab07f882f95a","timestamp":"2026-09-02 21:01:20"}
{"level":"info","message":"Deleted Token with id [vaB5x73r12xiT9lU] in parent Scene [qbILv35hj17A2e2a]","timestamp":"2026-09-02 21:05:57"}
{"level":"info","message":"Created ChatMessage with id [ldwDnJOxFIRHOyyl]","timestamp":"2026-09-02 21:06:25"}
{"level":"info","message":"Created ChatMessage with id [QyOIw27R40yIRJz2]","timestamp":"2026-09-02 21:06:28"}
{"level":"info","message":"Created ChatMessage with id [IRniZibVfnlmpRnO]","timestamp":"2026-09-02 21:07:06"}
{"level":"info","message":"Created ChatMessage with id [nREBV4kRTYrsciTB]","timestamp":"2026-09-02 21:07:12"}
{"level":"info","message":"Created ChatMessage with id [96keygymC7DUKWEV]","timestamp":"2026-09-02 21:08:15"}
{"level":"info","message":"Created ChatMessage with id [fVds5XGvLzShX8fk]","timestamp":"2026-09-02 21:08:22"}
{"level":"info","message":"Created ChatMessage with id [ekcfmARDUOtSDvBU]","timestamp":"2026-09-02 21:09:11"}
{"level":"info","message":"Created ChatMessage with id [LiOuHSBDFHDmf2OU]","timestamp":"2026-09-02 21:09:17"}
{"level":"info","message":"Created ChatMessage with id [zdFC8bE6EinoB1cY]","timestamp":"2026-09-02 21:10:06"}
{"level":"info","message":"Created ChatMessage with id [PYYKkfTP0709PbSD]","timestamp":"2026-09-02 21:10:16"}
{"level":"info","message":"Created ChatMessage with id [XcNQxzb2OnMjPjjG]","timestamp":"2026-09-02 21:11:57"}
{"level":"info","message":"Created ChatMessage with id [k3lCPpejBnsXz4BA]","timestamp":"2026-09-02 21:12:04"}
{"level":"info","message":"Created client session 5ac04e74c5995aacba241228","timestamp":"2026-09-02 21:13:30"}
{"level":"info","message":"Created ChatMessage with id [nN7uGJuq9gTSnhOR]","timestamp":"2026-09-02 21:15:53"}
{"level":"info","message":"Created ChatMessage with id [eJp6VOXWXVL3CG97]","timestamp":"2026-09-02 21:16:01"}
{"level":"info","message":"Created ChatMessage with id [6khhJ6mRXZa8ysPS]","timestamp":"2026-09-02 21:19:05"}
{"level":"info","message":"Created ChatMessage with id [GBI30p0q7M0tRqK9]","timestamp":"2026-09-02 21:19:12"}
{"level":"info","message":"Created client session 21815d5a8c2d991426e311e6","timestamp":"2026-09-02 21:19:29"}
{"level":"info","message":"Created ChatMessage with id [uMs4rLSmMRlo5wGe]","timestamp":"2026-09-02 21:20:09"}
{"level":"info","message":"Created ChatMessage with id [600M1c2JCXt3FMgD]","timestamp":"2026-09-02 21:20:16"}
{"level":"info","message":"Created ChatMessage with id [mviMwOhJxYtsim6m]","timestamp":"2026-09-02 21:22:42"}
{"level":"info","message":"Created ChatMessage with id [pUfmHESvjokbyKH2]","timestamp":"2026-09-02 21:22:49"}
{"level":"info","message":"Created client session a3d69febe8f891dff7baa9ed","timestamp":"2026-09-02 21:23:33"}
{"level":"info","message":"Reset 0 FogExploration documents for Scene xHMBGFHLd1GaoC8x","timestamp":"2026-09-02 21:24:27"}
{"level":"info","message":"Created AmbientLight with id [DT9TC10UtMrRiJhu] in parent Scene [xHMBGFHLd1GaoC8x]","timestamp":"2026-09-02 21:24:35"}
{"level":"info","message":"Created 5 Token documents with ids: [Byl6lmzNSwkd7Kr2,VlrhtjImrHut2SDy,dDfVIx01DAnONl8F,Mj7m84E6jiNTCRkJ,nhwi93P8D8IcnpZB] in parent Scene [xHMBGFHLd1GaoC8x]","timestamp":"2026-09-02 21:24:44"}
{"level":"info","message":"Created Token with id [oQHiiFMzgTHh8y5x] in parent Scene [xHMBGFHLd1GaoC8x]","timestamp":"2026-09-02 21:24:50"}
{"level":"info","message":"Deleted Token with id [VlrhtjImrHut2SDy] in parent Scene [xHMBGFHLd1GaoC8x]","timestamp":"2026-09-02 21:24:52"}
{"level":"info","message":"Created FogExploration with id [6QTBLQeM1bGBFFiw]","timestamp":"2026-09-02 21:24:53"}
{"level":"info","message":"Created FogExploration with id [jpQvHsDBC4afntkf]","timestamp":"2026-09-02 21:25:06"}
{"level":"info","message":"Created FogExploration with id [aH0Nd2hs79Fclshr]","timestamp":"2026-09-02 21:25:06"}
{"level":"info","message":"Created FogExploration with id [d9RQ61wycnQQ5nSh]","timestamp":"2026-09-02 21:25:06"}
{"level":"info","message":"Created FogExploration with id [Eep3gtpBd0xupnxI]","timestamp":"2026-09-02 21:25:06"}
{"level":"info","message":"Created 5 Token documents with ids: [uKLLQVWBru8EmmxS,Tt1hdTu4F2FpHOQF,1oVDw1o3oxx4jplE,2HrdBCO3Sx5a4eUL,0PK775xv5mAlb3NK] in parent Scene [1pPkPGf4hkF95Vo6]","timestamp":"2026-09-02 21:35:48"}
{"level":"info","message":"Reset 0 FogExploration documents for Scene 1pPkPGf4hkF95Vo6","timestamp":"2026-09-02 21:35:57"}
{"level":"info","message":"Created ChatMessage with id [IcVEYQ5VYwyE6AAM]","timestamp":"2026-09-02 21:36:22"}
{"level":"info","message":"Created ChatMessage with id [yh906DoHNNKviZgu]","timestamp":"2026-09-02 21:36:31"}
{"level":"info","message":"Created FogExploration with id [U8Ngo9iGcIUm5Cj9]","timestamp":"2026-09-02 21:37:29"}
{"level":"info","message":"Created FogExploration with id [KtnZd5H6Y7Leedox]","timestamp":"2026-09-02 21:37:30"}
{"level":"info","message":"Created FogExploration with id [QnUVNaTn7RD5l4Oh]","timestamp":"2026-09-02 21:37:30"}
{"level":"info","message":"Created FogExploration with id [9jhwCB4om6RnRy15]","timestamp":"2026-09-02 21:37:31"}
{"level":"info","message":"Created client session d531f41bc19398d35449d126","timestamp":"2026-09-02 21:39:05"}
{"level":"info","message":"Created FogExploration with id [0agCtL9Ihask5Heu]","timestamp":"2026-09-02 21:39:23"}
{"level":"info","message":"Created ChatMessage with id [bw3phZgqQBah3WFs]","timestamp":"2026-09-02 21:40:39"}
{"level":"info","message":"Deleted ChatMessage with id [bw3phZgqQBah3WFs]","timestamp":"2026-09-02 21:40:52"}
{"level":"info","message":"Created ChatMessage with id [pc40hag93XOXWgKt]","timestamp":"2026-09-02 21:40:55"}
{"level":"info","message":"Created ChatMessage with id [fxYQIvpqbuBXVK8p]","timestamp":"2026-09-02 21:41:02"}
{"level":"info","message":"Created Token with id [yxfEQHQ97EERUafF] in parent Scene [1pPkPGf4hkF95Vo6]","timestamp":"2026-09-02 21:45:07"}
{"level":"info","message":"Reset 5 FogExploration documents for Scene 1pPkPGf4hkF95Vo6","timestamp":"2026-09-02 21:47:11"}
{"level":"info","message":"Created FogExploration with id [LsxqVV5eZNkvqQAe]","timestamp":"2026-09-02 21:47:13"}
{"level":"info","message":"Created FogExploration with id [54SNMIG1zWKG3nPF]","timestamp":"2026-09-02 21:47:13"}
{"level":"info","message":"Created FogExploration with id [PFAd4P8nTGt2TsRo]","timestamp":"2026-09-02 21:47:13"}
{"level":"info","message":"Created FogExploration with id [x1lFvynLK8geEf1C]","timestamp":"2026-09-02 21:47:13"}
{"level":"info","message":"Created 4 Token documents with ids: [qEHUsOB4k6dq28Df,5Qy8yaJXqMqGXGC6,Nw64ZrbZzM7k6By2,F0vaGWLUA2CPAU0r] in parent Scene [1pPkPGf4hkF95Vo6]","timestamp":"2026-09-02 21:47:21"}
{"level":"info","message":"Created FogExploration with id [XBJrIThImIxKLu1b]","timestamp":"2026-09-02 21:47:21"}
{"level":"info","message":"Deleted 4 Token documents with ids: [1oVDw1o3oxx4jplE,uKLLQVWBru8EmmxS,0PK775xv5mAlb3NK,Tt1hdTu4F2FpHOQF] in parent Scene [1pPkPGf4hkF95Vo6]","timestamp":"2026-09-02 21:47:23"}
{"level":"info","message":"Deleted Token with id [2HrdBCO3Sx5a4eUL] in parent Scene [1pPkPGf4hkF95Vo6]","timestamp":"2026-09-02 21:47:30"}
{"level":"info","message":"Reset 5 FogExploration documents for Scene 1pPkPGf4hkF95Vo6","timestamp":"2026-09-02 21:47:42"}
{"level":"info","message":"Created FogExploration with id [nIcj6I04wG012i8J]","timestamp":"2026-09-02 21:47:44"}
{"level":"info","message":"Created FogExploration with id [scSSxPQqSRLffQ3L]","timestamp":"2026-09-02 21:47:44"}
{"level":"info","message":"Created FogExploration with id [QQ7FySJOr702ypzg]","timestamp":"2026-09-02 21:47:45"}
{"level":"info","message":"Created FogExploration with id [WiFcVKW9YnIPyIOW]","timestamp":"2026-09-02 21:47:45"}
{"level":"info","message":"Created FogExploration with id [cQ52PHVf2DrOyhxz]","timestamp":"2026-09-02 21:48:09"}
{"level":"info","message":"Created ChatMessage with id [D563PuxVNM3uUEcE]","timestamp":"2026-09-02 21:58:58"}
{"level":"info","message":"Created ChatMessage with id [zeuChclNi2X1RDIj]","timestamp":"2026-09-02 21:59:06"}
{"level":"info","message":"Logged user 7fNHm3YbN0rkIUxL out of active World","timestamp":"2026-09-02 21:59:59"}
{"level":"info","message":"Created client session b9c7877b817a052092e19573","timestamp":"2026-09-02 22:12:20"}
{"level":"info","message":"Created client session fc84bfed69ba5a7f482b1d7e","timestamp":"2026-09-02 22:12:20"}
{"level":"info","message":"Created client session 06bd1a1c46878d7a673ef2f2","timestamp":"2026-09-02 22:26:50"}
{"level":"info","message":"Created client session 2970bc8283549c12a6b8e32a","timestamp":"2026-09-02 22:27:59"}
{"level":"info","message":"Created client session 384e460e5c0e237fac01cfc4","timestamp":"2026-09-02 22:45:55"}
{"level":"info","message":"Created client session a8f51f708f1313ca6814fecc","timestamp":"2026-09-02 22:53:13"}
{"level":"info","message":"Created client session 3c3b843e65904f423a6572a5","timestamp":"2026-09-02 22:56:04"}
{"level":"info","message":"Created client session cb98b1929ca814ac8d314315","timestamp":"2026-09-02 23:12:38"}
{"level":"info","message":"Created client session 1a634a3081d1133d84370109","timestamp":"2026-09-02 23:12:38"}
{"level":"info","message":"Created client session 1af550e0193ebf059e411f3a","timestamp":"2026-09-02 23:51:46"}
