{"level":"info","message":"Created client session b4c4d7a3a0e4dc64e550500d","timestamp":"2026-06-15 00:01:19"}
{"level":"info","message":"Created client session 79432a9e7cd25dbf4e34d282","timestamp":"2026-06-15 00:04:05"}
{"level":"debug","message":"Retiring user 'YzL2W1htQr2gHsBA' from editing session for instance 'JournalEntry.xV7NNt7cPqNWltjJ.JournalEntryPage.rfrsfjEQkGJL89aY#text.content'.","timestamp":"2026-06-15 00:04:19"}
{"level":"debug","message":"Instance 'JournalEntry.xV7NNt7cPqNWltjJ.JournalEntryPage.rfrsfjEQkGJL89aY#text.content' has no more active editors, cleaning up.","timestamp":"2026-06-15 00:04:19"}
{"level":"info","message":"Created client session 4a6fa02763b5aaaa09eff797","timestamp":"2026-06-15 00:16:50"}
{"level":"info","message":"Created client session 932d9b80e8e197e574df1433","timestamp":"2026-06-15 00:16:52"}
{"level":"info","message":"Created client session ff707b3ad28c8a30b9d5e3e2","timestamp":"2026-06-15 00:16:52"}
{"level":"info","message":"Created client session 3c7f8df960e37c7637d2d82c","timestamp":"2026-06-15 00:26:08"}
{"level":"info","message":"Created client session 834f85df7794b3a2a0ab1bb1","timestamp":"2026-06-15 00:31:59"}
{"level":"info","message":"Created client session 86c9fb346012530fc304ee10","timestamp":"2026-06-15 00:58:49"}
{"level":"info","message":"Created client session 0f2f769650fc105f7c2131ee","timestamp":"2026-06-15 01:00:09"}
{"level":"info","message":"Created client session 657a95fef2aa5af8e082c55e","timestamp":"2026-06-15 01:00:23"}
{"level":"info","message":"Created client session 238562dc32014bb75aecd70e","timestamp":"2026-06-15 01:11:04"}
{"level":"info","message":"Created client session 9e85a8f9bf5227e78b25389e","timestamp":"2026-06-15 01:12:32"}
{"level":"info","message":"Created client session 2e8af5bbf207103e538e6922","timestamp":"2026-06-15 01:14:31"}
{"level":"info","message":"Created client session 0dbb6ae0ad1485187fc1fe25","timestamp":"2026-06-15 02:04:59"}
{"level":"info","message":"Created client session 87cda3e6f037e1428c4a3c2c","timestamp":"2026-06-15 02:04:59"}
{"level":"info","message":"Created client session f0d39ada12b7000d27f5aa4d","timestamp":"2026-06-15 02:05:00"}
{"level":"info","message":"Created client session 71349d84bf5691657df90ef2","timestamp":"2026-06-15 02:05:01"}
{"level":"info","message":"Created client session 8df620f5603472f7e129f459","timestamp":"2026-06-15 02:05:01"}
{"level":"info","message":"Created client session bd620288ca56d386e865c263","timestamp":"2026-06-15 02:05:02"}
{"level":"info","message":"Created client session ac3ed7ca2ff5d737ab0cb67d","timestamp":"2026-06-15 02:05:02"}
{"level":"info","message":"Created client session 0fa2d7e1cd4aba891e133326","timestamp":"2026-06-15 02:05:03"}
{"level":"info","message":"Created client session 54378670b83f6fb22f1c9e75","timestamp":"2026-06-15 02:05:03"}
{"level":"info","message":"Created client session d98a6888ee0c4b2c8b88ed99","timestamp":"2026-06-15 02:05:04"}
{"level":"info","message":"Created client session 96bd93ea49b4fcd835e3c15d","timestamp":"2026-06-15 02:05:04"}
{"level":"info","message":"Created client session cd532d4ad029e3ef0001f04e","timestamp":"2026-06-15 02:05:05"}
{"level":"info","message":"Created client session 06dfc577b615d6df7ac6c3cf","timestamp":"2026-06-15 02:05:06"}
{"level":"info","message":"Created client session 4779147a3789dba6fb1e1763","timestamp":"2026-06-15 02:05:06"}
{"level":"info","message":"Created client session e21e018ac30ab567bc20b94e","timestamp":"2026-06-15 02:05:07"}
{"level":"info","message":"Created client session f03514f9204ca41e512143c2","timestamp":"2026-06-15 02:05:08"}
{"level":"info","message":"Created client session d8d511cdeafcf3c5767c7913","timestamp":"2026-06-15 02:05:08"}
{"level":"info","message":"Created client session 800a17e8985372e0e3881496","timestamp":"2026-06-15 02:05:09"}
{"level":"info","message":"Created client session 6cb2301990112a0c3275cb75","timestamp":"2026-06-15 02:05:10"}
{"level":"info","message":"Created client session 90eabecfb63d3c4f8e1b5d9f","timestamp":"2026-06-15 02:05:10"}
{"level":"info","message":"Created client session 46d9acf7ad5d58fac08f88e1","timestamp":"2026-06-15 02:05:11"}
{"level":"info","message":"Created client session 8586851ca94cd8d39297e419","timestamp":"2026-06-15 02:05:12"}
{"level":"info","message":"Created client session cab29e0a399ee487f32ec45c","timestamp":"2026-06-15 02:05:12"}
{"level":"info","message":"Created client session 8d45982c03e9c7a4eb19e30c","timestamp":"2026-06-15 02:05:13"}
{"level":"info","message":"Created client session 06db32633d613ceb95f3fa1c","timestamp":"2026-06-15 02:05:13"}
{"level":"info","message":"Created client session e389341ed4524b4acae41b7a","timestamp":"2026-06-15 02:05:14"}
{"level":"info","message":"Created client session 6d4b8c3f0f2dfa820ba3a9a5","timestamp":"2026-06-15 02:05:15"}
{"level":"info","message":"Created client session 18de8a21193c9632173fd313","timestamp":"2026-06-15 02:05:15"}
{"level":"info","message":"Created client session bd0e0f693de1bb67cc68c60a","timestamp":"2026-06-15 02:05:16"}
{"level":"info","message":"Created client session d9da2839a2a00e338fad167f","timestamp":"2026-06-15 02:05:16"}
{"level":"info","message":"Created client session 8d627f010b7abc62615f6e2c","timestamp":"2026-06-15 02:05:17"}
{"level":"info","message":"Created client session 31b4579b8af16d335ae2c65a","timestamp":"2026-06-15 02:05:17"}
{"level":"info","message":"Created client session 77fe98993cb60ed939fe4265","timestamp":"2026-06-15 02:05:18"}
{"level":"info","message":"Created client session 309a133dc21d7348e74082a9","timestamp":"2026-06-15 02:05:18"}
{"level":"info","message":"Created client session 81e1c344e434d28a2abcf2f4","timestamp":"2026-06-15 02:05:19"}
{"level":"info","message":"Created client session 7289cf6b0f4b0daa2eb95a46","timestamp":"2026-06-15 02:05:19"}
{"level":"info","message":"Created client session 9961ffb395406e73b50c839e","timestamp":"2026-06-15 02:05:20"}
{"level":"info","message":"Created client session c75d4b538621e7a54802e5ff","timestamp":"2026-06-15 02:05:21"}
{"level":"info","message":"Created client session 99a8bdc64c1376f8fb6032e4","timestamp":"2026-06-15 02:05:21"}
{"level":"info","message":"Created client session 384a27d362277eca747ec4f4","timestamp":"2026-06-15 02:05:22"}
{"level":"info","message":"Created client session bf0bbe0f4d8c4b3e9a2bdf21","timestamp":"2026-06-15 02:05:23"}
{"level":"info","message":"Created client session e565ca3ab42846b7acd85453","timestamp":"2026-06-15 02:05:24"}
{"level":"info","message":"Created client session 917c5e3160ada819b550a329","timestamp":"2026-06-15 02:05:24"}
{"level":"info","message":"Created client session 440fc1bdefbd03ac0fc2b442","timestamp":"2026-06-15 02:05:25"}
{"level":"info","message":"Created client session 42655d996e7fad08ea95deec","timestamp":"2026-06-15 02:37:41"}
{"level":"info","message":"Created client session 1092d5838dfa751bcd64f7d7","timestamp":"2026-06-15 03:13:21"}
{"level":"info","message":"Created client session 7b089766db8d1dfd3645bd07","timestamp":"2026-06-15 03:13:21"}
{"level":"info","message":"Created client session bb73c0e89cb4bc713a9ad17b","timestamp":"2026-06-15 03:13:21"}
{"level":"info","message":"Created client session 17c19edc0dd11940d9cec8f5","timestamp":"2026-06-15 03:13:21"}
{"level":"info","message":"Created client session 1db1a144292b99690d43b34e","timestamp":"2026-06-15 03:13:21"}
{"level":"info","message":"Created client session 335509e6f7e8939fe7cddba6","timestamp":"2026-06-15 03:13:21"}
{"level":"info","message":"Created client session 4f47fa41c13d7f7fe3746f34","timestamp":"2026-06-15 03:28:42"}
{"level":"info","message":"Created client session 970aee4e59446e46fd047bd5","timestamp":"2026-06-15 03:48:29"}
{"level":"info","message":"Created client session 16a50f034eacbe277a9b420b","timestamp":"2026-06-15 03:48:30"}
{"level":"info","message":"Created client session 9fc97588f64322dad5ac2fd6","timestamp":"2026-06-15 03:48:30"}
{"level":"info","message":"Created client session 8d6e79239eac984e41850924","timestamp":"2026-06-15 03:54:08"}
{"level":"info","message":"Created client session 1c5e91b94c81768f891251f5","timestamp":"2026-06-15 03:54:08"}
{"level":"info","message":"Created client session 7f1280ac8a99c761dc0ebf6b","timestamp":"2026-06-15 03:54:20"}
{"level":"info","message":"Created client session 6326ed1fe2b949942af51c3a","timestamp":"2026-06-15 04:04:23"}
{"level":"info","message":"Created client session a04adb478fa8a2022e33e497","timestamp":"2026-06-15 05:04:20"}
{"level":"info","message":"Created client session b603a2a06f433581db351175","timestamp":"2026-06-15 05:22:45"}
{"level":"info","message":"Created client session dce2a54c221821e3c073f339","timestamp":"2026-06-15 05:22:52"}
{"level":"info","message":"Created client session 7a2ab8bba030c417ba0ace4b","timestamp":"2026-06-15 05:23:05"}
{"level":"info","message":"Created client session 7dcd3e4c00b81d77e0082724","timestamp":"2026-06-15 05:23:58"}
{"level":"info","message":"Created client session 5c3c32e6a4f5e3fc70985b07","timestamp":"2026-06-15 05:26:28"}
{"level":"info","message":"Created client session 1f12277b0329076facd57af4","timestamp":"2026-06-15 05:35:13"}
{"level":"info","message":"Created client session 2feae49f97c46ede50666465","timestamp":"2026-06-15 05:39:52"}
{"level":"info","message":"Created client session 2f983bd75fca2c1da5ae0c32","timestamp":"2026-06-15 05:40:11"}
{"level":"info","message":"Created client session 201fa7476ce9d687a10361c3","timestamp":"2026-06-15 05:40:33"}
{"level":"info","message":"Created client session bbafc3a2e616692b5a85f335","timestamp":"2026-06-15 05:40:55"}
{"level":"info","message":"Created client session 6ecad0a4e839624335c793cb","timestamp":"2026-06-15 05:48:37"}
{"level":"info","message":"Created client session 5ef5294b34a99d2cf7754051","timestamp":"2026-06-15 05:51:16"}
{"level":"info","message":"Created client session b8d2d590e14fd92203daed26","timestamp":"2026-06-15 05:53:24"}
{"level":"info","message":"Created client session f66927714f917650fc2f9306","timestamp":"2026-06-15 05:53:24"}
{"level":"info","message":"Created client session 28c3cc48b8a9e5425363edbd","timestamp":"2026-06-15 05:53:24"}
{"level":"info","message":"Created client session 98587c0a251e7e4da1a8d1d4","timestamp":"2026-06-15 05:53:24"}
{"level":"info","message":"Created client session 7b63e84ee1fb595bdea0e75a","timestamp":"2026-06-15 05:53:24"}
{"level":"info","message":"Created client session 7508273442098d1bfb9ad8ce","timestamp":"2026-06-15 05:53:24"}
{"level":"info","message":"Created client session e4185aa9168bc4cf3149a218","timestamp":"2026-06-15 05:53:24"}
{"level":"info","message":"Created client session d303e368d4914417cf48ebed","timestamp":"2026-06-15 05:53:24"}
{"level":"info","message":"Created client session a743682c82ec845e0608a4a8","timestamp":"2026-06-15 05:53:24"}
{"level":"info","message":"Created client session 445add23fccf35a19e81cad6","timestamp":"2026-06-15 05:53:24"}
{"level":"info","message":"Created client session 4d4e3b004cb876371210a97d","timestamp":"2026-06-15 05:53:24"}
{"level":"info","message":"Created client session 0b84bc0f09bc06049f6be8d3","timestamp":"2026-06-15 05:53:24"}
{"level":"info","message":"Created client session 731d3e050ec66192f5bc8474","timestamp":"2026-06-15 05:53:24"}
{"level":"info","message":"Created client session 056bb0a87a7dee121d836670","timestamp":"2026-06-15 05:53:25"}
{"level":"info","message":"Created client session e54e871d7629a66772232e9d","timestamp":"2026-06-15 05:53:25"}
{"level":"info","message":"Created client session 1da24a60c284371e7bb61b89","timestamp":"2026-06-15 05:53:25"}
{"level":"info","message":"Created client session ae0853b4d3467c887c5fdee1","timestamp":"2026-06-15 05:53:25"}
{"level":"info","message":"Created client session a0fa9a353df6dc2762142ab0","timestamp":"2026-06-15 05:53:25"}
{"level":"info","message":"Created client session a58f0fbdb1439d1b55aef0bb","timestamp":"2026-06-15 05:53:25"}
{"level":"info","message":"Created client session ced23cd5711447075a85db25","timestamp":"2026-06-15 05:53:25"}
{"level":"info","message":"Created client session 6473088106b0d5446a19639b","timestamp":"2026-06-15 05:53:25"}
{"level":"info","message":"Created client session ef70145c13dc67df82886721","timestamp":"2026-06-15 05:53:25"}
{"level":"info","message":"Created client session 8616d282cca4a46cacfb09b1","timestamp":"2026-06-15 05:53:26"}
{"level":"info","message":"Created client session 07b20f0d90b303255bdbb9d5","timestamp":"2026-06-15 05:53:26"}
{"level":"info","message":"Created client session 37f225d1f8424d7d35d8ca90","timestamp":"2026-06-15 05:53:26"}
{"level":"info","message":"Created client session 132f3dbdbadf47528499fc8d","timestamp":"2026-06-15 05:53:26"}
{"level":"info","message":"Created client session 4a10903c93c762c2b903a89d","timestamp":"2026-06-15 05:53:26"}
{"level":"info","message":"Created client session 595d7d090a700ea4f1322c54","timestamp":"2026-06-15 05:53:26"}
{"level":"info","message":"Created client session ff7695dccb9a84b9f9107eb8","timestamp":"2026-06-15 05:53:26"}
{"level":"info","message":"Created client session 3cdcb4784fe6ed681a9f678e","timestamp":"2026-06-15 05:53:26"}
{"level":"info","message":"Created client session 8e54fe90f44891b3927cc646","timestamp":"2026-06-15 05:53:26"}
{"level":"info","message":"Created client session e6bcf210ab7eeffe82c65302","timestamp":"2026-06-15 05:53:27"}
{"level":"info","message":"Created client session 36ebf936c0e26ff50148f4c8","timestamp":"2026-06-15 05:53:27"}
{"level":"info","message":"Created client session 567c66ab3d40f3f8189b7d91","timestamp":"2026-06-15 05:53:27"}
{"level":"info","message":"Created client session 61466a69d14e477128f54c20","timestamp":"2026-06-15 05:53:27"}
{"level":"info","message":"Created client session 0b00aa45381dd9a71d7517d0","timestamp":"2026-06-15 05:53:27"}
{"level":"info","message":"Created client session f74cce3613924f9ba3a6cb0a","timestamp":"2026-06-15 05:53:27"}
{"level":"info","message":"Created client session 9b6495407e78ab9f33c3b38f","timestamp":"2026-06-15 05:53:27"}
{"level":"info","message":"Created client session 6f6eb5fcaa23f3bc89057fce","timestamp":"2026-06-15 05:53:27"}
{"level":"info","message":"Created client session 94b1b08f455ff80887c259d9","timestamp":"2026-06-15 05:53:28"}
{"level":"info","message":"Created client session 8f9f22933592d80971692b62","timestamp":"2026-06-15 05:53:28"}
{"level":"info","message":"Created client session 7fb1dbfd4705338b2f337ec0","timestamp":"2026-06-15 05:53:28"}
{"level":"info","message":"Created client session ceb32e42938a3ec147e475b5","timestamp":"2026-06-15 05:53:28"}
{"level":"info","message":"Created client session 6bb7222a2f7b71c720776c80","timestamp":"2026-06-15 05:53:28"}
{"level":"info","message":"Created client session 88ea60772a4bb885d30d696a","timestamp":"2026-06-15 06:02:26"}
{"level":"info","message":"Created client session 606551349efa6ad3731c45ab","timestamp":"2026-06-15 06:12:20"}
{"level":"info","message":"Created client session 91c348e398a71a95299ac733","timestamp":"2026-06-15 06:35:05"}
{"level":"info","message":"Created client session 523af430ec69304587e4d133","timestamp":"2026-06-15 06:46:07"}
{"level":"info","message":"Created client session 4b35a71865be8424d5b6776d","timestamp":"2026-06-15 06:46:08"}
{"level":"info","message":"Created client session 92998bbbb31b37d366411706","timestamp":"2026-06-15 06:46:09"}
{"level":"info","message":"Created client session 246e7c5fda47e51c3d2cc292","timestamp":"2026-06-15 06:56:02"}
{"level":"info","message":"Created client session 9fbc23e486a1ddabb69cf4b6","timestamp":"2026-06-15 06:56:02"}
{"level":"info","message":"Created client session 9a05403ff2e2113653b7eb96","timestamp":"2026-06-15 06:56:02"}
{"level":"info","message":"Created client session 4d5e2adc82e011a3537b237d","timestamp":"2026-06-15 06:56:02"}
{"level":"info","message":"Created client session 20b0ec597233e7621686c899","timestamp":"2026-06-15 06:56:02"}
{"level":"info","message":"Created client session c6e26a274a958b70a733f0e5","timestamp":"2026-06-15 07:55:21"}
{"level":"info","message":"Created client session 49b71d472d993117ed4f6e56","timestamp":"2026-06-15 07:55:32"}
{"level":"info","message":"Created client session 4e83a7f98f3921546856acf1","timestamp":"2026-06-15 07:55:42"}
{"level":"info","message":"Created client session 92ef470523c94fb36c327c97","timestamp":"2026-06-15 07:55:52"}
{"level":"info","message":"Created client session 8d15738f13f99068876caa82","timestamp":"2026-06-15 07:56:04"}
{"level":"info","message":"Created client session e4e40e702959e039ed65323b","timestamp":"2026-06-15 07:56:19"}
{"level":"info","message":"Created client session 8022c8f98689356ab52d2ccc","timestamp":"2026-06-15 07:56:36"}
{"level":"info","message":"Created client session 710ac0e3f517ab8eba6cccd1","timestamp":"2026-06-15 07:56:54"}
{"level":"info","message":"Created client session 85c0f5f87210a16bff1b29da","timestamp":"2026-06-15 07:57:12"}
{"level":"info","message":"Created client session 3db70b490f8be90f5e74116b","timestamp":"2026-06-15 07:57:33"}
{"level":"info","message":"Created client session a7114a33017fa39bfe463adf","timestamp":"2026-06-15 07:57:47"}
{"level":"info","message":"Created client session 527716bd7600fd9e591602b5","timestamp":"2026-06-15 07:58:01"}
{"level":"info","message":"Created client session fd07000c7bfed056fc87fa6e","timestamp":"2026-06-15 07:58:11"}
{"level":"info","message":"Created client session 0844d4f985daa64bc66f6c1c","timestamp":"2026-06-15 07:58:26"}
{"level":"info","message":"Created client session 5f8d1f18815c82ee3fdd37f8","timestamp":"2026-06-15 07:58:27"}
{"level":"info","message":"Created client session c4e1926df96038f97ab00c59","timestamp":"2026-06-15 07:58:46"}
{"level":"info","message":"Created client session 061cae562b7abe69524e55f4","timestamp":"2026-06-15 07:59:05"}
{"level":"info","message":"Created client session 1f3ceaf35833195ad8a081e1","timestamp":"2026-06-15 07:59:24"}
{"level":"info","message":"Created client session 10e9a543f9129ef7a07a3c95","timestamp":"2026-06-15 07:59:39"}
{"level":"info","message":"Created client session 6d018d71eb0eea58e0c7b705","timestamp":"2026-06-15 07:59:49"}
{"level":"info","message":"Created client session 275b7fd8e3318c6c001d339b","timestamp":"2026-06-15 08:00:03"}
{"level":"info","message":"Created client session 3c9ac370c9042ad7fbc58b3c","timestamp":"2026-06-15 08:00:12"}
{"level":"info","message":"Created client session dea21c427d572c34927ff2f4","timestamp":"2026-06-15 08:00:22"}
{"level":"info","message":"Created client session 14f253ada2dd7bf49952befb","timestamp":"2026-06-15 08:00:39"}
{"level":"info","message":"Created client session 42c03d51e94c7ce7cff12e25","timestamp":"2026-06-15 08:00:56"}
{"level":"info","message":"Created client session 5f6490fc46f1e87c61211125","timestamp":"2026-06-15 08:01:17"}
{"level":"info","message":"Created client session f9eed9473b0b1802b93d8da8","timestamp":"2026-06-15 08:01:33"}
{"level":"info","message":"Created client session ac9de172d98f5c4c217c2c69","timestamp":"2026-06-15 08:01:48"}
{"level":"info","message":"Created client session 1e20eab16b4459d8124268f3","timestamp":"2026-06-15 08:02:03"}
{"level":"info","message":"Created client session 628de06dce995c7221637459","timestamp":"2026-06-15 08:02:15"}
{"level":"info","message":"Created client session 1f537e136e6103989ad8bf1c","timestamp":"2026-06-15 08:02:29"}
{"level":"info","message":"Created client session ad89847d9b61785f088a9c39","timestamp":"2026-06-15 08:02:41"}
{"level":"info","message":"Created client session db884cd3a8d23fb3c2b16e24","timestamp":"2026-06-15 08:03:03"}
{"level":"info","message":"Created client session e3b3a29eca9131ed4e2eb1b5","timestamp":"2026-06-15 08:03:30"}
{"level":"info","message":"Created client session 9a13e22a04ad87ad4f077ac9","timestamp":"2026-06-15 08:03:50"}
{"level":"info","message":"Created client session 17bf4a3163218d570bc4b126","timestamp":"2026-06-15 08:04:07"}
{"level":"info","message":"Created client session 96735f7e0b1f144e01dd4702","timestamp":"2026-06-15 08:04:21"}
{"level":"info","message":"Created client session b44307779f17337d6c921948","timestamp":"2026-06-15 08:04:34"}
{"level":"info","message":"Created client session 80aba1ba4bf772a8f6836031","timestamp":"2026-06-15 08:04:45"}
{"level":"info","message":"Created client session 21f08ef475ffbe6fb2ae6e78","timestamp":"2026-06-15 08:04:48"}
{"level":"info","message":"Created client session 01424e330f9552db8022808e","timestamp":"2026-06-15 08:05:07"}
{"level":"info","message":"Created client session 309971ffc006aa61a394de25","timestamp":"2026-06-15 08:05:26"}
{"level":"info","message":"Created client session aa63d1aee84c2f89bdc35bf0","timestamp":"2026-06-15 08:05:44"}
{"level":"info","message":"Created client session 0c918eb092b7756a0fa6f81a","timestamp":"2026-06-15 08:05:56"}
{"level":"info","message":"Created client session f2dcc6495aa3b0e08f082fcb","timestamp":"2026-06-15 08:06:08"}
{"level":"info","message":"Created client session a5a9c5e7f95be4957f472e91","timestamp":"2026-06-15 08:06:20"}
{"level":"info","message":"Created client session 1de423466107489acd7249d3","timestamp":"2026-06-15 08:08:02"}
{"level":"info","message":"Created client session dd12cef7b4c3b3c08f951edf","timestamp":"2026-06-15 08:52:35"}
{"level":"info","message":"Created client session 06ad265860e9be9534de5214","timestamp":"2026-06-15 09:14:08"}
{"level":"info","message":"Created client session b66eb7473359d25727e9f74d","timestamp":"2026-06-15 09:14:08"}
{"level":"info","message":"Created client session b4487ce70a70dd3090a90c2d","timestamp":"2026-06-15 09:20:57"}
{"level":"info","message":"Created client session adec8d153b477222f9f27307","timestamp":"2026-06-15 09:22:09"}
{"level":"info","message":"Created client session efeee563b84a5ae1f6252fe4","timestamp":"2026-06-15 09:23:28"}
{"level":"info","message":"Created client session eba5ba0f454f4caed06dc5ad","timestamp":"2026-06-15 09:24:48"}
{"level":"info","message":"Created client session 73adf191d77577a20b5f29f0","timestamp":"2026-06-15 09:26:05"}
{"level":"info","message":"Created client session c8a344ada312bb8f185caf27","timestamp":"2026-06-15 09:27:21"}
{"level":"info","message":"Created client session 951e7988cf183fc2d4a43eb1","timestamp":"2026-06-15 09:28:33"}
{"level":"info","message":"Created client session 68f2a586bee7ec12ea84fb24","timestamp":"2026-06-15 09:29:29"}
{"level":"info","message":"Created client session 333303030c91576ae52733dc","timestamp":"2026-06-15 09:29:42"}
{"level":"info","message":"Created client session 459e1550f33da013447a04b9","timestamp":"2026-06-15 09:30:55"}
{"level":"info","message":"Created client session 5b9815c3f8684dd04a488560","timestamp":"2026-06-15 09:31:40"}
{"level":"info","message":"Created client session 006cfc716654b6026ef00e9a","timestamp":"2026-06-15 09:32:10"}
{"level":"info","message":"Created client session e11497f730efa7d5eb67606c","timestamp":"2026-06-15 09:33:20"}
{"level":"info","message":"Created client session ade222b828e9b7a0ab3bccc0","timestamp":"2026-06-15 09:34:36"}
{"level":"info","message":"Created client session f99c77a33fd2e79eb71d9b91","timestamp":"2026-06-15 09:35:46"}
{"level":"info","message":"Created client session 09687acb8fcfc00ea8f9ee39","timestamp":"2026-06-15 09:37:19"}
{"level":"info","message":"Created client session 2bec393f717a324b28f1ad31","timestamp":"2026-06-15 09:38:22"}
{"level":"info","message":"Created client session 31dd1dfa7a999e7658a185b0","timestamp":"2026-06-15 09:38:41"}
{"level":"info","message":"Created client session 9ff39ecc3a4e1685704ef53b","timestamp":"2026-06-15 09:39:54"}
{"level":"info","message":"Created client session 23cc4d7176715b899165d1d1","timestamp":"2026-06-15 09:41:07"}
{"level":"info","message":"Created client session 1234f9d8eea721fa0556f6ca","timestamp":"2026-06-15 09:42:20"}
{"level":"info","message":"Created client session a1b6a7c0a3c62f6926c87885","timestamp":"2026-06-15 09:43:32"}
{"level":"info","message":"Dungeons & Dragons Fifth Edition update 5.3.3 is now available!","timestamp":"2026-06-15 09:48:26"}
{"level":"info","message":"Core software stable update 14.364 is available!","timestamp":"2026-06-15 09:48:27"}
{"level":"info","message":"Vended World data to User [YzL2W1htQr2gHsBA] in 1418ms","timestamp":"2026-06-15 09:48:27"}
{"level":"info","message":"Created client session db303b5967ccf1546769fffa","timestamp":"2026-06-15 10:26:01"}
{"level":"info","message":"Created client session 404a27668b3fa85302cc307f","timestamp":"2026-06-15 10:27:43"}
{"level":"info","message":"Created client session 1186eae24a68ffa518355836","timestamp":"2026-06-15 10:46:34"}
{"level":"info","message":"Created client session 2b119f584433e8f10cfb3e91","timestamp":"2026-06-15 10:55:44"}
{"level":"info","message":"Created client session 8ec9334bd5118febe987dc65","timestamp":"2026-06-15 11:28:01"}
{"level":"info","message":"Created client session 0ff34477a4c58f5f1a7fb2df","timestamp":"2026-06-15 11:29:08"}
{"level":"info","message":"Created client session ee8b3adb09569358d9676988","timestamp":"2026-06-15 11:49:30"}
{"level":"info","message":"Toggling game pause status to false","timestamp":"2026-06-15 11:49:45"}
{"level":"info","message":"Created client session 78ae82f13c1fde113845b360","timestamp":"2026-06-15 12:11:37"}
{"level":"info","message":"Created client session f781d91fb5f61bf6414ba50a","timestamp":"2026-06-15 12:19:42"}
{"level":"info","message":"Created client session 4bd28c1e54f59288c5d32425","timestamp":"2026-06-15 12:34:27"}
{"level":"info","message":"Created client session 1971538f8dd2d00e9cadd0cb","timestamp":"2026-06-15 12:34:28"}
{"level":"info","message":"Created client session d3d2810db3c5ff4a1d19029c","timestamp":"2026-06-15 12:34:29"}
{"level":"info","message":"Created client session 926f7cce6b6c57e19da1760d","timestamp":"2026-06-15 13:12:17"}
{"level":"info","message":"Created client session 7e34ead5da484907a8c533c5","timestamp":"2026-06-15 13:24:28"}
{"level":"info","message":"Created client session 8497aff504c67c582899ec1b","timestamp":"2026-06-15 14:00:51"}
{"level":"info","message":"Created client session 13f6a274f30df7cf888f5739","timestamp":"2026-06-15 14:16:17"}
{"level":"info","message":"Created client session 666d72028216249d96b4ace7","timestamp":"2026-06-15 14:16:25"}
{"level":"info","message":"Created client session 0a1986ce9bd05964021479e6","timestamp":"2026-06-15 14:33:49"}
{"level":"info","message":"Created client session 5e4f4b4036e8cbaa5ac37918","timestamp":"2026-06-15 15:12:31"}
{"level":"info","message":"Created client session 775a8eb38517cbf66a709d41","timestamp":"2026-06-15 15:14:55"}
{"level":"info","message":"Created client session 1528406ab7f1438c414277a5","timestamp":"2026-06-15 15:24:49"}
{"level":"info","message":"Created client session 0268d1814942bd135c829b80","timestamp":"2026-06-15 15:24:50"}
{"level":"info","message":"Created client session 17c8895f3b5871dcd1292aed","timestamp":"2026-06-15 15:42:28"}
{"level":"info","message":"Created client session a2920ecd6a80d34c13cbb3f2","timestamp":"2026-06-15 15:43:18"}
{"level":"info","message":"Created client session 4f652c2692e4e08b3a5e30f3","timestamp":"2026-06-15 15:43:18"}
{"level":"info","message":"Created client session 3a2171138514b1e2cd014996","timestamp":"2026-06-15 15:43:18"}
{"level":"info","message":"Created client session 89151d73dca85484ff01d9db","timestamp":"2026-06-15 15:43:18"}
{"level":"info","message":"Created client session 8c0d91689fa69ca91fd7eb43","timestamp":"2026-06-15 15:43:18"}
{"level":"info","message":"Created client session 3214f45db223d092d499ee39","timestamp":"2026-06-15 15:43:18"}
{"level":"info","message":"Created client session 2b5a363635bfa661fde3e2f3","timestamp":"2026-06-15 15:43:18"}
{"level":"info","message":"Created client session 21650356fe8ec1826ca297b3","timestamp":"2026-06-15 15:43:18"}
{"level":"info","message":"Created client session 914bb0d9373c42338d3200f7","timestamp":"2026-06-15 15:43:18"}
{"level":"info","message":"Created client session 5c20a6c69d1609f8e82afbda","timestamp":"2026-06-15 15:43:18"}
{"level":"info","message":"Created client session ee879e9443aad421a9a7cdf6","timestamp":"2026-06-15 15:43:18"}
{"level":"info","message":"Created client session 0939052f2ea750aadbaf50e6","timestamp":"2026-06-15 15:43:18"}
{"level":"info","message":"Created client session 1749dd9cd91d866cb9ef9ed1","timestamp":"2026-06-15 15:43:18"}
{"level":"info","message":"Created client session 745415dd34ffeba2c4c73cc8","timestamp":"2026-06-15 15:43:18"}
{"level":"info","message":"Created client session ec876e78161ca7bd29b65b54","timestamp":"2026-06-15 15:43:18"}
{"level":"info","message":"Created client session b4cfcd022c66159beef85779","timestamp":"2026-06-15 15:43:18"}
{"level":"info","message":"Created client session b16491f1126140fa222ef9c2","timestamp":"2026-06-15 15:43:18"}
{"level":"info","message":"Created client session 478896a61dfdf939245d1a18","timestamp":"2026-06-15 15:43:18"}
{"level":"info","message":"Created client session 156d2c1ae5015df0f2431692","timestamp":"2026-06-15 15:43:18"}
{"level":"info","message":"Created client session f01e7d323d1486e632e1da33","timestamp":"2026-06-15 15:43:18"}
{"level":"info","message":"Created client session 64639486e1d49a80681b2523","timestamp":"2026-06-15 15:43:19"}
{"level":"info","message":"Created client session 726e74a363eb6cf1cf9fc65d","timestamp":"2026-06-15 15:43:19"}
{"level":"info","message":"Created client session c29445648203d97e7822fd31","timestamp":"2026-06-15 15:43:19"}
{"level":"info","message":"Created client session f2e23f2d7cc3bcd205fe4376","timestamp":"2026-06-15 15:43:19"}
{"level":"info","message":"Created client session 081a3296d64c2fae68184f09","timestamp":"2026-06-15 15:43:19"}
{"level":"info","message":"Created client session b1ca9104749f4409f3507335","timestamp":"2026-06-15 15:43:19"}
{"level":"info","message":"Created client session 6b09e920f6aa638e6253bb6a","timestamp":"2026-06-15 15:43:19"}
{"level":"info","message":"Created client session e5615aaab9f5b01367262cd5","timestamp":"2026-06-15 15:43:19"}
{"level":"info","message":"Created client session e3928868ad2d5f9da034e78c","timestamp":"2026-06-15 15:43:19"}
{"level":"info","message":"Created client session 72bd3fa239a1f9266b404575","timestamp":"2026-06-15 15:43:19"}
{"level":"info","message":"Created client session 9937b9a3459684b360180815","timestamp":"2026-06-15 15:43:19"}
{"level":"info","message":"Created client session 9af5b213f096b7c9017e130c","timestamp":"2026-06-15 15:43:19"}
{"level":"info","message":"Created client session 086d1d927a041a5fd5929286","timestamp":"2026-06-15 15:43:19"}
{"level":"info","message":"Created client session 2a0e1150fec5c1bbb10a71e8","timestamp":"2026-06-15 15:43:19"}
{"level":"info","message":"Created client session 7d80106515bb18ef47af64af","timestamp":"2026-06-15 15:43:19"}
{"level":"info","message":"Created client session 4ea5cea3f6df08d7aebf0063","timestamp":"2026-06-15 15:43:19"}
{"level":"info","message":"Created client session b2d397002527bd7755cffcd3","timestamp":"2026-06-15 15:43:19"}
{"level":"info","message":"Created client session 85fbe10d683baa47c4305052","timestamp":"2026-06-15 15:43:19"}
{"level":"info","message":"Created client session b59ec485aad8dcab2ae6a4a2","timestamp":"2026-06-15 15:43:19"}
{"level":"info","message":"Created client session 98035e7fad9e13ce59d2b64a","timestamp":"2026-06-15 15:43:19"}
{"level":"info","message":"Created client session 09cb849e096511fa3612c75c","timestamp":"2026-06-15 15:43:19"}
{"level":"info","message":"Created client session 5f0c737d893e9fbc656f811b","timestamp":"2026-06-15 15:43:19"}
{"level":"info","message":"Created client session d72e9db0a9440f20d6bdeb08","timestamp":"2026-06-15 15:43:19"}
{"level":"info","message":"Created client session 64e7da130d9221f1d9902fce","timestamp":"2026-06-15 15:43:19"}
{"level":"info","message":"Created client session 1da06035f0a861a9cf256e09","timestamp":"2026-06-15 15:43:19"}
{"level":"info","message":"Created client session f248ada762afbf6abe59a27f","timestamp":"2026-06-15 15:43:19"}
{"level":"info","message":"Created client session 6b0e4060fd7b82e06ae6707e","timestamp":"2026-06-15 15:43:19"}
{"level":"info","message":"Created client session baeb2136181bd8eb986b2e70","timestamp":"2026-06-15 15:43:19"}
{"level":"info","message":"Created client session c69b32de508252033921f38d","timestamp":"2026-06-15 15:43:20"}
{"level":"info","message":"Created client session c59c76ff6034f5696fb94484","timestamp":"2026-06-15 15:43:20"}
{"level":"info","message":"Created client session 89fadfd3baed7f03e16a1420","timestamp":"2026-06-15 15:43:20"}
{"level":"info","message":"Created client session c540c7ed555b291eeca5e6da","timestamp":"2026-06-15 15:43:20"}
{"level":"info","message":"Created client session 3afdc16b5fe857d3c487ad32","timestamp":"2026-06-15 15:43:20"}
{"level":"info","message":"Created client session a86c1bd88bda64a7d3ca48a1","timestamp":"2026-06-15 15:43:20"}
{"level":"info","message":"Created client session 3c9dafab5286cb593e797fcb","timestamp":"2026-06-15 15:43:20"}
{"level":"info","message":"Created client session 4aa9e019a83305ad7fc3c91d","timestamp":"2026-06-15 15:43:20"}
{"level":"info","message":"Created client session e705712affdc92d917fa049a","timestamp":"2026-06-15 15:43:20"}
{"level":"info","message":"Created client session 1c8dabc6c50580a05c397235","timestamp":"2026-06-15 15:43:20"}
{"level":"info","message":"Created client session 8b91318be0a03ed574e02236","timestamp":"2026-06-15 15:43:20"}
{"level":"info","message":"Created client session 4dba2b226c225e8b047519b4","timestamp":"2026-06-15 15:44:08"}
{"level":"info","message":"Created client session e9722273fcc632009a12e8b0","timestamp":"2026-06-15 16:18:08"}
{"level":"info","message":"Created client session 9f21e45d9de2faa9f6a08fc8","timestamp":"2026-06-15 16:42:00"}
{"level":"info","message":"Created client session df50197c3860874cf0ab79ae","timestamp":"2026-06-15 16:43:22"}
{"level":"info","message":"Created client session 062f0371462ccb40eac1f77f","timestamp":"2026-06-15 16:43:48"}
{"level":"info","message":"Created client session 3b0ee37e3feba6cfcdb261a0","timestamp":"2026-06-15 16:43:50"}
{"level":"info","message":"Created client session ad7cbb45d01f6cf7839cb7aa","timestamp":"2026-06-15 16:43:52"}
{"level":"info","message":"Created client session 13d4f500aa91d7eeec216844","timestamp":"2026-06-15 16:57:37"}
{"level":"info","message":"Created client session 4ef23dab8c21c900be5b6a6f","timestamp":"2026-06-15 16:59:08"}
{"level":"info","message":"Created client session 3780ebe5f98eb7c224a6c2b6","timestamp":"2026-06-15 16:59:16"}
{"level":"info","message":"Created client session fda15fbabd7269d6a7a7367e","timestamp":"2026-06-15 17:26:47"}
{"level":"info","message":"Created client session 584360ab9db7b39eb836ab6f","timestamp":"2026-06-15 17:29:41"}
{"level":"info","message":"Created client session e8fac05e42bcd2597236688f","timestamp":"2026-06-15 17:29:41"}
{"level":"info","message":"Created client session e3ed0a0343ac5b50548c2f89","timestamp":"2026-06-15 17:29:41"}
{"level":"info","message":"Created client session 03085a8f771001ba388e83a9","timestamp":"2026-06-15 17:29:41"}
{"level":"info","message":"Created client session 6423e40fc5951d6c311da49b","timestamp":"2026-06-15 17:29:41"}
{"level":"info","message":"Created client session f29ccbdbc33551dae0bdaa73","timestamp":"2026-06-15 17:33:56"}
{"level":"info","message":"Created client session d6cefadb95ebc8c9831fabdd","timestamp":"2026-06-15 17:50:34"}
{"level":"info","message":"Created client session 470a066adc5dde2b44b0fc95","timestamp":"2026-06-15 17:50:35"}
{"level":"info","message":"Created client session 88f3a716c80c420e092d2120","timestamp":"2026-06-15 17:50:35"}
{"level":"info","message":"Created client session 2b0b4099b6806e8d4470128c","timestamp":"2026-06-15 17:50:35"}
{"level":"info","message":"Created client session 37e420dc0952b0087fc0f446","timestamp":"2026-06-15 17:50:35"}
{"level":"info","message":"Created client session 7243775ad060c4eb27fd8f6b","timestamp":"2026-06-15 17:50:36"}
{"level":"info","message":"Created client session cedb670f24ce3482cae0352a","timestamp":"2026-06-15 17:50:36"}
{"level":"info","message":"Created client session b3bdf0668b3f80402b6e118f","timestamp":"2026-06-15 17:50:36"}
{"level":"info","message":"Created client session 78f30217e1a08d1bd7c67757","timestamp":"2026-06-15 17:50:37"}
{"level":"info","message":"Created client session a91f32a9c3b46245b99f4c39","timestamp":"2026-06-15 17:50:37"}
{"level":"info","message":"Created client session 403dc46b274aa1214207382e","timestamp":"2026-06-15 17:50:38"}
{"level":"info","message":"Created client session 9520b44f1fc820fe1530458e","timestamp":"2026-06-15 17:50:38"}
{"level":"info","message":"Created client session c878a21f82db4de060dba0a5","timestamp":"2026-06-15 17:50:38"}
{"level":"info","message":"Created client session 377222d8ac09eba1bb22860d","timestamp":"2026-06-15 17:50:39"}
{"level":"info","message":"Created client session 2548180140f47d50045bdf35","timestamp":"2026-06-15 17:50:39"}
{"level":"info","message":"Created client session e8386d06afd302e98b168248","timestamp":"2026-06-15 17:50:39"}
{"level":"info","message":"Created client session 1849f439dcfea6eb2f79ffa0","timestamp":"2026-06-15 17:50:40"}
{"level":"info","message":"Created client session b02f7afa882918779f40d11d","timestamp":"2026-06-15 17:50:40"}
{"level":"info","message":"Created client session 789d7611bc8e437ca0c32a5b","timestamp":"2026-06-15 17:50:40"}
{"level":"info","message":"Created client session 1cb57e31801b04326f6939d1","timestamp":"2026-06-15 17:50:41"}
{"level":"info","message":"Created client session 4053637cfe31f78d62d7bd56","timestamp":"2026-06-15 17:50:41"}
{"level":"info","message":"Created client session 3b8f40a2d046372462a27579","timestamp":"2026-06-15 17:50:41"}
{"level":"info","message":"Created client session 443121b7af3487b567463766","timestamp":"2026-06-15 17:50:42"}
{"level":"info","message":"Created client session 0b6e06e68e075a33cd151f7b","timestamp":"2026-06-15 17:50:42"}
{"level":"info","message":"Created client session 08f42d18f663520a0345a6b6","timestamp":"2026-06-15 17:50:43"}
{"level":"info","message":"Created client session 87cc60d4baa0fc1a05b6a4df","timestamp":"2026-06-15 17:50:43"}
{"level":"info","message":"Created client session c69611c153406bbbfde14b37","timestamp":"2026-06-15 17:50:43"}
{"level":"info","message":"Created client session dc6567cab3a53b2eaa678ad5","timestamp":"2026-06-15 17:50:44"}
{"level":"info","message":"Created client session abf98ec73fe8bfbb70981c99","timestamp":"2026-06-15 17:50:44"}
{"level":"info","message":"Created client session d2daf18aaf05a40e95ff8a63","timestamp":"2026-06-15 17:50:45"}
{"level":"info","message":"Created client session 498b7afe5b7a85e21bd505f7","timestamp":"2026-06-15 17:50:45"}
{"level":"info","message":"Created client session e6f492161c1d2a4ff9f9367e","timestamp":"2026-06-15 17:50:46"}
{"level":"info","message":"Created client session fcd3c0ccf86e452f3677c0c6","timestamp":"2026-06-15 17:50:46"}
{"level":"info","message":"Created client session 8eb30c0fdd60de7a0b6e15ef","timestamp":"2026-06-15 17:50:46"}
{"level":"info","message":"Created client session 82c677c87dba1cb9b2e3237d","timestamp":"2026-06-15 17:50:47"}
{"level":"info","message":"Created client session a7208bb35e6ee36f50aa0460","timestamp":"2026-06-15 17:50:47"}
{"level":"info","message":"Created client session ca3d5ee34afd9a0f341fbfbc","timestamp":"2026-06-15 17:50:47"}
{"level":"info","message":"Created client session af45e79af05a107658a90dea","timestamp":"2026-06-15 17:50:47"}
{"level":"info","message":"Created client session 7b6216981a97993c47ad69bd","timestamp":"2026-06-15 17:50:48"}
{"level":"info","message":"Created client session e1bfdba59ae3c0ac247789d5","timestamp":"2026-06-15 17:50:48"}
{"level":"info","message":"Created client session dabb7ddb745d8c45b59d24bf","timestamp":"2026-06-15 17:50:48"}
{"level":"info","message":"Created client session 2b3d0828f3c5a5f3b05c5a57","timestamp":"2026-06-15 17:50:49"}
{"level":"info","message":"Created client session 4fdea29361378c7fad813cb9","timestamp":"2026-06-15 17:50:49"}
{"level":"info","message":"Created client session 688981b506c65cda40682b2a","timestamp":"2026-06-15 17:50:49"}
{"level":"info","message":"Created client session 3e3e124ede515a7caea6956b","timestamp":"2026-06-15 17:57:43"}
{"level":"info","message":"Created client session 702db75bb9bf57fbe75aaf3d","timestamp":"2026-06-15 17:59:25"}
{"level":"info","message":"Created client session 5a6d01a125c41e9df719ca24","timestamp":"2026-06-15 17:59:26"}
{"level":"info","message":"Created client session 3840ee1ba56a7166c3aeb673","timestamp":"2026-06-15 18:44:58"}
{"level":"info","message":"Created client session 32491e51fb90abf331aff840","timestamp":"2026-06-15 18:46:56"}
{"level":"info","message":"Created client session c518b4246f354839916753f9","timestamp":"2026-06-15 18:46:56"}
{"level":"info","message":"Created client session 84944bf211004597e77206f7","timestamp":"2026-06-15 18:46:56"}
{"level":"info","message":"Created client session 83fb8c50edc84adf13a45fbd","timestamp":"2026-06-15 18:46:56"}
{"level":"info","message":"Created client session 77a2185d5920ce8310a9f4e1","timestamp":"2026-06-15 18:46:56"}
{"level":"info","message":"Created client session d3d7894966ae05dae8764607","timestamp":"2026-06-15 18:46:56"}
{"level":"info","message":"Created client session 67d7ff676f51bc7958618f87","timestamp":"2026-06-15 18:46:56"}
{"level":"info","message":"Created client session 993a06d300da7db82dcdaaf0","timestamp":"2026-06-15 18:46:56"}
{"level":"info","message":"Created client session 4e444e2cd3d7c6d5bdcbf451","timestamp":"2026-06-15 18:46:56"}
{"level":"info","message":"Created client session f09aa5b68ce47deb5c84786f","timestamp":"2026-06-15 18:46:56"}
{"level":"info","message":"Created client session 072c113b3171268a3caf907b","timestamp":"2026-06-15 18:46:56"}
{"level":"info","message":"Created client session b7fb2313715c7c6fc51e1be8","timestamp":"2026-06-15 18:46:56"}
{"level":"info","message":"Created client session 5bde0cd17066c1584f87fba1","timestamp":"2026-06-15 18:46:58"}
{"level":"info","message":"Created client session 821a37bfc4bf7fa02f355889","timestamp":"2026-06-15 18:46:58"}
{"level":"info","message":"Created client session 874fe4626957962721ec693e","timestamp":"2026-06-15 18:46:58"}
{"level":"info","message":"Created client session 1504cfb5e19c5325a884c768","timestamp":"2026-06-15 18:46:58"}
{"level":"info","message":"Created client session f884f97ea812c68c0ba94625","timestamp":"2026-06-15 18:46:58"}
{"level":"info","message":"Created client session 69a55ac65308da255335aa53","timestamp":"2026-06-15 18:46:58"}
{"level":"info","message":"Created client session 6c51122789900b2b0bc3704f","timestamp":"2026-06-15 18:46:58"}
{"level":"info","message":"Created client session 74f3b008b7a41b4e7e306f00","timestamp":"2026-06-15 18:46:58"}
{"level":"info","message":"Created client session 95453cdc9f84ac9aa84806f0","timestamp":"2026-06-15 18:46:58"}
{"level":"info","message":"Created client session fdba70dc7e0801953a1cd8e5","timestamp":"2026-06-15 18:46:58"}
{"level":"info","message":"Created client session 1ae85651f5b5c24bbca192c5","timestamp":"2026-06-15 18:46:58"}
{"level":"info","message":"Created client session d758e8b35f3e84c44df37ebc","timestamp":"2026-06-15 18:46:58"}
{"level":"info","message":"Created client session 95a8e534b40f40a544f2655f","timestamp":"2026-06-15 18:46:59"}
{"level":"info","message":"Created client session 1905649b9f3c6439a5e36631","timestamp":"2026-06-15 18:46:59"}
{"level":"info","message":"Created client session b959e4cfa15f9b1ab178f407","timestamp":"2026-06-15 18:46:59"}
{"level":"info","message":"Created client session 59ac540078a74a36a6a14d51","timestamp":"2026-06-15 18:46:59"}
{"level":"info","message":"Created client session 9c685b9918932ab1269222cb","timestamp":"2026-06-15 18:46:59"}
{"level":"info","message":"Created client session 13877c5a7c1efc9658679805","timestamp":"2026-06-15 18:46:59"}
{"level":"info","message":"Created client session 472f38daee42a33903b75f27","timestamp":"2026-06-15 18:46:59"}
{"level":"info","message":"Created client session f932aa04f4f1c0947a9156f8","timestamp":"2026-06-15 18:46:59"}
{"level":"info","message":"Created client session 13a17b39815990f3c6aaa2ec","timestamp":"2026-06-15 18:46:59"}
{"level":"info","message":"Created client session f95b20d5b7da0410a87657ad","timestamp":"2026-06-15 18:46:59"}
{"level":"info","message":"Created client session e07d1c664fe0bf934fb316c3","timestamp":"2026-06-15 18:46:59"}
{"level":"info","message":"Created client session 180427c167e2b5ba8f69c2ac","timestamp":"2026-06-15 18:47:00"}
{"level":"info","message":"Created client session 238d5246cc30d4a866c23ea1","timestamp":"2026-06-15 18:47:01"}
{"level":"info","message":"Created client session f17c915fb0953ed3a0ae2cf7","timestamp":"2026-06-15 18:47:01"}
{"level":"info","message":"Created client session c689b7042cb372923c28782c","timestamp":"2026-06-15 18:47:01"}
{"level":"info","message":"Created client session 211e5ed2c18d7fdbca8057ce","timestamp":"2026-06-15 18:47:01"}
{"level":"info","message":"Created client session b26ab363b202c2ffa319924b","timestamp":"2026-06-15 18:47:01"}
{"level":"info","message":"Created client session 1655352334182be194b14612","timestamp":"2026-06-15 18:47:01"}
{"level":"info","message":"Created client session 001f5a8e2dfbce59e5e778bf","timestamp":"2026-06-15 18:47:01"}
{"level":"info","message":"Created client session 801c868847ef4f14b8827b5f","timestamp":"2026-06-15 18:47:01"}
{"level":"info","message":"Created client session 5588fb3b4139f0491e5006f7","timestamp":"2026-06-15 18:47:01"}
{"level":"info","message":"Created client session 057e10697915d649d0adf0ee","timestamp":"2026-06-15 18:47:01"}
{"level":"info","message":"Created client session 6141183da55c4df178f85eaa","timestamp":"2026-06-15 18:47:03"}
{"level":"info","message":"Created client session 7778bfb4e13523bd5c370b79","timestamp":"2026-06-15 18:47:05"}
{"level":"info","message":"Created client session f2b52bab8af664e353cdd691","timestamp":"2026-06-15 18:47:06"}
{"level":"info","message":"Created client session c9b761505604842bba0cd9b5","timestamp":"2026-06-15 18:47:08"}
{"level":"info","message":"Created client session e2b86b34859faa4aaa2b0276","timestamp":"2026-06-15 19:25:26"}
{"level":"info","message":"Created client session 10cbe742b63bc5a193f89f57","timestamp":"2026-06-15 19:34:38"}
{"level":"info","message":"Created client session 98fae3a7ee6a8630e617a297","timestamp":"2026-06-15 20:16:04"}
{"level":"info","message":"Created client session 4c49c31a7f955fbf65175608","timestamp":"2026-06-15 20:33:21"}
{"level":"info","message":"Created client session 7cc0f7d9c07670e3c2d6cbcf","timestamp":"2026-06-15 20:41:11"}
{"level":"info","message":"Created client session 8ea6e192946619d192c22818","timestamp":"2026-06-15 20:51:03"}
{"level":"info","message":"Created client session 7b0f65f6650b35d2eee6fe95","timestamp":"2026-06-15 20:59:44"}
{"level":"info","message":"Created client session 5181e4871c19f428d6a8a08b","timestamp":"2026-06-15 21:15:18"}
{"level":"info","message":"Created client session 4cdde8ef8fd27b39043e60b8","timestamp":"2026-06-15 21:16:40"}
{"level":"info","message":"Created client session 7fa50b9be5bd2a82c366473c","timestamp":"2026-06-15 21:16:41"}
{"level":"info","message":"Created client session e84015c7ca07890918ca6167","timestamp":"2026-06-15 21:31:16"}
{"level":"info","message":"Created client session 75dcfc79829874a0d255b9b2","timestamp":"2026-06-15 21:40:20"}
{"level":"info","message":"Created client session 9a988e880831c1b4ea544c2a","timestamp":"2026-06-15 21:59:14"}
{"level":"info","message":"Created client session f862c736be39354b04d2857b","timestamp":"2026-06-15 22:20:56"}
{"level":"info","message":"Created client session 451b6a2091c194741a272d50","timestamp":"2026-06-15 22:25:23"}
{"level":"info","message":"Created client session 89bae90b56a8a9b9be367062","timestamp":"2026-06-15 22:25:38"}
{"level":"info","message":"Created client session dbe98c1b746717429eeee6cd","timestamp":"2026-06-15 22:44:43"}
{"level":"info","message":"Created client session acb3eab96a94ef931707b193","timestamp":"2026-06-15 22:52:47"}
{"level":"info","message":"Created client session 66d39f965c980b8a162c830f","timestamp":"2026-06-15 22:53:04"}
{"level":"info","message":"Created client session 415c3d3e789aade04c96ffa3","timestamp":"2026-06-15 23:02:05"}
{"level":"info","message":"Created client session dd401bd8e78e885d5b5411c1","timestamp":"2026-06-15 23:27:50"}
{"level":"info","message":"Created client session 610a12ccad3814d049f76f72","timestamp":"2026-06-15 23:31:15"}
{"level":"info","message":"Created client session 2bb6bd59a1d1bb63308bd892","timestamp":"2026-06-15 23:31:20"}
{"level":"info","message":"Created client session 3c77a4ba5288555809de39a0","timestamp":"2026-06-15 23:35:46"}
{"level":"info","message":"Created client session bfb68432fd7dc8aa02b4c05e","timestamp":"2026-06-15 23:45:02"}
{"level":"info","message":"Created client session 14de41bb7f5b899f93ed5c59","timestamp":"2026-06-15 23:45:03"}
{"level":"info","message":"Created client session 4f05aa5c1e69499baeecd914","timestamp":"2026-06-15 23:45:03"}
{"level":"info","message":"Created client session 872c8ac42cfe55df0c4a059f","timestamp":"2026-06-15 23:45:04"}
{"level":"info","message":"Created client session 6ac032255dcb29a6e2bcf9a1","timestamp":"2026-06-15 23:45:05"}
{"level":"info","message":"Created client session 455fa38dd61d54b374b0d2c0","timestamp":"2026-06-15 23:45:06"}
{"level":"info","message":"Created client session 97e0630f06233f6437627014","timestamp":"2026-06-15 23:45:07"}
{"level":"info","message":"Created client session 26aec7322c259ba3578669d5","timestamp":"2026-06-15 23:45:08"}
{"level":"info","message":"Created client session e01551efa5cbd95bdc9dc7ad","timestamp":"2026-06-15 23:45:08"}
{"level":"info","message":"Created client session fee8df81e82634fbe94341f7","timestamp":"2026-06-15 23:45:09"}
{"level":"info","message":"Created client session 4831293b531e4cceab67df2f","timestamp":"2026-06-15 23:45:10"}
{"level":"info","message":"Created client session 7dd94036114054eb9722dcdb","timestamp":"2026-06-15 23:45:11"}
{"level":"info","message":"Created client session 78d82602d7fa5dea50bbde96","timestamp":"2026-06-15 23:45:11"}
{"level":"info","message":"Created client session 208dc5442f57bf82437e3c20","timestamp":"2026-06-15 23:45:12"}
{"level":"info","message":"Created client session 70c87622d45ab15af6ad82f4","timestamp":"2026-06-15 23:45:13"}
{"level":"info","message":"Created client session 31e373885c2ce634042b7be1","timestamp":"2026-06-15 23:45:14"}
{"level":"info","message":"Created client session 8a14662486261c5add0744d3","timestamp":"2026-06-15 23:45:15"}
{"level":"info","message":"Created client session a2f741cb63528fcc3152a236","timestamp":"2026-06-15 23:45:16"}
{"level":"info","message":"Created client session 1b6a1e811dcab2b6a69cded6","timestamp":"2026-06-15 23:45:16"}
{"level":"info","message":"Created client session 637bbd8d2bad8d1597c0619e","timestamp":"2026-06-15 23:45:17"}
{"level":"info","message":"Created client session b2763dd61c3198942221090d","timestamp":"2026-06-15 23:45:18"}
{"level":"info","message":"Created client session b94890cabfefc09246e045bf","timestamp":"2026-06-15 23:45:19"}
{"level":"info","message":"Created client session 9ee6ee530a058c4ceeaec10c","timestamp":"2026-06-15 23:45:19"}
{"level":"info","message":"Created client session d1ba0ee2f1097a9e124eddd8","timestamp":"2026-06-15 23:45:20"}
{"level":"info","message":"Created client session 465f09ef7a85b435f999c6cd","timestamp":"2026-06-15 23:45:21"}
{"level":"info","message":"Created client session d5aa84527c9d85c8885260bd","timestamp":"2026-06-15 23:45:21"}
{"level":"info","message":"Created client session edccbe0bf0c2d584ba624ef5","timestamp":"2026-06-15 23:45:22"}
{"level":"info","message":"Created client session 1f7bda05e022112433261bde","timestamp":"2026-06-15 23:45:23"}
{"level":"info","message":"Created client session 250ca76d4cd9d40896600f75","timestamp":"2026-06-15 23:45:23"}
{"level":"info","message":"Created client session c758a26dcb06998f0c51ab2d","timestamp":"2026-06-15 23:45:24"}
{"level":"info","message":"Created client session 3180f79f3652e4bc18978a3e","timestamp":"2026-06-15 23:45:25"}
{"level":"info","message":"Created client session dd8d0596633cb026a4cdc925","timestamp":"2026-06-15 23:45:25"}
{"level":"info","message":"Created client session 0d32eb2ca46f1ae9cc38d869","timestamp":"2026-06-15 23:45:26"}
{"level":"info","message":"Created client session 8e76d4a076136816f2367b1a","timestamp":"2026-06-15 23:45:27"}
{"level":"info","message":"Created client session 179e624dc34a43e0ef800430","timestamp":"2026-06-15 23:45:27"}
{"level":"info","message":"Created client session 8697a9be508e4c91b3b26fd2","timestamp":"2026-06-15 23:45:28"}
{"level":"info","message":"Created client session 9ce0148fc30e8752fd7da1a5","timestamp":"2026-06-15 23:45:29"}
{"level":"info","message":"Created client session 99132e07f4df096f9e5ac87a","timestamp":"2026-06-15 23:45:30"}
{"level":"info","message":"Created client session 25d1b100f14b61fefde0d9a2","timestamp":"2026-06-15 23:45:31"}
{"level":"info","message":"Created client session de3147cba1856caa8a84a1ee","timestamp":"2026-06-15 23:45:32"}
{"level":"info","message":"Created client session b0dbe5fb6b0d318408c2f974","timestamp":"2026-06-15 23:45:32"}
{"level":"info","message":"Created client session 3513206a285b91c63e3df164","timestamp":"2026-06-15 23:45:33"}
{"level":"info","message":"Created client session d90109dacaebccbdf2553f4b","timestamp":"2026-06-15 23:45:34"}
{"level":"info","message":"Created client session 3020ab33c9c13a7954f53ef5","timestamp":"2026-06-15 23:45:35"}
