{"level":"info","message":"Created client session 1f48e13a66fef1de2926d297","timestamp":"2026-05-22 00:07:37"}
{"level":"info","message":"Created client session b94410739b4766f05bd747f7","timestamp":"2026-05-22 00:15:27"}
{"level":"info","message":"Created client session d0fbba803d48bbb74e7fda21","timestamp":"2026-05-22 00:18:45"}
{"level":"info","message":"Created client session 81df558ee0f9ef1cc84d5b68","timestamp":"2026-05-22 00:22:14"}
{"level":"info","message":"Created client session 06b598a85bc70093b2c4195a","timestamp":"2026-05-22 00:22:16"}
{"level":"info","message":"Created client session 7741e54f83a122b7c7766d5a","timestamp":"2026-05-22 00:32:02"}
{"level":"info","message":"Created client session e0d3230d6d9ea0358e549d79","timestamp":"2026-05-22 00:39:56"}
{"level":"info","message":"Created client session 7ba5c85844472db2ab3bcde5","timestamp":"2026-05-22 00:43:09"}
{"level":"info","message":"Created client session c728ea61b22d304a95991ced","timestamp":"2026-05-22 01:05:27"}
{"level":"info","message":"Created client session ddc8f34af02a764d2dfbe3c8","timestamp":"2026-05-22 01:10:51"}
{"level":"info","message":"Created client session 96097981ea79e12b34a641d5","timestamp":"2026-05-22 01:18:07"}
{"level":"info","message":"Created client session 56d488a84f90fe0821782139","timestamp":"2026-05-22 01:21:28"}
{"level":"info","message":"Created client session 783b0ad01b97bd1624adb232","timestamp":"2026-05-22 01:21:28"}
{"level":"info","message":"Created client session d95d6525d1eab770d0cf3368","timestamp":"2026-05-22 01:21:28"}
{"level":"info","message":"Created client session 347251b18597557129ef23f8","timestamp":"2026-05-22 01:21:28"}
{"level":"info","message":"Created client session e5069c3fd3081ded7e5662c9","timestamp":"2026-05-22 01:21:28"}
{"level":"info","message":"Created client session 850a3f6f6fe652c0904551f0","timestamp":"2026-05-22 01:21:28"}
{"level":"info","message":"Created client session 066eb3a34af4bd5c7bb10738","timestamp":"2026-05-22 01:23:17"}
{"level":"info","message":"Created client session 46f49f870b61c28e32f39a51","timestamp":"2026-05-22 01:39:12"}
{"level":"info","message":"Created client session 813617e7c904495de92d5e55","timestamp":"2026-05-22 01:53:53"}
{"level":"info","message":"Created client session d520024a94cb25857d6c7779","timestamp":"2026-05-22 02:04:36"}
{"level":"info","message":"Created client session 7c059dc30f5ce8185ece5902","timestamp":"2026-05-22 02:11:08"}
{"level":"info","message":"Created client session 95a442416ba62b469760c4cb","timestamp":"2026-05-22 02:28:00"}
{"level":"info","message":"Created client session f9fccee60b5334eb0145aaf4","timestamp":"2026-05-22 02:34:36"}
{"level":"info","message":"Created client session fbf1d59d4939472528c777ae","timestamp":"2026-05-22 02:35:28"}
{"level":"info","message":"Created client session 04312e0d3468185fb30dfe32","timestamp":"2026-05-22 02:37:16"}
{"level":"info","message":"Created client session 3241344ba01f6b8cea16ac81","timestamp":"2026-05-22 02:38:24"}
{"level":"info","message":"Created client session 825fe2b5129a52f894db1325","timestamp":"2026-05-22 02:46:30"}
{"level":"info","message":"Created client session 785d41edab7c9a01264898d4","timestamp":"2026-05-22 02:47:38"}
{"level":"info","message":"Created client session d67c266f7a95dbc4472f89f2","timestamp":"2026-05-22 03:00:03"}
{"level":"info","message":"Created client session 0e2dc42644db105a61b391be","timestamp":"2026-05-22 03:13:24"}
{"level":"info","message":"Created client session c32ec728b6f61a75a32a0cdf","timestamp":"2026-05-22 03:37:18"}
{"level":"info","message":"Created client session ad07400b01c29e45381b7c5d","timestamp":"2026-05-22 03:38:26"}
{"level":"info","message":"Created client session db70ad7571a7d61ef085d001","timestamp":"2026-05-22 03:59:06"}
{"level":"info","message":"Created client session 9f86f4cb45ae4dee77b5174b","timestamp":"2026-05-22 03:59:31"}
{"level":"info","message":"Created client session 039a24217e1927bc8fe39fed","timestamp":"2026-05-22 04:04:40"}
{"level":"info","message":"Created client session 1e228802e18ba7ccc9ede11e","timestamp":"2026-05-22 04:13:54"}
{"level":"info","message":"Created client session 305a0a3b51472c2e91265175","timestamp":"2026-05-22 04:35:27"}
{"level":"info","message":"Created client session 4ee78a5a1db3193bd8cbf37a","timestamp":"2026-05-22 04:37:10"}
{"level":"info","message":"Created client session 3ec0545db36b45d46e30026a","timestamp":"2026-05-22 04:37:51"}
{"level":"info","message":"Created client session ad83f040cf9438db295567fb","timestamp":"2026-05-22 04:39:44"}
{"level":"info","message":"Created client session 56842c5221067d3f163197b8","timestamp":"2026-05-22 04:40:04"}
{"level":"info","message":"Created client session d356ffe7bad139001a60bc3f","timestamp":"2026-05-22 04:43:38"}
{"level":"info","message":"Created client session b725340f03cfeb41e7881483","timestamp":"2026-05-22 04:49:12"}
{"level":"info","message":"Created client session b148ddd64868b7d1d837be5b","timestamp":"2026-05-22 04:49:24"}
{"level":"info","message":"Created client session b88fc0fc43eefcf27e500a62","timestamp":"2026-05-22 04:49:38"}
{"level":"info","message":"Created client session 0de7f50f9e6f23fdfc25054a","timestamp":"2026-05-22 04:49:54"}
{"level":"info","message":"Created client session 923493a9fa22991b4a2808a7","timestamp":"2026-05-22 04:55:49"}
{"level":"info","message":"Created client session 4ca6bd17810b800f3c3c5bc1","timestamp":"2026-05-22 05:09:22"}
{"level":"info","message":"Created client session badc5b8b3920b4a51abec7a8","timestamp":"2026-05-22 05:14:17"}
{"level":"info","message":"Created client session d0037afdfb666563e2cad453","timestamp":"2026-05-22 05:21:08"}
{"level":"info","message":"Created client session b61cfca1137ebcead7ab42aa","timestamp":"2026-05-22 05:32:23"}
{"level":"info","message":"Created client session d1d1fa6add1be893806eb7de","timestamp":"2026-05-22 05:42:32"}
{"level":"info","message":"Created client session 0f3443369018b65727fc06b6","timestamp":"2026-05-22 05:43:35"}
{"level":"info","message":"Created client session e5b4ca642f465a501c55bbda","timestamp":"2026-05-22 05:43:35"}
{"level":"info","message":"Created client session 9cebb1c8b128c8c0de689419","timestamp":"2026-05-22 05:43:35"}
{"level":"info","message":"Created client session f6a8d0584fec96bacc787a0d","timestamp":"2026-05-22 05:43:36"}
{"level":"info","message":"Created client session 1346ce9f73b7124df9d90d62","timestamp":"2026-05-22 05:43:36"}
{"level":"info","message":"Created client session 5f04b8e34eb239dbafa383d7","timestamp":"2026-05-22 05:43:36"}
{"level":"info","message":"Created client session 935fa6573980a3d11cc050f7","timestamp":"2026-05-22 05:43:36"}
{"level":"info","message":"Created client session 7da7a60004b9c864f02b22c0","timestamp":"2026-05-22 05:43:37"}
{"level":"info","message":"Created client session 7df138c151ad15c849efdf44","timestamp":"2026-05-22 05:43:37"}
{"level":"info","message":"Created client session 30fd64bacc360c99f39759c8","timestamp":"2026-05-22 05:43:37"}
{"level":"info","message":"Created client session ef504c6b31ec3c7ca2359065","timestamp":"2026-05-22 05:43:37"}
{"level":"info","message":"Created client session a59a0a2ec9c24753816f9c19","timestamp":"2026-05-22 05:43:38"}
{"level":"info","message":"Created client session a47976ba4b7b3ab2b5f0cf64","timestamp":"2026-05-22 05:43:38"}
{"level":"info","message":"Created client session 2d1a79e23c9c5ac5664602a4","timestamp":"2026-05-22 05:43:38"}
{"level":"info","message":"Created client session 8b65425337918c55a956acd9","timestamp":"2026-05-22 05:43:38"}
{"level":"info","message":"Created client session 92b5a58b9d4a2cafd8a2bfd9","timestamp":"2026-05-22 05:43:39"}
{"level":"info","message":"Created client session a72c8cce6c554f1f24c80aa9","timestamp":"2026-05-22 05:43:39"}
{"level":"info","message":"Created client session e8b9ecdd61f9663cecf6efa7","timestamp":"2026-05-22 05:43:39"}
{"level":"info","message":"Created client session c8465a8b4431d1469b7945d5","timestamp":"2026-05-22 05:43:39"}
{"level":"info","message":"Created client session b704c2751cbc6b9f0c6626b7","timestamp":"2026-05-22 05:43:39"}
{"level":"info","message":"Created client session 0f73d313cd1d91dc766d5340","timestamp":"2026-05-22 05:43:40"}
{"level":"info","message":"Created client session 2a2bca8774372816b25f327e","timestamp":"2026-05-22 05:43:40"}
{"level":"info","message":"Created client session a2232d17194c5dd7054b43bb","timestamp":"2026-05-22 05:43:40"}
{"level":"info","message":"Created client session fb674183e6a08106720eaef4","timestamp":"2026-05-22 05:43:40"}
{"level":"info","message":"Created client session e2ededaa9e9b237cc23e7335","timestamp":"2026-05-22 05:43:40"}
{"level":"info","message":"Created client session 9a41280b03d1f29d3c77a730","timestamp":"2026-05-22 05:43:41"}
{"level":"info","message":"Created client session c79dfd1c4066aaf9237f255d","timestamp":"2026-05-22 05:43:41"}
{"level":"info","message":"Created client session 9789109a67ba3f31b194cb4d","timestamp":"2026-05-22 05:43:41"}
{"level":"info","message":"Created client session ffd20d1126d75092f861e571","timestamp":"2026-05-22 05:43:41"}
{"level":"info","message":"Created client session 46e4a89bcaa584916a2873cc","timestamp":"2026-05-22 05:43:41"}
{"level":"info","message":"Created client session 606e1f817ba5a39618d8fb42","timestamp":"2026-05-22 05:43:42"}
{"level":"info","message":"Created client session 3fb7b78708a0b65e5eff06e9","timestamp":"2026-05-22 05:43:42"}
{"level":"info","message":"Created client session f001a82c077dc4591ce9b569","timestamp":"2026-05-22 05:43:42"}
{"level":"info","message":"Created client session 4ffa48f1625d6853a04fd1e1","timestamp":"2026-05-22 05:43:42"}
{"level":"info","message":"Created client session 1299d58ff473d271c773a660","timestamp":"2026-05-22 05:43:42"}
{"level":"info","message":"Created client session bf148f68cc502a4d9c062e9c","timestamp":"2026-05-22 05:43:42"}
{"level":"info","message":"Created client session 2789d0710bd41ad0d4a490e6","timestamp":"2026-05-22 05:43:43"}
{"level":"info","message":"Created client session f74cfe9613f55d2afd3c756b","timestamp":"2026-05-22 05:43:43"}
{"level":"info","message":"Created client session e499ef0945c3eb03c9ac35f4","timestamp":"2026-05-22 05:43:43"}
{"level":"info","message":"Created client session d28b5b39670df7e722921e99","timestamp":"2026-05-22 05:43:43"}
{"level":"info","message":"Created client session 3eb9556b661a56543ed3b3ca","timestamp":"2026-05-22 05:43:43"}
{"level":"info","message":"Created client session f21bf5296ee494edfd88f19d","timestamp":"2026-05-22 05:43:44"}
{"level":"info","message":"Created client session f9d7b662a85ec5e94fb7003a","timestamp":"2026-05-22 05:43:44"}
{"level":"info","message":"Created client session 9d3683e420ae10e88ace88af","timestamp":"2026-05-22 05:43:44"}
{"level":"info","message":"Created client session c4f5d94e9239f0b834de382e","timestamp":"2026-05-22 05:48:26"}
{"level":"info","message":"Created client session d19557175559ce0002de9a15","timestamp":"2026-05-22 05:50:07"}
{"level":"info","message":"Created client session 079170659c0c4cf973a3a4dc","timestamp":"2026-05-22 05:59:52"}
{"level":"info","message":"Created client session f763bf1594fd45b8896241f9","timestamp":"2026-05-22 06:19:29"}
{"level":"info","message":"Created client session 8ac982a55b0aea5aeeea5bbe","timestamp":"2026-05-22 06:25:28"}
{"level":"info","message":"Created client session 05d111d5344fd9d5b5f0ddfc","timestamp":"2026-05-22 06:27:39"}
{"level":"info","message":"Created client session 5c54b501bfd3435239f86816","timestamp":"2026-05-22 06:38:49"}
{"level":"info","message":"Created client session 7a62f14ba4d0ffca4d2a86d4","timestamp":"2026-05-22 06:51:31"}
{"level":"info","message":"Created client session 9d59fe5685e531fea857d2f9","timestamp":"2026-05-22 06:51:31"}
{"level":"info","message":"Created client session 502a08d2fddc8876424e55c6","timestamp":"2026-05-22 06:51:31"}
{"level":"info","message":"Created client session ba765d9f64095b47853c193d","timestamp":"2026-05-22 06:51:31"}
{"level":"info","message":"Created client session 09d95e03f591cbbbd3d94abd","timestamp":"2026-05-22 06:51:31"}
{"level":"info","message":"Created client session b91a8d5b35562d4f9c37af5c","timestamp":"2026-05-22 06:51:31"}
{"level":"info","message":"Created client session c77be807f82424b5f667fd97","timestamp":"2026-05-22 06:51:31"}
{"level":"info","message":"Created client session 0c275ee4c9f55871a1d6aab6","timestamp":"2026-05-22 06:51:31"}
{"level":"info","message":"Created client session 92bc61eff1198a9cf93ea108","timestamp":"2026-05-22 06:51:31"}
{"level":"info","message":"Created client session e554dd4423b950eb5f0fc84f","timestamp":"2026-05-22 06:51:31"}
{"level":"info","message":"Created client session 8b63be4b839bdbd087388a20","timestamp":"2026-05-22 06:51:31"}
{"level":"info","message":"Created client session 8ebb2e53c04d5ea6e9d05569","timestamp":"2026-05-22 06:51:31"}
{"level":"info","message":"Created client session cfe51c0dc1ff2eb756c6fdb6","timestamp":"2026-05-22 06:51:31"}
{"level":"info","message":"Created client session 8c7197921b048b338d1dad8c","timestamp":"2026-05-22 06:51:31"}
{"level":"info","message":"Created client session 9efcddc08a0a081c8a1892ad","timestamp":"2026-05-22 06:51:31"}
{"level":"info","message":"Created client session bb3e43cd1e85b3e5d6d14c7e","timestamp":"2026-05-22 06:51:31"}
{"level":"info","message":"Created client session 3d9690bf14743a373644ccfc","timestamp":"2026-05-22 06:51:31"}
{"level":"info","message":"Created client session 7033f25d56e9a575ade7d0aa","timestamp":"2026-05-22 06:51:31"}
{"level":"info","message":"Created client session 9312405700cc2bbd86900491","timestamp":"2026-05-22 06:51:31"}
{"level":"info","message":"Created client session bfd31442bea91fea16478c39","timestamp":"2026-05-22 06:51:31"}
{"level":"info","message":"Created client session bfb5f283e26a5f7576309cab","timestamp":"2026-05-22 06:51:31"}
{"level":"info","message":"Created client session c8dad3ac5a69b62bb998ffa0","timestamp":"2026-05-22 06:51:31"}
{"level":"info","message":"Created client session fcb01517b6a2b35df38ff390","timestamp":"2026-05-22 06:51:31"}
{"level":"info","message":"Created client session 34e7a7fffced4edb1fe0e015","timestamp":"2026-05-22 06:51:31"}
{"level":"info","message":"Created client session dd3be23ce4b3af468bb0e35a","timestamp":"2026-05-22 06:51:31"}
{"level":"info","message":"Created client session c746523654ad3d13a514b32e","timestamp":"2026-05-22 06:51:31"}
{"level":"info","message":"Created client session a141c979a40e67d7f04d2bdd","timestamp":"2026-05-22 06:51:32"}
{"level":"info","message":"Created client session 8409e102e5a1985c402e08ce","timestamp":"2026-05-22 06:51:32"}
{"level":"info","message":"Created client session 9be208e08032ae8b5943dea6","timestamp":"2026-05-22 06:51:32"}
{"level":"info","message":"Created client session 188f317c894846ea40ec4653","timestamp":"2026-05-22 06:51:32"}
{"level":"info","message":"Created client session ff1513015f6a456464b09555","timestamp":"2026-05-22 06:51:32"}
{"level":"info","message":"Created client session 7e1eefd8f385a794db61dd87","timestamp":"2026-05-22 06:51:32"}
{"level":"info","message":"Created client session 2aa827a4025c32493856794a","timestamp":"2026-05-22 06:51:32"}
{"level":"info","message":"Created client session 8d9807c2a2413797d88b1933","timestamp":"2026-05-22 06:51:32"}
{"level":"info","message":"Created client session 2a1faaf66953c93efec75ab1","timestamp":"2026-05-22 06:51:32"}
{"level":"info","message":"Created client session e5365c73077c9602189bb4c7","timestamp":"2026-05-22 06:51:32"}
{"level":"info","message":"Created client session fd0f0ff16268820f69df74c8","timestamp":"2026-05-22 06:51:32"}
{"level":"info","message":"Created client session 178e1ab8cb8ec3cc829563ce","timestamp":"2026-05-22 06:51:32"}
{"level":"info","message":"Created client session 7fa666a77f2b60ad2496799a","timestamp":"2026-05-22 06:51:32"}
{"level":"info","message":"Created client session b6dff2180764db50922afb46","timestamp":"2026-05-22 06:51:32"}
{"level":"info","message":"Created client session c7f137dbf607125d6374c6e8","timestamp":"2026-05-22 06:51:32"}
{"level":"info","message":"Created client session 034991aff1b20a47550ec6ce","timestamp":"2026-05-22 06:51:32"}
{"level":"info","message":"Created client session 44463a08e6a1b98b83e12b1e","timestamp":"2026-05-22 06:51:32"}
{"level":"info","message":"Created client session 8b966a68db5f8f62ac17cbae","timestamp":"2026-05-22 06:51:32"}
{"level":"info","message":"Created client session 302f78b51ac5b71d9203b1e2","timestamp":"2026-05-22 06:51:32"}
{"level":"info","message":"Created client session 926821d1944685b0cf5f85a6","timestamp":"2026-05-22 06:51:32"}
{"level":"info","message":"Created client session c8795557c71aa7e7fd0c4f7b","timestamp":"2026-05-22 06:51:32"}
{"level":"info","message":"Created client session 0058d200b72bdbc090a4d121","timestamp":"2026-05-22 06:51:32"}
{"level":"info","message":"Created client session cee46942934acee667404e4b","timestamp":"2026-05-22 06:51:32"}
{"level":"info","message":"Created client session bdec8e35d5471284f1948813","timestamp":"2026-05-22 06:51:32"}
{"level":"info","message":"Created client session 3d542e52284731780baf4c9f","timestamp":"2026-05-22 06:51:32"}
{"level":"info","message":"Created client session 6c7b1812f198ba3c5ee6be7b","timestamp":"2026-05-22 06:51:32"}
{"level":"info","message":"Created client session f938b09217fda9dd376f6c69","timestamp":"2026-05-22 06:51:32"}
{"level":"info","message":"Created client session d2d4375b9b4ee2a317c9878f","timestamp":"2026-05-22 06:51:32"}
{"level":"info","message":"Created client session 8e8bfb8ec6bbcfe5254a241f","timestamp":"2026-05-22 06:51:32"}
{"level":"info","message":"Created client session b2f3b299ec67b0248bb3079a","timestamp":"2026-05-22 06:51:32"}
{"level":"info","message":"Created client session c0e6e4228a61725240397407","timestamp":"2026-05-22 06:51:32"}
{"level":"info","message":"Created client session 8d1a0bd8523b6b06be75bb5e","timestamp":"2026-05-22 06:51:32"}
{"level":"info","message":"Created client session ffdbada3525f48fdf594ecff","timestamp":"2026-05-22 06:53:19"}
{"level":"info","message":"Created client session ec673d34a82eebfdaa83eec5","timestamp":"2026-05-22 06:55:42"}
{"level":"info","message":"Created client session c7aa9f632f8746013a13e59a","timestamp":"2026-05-22 06:55:42"}
{"level":"info","message":"Created client session 7b55dc572acaee17393cce9c","timestamp":"2026-05-22 07:06:36"}
{"level":"info","message":"Created client session 76c54eb8eeba4a1a2ff26587","timestamp":"2026-05-22 07:08:05"}
{"level":"info","message":"Created client session a765bdbd703ab1406cde0f27","timestamp":"2026-05-22 07:23:39"}
{"level":"info","message":"Created client session 2c918598cc912f89a11014da","timestamp":"2026-05-22 07:39:00"}
{"level":"info","message":"Created client session 741a511ae3be6ecc9cbc970a","timestamp":"2026-05-22 07:41:58"}
{"level":"info","message":"Created client session 0678da8940a76c0093e3c431","timestamp":"2026-05-22 07:59:33"}
{"level":"info","message":"Created client session 8af45a3b561f27b3de97368e","timestamp":"2026-05-22 08:02:16"}
{"level":"info","message":"Created client session bcf82be306ea8a887299ab74","timestamp":"2026-05-22 08:15:36"}
{"level":"info","message":"Created client session 4206fd22cccc3be8054e5100","timestamp":"2026-05-22 08:27:51"}
{"level":"info","message":"Created client session 8212fdaba7cf2dabc3dfe8dc","timestamp":"2026-05-22 08:30:50"}
{"level":"info","message":"Created client session 443f6d33e7661e8d0db0eeb4","timestamp":"2026-05-22 08:30:55"}
{"level":"info","message":"Created client session f1efb96a51c7614d768fe6a5","timestamp":"2026-05-22 08:31:13"}
{"level":"info","message":"Created client session db4eab200fa59c2c2e84de83","timestamp":"2026-05-22 08:31:27"}
{"level":"info","message":"Created client session e750e84c914ce4c831956fee","timestamp":"2026-05-22 08:32:17"}
{"level":"info","message":"Created client session 98ec881bc8a9aa43697fa220","timestamp":"2026-05-22 08:34:15"}
{"level":"info","message":"Created client session b90a838e12b2270e25acb4f7","timestamp":"2026-05-22 08:34:34"}
{"level":"info","message":"Created client session 45244b5829fbb91aa1a73a9a","timestamp":"2026-05-22 08:46:03"}
{"level":"info","message":"Created client session 06cb64b9286d82f6d3cecdf4","timestamp":"2026-05-22 09:01:03"}
{"level":"info","message":"Created client session c0f3412f171983a94ddefc13","timestamp":"2026-05-22 09:13:31"}
{"level":"info","message":"Created client session 3a81a65c85f4fa33b8a98c9a","timestamp":"2026-05-22 09:16:18"}
{"level":"info","message":"Created client session 0be4c88b8e7308bbe6337f34","timestamp":"2026-05-22 09:20:05"}
{"level":"info","message":"Created client session 079e8847b2897c2f35364b20","timestamp":"2026-05-22 09:35:19"}
{"level":"info","message":"Created client session 31155405dfc40cc61ff64f76","timestamp":"2026-05-22 09:36:12"}
{"level":"info","message":"Created client session 421cef730157d5a5898be33c","timestamp":"2026-05-22 09:44:46"}
{"level":"info","message":"Created client session 9d30e999feb77f80e5a2bdf9","timestamp":"2026-05-22 09:50:02"}
{"level":"info","message":"Created client session ddd1a7250c232f87f87c21e1","timestamp":"2026-05-22 10:02:15"}
{"level":"info","message":"Created client session 87b303614701192b2ea017ab","timestamp":"2026-05-22 10:19:18"}
{"level":"info","message":"Created client session 2f2f29f22a4974fd2179c3b6","timestamp":"2026-05-22 10:19:55"}
{"level":"info","message":"Created client session c52dc0ca7a891a7a27a88926","timestamp":"2026-05-22 10:26:00"}
{"level":"info","message":"Created client session 8be6081b37de2928e786d508","timestamp":"2026-05-22 10:26:01"}
{"level":"info","message":"Created client session ab109de1687f2c0f609ce0a8","timestamp":"2026-05-22 10:26:14"}
{"level":"info","message":"Created client session 8c5d4c89cfa95ae576002bbe","timestamp":"2026-05-22 10:45:33"}
{"level":"info","message":"Created client session 6411e89e53a82c789a211378","timestamp":"2026-05-22 10:47:33"}
{"level":"info","message":"Created client session a15f10f9f2c78b40663b66fb","timestamp":"2026-05-22 10:54:12"}
{"level":"info","message":"Created client session 18f6e5c58f7aa16bd8218291","timestamp":"2026-05-22 10:58:49"}
{"level":"info","message":"Created client session 49eb322e33445eed228534b9","timestamp":"2026-05-22 11:02:32"}
{"level":"info","message":"Created client session 9591277032fee70663a2ee9c","timestamp":"2026-05-22 11:09:45"}
{"level":"info","message":"Created client session e259fc53ff2ff657e554092f","timestamp":"2026-05-22 11:17:19"}
{"level":"info","message":"Created client session 34528556ad260162778eaec3","timestamp":"2026-05-22 11:19:24"}
{"level":"info","message":"Created client session e3a4d24235ff960b323c628c","timestamp":"2026-05-22 11:28:32"}
{"level":"info","message":"Created client session 6ab1b41ee24b36b796871fab","timestamp":"2026-05-22 11:33:32"}
{"level":"info","message":"Created client session b0e42d9e5d0b7fce1dccb693","timestamp":"2026-05-22 11:43:06"}
{"level":"info","message":"Created client session 64f43baa58cfa57ea7a8a20c","timestamp":"2026-05-22 11:44:45"}
{"level":"info","message":"Created client session ec71aac902a58f37bbc9e5ec","timestamp":"2026-05-22 11:44:46"}
{"level":"info","message":"Created client session 0f814ecf6ad2c559033d40d8","timestamp":"2026-05-22 11:44:46"}
{"level":"info","message":"Created client session 70fab2f96a37cbb3737bb0d8","timestamp":"2026-05-22 11:44:48"}
{"level":"info","message":"Created client session 293b3f08d95e5532bc6d8f19","timestamp":"2026-05-22 11:44:48"}
{"level":"info","message":"Created client session 7c1c962a7248ff73002b1ba1","timestamp":"2026-05-22 11:44:48"}
{"level":"info","message":"Created client session f214184f894006f769edb827","timestamp":"2026-05-22 11:44:50"}
{"level":"info","message":"Created client session da46668e80b33acf4eec2605","timestamp":"2026-05-22 11:44:51"}
{"level":"info","message":"Created client session 9622bf8d8ba0c800869bc505","timestamp":"2026-05-22 11:44:51"}
{"level":"info","message":"Created client session 890c0a80081decd90b569b44","timestamp":"2026-05-22 11:44:52"}
{"level":"info","message":"Created client session a7dbb673c43ecebb73043e92","timestamp":"2026-05-22 11:44:52"}
{"level":"info","message":"Created client session 07cf813b8f016bd4abc15d75","timestamp":"2026-05-22 11:44:53"}
{"level":"info","message":"Created client session 860ed12339aeca9cfd2af433","timestamp":"2026-05-22 11:44:54"}
{"level":"info","message":"Created client session 7e5894b664ff250bdbeca39a","timestamp":"2026-05-22 11:44:54"}
{"level":"info","message":"Created client session 40168ed43b92ee4d23fc8b87","timestamp":"2026-05-22 11:57:22"}
{"level":"info","message":"Created client session d9568d0f8800eb2bf2304ecd","timestamp":"2026-05-22 12:07:09"}
{"level":"info","message":"Created client session dad3d7464fc0cfcf9508724f","timestamp":"2026-05-22 12:11:32"}
{"level":"info","message":"Created client session d702d1945b0daabbfb7c897a","timestamp":"2026-05-22 12:17:29"}
{"level":"info","message":"Created client session 5e0201c24ff5f3eb10c89186","timestamp":"2026-05-22 12:17:30"}
{"level":"info","message":"Created client session 956cfe03c04e8f15560ed735","timestamp":"2026-05-22 12:25:10"}
{"level":"info","message":"Created client session 96cb039a8cc8c0ae23be50cf","timestamp":"2026-05-22 12:25:23"}
{"level":"info","message":"Created client session 98d718ddbf9235e730a865de","timestamp":"2026-05-22 12:42:31"}
{"level":"info","message":"Created client session 722deb94a04fc56b46a177b2","timestamp":"2026-05-22 12:51:36"}
{"level":"info","message":"Created client session 28503be5433877e6f421cb45","timestamp":"2026-05-22 13:05:24"}
{"level":"info","message":"Created client session 80d7dec26a072fef208e6e6e","timestamp":"2026-05-22 13:10:13"}
{"level":"info","message":"Created client session 97bb90107d2b07e530e39d7e","timestamp":"2026-05-22 13:10:13"}
{"level":"info","message":"Created client session 81c0ac5d844761a0ffe4b0ed","timestamp":"2026-05-22 13:22:33"}
{"level":"info","message":"Created client session 6a6c520a7ac7b1ac5f9bdf03","timestamp":"2026-05-22 13:29:50"}
{"level":"info","message":"Created client session d70dda0a706f16d7e82c8abc","timestamp":"2026-05-22 13:31:37"}
{"level":"info","message":"Created client session 9aacef947a9ee91b25a199b6","timestamp":"2026-05-22 13:32:34"}
{"level":"info","message":"Created client session cb1e59601ec9ca5cbfbcca54","timestamp":"2026-05-22 13:32:35"}
{"level":"info","message":"Created client session c78a85ea4c4389eccbf8cd80","timestamp":"2026-05-22 13:32:37"}
{"level":"info","message":"Created client session 6d26c1158330d7acfebff040","timestamp":"2026-05-22 13:32:38"}
{"level":"info","message":"Created client session 4958719f03b3131f2448a661","timestamp":"2026-05-22 13:32:39"}
{"level":"info","message":"Created client session a650be638bfd4ab355757508","timestamp":"2026-05-22 13:32:40"}
{"level":"info","message":"Created client session fc3aecd73e642434d235d088","timestamp":"2026-05-22 13:32:40"}
{"level":"info","message":"Created client session b838f53c45a0a7d9645a1d5b","timestamp":"2026-05-22 13:32:41"}
{"level":"info","message":"Created client session 68c13c82254e27bd76a14110","timestamp":"2026-05-22 13:32:42"}
{"level":"info","message":"Created client session 1ca299ff817dcc455a269fe9","timestamp":"2026-05-22 13:32:44"}
{"level":"info","message":"Created client session f24152ae554ad002d149fe4c","timestamp":"2026-05-22 13:32:46"}
{"level":"info","message":"Created client session 0488192c4be1f44430bb35e3","timestamp":"2026-05-22 13:32:47"}
{"level":"info","message":"Created client session cd665e9aeb9da01a9f7a0863","timestamp":"2026-05-22 13:32:47"}
{"level":"info","message":"Created client session 1cf58b1ff4358c1fe3ff314f","timestamp":"2026-05-22 13:32:47"}
{"level":"info","message":"Created client session 3c2b08eb72ec6ebe2b2d0a5d","timestamp":"2026-05-22 13:32:48"}
{"level":"info","message":"Created client session 40753d316e96819c42fe1da8","timestamp":"2026-05-22 13:32:48"}
{"level":"info","message":"Created client session 92dd8dd03a5eb655bea624e1","timestamp":"2026-05-22 13:32:48"}
{"level":"info","message":"Created client session 101f64f773d1bd2873b88ce0","timestamp":"2026-05-22 13:32:49"}
{"level":"info","message":"Created client session 9a904abaf77fd3dca34c1cc6","timestamp":"2026-05-22 13:32:51"}
{"level":"info","message":"Created client session aad1bb998e7d17cfcd87f6db","timestamp":"2026-05-22 13:32:52"}
{"level":"info","message":"Created client session 1aad43f5fa7ff962a8044650","timestamp":"2026-05-22 13:32:53"}
{"level":"info","message":"Created client session 83cf90d2a87bd2ef89c889b2","timestamp":"2026-05-22 13:32:54"}
{"level":"info","message":"Created client session e0b5b9d5285accaee1fa8f2a","timestamp":"2026-05-22 13:32:55"}
{"level":"info","message":"Created client session 9ba9cc02ef4c325cabbcc7bc","timestamp":"2026-05-22 13:32:57"}
{"level":"info","message":"Created client session fc56cd411d1fc86aa2947dee","timestamp":"2026-05-22 13:32:58"}
{"level":"info","message":"Created client session 636b5b2893f530222f15c969","timestamp":"2026-05-22 13:32:59"}
{"level":"info","message":"Created client session 2d9277089b35dbb52cdbd099","timestamp":"2026-05-22 13:33:00"}
{"level":"info","message":"Created client session 96b680d249584ba38161c7e1","timestamp":"2026-05-22 13:33:01"}
{"level":"info","message":"Created client session f6e41000005871237296fd8b","timestamp":"2026-05-22 13:33:02"}
{"level":"info","message":"Created client session d6342ef676a1febd5eaeb7f0","timestamp":"2026-05-22 13:33:03"}
{"level":"info","message":"Created client session 9b8755f7f197038f818c6962","timestamp":"2026-05-22 13:33:04"}
{"level":"info","message":"Created client session f1301b9c108c29fb8251c07a","timestamp":"2026-05-22 13:33:05"}
{"level":"info","message":"Created client session cbf91a16ca6f402a59b184bf","timestamp":"2026-05-22 13:33:06"}
{"level":"info","message":"Created client session 41d01b12b0f6a695c98ed3c2","timestamp":"2026-05-22 13:33:07"}
{"level":"info","message":"Created client session a317764245e7c8adf56c0bf3","timestamp":"2026-05-22 13:33:08"}
{"level":"info","message":"Created client session a2bd62c8b4cb967a1ae991a0","timestamp":"2026-05-22 13:33:09"}
{"level":"info","message":"Created client session abf69016a9f7bd398701a3fb","timestamp":"2026-05-22 13:33:10"}
{"level":"info","message":"Created client session 9a9dfa5faef753a355b72377","timestamp":"2026-05-22 13:33:12"}
{"level":"info","message":"Created client session 09efb318010975c550d41de7","timestamp":"2026-05-22 13:47:59"}
{"level":"info","message":"Created client session ac50f2c7336bbe347591d0bc","timestamp":"2026-05-22 13:53:50"}
{"level":"info","message":"Created client session b8ea9f9b945b4a24864e89fa","timestamp":"2026-05-22 13:58:11"}
{"level":"info","message":"Created client session c5cc115b8895153050999680","timestamp":"2026-05-22 14:11:36"}
{"level":"info","message":"Created client session ef480d3bb5352eb4a1df4ec1","timestamp":"2026-05-22 14:12:48"}
{"level":"info","message":"Created client session 3a9a3a275e581a32713aa3fc","timestamp":"2026-05-22 14:34:49"}
{"level":"info","message":"Created client session 443f8afb6dffd9b36b3110b4","timestamp":"2026-05-22 14:36:54"}
{"level":"info","message":"Created client session fbcdd1c5800110f7fa4a9d7a","timestamp":"2026-05-22 14:37:32"}
{"level":"info","message":"Created client session fbb46885212d4da55f2cb04a","timestamp":"2026-05-22 14:44:34"}
{"level":"info","message":"Created client session d4906e1e3abb61621e3ab877","timestamp":"2026-05-22 14:44:34"}
{"level":"info","message":"Created client session 7a17e011610b5b7a6ac71f27","timestamp":"2026-05-22 14:44:34"}
{"level":"info","message":"Created client session d859fad1a76f2d6a1aa94f03","timestamp":"2026-05-22 14:45:32"}
{"level":"info","message":"Created client session 954387ff9956e3f4a07b9915","timestamp":"2026-05-22 14:52:56"}
{"level":"info","message":"Created client session 41abbd5f14e14c4f77a43a93","timestamp":"2026-05-22 15:00:48"}
{"level":"info","message":"Created client session 56505ea6b84ec29bb3d575a7","timestamp":"2026-05-22 15:00:53"}
{"level":"info","message":"Created client session 8c44dfbe09e3c622b185c952","timestamp":"2026-05-22 15:01:03"}
{"level":"info","message":"Created client session a554c874b943e3dacbbfc499","timestamp":"2026-05-22 15:08:45"}
{"level":"info","message":"Created client session f0fa4c9cbee7380ff63aefd7","timestamp":"2026-05-22 15:16:08"}
{"level":"info","message":"Created client session f58c33e24411f9108a5c3442","timestamp":"2026-05-22 15:19:59"}
{"level":"info","message":"Created client session 2c3ad4a38ed0ab67d462b95a","timestamp":"2026-05-22 15:27:28"}
{"level":"info","message":"Created client session 14783515b15e2de931b42035","timestamp":"2026-05-22 15:30:56"}
{"level":"info","message":"Created client session 4fa92f6369f033423c234706","timestamp":"2026-05-22 15:45:57"}
{"level":"info","message":"Created client session 18a5d61a0b8470dbcc6f585e","timestamp":"2026-05-22 15:50:40"}
{"level":"info","message":"Created client session f68e2454c0458de7bc934545","timestamp":"2026-05-22 16:05:17"}
{"level":"info","message":"Created client session db3de6fa80cb41e4786c00f2","timestamp":"2026-05-22 16:12:09"}
{"level":"info","message":"Created client session fef33c3c2f7d0548bf364afd","timestamp":"2026-05-22 16:25:42"}
{"level":"info","message":"Created client session 7a4c4f7f02fb6a11a7e920b5","timestamp":"2026-05-22 16:28:16"}
{"ip":"::ffff:127.0.0.1","level":"info","message":"User authentication successful for user Gamemaster","session":"7a4c4f7f02fb6a11a7e920b5","timestamp":"2026-05-22 16:28:24"}
{"level":"info","message":"Dungeons & Dragons Fifth Edition update 5.3.3 is now available!","timestamp":"2026-05-22 16:28:25"}
{"level":"info","message":"Core software stable update 14.362 is available!","timestamp":"2026-05-22 16:28:26"}
{"level":"info","message":"Vended World data to User [YzL2W1htQr2gHsBA] in 1467ms","timestamp":"2026-05-22 16:28:26"}
{"level":"debug","message":"Starting edit session for user 'YzL2W1htQr2gHsBA' and instance 'JournalEntry.pvj1i6lt1v1F6z6Q.JournalEntryPage.mPbIWRPWcbTVsnsG#text.content'.","timestamp":"2026-05-22 16:33:44"}
{"level":"debug","message":"Broadcasting autosave update for instance 'JournalEntry.pvj1i6lt1v1F6z6Q.JournalEntryPage.mPbIWRPWcbTVsnsG#text.content'.","timestamp":"2026-05-22 16:34:44"}
{"level":"debug","message":"Broadcasting autosave update for instance 'JournalEntry.pvj1i6lt1v1F6z6Q.JournalEntryPage.mPbIWRPWcbTVsnsG#text.content'.","timestamp":"2026-05-22 16:35:44"}
{"level":"debug","message":"Broadcasting autosave update for instance 'JournalEntry.pvj1i6lt1v1F6z6Q.JournalEntryPage.mPbIWRPWcbTVsnsG#text.content'.","timestamp":"2026-05-22 16:36:44"}
{"level":"debug","message":"Broadcasting autosave update for instance 'JournalEntry.pvj1i6lt1v1F6z6Q.JournalEntryPage.mPbIWRPWcbTVsnsG#text.content'.","timestamp":"2026-05-22 16:37:44"}
{"level":"debug","message":"Broadcasting autosave update for instance 'JournalEntry.pvj1i6lt1v1F6z6Q.JournalEntryPage.mPbIWRPWcbTVsnsG#text.content'.","timestamp":"2026-05-22 16:38:44"}
{"level":"debug","message":"Broadcasting autosave update for instance 'JournalEntry.pvj1i6lt1v1F6z6Q.JournalEntryPage.mPbIWRPWcbTVsnsG#text.content'.","timestamp":"2026-05-22 16:40:44"}
{"level":"debug","message":"Broadcasting autosave update for instance 'JournalEntry.pvj1i6lt1v1F6z6Q.JournalEntryPage.mPbIWRPWcbTVsnsG#text.content'.","timestamp":"2026-05-22 16:41:44"}
{"level":"debug","message":"Broadcasting autosave update for instance 'JournalEntry.pvj1i6lt1v1F6z6Q.JournalEntryPage.mPbIWRPWcbTVsnsG#text.content'.","timestamp":"2026-05-22 16:42:44"}
{"level":"debug","message":"Broadcasting autosave update for instance 'JournalEntry.pvj1i6lt1v1F6z6Q.JournalEntryPage.mPbIWRPWcbTVsnsG#text.content'.","timestamp":"2026-05-22 16:43:44"}
{"level":"debug","message":"Broadcasting autosave update for instance 'JournalEntry.pvj1i6lt1v1F6z6Q.JournalEntryPage.mPbIWRPWcbTVsnsG#text.content'.","timestamp":"2026-05-22 16:44:44"}
{"level":"info","message":"Created RollTable with id [g3kzNKvGU5CT8qF5]","timestamp":"2026-05-22 16:46:06"}
{"level":"info","message":"Created TableResult with id [G1wDZshl4w951S3E] in parent RollTable [g3kzNKvGU5CT8qF5]","timestamp":"2026-05-22 16:46:07"}
{"level":"info","message":"Created TableResult with id [b5ejXIgb7QodJxq4] in parent RollTable [g3kzNKvGU5CT8qF5]","timestamp":"2026-05-22 16:48:13"}
{"level":"info","message":"Created TableResult with id [tnGHac7oohXGBFyI] in parent RollTable [g3kzNKvGU5CT8qF5]","timestamp":"2026-05-22 16:48:31"}
{"level":"info","message":"Created TableResult with id [Js0k3yuDEV7uw14C] in parent RollTable [g3kzNKvGU5CT8qF5]","timestamp":"2026-05-22 16:48:53"}
{"level":"info","message":"Created TableResult with id [55qQqvMqxMryFrSV] in parent RollTable [g3kzNKvGU5CT8qF5]","timestamp":"2026-05-22 16:49:25"}
{"level":"info","message":"Created TableResult with id [onqDi7X4rkBQfCb3] in parent RollTable [g3kzNKvGU5CT8qF5]","timestamp":"2026-05-22 16:49:56"}
{"level":"info","message":"Created TableResult with id [EGZt4nN8RAFKXvb0] in parent RollTable [g3kzNKvGU5CT8qF5]","timestamp":"2026-05-22 16:50:20"}
{"level":"info","message":"Created TableResult with id [z8Xq0hx2Bx0QHWEO] in parent RollTable [g3kzNKvGU5CT8qF5]","timestamp":"2026-05-22 16:50:46"}
{"level":"info","message":"Created ChatMessage with id [FGXWCtMbnIXoQMVj]","timestamp":"2026-05-22 16:51:23"}
{"level":"info","message":"Created TableResult with id [HMPNXo70uVrStlje] in parent RollTable [g3kzNKvGU5CT8qF5]","timestamp":"2026-05-22 16:52:05"}
{"level":"info","message":"Created TableResult with id [5gNrcUZBCJpPwucS] in parent RollTable [g3kzNKvGU5CT8qF5]","timestamp":"2026-05-22 16:52:06"}
{"level":"info","message":"Created TableResult with id [vGEyZ3UIgLX0mJUb] in parent RollTable [g3kzNKvGU5CT8qF5]","timestamp":"2026-05-22 16:52:07"}
{"level":"info","message":"Created TableResult with id [xeGNtOM7iSNVYMK2] in parent RollTable [g3kzNKvGU5CT8qF5]","timestamp":"2026-05-22 16:52:07"}
{"level":"info","message":"Created client session c259198afc03fc4bb179a41c","timestamp":"2026-05-22 16:52:53"}
{"level":"info","message":"Created RollTable with id [a7zWbRuLZi7GQSis]","timestamp":"2026-05-22 16:53:34"}
{"level":"info","message":"Created TableResult with id [Yz4SoXtw7x7Qrax9] in parent RollTable [a7zWbRuLZi7GQSis]","timestamp":"2026-05-22 16:53:36"}
{"level":"info","message":"Created TableResult with id [a6aGjzN6JeegBaBy] in parent RollTable [a7zWbRuLZi7GQSis]","timestamp":"2026-05-22 16:54:02"}
{"level":"info","message":"Created TableResult with id [uOjTH6E0vHzkueRC] in parent RollTable [a7zWbRuLZi7GQSis]","timestamp":"2026-05-22 16:55:27"}
{"level":"info","message":"Created client session 1a4d193ca36d6487ed65040d","timestamp":"2026-05-22 16:55:41"}
{"level":"info","message":"Created TableResult with id [dlfBahCVMeXivEJZ] in parent RollTable [a7zWbRuLZi7GQSis]","timestamp":"2026-05-22 16:56:06"}
{"level":"info","message":"Created TableResult with id [87lBYOwQGhYq2y6U] in parent RollTable [a7zWbRuLZi7GQSis]","timestamp":"2026-05-22 16:56:18"}
{"level":"info","message":"Deleted TableResult with id [87lBYOwQGhYq2y6U] in parent RollTable [a7zWbRuLZi7GQSis]","timestamp":"2026-05-22 16:56:20"}
{"level":"info","message":"Created RollTable with id [yip8Y8dxQS8XMXqM]","timestamp":"2026-05-22 16:57:22"}
{"level":"info","message":"Created TableResult with id [COPjXyS34EfpYf6V] in parent RollTable [yip8Y8dxQS8XMXqM]","timestamp":"2026-05-22 16:57:28"}
{"level":"debug","message":"Broadcasting autosave update for instance 'JournalEntry.pvj1i6lt1v1F6z6Q.JournalEntryPage.mPbIWRPWcbTVsnsG#text.content'.","timestamp":"2026-05-22 16:57:44"}
{"level":"info","message":"Created TableResult with id [ymIw88QwUYToSOY8] in parent RollTable [yip8Y8dxQS8XMXqM]","timestamp":"2026-05-22 16:58:32"}
{"level":"info","message":"Created TableResult with id [yJVhiWSdBRjFCV5z] in parent RollTable [yip8Y8dxQS8XMXqM]","timestamp":"2026-05-22 16:59:26"}
{"level":"info","message":"Created TableResult with id [MP2Pz5afIEqSpC1d] in parent RollTable [yip8Y8dxQS8XMXqM]","timestamp":"2026-05-22 17:00:14"}
{"level":"info","message":"Created TableResult with id [Nedf0L7psj1aOvgZ] in parent RollTable [yip8Y8dxQS8XMXqM]","timestamp":"2026-05-22 17:00:29"}
{"level":"info","message":"Created TableResult with id [IcU0Y5QKXR4EZBzM] in parent RollTable [yip8Y8dxQS8XMXqM]","timestamp":"2026-05-22 17:01:09"}
{"level":"info","message":"Deleted TableResult with id [IcU0Y5QKXR4EZBzM] in parent RollTable [yip8Y8dxQS8XMXqM]","timestamp":"2026-05-22 17:01:10"}
{"level":"debug","message":"Retiring user 'YzL2W1htQr2gHsBA' from editing session for instance 'JournalEntry.pvj1i6lt1v1F6z6Q.JournalEntryPage.mPbIWRPWcbTVsnsG#text.content'.","timestamp":"2026-05-22 17:01:25"}
{"level":"debug","message":"Instance 'JournalEntry.pvj1i6lt1v1F6z6Q.JournalEntryPage.mPbIWRPWcbTVsnsG#text.content' has no more active editors, cleaning up.","timestamp":"2026-05-22 17:01:25"}
{"level":"info","message":"Created client session 7d0da28bf005dde65f4776c6","timestamp":"2026-05-22 17:01:31"}
{"level":"debug","message":"Starting edit session for user 'YzL2W1htQr2gHsBA' and instance 'JournalEntry.pvj1i6lt1v1F6z6Q.JournalEntryPage.mPbIWRPWcbTVsnsG#text.content'.","timestamp":"2026-05-22 17:01:32"}
{"level":"debug","message":"Broadcasting autosave update for instance 'JournalEntry.pvj1i6lt1v1F6z6Q.JournalEntryPage.mPbIWRPWcbTVsnsG#text.content'.","timestamp":"2026-05-22 17:02:32"}
{"level":"debug","message":"Retiring user 'YzL2W1htQr2gHsBA' from editing session for instance 'JournalEntry.pvj1i6lt1v1F6z6Q.JournalEntryPage.mPbIWRPWcbTVsnsG#text.content'.","timestamp":"2026-05-22 17:05:24"}
{"level":"debug","message":"Instance 'JournalEntry.pvj1i6lt1v1F6z6Q.JournalEntryPage.mPbIWRPWcbTVsnsG#text.content' has no more active editors, cleaning up.","timestamp":"2026-05-22 17:05:24"}
{"level":"info","message":"Created RollTable with id [V8Iy8ANmhZTC7Lod]","timestamp":"2026-05-22 17:06:17"}
{"level":"info","message":"Created TableResult with id [g5AhtHZhIlY4ASFM] in parent RollTable [V8Iy8ANmhZTC7Lod]","timestamp":"2026-05-22 17:06:22"}
{"level":"info","message":"Created TableResult with id [cx9e2HpuoqQd8fr4] in parent RollTable [V8Iy8ANmhZTC7Lod]","timestamp":"2026-05-22 17:06:22"}
{"level":"info","message":"Created TableResult with id [Az0bohJE64s2G1Ba] in parent RollTable [V8Iy8ANmhZTC7Lod]","timestamp":"2026-05-22 17:06:23"}
{"level":"info","message":"Created TableResult with id [9sB3DUAN6VnVcWYD] in parent RollTable [V8Iy8ANmhZTC7Lod]","timestamp":"2026-05-22 17:06:23"}
{"level":"info","message":"Created TableResult with id [2Ph6HSGngX6rjAbl] in parent RollTable [V8Iy8ANmhZTC7Lod]","timestamp":"2026-05-22 17:06:23"}
{"level":"info","message":"Created TableResult with id [kwlm6gsENU2zdqnP] in parent RollTable [V8Iy8ANmhZTC7Lod]","timestamp":"2026-05-22 17:06:24"}
{"level":"info","message":"Created TableResult with id [PAiyjfA6Aut7BfRZ] in parent RollTable [V8Iy8ANmhZTC7Lod]","timestamp":"2026-05-22 17:06:24"}
{"level":"info","message":"Created TableResult with id [aFrxwUF2ZPHmI9vJ] in parent RollTable [V8Iy8ANmhZTC7Lod]","timestamp":"2026-05-22 17:06:24"}
{"level":"info","message":"Created TableResult with id [9YIyFdcajR42p9db] in parent RollTable [V8Iy8ANmhZTC7Lod]","timestamp":"2026-05-22 17:06:25"}
{"level":"info","message":"Created TableResult with id [UsxjG6b5bWjTEQCP] in parent RollTable [V8Iy8ANmhZTC7Lod]","timestamp":"2026-05-22 17:06:28"}
{"level":"info","message":"Created TableResult with id [PO7LYo0jvSbRHpP3] in parent RollTable [V8Iy8ANmhZTC7Lod]","timestamp":"2026-05-22 17:06:31"}
{"level":"info","message":"Created TableResult with id [TtARnSI6HKk3XNkj] in parent RollTable [V8Iy8ANmhZTC7Lod]","timestamp":"2026-05-22 17:06:32"}
{"level":"info","message":"Created client session 125ef3a391b8ac8ec815582c","timestamp":"2026-05-22 17:09:14"}
{"level":"info","message":"Created Folder with id [lGE1bsiFomLRgopW]","timestamp":"2026-05-22 17:15:21"}
{"level":"info","message":"Created Actor with id [GVd6LGJUcwJE9pEu]","timestamp":"2026-05-22 17:15:28"}
{"level":"info","message":"Deleted Actor with id [GVd6LGJUcwJE9pEu]","timestamp":"2026-05-22 17:15:49"}
{"level":"info","message":"Created Actor with id [sWaJIvavijEWsUxp]","timestamp":"2026-05-22 17:15:56"}
{"level":"info","message":"Created Item with id [hPNOdDylcVQHFUUh] in parent Actor [sWaJIvavijEWsUxp]","timestamp":"2026-05-22 17:18:17"}
{"level":"info","message":"Created Item with id [zwGbqZVH68i3zs9y] in parent Actor [sWaJIvavijEWsUxp]","timestamp":"2026-05-22 17:18:24"}
{"level":"info","message":"Created Item with id [WSTzPrLhhNdlMFxm] in parent Actor [sWaJIvavijEWsUxp]","timestamp":"2026-05-22 17:18:34"}
{"level":"info","message":"Created Item with id [WB6fSHAlo3Q4an1Y] in parent Actor [sWaJIvavijEWsUxp]","timestamp":"2026-05-22 17:18:45"}
{"level":"info","message":"Berez Lilie.png saved to Chapters/10. Die Ruinen von Beres/Images","timestamp":"2026-05-22 17:21:16"}
{"level":"info","message":"Created TableResult with id [GKCjn3BE1ayUNuJe] in parent RollTable [V8Iy8ANmhZTC7Lod]","timestamp":"2026-05-22 17:23:05"}
{"level":"info","message":"Deleted TableResult with id [Az0bohJE64s2G1Ba] in parent RollTable [V8Iy8ANmhZTC7Lod]","timestamp":"2026-05-22 17:23:06"}
{"level":"info","message":"Deleted TableResult with id [GKCjn3BE1ayUNuJe] in parent RollTable [V8Iy8ANmhZTC7Lod]","timestamp":"2026-05-22 17:23:14"}
{"level":"info","message":"Created client session 66ac539317df12c9bea37b3e","timestamp":"2026-05-22 17:35:41"}
{"level":"info","message":"Created client session 2a691653c1cbb4e4af762726","timestamp":"2026-05-22 17:39:17"}
{"level":"info","message":"Created Scene with id [qbILv35hj17A2e2a]","timestamp":"2026-05-22 17:51:31"}
{"level":"info","message":"MapEncounter.png saved to Chapters/10. Die Ruinen von Beres/Images","timestamp":"2026-05-22 17:51:54"}
{"level":"info","message":"Persisted base64 image to \"/home/foundry/data/Data/worlds/cos/assets/scenes/thumb-laIuQXIy6Nfcw-iHCFG_PA.webp\"","timestamp":"2026-05-22 17:52:31"}
{"level":"info","message":"Created client session e8fe59bb49b177439d1f9e87","timestamp":"2026-05-22 17:54:19"}
{"level":"debug","message":"Starting edit session for user 'YzL2W1htQr2gHsBA' and instance 'JournalEntry.pvj1i6lt1v1F6z6Q.JournalEntryPage.mPbIWRPWcbTVsnsG#text.content'.","timestamp":"2026-05-22 18:02:28"}
{"level":"debug","message":"Retiring user 'YzL2W1htQr2gHsBA' from editing session for instance 'JournalEntry.pvj1i6lt1v1F6z6Q.JournalEntryPage.mPbIWRPWcbTVsnsG#text.content'.","timestamp":"2026-05-22 18:03:51"}
{"level":"debug","message":"Instance 'JournalEntry.pvj1i6lt1v1F6z6Q.JournalEntryPage.mPbIWRPWcbTVsnsG#text.content' has no more active editors, cleaning up.","timestamp":"2026-05-22 18:03:51"}
{"level":"debug","message":"Starting edit session for user 'YzL2W1htQr2gHsBA' and instance 'JournalEntry.pvj1i6lt1v1F6z6Q.JournalEntryPage.mPbIWRPWcbTVsnsG#text.content'.","timestamp":"2026-05-22 18:04:39"}
{"level":"debug","message":"Broadcasting autosave update for instance 'JournalEntry.pvj1i6lt1v1F6z6Q.JournalEntryPage.mPbIWRPWcbTVsnsG#text.content'.","timestamp":"2026-05-22 18:05:39"}
{"level":"debug","message":"Broadcasting autosave update for instance 'JournalEntry.pvj1i6lt1v1F6z6Q.JournalEntryPage.mPbIWRPWcbTVsnsG#text.content'.","timestamp":"2026-05-22 18:11:39"}
{"level":"debug","message":"Retiring user 'YzL2W1htQr2gHsBA' from editing session for instance 'JournalEntry.pvj1i6lt1v1F6z6Q.JournalEntryPage.mPbIWRPWcbTVsnsG#text.content'.","timestamp":"2026-05-22 18:11:46"}
{"level":"debug","message":"Instance 'JournalEntry.pvj1i6lt1v1F6z6Q.JournalEntryPage.mPbIWRPWcbTVsnsG#text.content' has no more active editors, cleaning up.","timestamp":"2026-05-22 18:11:46"}
{"level":"info","message":"Reset 1 FogExploration documents for Scene t5xjgozQiEWk5aDN","timestamp":"2026-05-22 18:12:39"}
{"level":"info","message":"Created FogExploration with id [MB5Q9lmEHW2PAwHZ]","timestamp":"2026-05-22 18:12:45"}
{"level":"info","message":"Reset 1 FogExploration documents for Scene t5xjgozQiEWk5aDN","timestamp":"2026-05-22 18:12:48"}
{"level":"debug","message":"Starting edit session for user 'YzL2W1htQr2gHsBA' and instance 'JournalEntry.pvj1i6lt1v1F6z6Q.JournalEntryPage.mPbIWRPWcbTVsnsG#text.content'.","timestamp":"2026-05-22 18:14:12"}
{"level":"info","message":"pvj1i6lt1v1F6z6Q-pages-mPbIWRPWcbTVsnsG-123-rSLSb1lT253Kz67f.png saved to worlds/cos/assets/pages","timestamp":"2026-05-22 18:15:05"}
{"level":"debug","message":"Broadcasting autosave update for instance 'JournalEntry.pvj1i6lt1v1F6z6Q.JournalEntryPage.mPbIWRPWcbTVsnsG#text.content'.","timestamp":"2026-05-22 18:15:12"}
{"level":"info","message":"pvj1i6lt1v1F6z6Q-pages-mPbIWRPWcbTVsnsG-image-viRbOZcnwK82m5ii.png saved to worlds/cos/assets/pages","timestamp":"2026-05-22 18:15:52"}
{"level":"info","message":"pvj1i6lt1v1F6z6Q-pages-mPbIWRPWcbTVsnsG-image-OOxhEgq7xH7r5co5.png saved to worlds/cos/assets/pages","timestamp":"2026-05-22 18:16:05"}
{"level":"debug","message":"Broadcasting autosave update for instance 'JournalEntry.pvj1i6lt1v1F6z6Q.JournalEntryPage.mPbIWRPWcbTVsnsG#text.content'.","timestamp":"2026-05-22 18:16:12"}
{"level":"debug","message":"Broadcasting autosave update for instance 'JournalEntry.pvj1i6lt1v1F6z6Q.JournalEntryPage.mPbIWRPWcbTVsnsG#text.content'.","timestamp":"2026-05-22 18:17:12"}
{"level":"debug","message":"Broadcasting autosave update for instance 'JournalEntry.pvj1i6lt1v1F6z6Q.JournalEntryPage.mPbIWRPWcbTVsnsG#text.content'.","timestamp":"2026-05-22 18:18:12"}
{"level":"info","message":"Created client session ff37dc528c0b6e93220f8cbc","timestamp":"2026-05-22 18:19:52"}
{"level":"info","message":"Created client session 12d3e07dfd307acb450c40c5","timestamp":"2026-05-22 18:25:23"}
{"level":"debug","message":"Retiring user 'YzL2W1htQr2gHsBA' from editing session for instance 'JournalEntry.pvj1i6lt1v1F6z6Q.JournalEntryPage.mPbIWRPWcbTVsnsG#text.content'.","timestamp":"2026-05-22 18:35:07"}
{"level":"debug","message":"Instance 'JournalEntry.pvj1i6lt1v1F6z6Q.JournalEntryPage.mPbIWRPWcbTVsnsG#text.content' has no more active editors, cleaning up.","timestamp":"2026-05-22 18:35:07"}
{"level":"info","message":"Created JournalEntryPage with id [zGVHrmiUldJGRnmk] in parent JournalEntry [pvj1i6lt1v1F6z6Q]","timestamp":"2026-05-22 18:35:52"}
{"level":"debug","message":"Starting edit session for user 'YzL2W1htQr2gHsBA' and instance 'JournalEntry.pvj1i6lt1v1F6z6Q.JournalEntryPage.zGVHrmiUldJGRnmk#text.content'.","timestamp":"2026-05-22 18:35:52"}
{"level":"info","message":"Created JournalEntryPage with id [maNriiJo0MlDyrPh] in parent JournalEntry [pvj1i6lt1v1F6z6Q]","timestamp":"2026-05-22 18:35:58"}
{"level":"debug","message":"Starting edit session for user 'YzL2W1htQr2gHsBA' and instance 'JournalEntry.pvj1i6lt1v1F6z6Q.JournalEntryPage.maNriiJo0MlDyrPh#text.content'.","timestamp":"2026-05-22 18:35:58"}
{"level":"debug","message":"Broadcasting autosave update for instance 'JournalEntry.pvj1i6lt1v1F6z6Q.JournalEntryPage.zGVHrmiUldJGRnmk#text.content'.","timestamp":"2026-05-22 18:36:52"}
{"level":"debug","message":"Broadcasting autosave update for instance 'JournalEntry.pvj1i6lt1v1F6z6Q.JournalEntryPage.maNriiJo0MlDyrPh#text.content'.","timestamp":"2026-05-22 18:36:58"}
{"level":"debug","message":"Retiring user 'YzL2W1htQr2gHsBA' from editing session for instance 'JournalEntry.pvj1i6lt1v1F6z6Q.JournalEntryPage.maNriiJo0MlDyrPh#text.content'.","timestamp":"2026-05-22 18:39:10"}
{"level":"debug","message":"Instance 'JournalEntry.pvj1i6lt1v1F6z6Q.JournalEntryPage.maNriiJo0MlDyrPh#text.content' has no more active editors, cleaning up.","timestamp":"2026-05-22 18:39:10"}
{"level":"debug","message":"Retiring user 'YzL2W1htQr2gHsBA' from editing session for instance 'JournalEntry.pvj1i6lt1v1F6z6Q.JournalEntryPage.zGVHrmiUldJGRnmk#text.content'.","timestamp":"2026-05-22 18:39:11"}
{"level":"debug","message":"Instance 'JournalEntry.pvj1i6lt1v1F6z6Q.JournalEntryPage.zGVHrmiUldJGRnmk#text.content' has no more active editors, cleaning up.","timestamp":"2026-05-22 18:39:11"}
{"level":"debug","message":"Starting edit session for user 'YzL2W1htQr2gHsBA' and instance 'JournalEntry.pvj1i6lt1v1F6z6Q.JournalEntryPage.mPbIWRPWcbTVsnsG#text.content'.","timestamp":"2026-05-22 18:39:12"}
{"level":"debug","message":"Broadcasting autosave update for instance 'JournalEntry.pvj1i6lt1v1F6z6Q.JournalEntryPage.mPbIWRPWcbTVsnsG#text.content'.","timestamp":"2026-05-22 18:40:12"}
{"level":"info","message":"Created client session c90b2c409bc8c3dbeab90b71","timestamp":"2026-05-22 18:40:51"}
{"level":"debug","message":"Broadcasting autosave update for instance 'JournalEntry.pvj1i6lt1v1F6z6Q.JournalEntryPage.mPbIWRPWcbTVsnsG#text.content'.","timestamp":"2026-05-22 18:41:12"}
{"level":"debug","message":"Broadcasting autosave update for instance 'JournalEntry.pvj1i6lt1v1F6z6Q.JournalEntryPage.mPbIWRPWcbTVsnsG#text.content'.","timestamp":"2026-05-22 18:48:12"}
{"level":"debug","message":"Retiring user 'YzL2W1htQr2gHsBA' from editing session for instance 'JournalEntry.pvj1i6lt1v1F6z6Q.JournalEntryPage.mPbIWRPWcbTVsnsG#text.content'.","timestamp":"2026-05-22 18:48:42"}
{"level":"debug","message":"Instance 'JournalEntry.pvj1i6lt1v1F6z6Q.JournalEntryPage.mPbIWRPWcbTVsnsG#text.content' has no more active editors, cleaning up.","timestamp":"2026-05-22 18:48:42"}
{"level":"info","message":"Created client session 194b9ea2f0c5859075b77eb8","timestamp":"2026-05-22 18:49:03"}
{"level":"info","message":"Created client session 14e12ac201e89f11459dfa99","timestamp":"2026-05-22 18:49:03"}
{"level":"info","message":"Created client session 2ae8cd6cf198d2bc0271d30a","timestamp":"2026-05-22 18:49:03"}
{"level":"info","message":"Created client session 62dea767c372e6a6a6486490","timestamp":"2026-05-22 18:49:03"}
{"level":"info","message":"Created client session e3291aae3356366f6e8b44f6","timestamp":"2026-05-22 18:49:03"}
{"level":"info","message":"Created client session fd3343060ecef174ecf2136a","timestamp":"2026-05-22 18:49:03"}
{"level":"info","message":"Created client session fbce6154955d0b9913b10641","timestamp":"2026-05-22 18:49:04"}
{"level":"info","message":"Created client session 370a1927975c4303626a4a29","timestamp":"2026-05-22 18:49:04"}
{"level":"info","message":"Created client session 306d9628a0977d576cff7939","timestamp":"2026-05-22 18:49:04"}
{"level":"info","message":"Created client session 889d97caca3d5d856a8c8100","timestamp":"2026-05-22 18:49:04"}
{"level":"info","message":"Created client session 05f09b7caed5499b4b3b3140","timestamp":"2026-05-22 18:49:04"}
{"level":"info","message":"Created client session b8041fcb6f29832ae07ddc9b","timestamp":"2026-05-22 18:49:04"}
{"level":"info","message":"Created client session 484adaa36aef127daea75ebf","timestamp":"2026-05-22 18:49:04"}
{"level":"info","message":"Created client session 46c5b5eafcbf08da7cea963a","timestamp":"2026-05-22 18:49:04"}
{"level":"info","message":"Created client session 770b1b02544cf69720cfc148","timestamp":"2026-05-22 18:49:04"}
{"level":"info","message":"Created client session 989e2bd1e20ae2c3022a4c2b","timestamp":"2026-05-22 18:49:04"}
{"level":"info","message":"Created client session d0819bece01182d5d47fcb8a","timestamp":"2026-05-22 18:49:04"}
{"level":"info","message":"Created client session a8c10ec570eceeb136c70beb","timestamp":"2026-05-22 18:49:04"}
{"level":"info","message":"Created client session 999ea99202188ca1b98b9030","timestamp":"2026-05-22 18:49:04"}
{"level":"info","message":"Created client session 99b274e0d5c64b83b3259349","timestamp":"2026-05-22 18:49:04"}
{"level":"info","message":"Created client session e19b7f8da8579b395939652a","timestamp":"2026-05-22 18:49:05"}
{"level":"info","message":"Created client session de6881f7d8b620f1b5e507fd","timestamp":"2026-05-22 18:49:05"}
{"level":"info","message":"Created client session 30f8557861b80ea4547d2680","timestamp":"2026-05-22 18:49:05"}
{"level":"info","message":"Created client session 5497bf8a76504259e0412adb","timestamp":"2026-05-22 18:49:05"}
{"level":"info","message":"Created client session 2ccd1f34d222a3594aebf8d1","timestamp":"2026-05-22 18:49:05"}
{"level":"info","message":"Created client session 97afa9e91d7654fd4f957188","timestamp":"2026-05-22 18:49:05"}
{"level":"info","message":"Created client session ee02d8b455423a02eeeb565d","timestamp":"2026-05-22 18:49:05"}
{"level":"info","message":"Created client session aa981b6c410f8cc12b9ecb52","timestamp":"2026-05-22 18:49:05"}
{"level":"info","message":"Created client session c94034a38f6935dcd37ef1ae","timestamp":"2026-05-22 18:49:05"}
{"level":"info","message":"Created client session c8a5806d9b2607cf6f6156d1","timestamp":"2026-05-22 18:49:05"}
{"level":"info","message":"Created client session 1ae8b540bd60bbc950dc6b6a","timestamp":"2026-05-22 18:49:05"}
{"level":"info","message":"Created client session 922e58fec0b66c976be13dea","timestamp":"2026-05-22 18:49:05"}
{"level":"info","message":"Created client session 3b01a437e45b50cef3f34f37","timestamp":"2026-05-22 18:49:05"}
{"level":"info","message":"Created client session dbe589ad5f4c6e2171f04521","timestamp":"2026-05-22 18:49:05"}
{"level":"info","message":"Created client session eafa806ef5bb5c3074cbee68","timestamp":"2026-05-22 18:49:05"}
{"level":"info","message":"Created client session 685e47c97eecd1b6b87aca6a","timestamp":"2026-05-22 18:49:05"}
{"level":"info","message":"Created client session d325efc5a41c1681eda4e40b","timestamp":"2026-05-22 18:49:05"}
{"level":"info","message":"Created client session 6cad13af9fb2eb1a290b9d68","timestamp":"2026-05-22 18:49:05"}
{"level":"info","message":"Created client session 92dc2639acb2f2ca31d28497","timestamp":"2026-05-22 18:49:05"}
{"level":"info","message":"Created client session d608cbcc71b4314f3706a3f6","timestamp":"2026-05-22 18:49:05"}
{"level":"info","message":"Created client session 7086069a7f5a1a429f86a04a","timestamp":"2026-05-22 18:49:05"}
{"level":"info","message":"Created client session 9d55d45f8ef9549dcb8b3c86","timestamp":"2026-05-22 18:49:05"}
{"level":"info","message":"Created client session 2ca7600bd885a144c015ca8b","timestamp":"2026-05-22 18:49:05"}
{"level":"info","message":"Created client session eb9b38f97acaec8e733d02b1","timestamp":"2026-05-22 18:49:05"}
{"level":"info","message":"Created client session 30679bef7bb494a42d0f1ef4","timestamp":"2026-05-22 18:49:05"}
{"level":"info","message":"Created client session e0ea1d271621fbbb3131b114","timestamp":"2026-05-22 18:49:05"}
{"level":"info","message":"Created client session cb882ce5d07b4d0dc4b59fd1","timestamp":"2026-05-22 18:49:05"}
{"level":"info","message":"Created client session 1121ad74d9f607d8ca9799c6","timestamp":"2026-05-22 18:49:05"}
{"level":"info","message":"Created client session cb1e2cb82b123228d4fb2cc1","timestamp":"2026-05-22 18:49:06"}
{"level":"info","message":"Created client session a6f52160b91cbeddac50b2ea","timestamp":"2026-05-22 18:49:06"}
{"level":"info","message":"Created client session 916639b99da0dc8b5c96f0c8","timestamp":"2026-05-22 18:49:06"}
{"level":"info","message":"Created client session 49289e56932ba6fa9a533aea","timestamp":"2026-05-22 18:49:06"}
{"level":"info","message":"Created client session 36103da30cef117bc247409b","timestamp":"2026-05-22 18:49:06"}
{"level":"info","message":"Created client session 8f1be977b2e4155d48d6f740","timestamp":"2026-05-22 18:49:06"}
{"level":"info","message":"Created client session fe87da44805b10499bdc152c","timestamp":"2026-05-22 18:49:06"}
{"level":"info","message":"Created client session ce879d79dbfdb3d366a43723","timestamp":"2026-05-22 18:49:06"}
{"level":"info","message":"Created client session d5bca9fe4a76cf2dfb1d21ae","timestamp":"2026-05-22 18:49:06"}
{"level":"info","message":"Created client session 4b7dfb65face922d5594b0ae","timestamp":"2026-05-22 18:49:06"}
{"level":"info","message":"Created client session 7ce882c9109992100fc5c0ff","timestamp":"2026-05-22 18:49:39"}
{"level":"info","message":"Created Scene with id [1pPkPGf4hkF95Vo6]","timestamp":"2026-05-22 19:15:54"}
{"level":"info","message":"Berez - Ruined Village - Logo -  More Fog - Gridless - 40x40.jpg saved to Chapters/10. Die Ruinen von Beres/Images","timestamp":"2026-05-22 19:16:06"}
{"level":"info","message":"Created client session 48e2fc8c31ca463a843f9a68","timestamp":"2026-05-22 19:34:15"}
{"level":"info","message":"Created client session e80ab84bf204846844875f32","timestamp":"2026-05-22 20:01:15"}
{"level":"info","message":"Created client session e5cb81e28f1e4629612f5a97","timestamp":"2026-05-22 20:01:17"}
{"level":"info","message":"Created client session 7ffb94149465456d9f31fde0","timestamp":"2026-05-22 20:01:18"}
{"level":"info","message":"Created client session e86ba0d71d30d08da7898a3e","timestamp":"2026-05-22 20:01:27"}
{"level":"info","message":"Created client session cb306de9dee0d2d0e3c369bb","timestamp":"2026-05-22 20:04:26"}
{"level":"info","message":"Created client session d2db0dac742875108edaf2c7","timestamp":"2026-05-22 20:33:53"}
{"level":"info","message":"Created client session 08060ebbfc430e399bf443b8","timestamp":"2026-05-22 20:41:13"}
{"level":"info","message":"Persisted base64 image to \"/home/foundry/data/Data/worlds/cos/assets/scenes/thumb-8X875DeFPXTbFzGJdi_UOQ.webp\"","timestamp":"2026-05-22 21:02:35"}
{"level":"info","message":"Created client session 52a4e18b54e1ced66598eff9","timestamp":"2026-05-22 21:32:58"}
{"level":"info","message":"Created client session 00431e216c1aba301326f737","timestamp":"2026-05-22 21:44:26"}
{"level":"info","message":"Created client session 41721aea56297e09d1fa9f05","timestamp":"2026-05-22 21:58:17"}
{"level":"info","message":"Dungeons & Dragons Fifth Edition update 5.3.3 is now available!","timestamp":"2026-05-22 22:02:43"}
{"level":"info","message":"Vended World data to User [YzL2W1htQr2gHsBA] in 689ms","timestamp":"2026-05-22 22:02:43"}
{"level":"info","message":"Created client session 33dd6b3d4bd96f75bcafb0b4","timestamp":"2026-05-22 22:25:10"}
{"level":"info","message":"Created client session e479e68db92cb67807071204","timestamp":"2026-05-22 22:25:12"}
{"level":"info","message":"Created client session ab2d2c6343cfd6d94d9a4ddc","timestamp":"2026-05-22 22:26:06"}
{"level":"info","message":"Created client session ef6406f921a5dad85f921067","timestamp":"2026-05-22 22:28:49"}
{"level":"info","message":"Created client session 658e756a6aa7220954c1cdb7","timestamp":"2026-05-22 22:28:49"}
{"level":"info","message":"Created client session fb58df9351c18f331b9af4ae","timestamp":"2026-05-22 22:28:49"}
{"level":"info","message":"Created client session 1c57343f85eefd3e327fea56","timestamp":"2026-05-22 22:29:20"}
{"level":"info","message":"Created client session b7d6e78aebe19a222b981a40","timestamp":"2026-05-22 23:17:12"}
{"level":"info","message":"Created client session 6bfc886b09c65ea82d58b4e1","timestamp":"2026-05-22 23:18:57"}
{"level":"info","message":"Created client session 06c1329f410945416add5124","timestamp":"2026-05-22 23:51:15"}
