{"level":"info","message":"Created client session 7d94eaaab95febdb9e9e5ff5","timestamp":"2026-05-30 00:07:10"}
{"level":"info","message":"Created client session c12467f878d749f89bd02dca","timestamp":"2026-05-30 00:17:05"}
{"level":"info","message":"Created client session b0343da9cd254e37e2a5c65f","timestamp":"2026-05-30 00:21:18"}
{"level":"info","message":"Created client session 20b700df9283cceb364d0f8c","timestamp":"2026-05-30 00:29:19"}
{"level":"info","message":"Created client session c92938db42c50fd4d9afe0b1","timestamp":"2026-05-30 00:29:22"}
{"level":"info","message":"Created client session 8cbb5cfdf34da2c06ba22e66","timestamp":"2026-05-30 00:29:23"}
{"level":"info","message":"Dungeons & Dragons Fifth Edition update 5.3.3 is now available!","timestamp":"2026-05-30 01:58:35"}
{"level":"info","message":"Vended World data to User [YzL2W1htQr2gHsBA] in 660ms","timestamp":"2026-05-30 01:58:35"}
{"level":"info","message":"Created client session 3e0b5a43362be38c955edc32","timestamp":"2026-05-30 02:00:46"}
{"level":"info","message":"Created client session 173f64f113e02e28bf8712c8","timestamp":"2026-05-30 02:21:50"}
{"level":"info","message":"Created client session 23d99b170121a8feb4cad19a","timestamp":"2026-05-30 02:21:50"}
{"level":"info","message":"Created client session 5120e9486d2c0a1fd27e0bd8","timestamp":"2026-05-30 02:21:50"}
{"level":"info","message":"Created client session f9c6ada030ccf523132bf329","timestamp":"2026-05-30 02:21:50"}
{"level":"info","message":"Created client session b18c1a16754f15d617d270dc","timestamp":"2026-05-30 02:21:50"}
{"level":"info","message":"Created client session f5e94a20259d5cc5a6f16184","timestamp":"2026-05-30 02:21:50"}
{"level":"info","message":"Created client session ccd51526dfd17cf5eca766f3","timestamp":"2026-05-30 02:21:51"}
{"level":"info","message":"Created client session 0c627d2f14ab1c5b4779d769","timestamp":"2026-05-30 02:21:51"}
{"level":"info","message":"Created client session 4048ab847a3c508cbff46340","timestamp":"2026-05-30 02:21:51"}
{"level":"info","message":"Created client session 137afff66fe0da4d02e604be","timestamp":"2026-05-30 02:21:51"}
{"level":"info","message":"Created client session 209915b835b81b05f5392002","timestamp":"2026-05-30 02:21:51"}
{"level":"info","message":"Created client session e721122c109d5d1e2493ea05","timestamp":"2026-05-30 02:21:51"}
{"level":"info","message":"Created client session 1b22dab52e29ddc538399b48","timestamp":"2026-05-30 02:21:51"}
{"level":"info","message":"Created client session 6afc64ac8f8310b0c490d705","timestamp":"2026-05-30 02:21:51"}
{"level":"info","message":"Created client session 1f01d6adf1e629df3778d3fd","timestamp":"2026-05-30 02:21:51"}
{"level":"info","message":"Created client session e33c780cc352b9cff7c9da24","timestamp":"2026-05-30 02:21:51"}
{"level":"info","message":"Created client session 2bb95e5612b5674026bbecd3","timestamp":"2026-05-30 02:21:51"}
{"level":"info","message":"Created client session 88d7ed9b8cb4d6f282220237","timestamp":"2026-05-30 02:21:51"}
{"level":"info","message":"Created client session b10fe231ce0d997f86954e6c","timestamp":"2026-05-30 02:21:52"}
{"level":"info","message":"Created client session 30e1f532dd919396422825c9","timestamp":"2026-05-30 02:21:52"}
{"level":"info","message":"Created client session f94b2facdb095081143c276e","timestamp":"2026-05-30 02:21:52"}
{"level":"info","message":"Created client session e0fa926197f631cbb969a9f9","timestamp":"2026-05-30 02:21:52"}
{"level":"info","message":"Created client session 0b3bbaede846a515affa06b5","timestamp":"2026-05-30 02:21:52"}
{"level":"info","message":"Created client session 705f40db055b25e6e2af2d6f","timestamp":"2026-05-30 02:21:52"}
{"level":"info","message":"Created client session 702639d61d6a92a2f48c7278","timestamp":"2026-05-30 02:21:52"}
{"level":"info","message":"Created client session f599a21fa34489440ca0bac8","timestamp":"2026-05-30 02:21:52"}
{"level":"info","message":"Created client session 8550d45c169cec0c685c4d5a","timestamp":"2026-05-30 02:21:52"}
{"level":"info","message":"Created client session e97fcdac2069045c41d88c40","timestamp":"2026-05-30 02:21:52"}
{"level":"info","message":"Created client session a45a2f7fc914723b02ae336b","timestamp":"2026-05-30 02:21:52"}
{"level":"info","message":"Created client session 377d0b01dcd60f57c1566247","timestamp":"2026-05-30 02:54:30"}
{"level":"info","message":"Created client session 01551cd4378708e44838c244","timestamp":"2026-05-30 02:54:31"}
{"level":"info","message":"Created client session ad8ae5879627eeb7ea30285e","timestamp":"2026-05-30 02:56:58"}
{"level":"info","message":"Created client session 0b4791637e8451ede5b96f96","timestamp":"2026-05-30 02:57:01"}
{"level":"info","message":"Created client session ef22fabdc9a26cf46a3f94ec","timestamp":"2026-05-30 02:57:01"}
{"level":"info","message":"Created client session 5089af37f241a2a7636423c9","timestamp":"2026-05-30 02:57:02"}
{"level":"info","message":"Created client session 23bcb5cfc2a5a87488cae68a","timestamp":"2026-05-30 02:57:04"}
{"level":"info","message":"Created client session 0080a24319e0f20447967a40","timestamp":"2026-05-30 02:57:06"}
{"level":"info","message":"Created client session 84d491378f71dcba40c3b9f4","timestamp":"2026-05-30 02:57:10"}
{"level":"info","message":"Created client session 5ae06c2200be7809a110f586","timestamp":"2026-05-30 02:57:12"}
{"level":"info","message":"Created client session ede3b5b0ac8d833174747fc0","timestamp":"2026-05-30 02:57:16"}
{"level":"info","message":"Created client session 32ad977afdd9efbc52c9ca99","timestamp":"2026-05-30 02:57:19"}
{"level":"info","message":"Created client session 25a330d9c493aa3ba810e082","timestamp":"2026-05-30 02:57:26"}
{"level":"info","message":"Created client session acccdd07a27565d313e8699c","timestamp":"2026-05-30 02:57:28"}
{"level":"info","message":"Created client session f019c8d28b54f8cf55bff7d3","timestamp":"2026-05-30 03:25:58"}
{"level":"info","message":"Created client session 974971cd7d701ac7126391e2","timestamp":"2026-05-30 03:26:01"}
{"level":"info","message":"Created client session 7f224d22f439d16ee2360fc1","timestamp":"2026-05-30 03:58:19"}
{"level":"info","message":"Created client session 2117dfe3547a5513dcd5972e","timestamp":"2026-05-30 04:47:01"}
{"level":"info","message":"Created client session a6523a3fad7e355076c13f52","timestamp":"2026-05-30 05:21:46"}
{"level":"info","message":"Created client session 7e4bbf2d3d12cec28abb1b9e","timestamp":"2026-05-30 05:46:43"}
{"level":"info","message":"Created client session beca85522f365cc7adc3e394","timestamp":"2026-05-30 06:05:40"}
{"level":"info","message":"Created client session 629ad098f7f98750334bf239","timestamp":"2026-05-30 06:32:58"}
{"level":"info","message":"Created client session 9edb073978c53b4f764c15c1","timestamp":"2026-05-30 06:32:59"}
{"level":"info","message":"Created client session 183005805f72c447ed507a1c","timestamp":"2026-05-30 06:33:00"}
{"level":"info","message":"Created client session fe1960c5c0e76b76fbd59c9f","timestamp":"2026-05-30 06:33:01"}
{"level":"info","message":"Created client session db18a9283f545846c1299fee","timestamp":"2026-05-30 06:33:03"}
{"level":"info","message":"Created client session eb853a90661aef74455d4e36","timestamp":"2026-05-30 06:33:05"}
{"level":"info","message":"Created client session 93834e81fc5eaab952294db0","timestamp":"2026-05-30 06:33:06"}
{"level":"info","message":"Created client session af41a80adc04e8b6a9f1d483","timestamp":"2026-05-30 06:33:08"}
{"level":"info","message":"Created client session bb4f53330b1e4143786d128f","timestamp":"2026-05-30 06:33:10"}
{"level":"info","message":"Created client session 5d9c1f24e706485a82e01bfe","timestamp":"2026-05-30 06:33:11"}
{"level":"info","message":"Created client session 77646b5838f04d06831eddf5","timestamp":"2026-05-30 06:33:12"}
{"level":"info","message":"Created client session 3b97a2bfc8a038aeaa5415d6","timestamp":"2026-05-30 06:33:14"}
{"level":"info","message":"Created client session 46e36b23177b930e8a0cee1a","timestamp":"2026-05-30 06:33:16"}
{"level":"info","message":"Created client session 9a84350448f2a5c31b0082d9","timestamp":"2026-05-30 06:33:18"}
{"level":"info","message":"Created client session e95dd750d449122ee7a638ac","timestamp":"2026-05-30 06:33:20"}
{"level":"info","message":"Created client session 671d42d3a00b241db28e7717","timestamp":"2026-05-30 06:33:21"}
{"level":"info","message":"Created client session f604165472a6404741544f58","timestamp":"2026-05-30 06:33:22"}
{"level":"info","message":"Created client session b0685da005e1a42e1311ae28","timestamp":"2026-05-30 06:33:23"}
{"level":"info","message":"Created client session 27b61fe7ec70f30c82f84234","timestamp":"2026-05-30 06:33:24"}
{"level":"info","message":"Created client session 47d4c923767238daeae6a802","timestamp":"2026-05-30 06:33:25"}
{"level":"info","message":"Created client session a3a8e7f1d832de4b78d6331f","timestamp":"2026-05-30 06:33:26"}
{"level":"info","message":"Created client session 990999f67ef38a4279f25020","timestamp":"2026-05-30 06:33:28"}
{"level":"info","message":"Created client session f876beb93d62097703c08778","timestamp":"2026-05-30 06:33:29"}
{"level":"info","message":"Created client session 85823c1bc0cd8bbbd878fa89","timestamp":"2026-05-30 06:33:30"}
{"level":"info","message":"Created client session bf1bdeb782e94e7f64a24e91","timestamp":"2026-05-30 06:33:30"}
{"level":"info","message":"Created client session 7eeebd6c6f958a20dc9d8782","timestamp":"2026-05-30 06:33:32"}
{"level":"info","message":"Created client session 100be47ca0321dcde961e9d0","timestamp":"2026-05-30 06:33:33"}
{"level":"info","message":"Created client session 192301ffb2eda9627c0ae5ce","timestamp":"2026-05-30 06:33:33"}
{"level":"info","message":"Created client session 67d2aa42a5d0790bc537ab57","timestamp":"2026-05-30 06:33:35"}
{"level":"info","message":"Created client session 6dd61bcfb5d03531430038ad","timestamp":"2026-05-30 06:33:36"}
{"level":"info","message":"Created client session 1e252f1e7f4076cd9a390ec4","timestamp":"2026-05-30 06:33:37"}
{"level":"info","message":"Created client session 5966419dc506ab776e05d4de","timestamp":"2026-05-30 06:33:38"}
{"level":"info","message":"Created client session 6fbd2ad88935082154e5bf43","timestamp":"2026-05-30 06:33:39"}
{"level":"info","message":"Created client session 3461b03432d66304c22dd7ab","timestamp":"2026-05-30 06:33:40"}
{"level":"info","message":"Created client session 2337a6b683b4a4d6489c37f4","timestamp":"2026-05-30 06:33:41"}
{"level":"info","message":"Created client session cfcef38e6f8c9a63acd30fbc","timestamp":"2026-05-30 06:33:43"}
{"level":"info","message":"Created client session c6f6f6fb700a8b3a2222a20a","timestamp":"2026-05-30 06:33:44"}
{"level":"info","message":"Created client session 421d286c2532ecd009381c94","timestamp":"2026-05-30 06:33:46"}
{"level":"info","message":"Created client session 7b6179c2b8308e4a03d4156c","timestamp":"2026-05-30 06:33:47"}
{"level":"info","message":"Created client session f6293a8935e1601d72ff72aa","timestamp":"2026-05-30 06:33:48"}
{"level":"info","message":"Created client session eaa94a8fb1a1c43d55e49881","timestamp":"2026-05-30 06:33:49"}
{"level":"info","message":"Created client session be5c359a170c72843f118ca7","timestamp":"2026-05-30 06:33:50"}
{"level":"info","message":"Created client session 64576c9845fa8711c4ce6f85","timestamp":"2026-05-30 06:33:52"}
{"level":"info","message":"Created client session 93aa15e6b7e24b0798976136","timestamp":"2026-05-30 06:33:54"}
{"level":"info","message":"Created client session c734dff74d8010d153e3d7b0","timestamp":"2026-05-30 06:46:55"}
{"level":"info","message":"Created client session b5f46b2902471d760af49598","timestamp":"2026-05-30 07:12:30"}
{"level":"info","message":"Created client session 849d2b3052b38056e088d394","timestamp":"2026-05-30 07:12:30"}
{"level":"info","message":"Created client session 122059face1df9dbca241c66","timestamp":"2026-05-30 07:12:30"}
{"level":"info","message":"Created client session b3c6eeaf574c676aaa5cd5a0","timestamp":"2026-05-30 07:27:27"}
{"level":"info","message":"Created client session 30baf95a6d454c575eabc949","timestamp":"2026-05-30 07:37:46"}
{"level":"info","message":"Created client session 303a029dc4295a9af99253d0","timestamp":"2026-05-30 07:45:34"}
{"level":"info","message":"Created client session a6ae767f25ab82facf6429b2","timestamp":"2026-05-30 07:54:36"}
{"level":"info","message":"Created client session a1c44ab40ceeae8f3d6cf298","timestamp":"2026-05-30 08:05:14"}
{"level":"info","message":"Created client session d64a62ff6d455941d51ff6e3","timestamp":"2026-05-30 09:19:58"}
{"level":"info","message":"Created client session 63c3d6166eebefdabc66a9cc","timestamp":"2026-05-30 09:24:09"}
{"level":"info","message":"Created client session 1504087b2acf83884ffbb928","timestamp":"2026-05-30 09:25:36"}
{"level":"info","message":"Created client session 30935afe04811e9c0ec21bef","timestamp":"2026-05-30 09:28:04"}
{"level":"info","message":"Created client session 4eea48cab1b50b0891d82e3a","timestamp":"2026-05-30 09:28:27"}
{"level":"info","message":"Created client session 04b1be229deafc9dbe59881a","timestamp":"2026-05-30 09:29:48"}
{"level":"info","message":"Created client session 5499833b6659e65cb8010872","timestamp":"2026-05-30 09:29:48"}
{"level":"info","message":"Created client session b7828eb0606b531f7a6569cc","timestamp":"2026-05-30 09:29:48"}
{"level":"info","message":"Created client session fececda452aa70c8e8286ced","timestamp":"2026-05-30 09:29:49"}
{"level":"info","message":"Created client session 343ec9f01175cd26a26445c7","timestamp":"2026-05-30 09:29:49"}
{"level":"info","message":"Created client session b158021530923e256776db77","timestamp":"2026-05-30 09:29:49"}
{"level":"info","message":"Created client session 6d7f6acdce7c5dd332bd8259","timestamp":"2026-05-30 09:29:49"}
{"level":"info","message":"Created client session c011489c4faf37fa4984b44b","timestamp":"2026-05-30 09:29:49"}
{"level":"info","message":"Created client session 5bbed6208cd43b9658799c91","timestamp":"2026-05-30 09:29:50"}
{"level":"info","message":"Created client session 0c92e6474c921c2619a8af57","timestamp":"2026-05-30 09:29:50"}
{"level":"info","message":"Created client session 12461a837e077ec97d21e76f","timestamp":"2026-05-30 09:29:50"}
{"level":"info","message":"Created client session 86ce1318ad059d818f5ebf60","timestamp":"2026-05-30 09:29:50"}
{"level":"info","message":"Created client session dcf9c8358aabe1e71d977cb4","timestamp":"2026-05-30 09:29:50"}
{"level":"info","message":"Created client session da0ec0d64a8b04b7c0f93aa8","timestamp":"2026-05-30 09:29:50"}
{"level":"info","message":"Created client session 33a781951cce6102a0ceddda","timestamp":"2026-05-30 09:29:50"}
{"level":"info","message":"Created client session 79401ba9ac6e26e8eb762599","timestamp":"2026-05-30 09:29:51"}
{"level":"info","message":"Created client session 9b23bbc296e0589f39c797e9","timestamp":"2026-05-30 09:29:51"}
{"level":"info","message":"Created client session 01b3cb042f938525ac22f1d2","timestamp":"2026-05-30 09:29:51"}
{"level":"info","message":"Created client session f77cbdeb30769bd8659319fe","timestamp":"2026-05-30 09:29:51"}
{"level":"info","message":"Created client session 0bea3cb9894d275415ea5cbc","timestamp":"2026-05-30 09:29:51"}
{"level":"info","message":"Created client session a695fa3ba6b3c651992cbe60","timestamp":"2026-05-30 09:29:51"}
{"level":"info","message":"Created client session 40c48d35a9fe9097dccf7462","timestamp":"2026-05-30 09:29:51"}
{"level":"info","message":"Created client session 40e214a736cc122bf118e773","timestamp":"2026-05-30 09:29:52"}
{"level":"info","message":"Created client session 478af56d26ee67c6302b8dd1","timestamp":"2026-05-30 09:29:52"}
{"level":"info","message":"Created client session 76692aee8c9d91b08efd87e9","timestamp":"2026-05-30 09:29:52"}
{"level":"info","message":"Created client session 21b3a51c9b5631dfb3fc02f6","timestamp":"2026-05-30 09:29:52"}
{"level":"info","message":"Created client session 7a0cba7925d7526f904fdacd","timestamp":"2026-05-30 09:29:52"}
{"level":"info","message":"Created client session 17000ba5bd92624c255d6f0c","timestamp":"2026-05-30 09:29:52"}
{"level":"info","message":"Created client session 4384c99015a2eff644fd3cce","timestamp":"2026-05-30 09:29:53"}
{"level":"info","message":"Created client session 4e1d938f8aad56fc952762ad","timestamp":"2026-05-30 09:29:53"}
{"level":"info","message":"Created client session affd141692e04daeb5a69e8a","timestamp":"2026-05-30 09:29:53"}
{"level":"info","message":"Created client session 0d83795d4ab2f07961d10953","timestamp":"2026-05-30 09:29:53"}
{"level":"info","message":"Created client session 5659aa64e98e455535ed1d9d","timestamp":"2026-05-30 09:29:54"}
{"level":"info","message":"Created client session f212b6dd92204a164961d7d4","timestamp":"2026-05-30 09:29:54"}
{"level":"info","message":"Created client session ecd772027fbba0550ec10cb2","timestamp":"2026-05-30 09:29:54"}
{"level":"info","message":"Created client session 0cd081ae008d783eb0025e4c","timestamp":"2026-05-30 09:29:54"}
{"level":"info","message":"Created client session b71793bb1d1f4b5c0a755fa1","timestamp":"2026-05-30 09:29:54"}
{"level":"info","message":"Created client session d10e821db8e378334cf953da","timestamp":"2026-05-30 09:29:55"}
{"level":"info","message":"Created client session b2c0f94ef1c333f2e77b4ad5","timestamp":"2026-05-30 09:29:55"}
{"level":"info","message":"Created client session 6c6a258e96867c3f60a79d47","timestamp":"2026-05-30 09:29:55"}
{"level":"info","message":"Created client session 0b00bea7cb0e2707707534fe","timestamp":"2026-05-30 09:29:55"}
{"level":"info","message":"Created client session cbd34cc93f93cca0cb1f4797","timestamp":"2026-05-30 09:29:55"}
{"level":"info","message":"Created client session 9b33c4734cf39a36bee0e53e","timestamp":"2026-05-30 09:29:55"}
{"level":"info","message":"Created client session 3e143f681be03a4c8ad5219a","timestamp":"2026-05-30 09:29:56"}
{"level":"info","message":"Created client session e700abb59c332cf356f4f1dc","timestamp":"2026-05-30 09:47:36"}
{"level":"info","message":"Created client session 0b3edcbc009418fc43994812","timestamp":"2026-05-30 10:07:30"}
{"level":"info","message":"Created client session 72f2dbf797f8a8e81e737a81","timestamp":"2026-05-30 10:07:32"}
{"level":"info","message":"Created client session 0f1741dd5591397aa6cf2931","timestamp":"2026-05-30 10:56:20"}
{"level":"info","message":"Created client session 3839bd6ae9dea0c1a17c9452","timestamp":"2026-05-30 10:56:21"}
{"level":"info","message":"Created client session e35228b0aea88e8843c438d4","timestamp":"2026-05-30 10:56:22"}
{"level":"info","message":"Created client session 42faf275baf73c5dbfe20157","timestamp":"2026-05-30 10:56:23"}
{"level":"info","message":"Created client session ec7ecd267a12eb1bfb5b5a06","timestamp":"2026-05-30 10:56:24"}
{"level":"info","message":"Created client session f45a3ad6e3efca8092505810","timestamp":"2026-05-30 10:56:25"}
{"level":"info","message":"Created client session a6d0dfd50fcdd93772498005","timestamp":"2026-05-30 10:56:26"}
{"level":"info","message":"Created client session f1bf3bbeb6414ea6504389d3","timestamp":"2026-05-30 10:56:27"}
{"level":"info","message":"Created client session e482d084a08d32845b9b47fa","timestamp":"2026-05-30 10:56:28"}
{"level":"info","message":"Created client session 63c8b8dbe599f9dcb004f073","timestamp":"2026-05-30 10:56:29"}
{"level":"info","message":"Created client session d43f19435e949030f3a51575","timestamp":"2026-05-30 10:56:31"}
{"level":"info","message":"Created client session c6320755cea4851709e80fe5","timestamp":"2026-05-30 10:56:32"}
{"level":"info","message":"Created client session 2e7ad26dc9182ce9e10988b2","timestamp":"2026-05-30 10:56:33"}
{"level":"info","message":"Created client session d42496a8faa775def61775dd","timestamp":"2026-05-30 10:56:34"}
{"level":"info","message":"Created client session 785140a54d019783fc6557b6","timestamp":"2026-05-30 10:56:35"}
{"level":"info","message":"Created client session 7917450294d286cd9acfa945","timestamp":"2026-05-30 10:56:36"}
{"level":"info","message":"Created client session b8c6a18b36baaf9cc7d9c6e1","timestamp":"2026-05-30 10:56:37"}
{"level":"info","message":"Created client session cb41fc8d38679edfb4d9ab56","timestamp":"2026-05-30 10:56:38"}
{"level":"info","message":"Created client session 1719bd216a4d5c16ccaa8f52","timestamp":"2026-05-30 10:56:40"}
{"level":"info","message":"Created client session b286d7139859d11689c606cb","timestamp":"2026-05-30 10:56:41"}
{"level":"info","message":"Created client session d78b61111ed70f30c499bff6","timestamp":"2026-05-30 11:08:38"}
{"level":"info","message":"Created client session a95bf61f1060f9928efcef66","timestamp":"2026-05-30 11:08:39"}
{"level":"info","message":"Dungeons & Dragons Fifth Edition update 5.3.3 is now available!","timestamp":"2026-05-30 11:27:21"}
{"level":"info","message":"Vended World data to User [YzL2W1htQr2gHsBA] in 706ms","timestamp":"2026-05-30 11:27:21"}
{"level":"info","message":"Created client session b28b786559cf078528674b5f","timestamp":"2026-05-30 11:27:39"}
{"level":"info","message":"Created client session eeefc724b699f645729f01fe","timestamp":"2026-05-30 11:27:39"}
{"level":"info","message":"Created client session d65a5ef320ce94c87515498d","timestamp":"2026-05-30 11:27:39"}
{"level":"info","message":"Created client session 327c5c119cfe87f96dd194b5","timestamp":"2026-05-30 11:27:40"}
{"level":"info","message":"Created client session 3f5ce5e41a42b90ad7ca3071","timestamp":"2026-05-30 11:27:40"}
{"level":"info","message":"Created client session 35703bf6a652ebd4084726b4","timestamp":"2026-05-30 11:27:40"}
{"level":"info","message":"Created client session b149ee5e72e82069fa60b244","timestamp":"2026-05-30 11:27:40"}
{"level":"info","message":"Created client session 70ada88ef32bc6b537b47989","timestamp":"2026-05-30 11:27:41"}
{"level":"info","message":"Created client session 0db87f681c15019bf9b92fcd","timestamp":"2026-05-30 11:27:41"}
{"level":"info","message":"Created client session 7f8ca59753d0961f49dfd460","timestamp":"2026-05-30 11:27:42"}
{"level":"info","message":"Created client session 4c1d5988d44d00be25d31bdb","timestamp":"2026-05-30 11:27:42"}
{"level":"info","message":"Created client session 1f3d2cebe74bd065380356d4","timestamp":"2026-05-30 11:27:42"}
{"level":"info","message":"Created client session 66c365de89c2306d2f0a7aa8","timestamp":"2026-05-30 11:27:42"}
{"level":"info","message":"Created client session 59e26d0d548412c5313be558","timestamp":"2026-05-30 11:27:43"}
{"level":"info","message":"Created client session 72d5f2d8576fb2d30b70fe23","timestamp":"2026-05-30 11:27:43"}
{"level":"info","message":"Created client session 9de98c369d3dba9fd7ca9467","timestamp":"2026-05-30 11:27:43"}
{"level":"info","message":"Created client session 538e02a47533c9f711a539ab","timestamp":"2026-05-30 11:27:43"}
{"level":"info","message":"Created client session 2390ac8ae98821c92c688ebc","timestamp":"2026-05-30 11:27:44"}
{"level":"info","message":"Created client session 968884bd13a3e4b5931f7736","timestamp":"2026-05-30 11:27:44"}
{"level":"info","message":"Created client session 23809ce961605b7313370acf","timestamp":"2026-05-30 11:27:44"}
{"level":"info","message":"Created client session bf6c614bfac2eaf78fce2d8b","timestamp":"2026-05-30 11:27:44"}
{"level":"info","message":"Created client session a3bc9154b2d0a231ce8b08f3","timestamp":"2026-05-30 11:27:44"}
{"level":"info","message":"Created client session 0f65dec643d9ad155d5a1b09","timestamp":"2026-05-30 11:27:45"}
{"level":"info","message":"Created client session 2d43b2cfacd4af2dcc354034","timestamp":"2026-05-30 11:27:45"}
{"level":"info","message":"Created client session d91ebe103a4aa0eb909e887d","timestamp":"2026-05-30 11:27:45"}
{"level":"info","message":"Created client session 0de8a5119c0a4c0b0bbfa19d","timestamp":"2026-05-30 11:27:45"}
{"level":"info","message":"Created client session 17efdcca1df5118cecd1f14d","timestamp":"2026-05-30 11:27:46"}
{"level":"info","message":"Created client session 9cbe1daa4b29b9fa146e655f","timestamp":"2026-05-30 11:27:47"}
{"level":"info","message":"Created client session 1c4243a1b0595a93e8a0921b","timestamp":"2026-05-30 11:27:48"}
{"level":"info","message":"Created client session 5a71cfad3608dc4164e11c7c","timestamp":"2026-05-30 11:27:48"}
{"level":"info","message":"Created client session 23ec00533c9b90cf1f4ee6ff","timestamp":"2026-05-30 11:27:49"}
{"level":"info","message":"Created client session 5db88b5ae6dfe2cac73565d4","timestamp":"2026-05-30 11:27:49"}
{"level":"info","message":"Created client session 414956699fd035a25cd1434d","timestamp":"2026-05-30 11:27:49"}
{"level":"info","message":"Created client session 8a8379ca241ebbb95093c6d1","timestamp":"2026-05-30 11:27:49"}
{"level":"info","message":"Created client session 58c6709d13f5d387388f135c","timestamp":"2026-05-30 11:27:50"}
{"level":"info","message":"Created client session b553cc4ff9eb2608a030832c","timestamp":"2026-05-30 11:27:51"}
{"level":"info","message":"Created client session d3e91f81d14f1665d9bd3d56","timestamp":"2026-05-30 11:27:52"}
{"level":"info","message":"Created client session 9d7bdd25fac2544c8ff63310","timestamp":"2026-05-30 11:27:53"}
{"level":"info","message":"Created client session c34a5b9239cfe8e7e8e070ca","timestamp":"2026-05-30 11:27:54"}
{"level":"info","message":"Created client session f6f6df646595e819b89592c5","timestamp":"2026-05-30 11:27:54"}
{"level":"info","message":"Created client session 47a623e6cc162e12876e2728","timestamp":"2026-05-30 11:27:54"}
{"level":"info","message":"Created client session 6d72462480da2bc3e5babf65","timestamp":"2026-05-30 11:27:54"}
{"level":"info","message":"Created client session a866ec6b7387923286955dca","timestamp":"2026-05-30 11:27:55"}
{"level":"info","message":"Created client session 4a67c5ecc015c32c7100129a","timestamp":"2026-05-30 11:27:55"}
{"level":"info","message":"Created client session c72d4f161bb70ab13f1a65d5","timestamp":"2026-05-30 12:05:26"}
{"level":"info","message":"Created client session 13ba5a8c06c567fe3eeeef0c","timestamp":"2026-05-30 12:54:56"}
{"level":"info","message":"Created client session 04b8d79b4dfc7396659f2cad","timestamp":"2026-05-30 12:55:13"}
{"level":"info","message":"Created client session c06f430189e60ba08aa748bf","timestamp":"2026-05-30 13:16:30"}
{"level":"info","message":"Created client session 7a514490d671ab7c244ba034","timestamp":"2026-05-30 13:16:30"}
{"level":"debug","message":"Starting edit session for user 'YzL2W1htQr2gHsBA' and instance 'JournalEntry.pvj1i6lt1v1F6z6Q.JournalEntryPage.maNriiJo0MlDyrPh#text.content'.","timestamp":"2026-05-30 13:32:55"}
{"level":"debug","message":"Broadcasting autosave update for instance 'JournalEntry.pvj1i6lt1v1F6z6Q.JournalEntryPage.maNriiJo0MlDyrPh#text.content'.","timestamp":"2026-05-30 13:34:55"}
{"level":"debug","message":"Broadcasting autosave update for instance 'JournalEntry.pvj1i6lt1v1F6z6Q.JournalEntryPage.maNriiJo0MlDyrPh#text.content'.","timestamp":"2026-05-30 13:35:55"}
{"level":"info","message":"Created client session fd10c13da081987a59068369","timestamp":"2026-05-30 13:46:20"}
{"level":"info","message":"Created client session 71eb2e929577341cb6ed0fa0","timestamp":"2026-05-30 13:46:26"}
{"level":"info","message":"Created client session 60abb053f27386ad5fb6af53","timestamp":"2026-05-30 13:46:28"}
{"level":"info","message":"Created client session c96c4f25d537383d784c5486","timestamp":"2026-05-30 13:46:39"}
{"level":"debug","message":"Broadcasting autosave update for instance 'JournalEntry.pvj1i6lt1v1F6z6Q.JournalEntryPage.maNriiJo0MlDyrPh#text.content'.","timestamp":"2026-05-30 13:47:55"}
{"level":"info","message":"Created client session 5f2cf0ffe9754b9214cd7143","timestamp":"2026-05-30 13:51:05"}
{"level":"debug","message":"Broadcasting autosave update for instance 'JournalEntry.pvj1i6lt1v1F6z6Q.JournalEntryPage.maNriiJo0MlDyrPh#text.content'.","timestamp":"2026-05-30 13:54:55"}
{"level":"debug","message":"Broadcasting autosave update for instance 'JournalEntry.pvj1i6lt1v1F6z6Q.JournalEntryPage.maNriiJo0MlDyrPh#text.content'.","timestamp":"2026-05-30 13:55:55"}
{"level":"debug","message":"Broadcasting autosave update for instance 'JournalEntry.pvj1i6lt1v1F6z6Q.JournalEntryPage.maNriiJo0MlDyrPh#text.content'.","timestamp":"2026-05-30 13:56:55"}
{"level":"debug","message":"Broadcasting autosave update for instance 'JournalEntry.pvj1i6lt1v1F6z6Q.JournalEntryPage.maNriiJo0MlDyrPh#text.content'.","timestamp":"2026-05-30 13:57:55"}
{"level":"debug","message":"Retiring user 'YzL2W1htQr2gHsBA' from editing session for instance 'JournalEntry.pvj1i6lt1v1F6z6Q.JournalEntryPage.maNriiJo0MlDyrPh#text.content'.","timestamp":"2026-05-30 13:59:08"}
{"level":"debug","message":"Instance 'JournalEntry.pvj1i6lt1v1F6z6Q.JournalEntryPage.maNriiJo0MlDyrPh#text.content' has no more active editors, cleaning up.","timestamp":"2026-05-30 13:59:08"}
{"level":"info","message":"Created Actor with id [ePPIGETJxbXrMp4x]","timestamp":"2026-05-30 13:59:31"}
{"level":"info","message":"Created client session 0f38880ec9f91543efa9cf19","timestamp":"2026-05-30 13:59:48"}
{"level":"info","message":"Created Token with id [XB82rHjyDvqX9ig0] in parent Scene [1pPkPGf4hkF95Vo6]","timestamp":"2026-05-30 14:01:02"}
{"level":"info","message":"Deleted Token with id [XB82rHjyDvqX9ig0] in parent Scene [1pPkPGf4hkF95Vo6]","timestamp":"2026-05-30 14:01:05"}
{"ip":"::ffff:127.0.0.1","level":"info","message":"User authentication successful for user Gamemaster","session":"0f38880ec9f91543efa9cf19","timestamp":"2026-05-30 14:01:15"}
{"level":"info","message":"Dungeons & Dragons Fifth Edition update 5.3.3 is now available!","timestamp":"2026-05-30 14:01:16"}
{"level":"info","message":"Core software stable update 14.363 is available!","timestamp":"2026-05-30 14:01:17"}
{"level":"info","message":"Vended World data to User [YzL2W1htQr2gHsBA] in 1283ms","timestamp":"2026-05-30 14:01:17"}
{"level":"info","message":"Berez_Jackal.png saved to Chapters/10. Die Ruinen von Beres","timestamp":"2026-05-30 14:02:06"}
{"level":"info","message":"Created client session bb062962eb4bc57025cde315","timestamp":"2026-05-30 14:17:19"}
{"level":"info","message":"Created client session cbeae9a0bd4a4992e54bd52e","timestamp":"2026-05-30 14:29:06"}
{"level":"info","message":"Created client session b015057d0ef8633b01c34e50","timestamp":"2026-05-30 14:29:39"}
{"level":"info","message":"Created Item with id [gyWy1vw1fB2wrLCZ] in parent Actor [ePPIGETJxbXrMp4x]","timestamp":"2026-05-30 14:31:48"}
{"level":"info","message":"Created Item with id [ILZkZjHszf6hQKcl] in parent Actor [ePPIGETJxbXrMp4x]","timestamp":"2026-05-30 14:32:36"}
{"level":"info","message":"Created Item with id [ooe6HqLYxOBGEGvm] in parent Actor [ePPIGETJxbXrMp4x]","timestamp":"2026-05-30 14:33:04"}
{"level":"info","message":"Created Item with id [cqpeG9pUmg2J8sL5] in parent Actor [ePPIGETJxbXrMp4x]","timestamp":"2026-05-30 14:33:04"}
{"level":"info","message":"Created Item with id [AyzaYK2QRw9bO9TD] in parent Actor [ePPIGETJxbXrMp4x]","timestamp":"2026-05-30 14:34:29"}
{"level":"info","message":"Created Item with id [BQKHfidAPOaqdUcf] in parent Actor [ePPIGETJxbXrMp4x]","timestamp":"2026-05-30 14:35:20"}
{"level":"info","message":"Created Token with id [l0RXnY37mCbHErbP] in parent Scene [1pPkPGf4hkF95Vo6]","timestamp":"2026-05-30 14:35:36"}
{"level":"info","message":"Created Actor with id [tv4XhnMNlHFJgEd1]","timestamp":"2026-05-30 14:38:31"}
{"level":"info","message":"Berez_Scarecrow.png saved to Chapters/10. Die Ruinen von Beres/Images","timestamp":"2026-05-30 14:39:03"}
{"level":"info","message":"Created client session 5c1fd71dca26981f19f40a33","timestamp":"2026-05-30 14:41:43"}
{"level":"info","message":"Created client session 0ea98e6a1a4c22258381d655","timestamp":"2026-05-30 14:41:49"}
{"level":"info","message":"Created Item with id [ounKFCtpckxEV0jS] in parent Actor [tv4XhnMNlHFJgEd1]","timestamp":"2026-05-30 14:42:57"}
{"level":"info","message":"Created Item with id [f7K5Ya5EIdpwxm2x] in parent Actor [tv4XhnMNlHFJgEd1]","timestamp":"2026-05-30 14:43:00"}
{"level":"info","message":"Deleted Item with id [f7K5Ya5EIdpwxm2x] in parent Actor [tv4XhnMNlHFJgEd1]","timestamp":"2026-05-30 14:43:18"}
{"level":"info","message":"Created Item with id [LbwMjtFGzIuzxtyK] in parent Actor [tv4XhnMNlHFJgEd1]","timestamp":"2026-05-30 14:43:27"}
{"level":"info","message":"Created Item with id [hiAB6L6L2JJl9G3X] in parent Actor [tv4XhnMNlHFJgEd1]","timestamp":"2026-05-30 14:43:37"}
{"level":"info","message":"Created Item with id [WBc9wu5g3bMwBhzN] in parent Actor [tv4XhnMNlHFJgEd1]","timestamp":"2026-05-30 14:43:37"}
{"level":"info","message":"Created Item with id [aKa0ml2hW8A2n1bq] in parent Actor [tv4XhnMNlHFJgEd1]","timestamp":"2026-05-30 14:44:32"}
{"level":"info","message":"Deleted Item with id [hiAB6L6L2JJl9G3X] in parent Actor [tv4XhnMNlHFJgEd1]","timestamp":"2026-05-30 14:44:36"}
{"level":"info","message":"Deleted Item with id [WBc9wu5g3bMwBhzN] in parent Actor [tv4XhnMNlHFJgEd1]","timestamp":"2026-05-30 14:44:36"}
{"level":"info","message":"Created Token with id [VEmcMzsRaP6TGoYd] in parent Scene [1pPkPGf4hkF95Vo6]","timestamp":"2026-05-30 14:45:49"}
{"level":"info","message":"Created Token with id [NQlqUsnp7Pha05Gc] in parent Scene [1pPkPGf4hkF95Vo6]","timestamp":"2026-05-30 14:45:51"}
{"level":"info","message":"Created Token with id [Ms1zEeBR8jVorTJh] in parent Scene [1pPkPGf4hkF95Vo6]","timestamp":"2026-05-30 14:45:55"}
{"level":"info","message":"Created Token with id [FzMDwOQ22PsgHMdO] in parent Scene [1pPkPGf4hkF95Vo6]","timestamp":"2026-05-30 14:45:58"}
{"level":"info","message":"Created Token with id [RqtytRZJAyHbgCf7] in parent Scene [1pPkPGf4hkF95Vo6]","timestamp":"2026-05-30 14:46:00"}
{"level":"info","message":"Created Token with id [Gh1IS1HqHkaWTBNW] in parent Scene [1pPkPGf4hkF95Vo6]","timestamp":"2026-05-30 14:46:02"}
{"level":"info","message":"Created Token with id [Y1kfKUQPt0bAsiKJ] in parent Scene [1pPkPGf4hkF95Vo6]","timestamp":"2026-05-30 14:46:22"}
{"level":"info","message":"Created Token with id [gGSAqaNoyLkbXXp7] in parent Scene [1pPkPGf4hkF95Vo6]","timestamp":"2026-05-30 14:46:27"}
{"level":"info","message":"Created Token with id [PZxMvBiqRPLY790q] in parent Scene [1pPkPGf4hkF95Vo6]","timestamp":"2026-05-30 14:46:28"}
{"level":"info","message":"Created Token with id [B8iZvOGLkcouGAnk] in parent Scene [1pPkPGf4hkF95Vo6]","timestamp":"2026-05-30 14:46:34"}
{"level":"info","message":"Created Token with id [g59827m5gIpbIY90] in parent Scene [1pPkPGf4hkF95Vo6]","timestamp":"2026-05-30 14:46:38"}
{"level":"info","message":"Created 6 Combatant documents in parent Combat [Bhdjlg3wFQRzMhY5]","timestamp":"2026-05-30 14:47:02"}
{"level":"info","message":"Created ChatMessage with id [fLsbI1KkNBGyoM6f]","timestamp":"2026-05-30 14:47:25"}
{"level":"info","message":"Created ChatMessage with id [mggJPp9gWzE8W1um]","timestamp":"2026-05-30 14:47:27"}
{"level":"info","message":"Created ChatMessage with id [XUVtjFge2YxzniG6]","timestamp":"2026-05-30 14:47:29"}
{"level":"info","message":"Created ChatMessage with id [f68417zOBUAvJ7k4]","timestamp":"2026-05-30 14:47:31"}
{"level":"info","message":"Created ChatMessage with id [NxajST3tERqMtMst]","timestamp":"2026-05-30 14:47:35"}
{"level":"info","message":"Created ChatMessage with id [jQACWmM85qSi8hAV]","timestamp":"2026-05-30 14:47:39"}
{"level":"info","message":"Deleted ChatMessage with id [fLsbI1KkNBGyoM6f]","timestamp":"2026-05-30 14:47:50"}
{"level":"info","message":"Deleted ChatMessage with id [mggJPp9gWzE8W1um]","timestamp":"2026-05-30 14:47:52"}
{"level":"info","message":"Deleted ChatMessage with id [XUVtjFge2YxzniG6]","timestamp":"2026-05-30 14:47:59"}
{"level":"info","message":"Deleted ChatMessage with id [f68417zOBUAvJ7k4]","timestamp":"2026-05-30 14:48:02"}
{"level":"info","message":"Deleted ChatMessage with id [NxajST3tERqMtMst]","timestamp":"2026-05-30 14:48:04"}
{"level":"info","message":"Deleted ChatMessage with id [jQACWmM85qSi8hAV]","timestamp":"2026-05-30 14:48:06"}
{"level":"info","message":"Created 6 ChatMessage documents","timestamp":"2026-05-30 14:48:23"}
{"level":"info","message":"Created ChatMessage with id [L5CYqFtd4hqjXla4]","timestamp":"2026-05-30 14:48:33"}
{"level":"info","message":"Deleted ChatMessage with id [E2uwldxHsqWRsZkG]","timestamp":"2026-05-30 14:48:47"}
{"level":"info","message":"Deleted ChatMessage with id [7gV3LmSdGv4RyslZ]","timestamp":"2026-05-30 14:48:49"}
{"level":"info","message":"Deleted ChatMessage with id [1127FxH9LgYRk1uE]","timestamp":"2026-05-30 14:48:50"}
{"level":"info","message":"Deleted ChatMessage with id [vQkmRGdx0IBgOsn8]","timestamp":"2026-05-30 14:48:52"}
{"level":"info","message":"Deleted ChatMessage with id [8odPq2IxD5wJBHqu]","timestamp":"2026-05-30 14:48:54"}
{"level":"info","message":"Deleted ChatMessage with id [ujS3YTBCpJL1GqlC]","timestamp":"2026-05-30 14:48:56"}
{"level":"info","message":"Deleted Combat with id [Bhdjlg3wFQRzMhY5]","timestamp":"2026-05-30 14:49:46"}
{"level":"info","message":"Created Combat with id [XUVPIe8b1FPQzeug]","timestamp":"2026-05-30 14:49:47"}
{"level":"info","message":"Created 6 Combatant documents in parent Combat [XUVPIe8b1FPQzeug]","timestamp":"2026-05-30 14:50:14"}
{"level":"info","message":"Deleted Combat with id [XUVPIe8b1FPQzeug]","timestamp":"2026-05-30 14:50:19"}
{"level":"info","message":"Created Combat with id [X6ACmaq0kvWf3H2U]","timestamp":"2026-05-30 14:50:20"}
{"level":"info","message":"Created 6 Combatant documents in parent Combat [X6ACmaq0kvWf3H2U]","timestamp":"2026-05-30 14:50:21"}
{"level":"info","message":"Deleted Combat with id [X6ACmaq0kvWf3H2U]","timestamp":"2026-05-30 14:50:25"}
{"level":"info","message":"Created Combat with id [gJNAQIpyq3A9fy3B]","timestamp":"2026-05-30 14:51:05"}
{"level":"info","message":"Created 6 Combatant documents in parent Combat [gJNAQIpyq3A9fy3B]","timestamp":"2026-05-30 14:51:07"}
{"level":"info","message":"Created 6 ChatMessage documents","timestamp":"2026-05-30 14:51:11"}
{"level":"info","message":"Deleted ChatMessage with id [i8pQTAzzO7E2QMOB]","timestamp":"2026-05-30 14:51:33"}
{"level":"info","message":"Deleted ChatMessage with id [ADS72e5HmmcDB5dt]","timestamp":"2026-05-30 14:51:37"}
{"level":"info","message":"Deleted ChatMessage with id [XwC5reVcz38WzDmN]","timestamp":"2026-05-30 14:51:38"}
{"level":"info","message":"Deleted ChatMessage with id [xqzRY4WfrrE44me9]","timestamp":"2026-05-30 14:51:40"}
{"level":"info","message":"Deleted ChatMessage with id [zA5rhypJOZiRCQWT]","timestamp":"2026-05-30 14:51:42"}
{"level":"info","message":"Deleted ChatMessage with id [cnPSrqS6HrZfTa9q]","timestamp":"2026-05-30 14:51:44"}
{"level":"info","message":"Created Actor with id [fDLkn2GZ0LVyUNwN]","timestamp":"2026-05-30 14:52:50"}
{"level":"info","message":"Berez_Witch.png saved to Chapters/10. Die Ruinen von Beres/Images","timestamp":"2026-05-30 14:53:03"}
{"level":"info","message":"Created Item with id [0VTHtZUKInbc1eja] in parent Actor [fDLkn2GZ0LVyUNwN]","timestamp":"2026-05-30 14:56:24"}
{"level":"info","message":"Created Item with id [ec2twFmtELcYj9Py] in parent Actor [fDLkn2GZ0LVyUNwN]","timestamp":"2026-05-30 14:56:41"}
{"level":"info","message":"Deleted Item with id [0VTHtZUKInbc1eja] in parent Actor [fDLkn2GZ0LVyUNwN]","timestamp":"2026-05-30 14:56:44"}
{"level":"info","message":"Created Item with id [Y8KKMMK70trKZ35y] in parent Actor [fDLkn2GZ0LVyUNwN]","timestamp":"2026-05-30 14:56:55"}
{"level":"info","message":"Created Item with id [y7L5LgvMcVWLl4tr] in parent Actor [fDLkn2GZ0LVyUNwN]","timestamp":"2026-05-30 14:57:18"}
{"level":"info","message":"Created Item with id [Jw6AlMb0ddbq1M1g] in parent Actor [fDLkn2GZ0LVyUNwN]","timestamp":"2026-05-30 14:57:26"}
{"level":"info","message":"Created Item with id [mKxooxfFQxAuFcdk] in parent Actor [fDLkn2GZ0LVyUNwN]","timestamp":"2026-05-30 14:58:06"}
{"level":"info","message":"Created Item with id [qmhGkoIUvxvetEUY] in parent Actor [fDLkn2GZ0LVyUNwN]","timestamp":"2026-05-30 14:58:29"}
{"level":"info","message":"Created Item with id [VsMVEzVSns6ORQIV] in parent Actor [fDLkn2GZ0LVyUNwN]","timestamp":"2026-05-30 14:58:53"}
{"level":"info","message":"Created Item with id [Rn8o0zOiBcyUmrBf] in parent Actor [fDLkn2GZ0LVyUNwN]","timestamp":"2026-05-30 15:00:34"}
{"level":"info","message":"Created Item with id [IRYDsCdckzVuFBvZ] in parent Actor [fDLkn2GZ0LVyUNwN]","timestamp":"2026-05-30 15:01:58"}
{"level":"info","message":"Created client session 4021fc26e7c2e6c39432e44b","timestamp":"2026-05-30 15:02:00"}
{"level":"info","message":"Created Item with id [PmErAJwzoFZBJbGl] in parent Actor [fDLkn2GZ0LVyUNwN]","timestamp":"2026-05-30 15:02:11"}
{"level":"info","message":"Created Token with id [bKBNW30CfhW8Gnym] in parent Scene [1pPkPGf4hkF95Vo6]","timestamp":"2026-05-30 15:02:36"}
{"level":"info","message":"Created Token with id [AadloZOfZP1K7tKe] in parent Scene [1pPkPGf4hkF95Vo6]","timestamp":"2026-05-30 15:02:39"}
{"level":"info","message":"Created Token with id [KjJ0CTPPffvIDHFp] in parent Scene [1pPkPGf4hkF95Vo6]","timestamp":"2026-05-30 15:02:42"}
{"level":"info","message":"Created client session b0fba61faabfdabf28fe05af","timestamp":"2026-05-30 15:06:56"}
{"level":"info","message":"Created client session 0fc392218c69b289d0728970","timestamp":"2026-05-30 15:15:33"}
{"level":"info","message":"Created Note with id [THpt8gryN5d5qEaU] in parent Scene [1pPkPGf4hkF95Vo6]","timestamp":"2026-05-30 15:34:04"}
{"level":"info","message":"Created Note with id [dJX4Is27bu1aPrR7] in parent Scene [1pPkPGf4hkF95Vo6]","timestamp":"2026-05-30 15:34:14"}
{"level":"info","message":"Deleted Note with id [dJX4Is27bu1aPrR7] in parent Scene [1pPkPGf4hkF95Vo6]","timestamp":"2026-05-30 15:34:23"}
{"level":"debug","message":"Starting edit session for user 'YzL2W1htQr2gHsBA' and instance 'JournalEntry.pvj1i6lt1v1F6z6Q.JournalEntryPage.maNriiJo0MlDyrPh#text.content'.","timestamp":"2026-05-30 15:34:30"}
{"level":"debug","message":"Broadcasting autosave update for instance 'JournalEntry.pvj1i6lt1v1F6z6Q.JournalEntryPage.maNriiJo0MlDyrPh#text.content'.","timestamp":"2026-05-30 15:38:30"}
{"level":"debug","message":"Retiring user 'YzL2W1htQr2gHsBA' from editing session for instance 'JournalEntry.pvj1i6lt1v1F6z6Q.JournalEntryPage.maNriiJo0MlDyrPh#text.content'.","timestamp":"2026-05-30 15:40:07"}
{"level":"debug","message":"Instance 'JournalEntry.pvj1i6lt1v1F6z6Q.JournalEntryPage.maNriiJo0MlDyrPh#text.content' has no more active editors, cleaning up.","timestamp":"2026-05-30 15:40:07"}
{"level":"debug","message":"Starting edit session for user 'YzL2W1htQr2gHsBA' and instance 'JournalEntry.pvj1i6lt1v1F6z6Q.JournalEntryPage.maNriiJo0MlDyrPh#text.content'.","timestamp":"2026-05-30 15:40:19"}
{"level":"debug","message":"Broadcasting autosave update for instance 'JournalEntry.pvj1i6lt1v1F6z6Q.JournalEntryPage.maNriiJo0MlDyrPh#text.content'.","timestamp":"2026-05-30 15:41:19"}
{"level":"debug","message":"Retiring user 'YzL2W1htQr2gHsBA' from editing session for instance 'JournalEntry.pvj1i6lt1v1F6z6Q.JournalEntryPage.maNriiJo0MlDyrPh#text.content'.","timestamp":"2026-05-30 15:57:49"}
{"level":"debug","message":"Instance 'JournalEntry.pvj1i6lt1v1F6z6Q.JournalEntryPage.maNriiJo0MlDyrPh#text.content' has no more active editors, cleaning up.","timestamp":"2026-05-30 15:57:49"}
{"level":"info","message":"Created RollTable with id [5gsLA6Fmvg2M8ubK]","timestamp":"2026-05-30 16:12:14"}
{"level":"info","message":"Created TableResult with id [zD3hwf5Qtn52F2dU] in parent RollTable [yG3DUBogsSJImZum]","timestamp":"2026-05-30 16:12:23"}
{"level":"info","message":"Created TableResult with id [bjEzxq7pCgpOiQbU] in parent RollTable [5gsLA6Fmvg2M8ubK]","timestamp":"2026-05-30 16:12:28"}
{"level":"info","message":"Created TableResult with id [JPmFaaUH9MTQAqHs] in parent RollTable [5gsLA6Fmvg2M8ubK]","timestamp":"2026-05-30 16:12:29"}
{"level":"info","message":"Created TableResult with id [LWRi7cB7SsL7d4Mu] in parent RollTable [5gsLA6Fmvg2M8ubK]","timestamp":"2026-05-30 16:12:29"}
{"level":"info","message":"Created TableResult with id [V38LybuEwPsqJAMG] in parent RollTable [5gsLA6Fmvg2M8ubK]","timestamp":"2026-05-30 16:12:30"}
{"level":"info","message":"Created TableResult with id [tFz07Th4ptOVLMWL] in parent RollTable [5gsLA6Fmvg2M8ubK]","timestamp":"2026-05-30 16:15:23"}
{"level":"info","message":"Created TableResult with id [iWNlTaruUNMGjxKO] in parent RollTable [5gsLA6Fmvg2M8ubK]","timestamp":"2026-05-30 16:15:24"}
{"level":"info","message":"Created TableResult with id [rt08tKgfKNQat8cJ] in parent RollTable [5gsLA6Fmvg2M8ubK]","timestamp":"2026-05-30 16:15:24"}
{"level":"info","message":"Created TableResult with id [qISes0xRnRCZPF3q] in parent RollTable [5gsLA6Fmvg2M8ubK]","timestamp":"2026-05-30 16:15:25"}
{"level":"info","message":"Created TableResult with id [YxDM2Op1ACrmXe8l] in parent RollTable [5gsLA6Fmvg2M8ubK]","timestamp":"2026-05-30 16:15:26"}
{"level":"info","message":"Created TableResult with id [EJ9ysU5zmsQKDtyl] in parent RollTable [5gsLA6Fmvg2M8ubK]","timestamp":"2026-05-30 16:15:26"}
{"level":"debug","message":"Starting edit session for user 'YzL2W1htQr2gHsBA' and instance 'JournalEntry.pvj1i6lt1v1F6z6Q.JournalEntryPage.maNriiJo0MlDyrPh#text.content'.","timestamp":"2026-05-30 16:29:01"}
{"level":"debug","message":"Retiring user 'YzL2W1htQr2gHsBA' from editing session for instance 'JournalEntry.pvj1i6lt1v1F6z6Q.JournalEntryPage.maNriiJo0MlDyrPh#text.content'.","timestamp":"2026-05-30 16:40:57"}
{"level":"debug","message":"Instance 'JournalEntry.pvj1i6lt1v1F6z6Q.JournalEntryPage.maNriiJo0MlDyrPh#text.content' has no more active editors, cleaning up.","timestamp":"2026-05-30 16:40:57"}
{"level":"info","message":"Created Actor with id [aqfNsCXbXvty2WaO]","timestamp":"2026-05-30 16:41:36"}
{"level":"info","message":"Berez_Banshee.png saved to Chapters/10. Die Ruinen von Beres/Images","timestamp":"2026-05-30 16:42:28"}
{"level":"info","message":"Created Item with id [3k51tudJql04su3R] in parent Actor [aqfNsCXbXvty2WaO]","timestamp":"2026-05-30 16:48:08"}
{"level":"info","message":"Created Item with id [Ea6V8WwsO635KW4v] in parent Actor [aqfNsCXbXvty2WaO]","timestamp":"2026-05-30 16:48:40"}
{"level":"info","message":"Created Item with id [1xedxdXuPY2YqYPq] in parent Actor [aqfNsCXbXvty2WaO]","timestamp":"2026-05-30 16:48:48"}
{"level":"info","message":"Created Token with id [WG7NVmI4fdkAKklr] in parent Scene [1pPkPGf4hkF95Vo6]","timestamp":"2026-05-30 16:51:57"}
{"level":"info","message":"Created Token with id [1LnNX2gdeoO9E2HO] in parent Scene [1pPkPGf4hkF95Vo6]","timestamp":"2026-05-30 16:52:12"}
{"level":"info","message":"Created Actor with id [FkvklmO042wRawfP]","timestamp":"2026-05-30 16:52:25"}
{"level":"info","message":"Created Token with id [eVT5oc8HNVLb3ZhF] in parent Scene [1pPkPGf4hkF95Vo6]","timestamp":"2026-05-30 16:52:25"}
{"level":"info","message":"Created Actor with id [nBSaIhINGvtDVI8g]","timestamp":"2026-05-30 16:52:27"}
{"level":"info","message":"Created Token with id [mu4ugsujpyK6CqxL] in parent Scene [1pPkPGf4hkF95Vo6]","timestamp":"2026-05-30 16:52:27"}
{"level":"info","message":"Created Actor with id [wQ6GqJ1yuaAQXHCV]","timestamp":"2026-05-30 16:53:10"}
{"level":"info","message":"Created Token with id [lSaj8chSmPpVimOF] in parent Scene [1pPkPGf4hkF95Vo6]","timestamp":"2026-05-30 16:53:10"}
{"level":"info","message":"Created Actor with id [GKEO5Sn5L8J8vrqB]","timestamp":"2026-05-30 16:54:13"}
{"level":"info","message":"Created Item with id [bPmn3T0ipDNEKOPK] in parent Actor [GKEO5Sn5L8J8vrqB]","timestamp":"2026-05-30 16:55:51"}
{"level":"info","message":"Created client session 39120f780ad4cc334a5b5095","timestamp":"2026-05-30 16:59:33"}
{"level":"info","message":"Created client session aa64388d50757f559ccfd1b7","timestamp":"2026-05-30 16:59:34"}
{"level":"info","message":"Created client session 6edc5c06cca86d457d520cb7","timestamp":"2026-05-30 16:59:35"}
{"level":"info","message":"Created client session 31eb6bbb191372d696588c51","timestamp":"2026-05-30 16:59:35"}
{"level":"info","message":"Created client session 42a175bef10dfc9cbfd7cad5","timestamp":"2026-05-30 16:59:36"}
{"level":"info","message":"Created client session c496006ac6a5831852379ccd","timestamp":"2026-05-30 16:59:36"}
{"level":"info","message":"Created client session 5fac506c8daf678e20eeac64","timestamp":"2026-05-30 16:59:36"}
{"level":"info","message":"Created client session 3f6f993f2a3436cf42739609","timestamp":"2026-05-30 16:59:37"}
{"level":"info","message":"Created client session 67560d1a0dbf7369b2e27e6f","timestamp":"2026-05-30 16:59:38"}
{"level":"info","message":"Created client session c018acc37c7771994feec978","timestamp":"2026-05-30 16:59:38"}
{"level":"info","message":"Created client session 6c8a3c4c905a26c3698d17de","timestamp":"2026-05-30 16:59:38"}
{"level":"info","message":"Created client session 145edfaee07f62191fa1a807","timestamp":"2026-05-30 16:59:39"}
{"level":"info","message":"Created client session a47ea5e851241b0017fb6d5e","timestamp":"2026-05-30 16:59:39"}
{"level":"info","message":"Created client session d94a75f1d2da3385f8ae3324","timestamp":"2026-05-30 16:59:40"}
{"level":"info","message":"Created client session 29e454f74a13dfcf257ea18b","timestamp":"2026-05-30 16:59:40"}
{"level":"info","message":"Created client session 7e46771330e45a7ff992284d","timestamp":"2026-05-30 16:59:40"}
{"level":"info","message":"Created client session 0d7d8af9f1e3349f1e40933a","timestamp":"2026-05-30 16:59:41"}
{"level":"info","message":"Created client session ab98317268b639cd54954709","timestamp":"2026-05-30 16:59:41"}
{"level":"info","message":"Created client session a69f5d9564c67a8f2920f5eb","timestamp":"2026-05-30 16:59:41"}
{"level":"info","message":"Created client session c3e2af3e4437ff4cce53562a","timestamp":"2026-05-30 16:59:42"}
{"level":"info","message":"Created client session 2ea84b3588dd74ece41d030e","timestamp":"2026-05-30 16:59:42"}
{"level":"info","message":"Created client session 0ac3cbcb53164df026e04556","timestamp":"2026-05-30 16:59:42"}
{"level":"info","message":"Created client session 6a577005ea8daf5f32d0dff8","timestamp":"2026-05-30 16:59:43"}
{"level":"info","message":"Created client session cba9aa1b8e61c0c5effe17c9","timestamp":"2026-05-30 16:59:44"}
{"level":"info","message":"Created client session f5495b584fc92bb87057963c","timestamp":"2026-05-30 16:59:44"}
{"level":"info","message":"Created client session 90b3ec3a7286ce0a181e3077","timestamp":"2026-05-30 16:59:45"}
{"level":"info","message":"Created client session 0e7f65c6decc6824f864791a","timestamp":"2026-05-30 16:59:45"}
{"level":"info","message":"Created client session b5bda668601a72807938339e","timestamp":"2026-05-30 16:59:46"}
{"level":"info","message":"Created client session 450d7984dab99058f0e93d7a","timestamp":"2026-05-30 16:59:46"}
{"level":"info","message":"Created client session 7dede6b7c8fbdc5a289ce78a","timestamp":"2026-05-30 16:59:47"}
{"level":"info","message":"Created client session 7150ffcb72a88bfb4f135fc5","timestamp":"2026-05-30 16:59:47"}
{"level":"info","message":"Created client session 51812bbb2a274629a174c42e","timestamp":"2026-05-30 16:59:47"}
{"level":"info","message":"Created client session 3f1dfec3b1efc1c28e1ef232","timestamp":"2026-05-30 16:59:48"}
{"level":"info","message":"Created client session 623e302192fbbd47c4bf5ddf","timestamp":"2026-05-30 16:59:49"}
{"level":"info","message":"Created client session 82ab0defbd3357428a7a9745","timestamp":"2026-05-30 16:59:49"}
{"level":"info","message":"Created client session e1c8d4f9d088f5211f81e5bd","timestamp":"2026-05-30 16:59:51"}
{"level":"info","message":"Created client session 06ca105745d8ee464548ca15","timestamp":"2026-05-30 16:59:52"}
{"level":"info","message":"Created client session e54fbc938dec51733f62d656","timestamp":"2026-05-30 16:59:53"}
{"level":"info","message":"Created client session fa83ea47a298208f57a6219e","timestamp":"2026-05-30 16:59:53"}
{"level":"info","message":"Created client session 0e759a40db27f7576c308d56","timestamp":"2026-05-30 16:59:53"}
{"level":"info","message":"Created client session 1f0b78a41eaeddf99f6c6fbe","timestamp":"2026-05-30 16:59:54"}
{"level":"info","message":"Created client session d16a80e34809e574928187c8","timestamp":"2026-05-30 16:59:54"}
{"level":"info","message":"Created client session fb5576e840949c4c8a3348c8","timestamp":"2026-05-30 16:59:54"}
{"level":"info","message":"Created client session 154e3405461f4cb8f59fc932","timestamp":"2026-05-30 16:59:55"}
{"level":"info","message":"Created Token with id [1ediGxmZafDYxY5u] in parent Scene [1pPkPGf4hkF95Vo6]","timestamp":"2026-05-30 17:01:25"}
{"level":"debug","message":"Starting edit session for user 'YzL2W1htQr2gHsBA' and instance 'JournalEntry.pvj1i6lt1v1F6z6Q.JournalEntryPage.maNriiJo0MlDyrPh#text.content'.","timestamp":"2026-05-30 17:02:23"}
{"level":"debug","message":"Retiring user 'YzL2W1htQr2gHsBA' from editing session for instance 'JournalEntry.pvj1i6lt1v1F6z6Q.JournalEntryPage.maNriiJo0MlDyrPh#text.content'.","timestamp":"2026-05-30 17:02:47"}
{"level":"debug","message":"Instance 'JournalEntry.pvj1i6lt1v1F6z6Q.JournalEntryPage.maNriiJo0MlDyrPh#text.content' has no more active editors, cleaning up.","timestamp":"2026-05-30 17:02:47"}
{"level":"info","message":"Created Note with id [Wqt84x5lxXHFX1C0] in parent Scene [1pPkPGf4hkF95Vo6]","timestamp":"2026-05-30 17:03:54"}
{"level":"info","message":"Created client session 49e9749c66aee249a537727a","timestamp":"2026-05-30 17:10:53"}
{"level":"info","message":"Deleted Token with id [04xfpBLAGvqa0xaS] in parent Scene [1pPkPGf4hkF95Vo6]","timestamp":"2026-05-30 17:17:22"}
{"level":"info","message":"Reset 1 FogExploration documents for Scene 1pPkPGf4hkF95Vo6","timestamp":"2026-05-30 17:17:32"}
{"level":"info","message":"Created RollTable with id [rOuDIkQKFk2mGWLc]","timestamp":"2026-05-30 17:19:05"}
{"level":"info","message":"Created TableResult with id [cKehEAzp1lAipjQS] in parent RollTable [rOuDIkQKFk2mGWLc]","timestamp":"2026-05-30 17:19:08"}
{"level":"info","message":"Created TableResult with id [tPWV48cqSgreIMqr] in parent RollTable [rOuDIkQKFk2mGWLc]","timestamp":"2026-05-30 17:19:09"}
{"level":"info","message":"Created TableResult with id [FNnrE4s5UJbysAFY] in parent RollTable [rOuDIkQKFk2mGWLc]","timestamp":"2026-05-30 17:19:10"}
{"level":"info","message":"Created TableResult with id [O383dG5aNscrgtp6] in parent RollTable [rOuDIkQKFk2mGWLc]","timestamp":"2026-05-30 17:19:10"}
{"level":"info","message":"Created TableResult with id [QVibedP6Fp0SnQ2N] in parent RollTable [rOuDIkQKFk2mGWLc]","timestamp":"2026-05-30 17:19:11"}
{"level":"info","message":"Created TableResult with id [7zSik3hV0r5KUvNa] in parent RollTable [rOuDIkQKFk2mGWLc]","timestamp":"2026-05-30 17:19:11"}
{"level":"info","message":"Created TableResult with id [ZDQYsICChvrqCvlk] in parent RollTable [rOuDIkQKFk2mGWLc]","timestamp":"2026-05-30 17:19:12"}
{"level":"info","message":"Created TableResult with id [Bgj9koQfzsdsc7RY] in parent RollTable [rOuDIkQKFk2mGWLc]","timestamp":"2026-05-30 17:19:12"}
{"level":"info","message":"Created client session 743bd07d6bea2eb6014d57a5","timestamp":"2026-05-30 17:42:02"}
{"level":"info","message":"Created client session 7d4473264ca1d87f16e3d791","timestamp":"2026-05-30 17:47:47"}
{"level":"info","message":"Created client session c6ffe8b775b6208d1bceae08","timestamp":"2026-05-30 17:58:12"}
{"level":"info","message":"Deleted TableResult with id [ZDQYsICChvrqCvlk] in parent RollTable [rOuDIkQKFk2mGWLc]","timestamp":"2026-05-30 18:08:40"}
{"level":"info","message":"Created TableResult with id [OFAOgaYU6Q5UnKqm] in parent RollTable [V8Iy8ANmhZTC7Lod]","timestamp":"2026-05-30 18:11:09"}
{"level":"debug","message":"Starting edit session for user 'YzL2W1htQr2gHsBA' and instance 'JournalEntry.pvj1i6lt1v1F6z6Q.JournalEntryPage.maNriiJo0MlDyrPh#text.content'.","timestamp":"2026-05-30 18:11:36"}
{"level":"debug","message":"Retiring user 'YzL2W1htQr2gHsBA' from editing session for instance 'JournalEntry.pvj1i6lt1v1F6z6Q.JournalEntryPage.maNriiJo0MlDyrPh#text.content'.","timestamp":"2026-05-30 18:11:45"}
{"level":"debug","message":"Instance 'JournalEntry.pvj1i6lt1v1F6z6Q.JournalEntryPage.maNriiJo0MlDyrPh#text.content' has no more active editors, cleaning up.","timestamp":"2026-05-30 18:11:45"}
{"level":"info","message":"Created client session 5cb0e5226c798bb2db644a63","timestamp":"2026-05-30 18:11:55"}
{"level":"info","message":"Created client session 44c1f4fce2e824567fafa2d5","timestamp":"2026-05-30 18:12:05"}
{"level":"info","message":"Created client session decad391290be03c00484c8b","timestamp":"2026-05-30 18:12:09"}
{"level":"info","message":"Created JournalEntryPage with id [MAxNad9PSFvdaauP] in parent JournalEntry [pvj1i6lt1v1F6z6Q]","timestamp":"2026-05-30 18:12:09"}
{"level":"debug","message":"Starting edit session for user 'YzL2W1htQr2gHsBA' and instance 'JournalEntry.pvj1i6lt1v1F6z6Q.JournalEntryPage.MAxNad9PSFvdaauP#text.content'.","timestamp":"2026-05-30 18:12:09"}
{"level":"debug","message":"Retiring user 'YzL2W1htQr2gHsBA' from editing session for instance 'JournalEntry.pvj1i6lt1v1F6z6Q.JournalEntryPage.MAxNad9PSFvdaauP#text.content'.","timestamp":"2026-05-30 18:12:23"}
{"level":"debug","message":"Instance 'JournalEntry.pvj1i6lt1v1F6z6Q.JournalEntryPage.MAxNad9PSFvdaauP#text.content' has no more active editors, cleaning up.","timestamp":"2026-05-30 18:12:23"}
{"level":"info","message":"Created Note with id [EyL69AenslNaNCmw] in parent Scene [t5xjgozQiEWk5aDN]","timestamp":"2026-05-30 18:12:28"}
{"level":"info","message":"Created client session 910fedebbcd1ac7222cf6689","timestamp":"2026-05-30 18:12:33"}
{"level":"info","message":"Created TableResult with id [nKpqN90ZUws8uKuH] in parent RollTable [rOuDIkQKFk2mGWLc]","timestamp":"2026-05-30 18:13:24"}
{"level":"debug","message":"Starting edit session for user 'YzL2W1htQr2gHsBA' and instance 'JournalEntry.pvj1i6lt1v1F6z6Q.JournalEntryPage.MAxNad9PSFvdaauP#text.content'.","timestamp":"2026-05-30 18:14:01"}
{"level":"debug","message":"Retiring user 'YzL2W1htQr2gHsBA' from editing session for instance 'JournalEntry.pvj1i6lt1v1F6z6Q.JournalEntryPage.MAxNad9PSFvdaauP#text.content'.","timestamp":"2026-05-30 18:14:07"}
{"level":"debug","message":"Instance 'JournalEntry.pvj1i6lt1v1F6z6Q.JournalEntryPage.MAxNad9PSFvdaauP#text.content' has no more active editors, cleaning up.","timestamp":"2026-05-30 18:14:07"}
{"level":"debug","message":"Starting edit session for user 'YzL2W1htQr2gHsBA' and instance 'JournalEntry.pvj1i6lt1v1F6z6Q.JournalEntryPage.MAxNad9PSFvdaauP#text.content'.","timestamp":"2026-05-30 18:14:18"}
{"level":"debug","message":"Retiring user 'YzL2W1htQr2gHsBA' from editing session for instance 'JournalEntry.pvj1i6lt1v1F6z6Q.JournalEntryPage.MAxNad9PSFvdaauP#text.content'.","timestamp":"2026-05-30 18:14:43"}
{"level":"debug","message":"Instance 'JournalEntry.pvj1i6lt1v1F6z6Q.JournalEntryPage.MAxNad9PSFvdaauP#text.content' has no more active editors, cleaning up.","timestamp":"2026-05-30 18:14:43"}
{"level":"info","message":"Deleted TableResult with id [OFAOgaYU6Q5UnKqm] in parent RollTable [V8Iy8ANmhZTC7Lod]","timestamp":"2026-05-30 18:15:43"}
{"level":"debug","message":"Starting edit session for user 'YzL2W1htQr2gHsBA' and instance 'JournalEntry.pvj1i6lt1v1F6z6Q.JournalEntryPage.MAxNad9PSFvdaauP#text.content'.","timestamp":"2026-05-30 18:16:04"}
{"level":"debug","message":"Broadcasting autosave update for instance 'JournalEntry.pvj1i6lt1v1F6z6Q.JournalEntryPage.MAxNad9PSFvdaauP#text.content'.","timestamp":"2026-05-30 18:17:04"}
{"level":"debug","message":"Broadcasting autosave update for instance 'JournalEntry.pvj1i6lt1v1F6z6Q.JournalEntryPage.MAxNad9PSFvdaauP#text.content'.","timestamp":"2026-05-30 18:18:04"}
{"level":"debug","message":"Retiring user 'YzL2W1htQr2gHsBA' from editing session for instance 'JournalEntry.pvj1i6lt1v1F6z6Q.JournalEntryPage.MAxNad9PSFvdaauP#text.content'.","timestamp":"2026-05-30 18:20:00"}
{"level":"debug","message":"Instance 'JournalEntry.pvj1i6lt1v1F6z6Q.JournalEntryPage.MAxNad9PSFvdaauP#text.content' has no more active editors, cleaning up.","timestamp":"2026-05-30 18:20:00"}
{"level":"info","message":"Created client session 57e28cde8c18ffec9a18597b","timestamp":"2026-05-30 18:21:21"}
{"level":"debug","message":"Starting edit session for user 'YzL2W1htQr2gHsBA' and instance 'JournalEntry.pvj1i6lt1v1F6z6Q.JournalEntryPage.MAxNad9PSFvdaauP#text.content'.","timestamp":"2026-05-30 18:21:38"}
{"level":"debug","message":"Retiring user 'YzL2W1htQr2gHsBA' from editing session for instance 'JournalEntry.pvj1i6lt1v1F6z6Q.JournalEntryPage.MAxNad9PSFvdaauP#text.content'.","timestamp":"2026-05-30 18:22:21"}
{"level":"debug","message":"Instance 'JournalEntry.pvj1i6lt1v1F6z6Q.JournalEntryPage.MAxNad9PSFvdaauP#text.content' has no more active editors, cleaning up.","timestamp":"2026-05-30 18:22:21"}
{"level":"info","message":"Created Actor with id [X9agwIfMbm2ls7w7]","timestamp":"2026-05-30 18:22:30"}
{"level":"info","message":"Berez_Fungus.png saved to Chapters/10. Die Ruinen von Beres/Images","timestamp":"2026-05-30 18:22:54"}
{"level":"info","message":"Created Item with id [Imp3DPEVVJoDDSmJ] in parent Actor [X9agwIfMbm2ls7w7]","timestamp":"2026-05-30 18:25:41"}
{"level":"info","message":"Created Item with id [4OGW53xBIkaMhiAq] in parent Actor [X9agwIfMbm2ls7w7]","timestamp":"2026-05-30 18:25:49"}
{"level":"info","message":"Created Item with id [8Fp7WVUNZdfMw8nT] in parent Actor [X9agwIfMbm2ls7w7]","timestamp":"2026-05-30 18:25:59"}
{"level":"info","message":"Created Actor with id [ArSpuKRJn0tzmcNo]","timestamp":"2026-05-30 18:28:29"}
{"level":"info","message":"Created Item with id [P065PzmDfEROhMZ5] in parent Actor [ArSpuKRJn0tzmcNo]","timestamp":"2026-05-30 18:30:08"}
{"level":"info","message":"Created Token with id [OPTUGDA39heEEesb] in parent Scene [qbILv35hj17A2e2a]","timestamp":"2026-05-30 18:31:14"}
{"level":"info","message":"Deleted Token with id [OPTUGDA39heEEesb] in parent Scene [qbILv35hj17A2e2a]","timestamp":"2026-05-30 18:31:18"}
{"level":"info","message":"Created Token with id [kMpLjLwQ0QNuaLl0] in parent Scene [qbILv35hj17A2e2a]","timestamp":"2026-05-30 18:31:36"}
{"level":"info","message":"Created Token with id [dgbWupnPlpX5lNiS] in parent Scene [qbILv35hj17A2e2a]","timestamp":"2026-05-30 18:31:43"}
{"level":"info","message":"Created Token with id [Fs9UzXGNr0k8r3hB] in parent Scene [qbILv35hj17A2e2a]","timestamp":"2026-05-30 18:31:46"}
{"level":"info","message":"Created Token with id [b0vjp1rL4bH8M1VO] in parent Scene [qbILv35hj17A2e2a]","timestamp":"2026-05-30 18:31:49"}
{"level":"info","message":"Created Token with id [ylyHPwVeaugej7cx] in parent Scene [qbILv35hj17A2e2a]","timestamp":"2026-05-30 18:31:51"}
{"level":"info","message":"Created Token with id [YyKZG3WvmwSQvsMp] in parent Scene [qbILv35hj17A2e2a]","timestamp":"2026-05-30 18:31:52"}
{"level":"info","message":"Created FogExploration with id [Y2Hncpl9B2OOgMMT]","timestamp":"2026-05-30 18:32:01"}
{"level":"info","message":"Created Actor with id [FBFDcv0r0RjTSc7J]","timestamp":"2026-05-30 18:32:19"}
{"level":"info","message":"Berez_WitchHumanForm.png saved to Chapters/10. Die Ruinen von Beres/Images","timestamp":"2026-05-30 18:32:28"}
{"level":"info","message":"Berez_WitchHumanForm.png saved to Chapters/10. Die Ruinen von Beres/Images","timestamp":"2026-05-30 18:32:47"}
{"level":"info","message":"Created Actor with id [qSv28i6gasJmmjTu]","timestamp":"2026-05-30 18:37:28"}
{"level":"info","message":"Created Token with id [hIK4gizMlhODq4lA] in parent Scene [qbILv35hj17A2e2a]","timestamp":"2026-05-30 18:37:28"}
{"level":"info","message":"Created Actor with id [UmLoYQokkepayy1i]","timestamp":"2026-05-30 18:37:44"}
{"level":"info","message":"Created Token with id [IuDV0SOXo0gLKddi] in parent Scene [qbILv35hj17A2e2a]","timestamp":"2026-05-30 18:37:44"}
{"level":"info","message":"Created Actor with id [L6IAUJUfP2hYXsNP]","timestamp":"2026-05-30 18:37:46"}
{"level":"info","message":"Created Token with id [3NAmZiZkxgiH2EIc] in parent Scene [qbILv35hj17A2e2a]","timestamp":"2026-05-30 18:37:46"}
{"level":"info","message":"Created Actor with id [9Nf3R0Ae42cXxGM2]","timestamp":"2026-05-30 18:37:47"}
{"level":"info","message":"Created Token with id [cz3bATrEQ9ZKQIbc] in parent Scene [qbILv35hj17A2e2a]","timestamp":"2026-05-30 18:37:47"}
{"level":"info","message":"Created Actor with id [RFU8tlXRa9MZsWW4]","timestamp":"2026-05-30 18:38:00"}
{"level":"info","message":"Created Token with id [TxSVPAlioAb1Yj73] in parent Scene [qbILv35hj17A2e2a]","timestamp":"2026-05-30 18:38:00"}
{"level":"info","message":"Created Actor with id [W0BEtQMb2Go90u23]","timestamp":"2026-05-30 18:38:15"}
{"level":"info","message":"Created Token with id [rOBTEtRuqTdUGQuO] in parent Scene [qbILv35hj17A2e2a]","timestamp":"2026-05-30 18:38:15"}
{"level":"info","message":"Created Actor with id [0jBNAZPSxRdO99ko]","timestamp":"2026-05-30 18:38:33"}
{"level":"info","message":"Created Token with id [WbDTubFbMXeAaUmm] in parent Scene [qbILv35hj17A2e2a]","timestamp":"2026-05-30 18:38:33"}
{"level":"info","message":"Created Actor with id [fUJHwVHexZMJD2YR]","timestamp":"2026-05-30 18:38:44"}
{"level":"info","message":"Created Token with id [TFVGXcMvtiw50pfn] in parent Scene [qbILv35hj17A2e2a]","timestamp":"2026-05-30 18:38:44"}
{"level":"info","message":"Created Actor with id [35BeEtiseL3eY22a]","timestamp":"2026-05-30 18:38:52"}
{"level":"info","message":"Created Token with id [8nMqLBOk1BxLddGO] in parent Scene [qbILv35hj17A2e2a]","timestamp":"2026-05-30 18:38:52"}
{"level":"info","message":"Created Actor with id [qWjmjjTNzoYVCrHC]","timestamp":"2026-05-30 18:38:53"}
{"level":"info","message":"Created Token with id [k1Hn4mkLQMOZpbHs] in parent Scene [qbILv35hj17A2e2a]","timestamp":"2026-05-30 18:38:53"}
{"level":"info","message":"Created Actor with id [M7vS8MjV2HdG4IvN]","timestamp":"2026-05-30 18:38:55"}
{"level":"info","message":"Created Token with id [dAbngErVNMIGKwuC] in parent Scene [qbILv35hj17A2e2a]","timestamp":"2026-05-30 18:38:55"}
{"level":"debug","message":"Starting edit session for user 'YzL2W1htQr2gHsBA' and instance 'JournalEntry.pvj1i6lt1v1F6z6Q.JournalEntryPage.MAxNad9PSFvdaauP#text.content'.","timestamp":"2026-05-30 18:39:32"}
{"level":"debug","message":"Retiring user 'YzL2W1htQr2gHsBA' from editing session for instance 'JournalEntry.pvj1i6lt1v1F6z6Q.JournalEntryPage.MAxNad9PSFvdaauP#text.content'.","timestamp":"2026-05-30 18:42:38"}
{"level":"debug","message":"Instance 'JournalEntry.pvj1i6lt1v1F6z6Q.JournalEntryPage.MAxNad9PSFvdaauP#text.content' has no more active editors, cleaning up.","timestamp":"2026-05-30 18:42:38"}
{"level":"debug","message":"Starting edit session for user 'YzL2W1htQr2gHsBA' and instance 'JournalEntry.pvj1i6lt1v1F6z6Q.JournalEntryPage.MAxNad9PSFvdaauP#text.content'.","timestamp":"2026-05-30 18:44:13"}
{"level":"debug","message":"Retiring user 'YzL2W1htQr2gHsBA' from editing session for instance 'JournalEntry.pvj1i6lt1v1F6z6Q.JournalEntryPage.MAxNad9PSFvdaauP#text.content'.","timestamp":"2026-05-30 18:44:58"}
{"level":"debug","message":"Instance 'JournalEntry.pvj1i6lt1v1F6z6Q.JournalEntryPage.MAxNad9PSFvdaauP#text.content' has no more active editors, cleaning up.","timestamp":"2026-05-30 18:44:58"}
{"level":"info","message":"Created client session d0eaeb497536ece311143495","timestamp":"2026-05-30 18:53:36"}
{"level":"info","message":"Created client session 4b63e452c9e52b4fb50a45eb","timestamp":"2026-05-30 18:58:30"}
{"level":"info","message":"Created client session 34538ff9a220de0f3688d368","timestamp":"2026-05-30 19:00:26"}
{"ip":"::ffff:127.0.0.1","level":"info","message":"User authentication successful for user Erevan","session":"34538ff9a220de0f3688d368","timestamp":"2026-05-30 19:00:33"}
{"level":"info","message":"Dungeons & Dragons Fifth Edition update 5.3.3 is now available!","timestamp":"2026-05-30 19:00:35"}
{"level":"info","message":"Vended World data to User [d7Jxxn5B6j1l4Shx] in 649ms","timestamp":"2026-05-30 19:00:35"}
{"level":"info","message":"Created FogExploration with id [C5V9taHugcCYnPrF]","timestamp":"2026-05-30 19:00:44"}
{"level":"info","message":"Created client session 9b217b82179c71055635e7fc","timestamp":"2026-05-30 19:01:28"}
{"ip":"::1","level":"info","message":"User authentication successful for user Vandor","session":"9b217b82179c71055635e7fc","timestamp":"2026-05-30 19:01:46"}
{"level":"info","message":"Dungeons & Dragons Fifth Edition update 5.3.3 is now available!","timestamp":"2026-05-30 19:01:48"}
{"level":"info","message":"Vended World data to User [7fNHm3YbN0rkIUxL] in 661ms","timestamp":"2026-05-30 19:01:48"}
{"level":"info","message":"Created client session a1f1a65c7c3dc565d94750e8","timestamp":"2026-05-30 19:05:30"}
{"level":"info","message":"Created client session 142612c5835a05653d7e992b","timestamp":"2026-05-30 19:05:35"}
{"level":"info","message":"Created client session 1713cc26e5e888eb01dd8408","timestamp":"2026-05-30 19:05:53"}
{"level":"info","message":"Created client session debe1e8a8ce11703ff4c6b81","timestamp":"2026-05-30 19:05:54"}
{"level":"info","message":"Created client session 95ca567a3bb0775c9c6abee5","timestamp":"2026-05-30 19:05:55"}
{"level":"info","message":"Created client session 9b93fc39a51a1f3d8f276ebf","timestamp":"2026-05-30 19:05:57"}
{"level":"info","message":"Created client session 0e964227b89465143066b1be","timestamp":"2026-05-30 19:05:59"}
{"level":"info","message":"Created client session 60b78020c33251f2492c7db5","timestamp":"2026-05-30 19:05:59"}
{"level":"info","message":"Created client session add579dad8b70da95df01538","timestamp":"2026-05-30 19:06:00"}
{"level":"info","message":"Created client session 8ad57658ccebd707793654b4","timestamp":"2026-05-30 19:06:01"}
{"level":"info","message":"Created client session 42db4802cc25635260834b2f","timestamp":"2026-05-30 19:06:02"}
{"level":"info","message":"Created client session e0e9c71cdc4ee6889c2e47a8","timestamp":"2026-05-30 19:06:02"}
{"level":"info","message":"Created client session e7a63bdac8786befc2e2e7ce","timestamp":"2026-05-30 19:06:02"}
{"level":"info","message":"Created client session 45b6d5b41d461aa4bff3f3b4","timestamp":"2026-05-30 19:09:01"}
{"ip":"::1","level":"info","message":"User authentication successful for user Thiala","session":"45b6d5b41d461aa4bff3f3b4","timestamp":"2026-05-30 19:09:17"}
{"level":"info","message":"Dungeons & Dragons Fifth Edition update 5.3.3 is now available!","timestamp":"2026-05-30 19:09:18"}
{"level":"info","message":"Vended World data to User [sjYkV3qNoQe97JYZ] in 709ms","timestamp":"2026-05-30 19:09:18"}
{"level":"info","message":"Created client session bde4fc422ea9329f3ff03145","timestamp":"2026-05-30 19:10:19"}
{"level":"info","message":"Created client session 54fdbf844b918bf73e27ce1e","timestamp":"2026-05-30 19:10:20"}
{"level":"info","message":"Created client session 78951aac44e72527b712e97b","timestamp":"2026-05-30 19:10:21"}
{"level":"info","message":"Created ChatMessage with id [kph6ypqCPbrGe3PK]","timestamp":"2026-05-30 19:34:44"}
{"level":"info","message":"Created ChatMessage with id [FjxtV4gvWA9Wezwh]","timestamp":"2026-05-30 19:35:32"}
{"level":"info","message":"Created ChatMessage with id [TkHG4Be85czrn3Ep]","timestamp":"2026-05-30 19:41:15"}
{"level":"info","message":"Created ChatMessage with id [tfwol220e6c3iXrf]","timestamp":"2026-05-30 19:41:34"}
{"level":"info","message":"Created ChatMessage with id [kajxQ1ZDJFrguLJE]","timestamp":"2026-05-30 19:48:00"}
{"level":"info","message":"Created client session 4b23dadeffe975686a99cdb7","timestamp":"2026-05-30 19:49:11"}
{"level":"info","message":"Created ChatMessage with id [Yt3FS2udnDKIdbxz]","timestamp":"2026-05-30 19:51:39"}
{"level":"info","message":"Created ChatMessage with id [UFndZ46rk34J3vRr]","timestamp":"2026-05-30 19:58:04"}
{"level":"info","message":"Created ChatMessage with id [J2oPqvxZtr15nDlY]","timestamp":"2026-05-30 19:58:12"}
{"level":"info","message":"Created ChatMessage with id [1IQWJuLscuE8bPeT]","timestamp":"2026-05-30 19:58:52"}
{"level":"info","message":"Created ChatMessage with id [0bIG4CGBILh5UhyN]","timestamp":"2026-05-30 20:00:37"}
{"level":"info","message":"Created ChatMessage with id [TjTZJWyl11f7lkay]","timestamp":"2026-05-30 20:03:26"}
{"level":"info","message":"Created ChatMessage with id [4nDEs8eU4NEZgenC]","timestamp":"2026-05-30 20:05:13"}
{"level":"info","message":"Deleted Token with id [DVDO9vrmSFdbgXGt] in parent Scene [g69WCDHJm79AwLfO]","timestamp":"2026-05-30 20:13:29"}
{"level":"info","message":"Created Token with id [N5KAKVNvvbs2ye14] in parent Scene [zzdKsJVYne8kySuq]","timestamp":"2026-05-30 20:13:29"}
{"level":"info","message":"Deleted Token with id [a9ITMXqmYdj2dJKM] in parent Scene [g69WCDHJm79AwLfO]","timestamp":"2026-05-30 20:13:38"}
{"level":"info","message":"Created Token with id [Le6VLmtnvkzYynz4] in parent Scene [zzdKsJVYne8kySuq]","timestamp":"2026-05-30 20:13:38"}
{"level":"info","message":"Deleted Token with id [BeiwvopX8hh1lfIo] in parent Scene [g69WCDHJm79AwLfO]","timestamp":"2026-05-30 20:13:52"}
{"level":"info","message":"Created Token with id [Vmt0z6mSbCF7sWJb] in parent Scene [zzdKsJVYne8kySuq]","timestamp":"2026-05-30 20:13:52"}
{"level":"info","message":"Deleted Token with id [v3qCW2GP2d8ikoY4] in parent Scene [g69WCDHJm79AwLfO]","timestamp":"2026-05-30 20:14:02"}
{"level":"info","message":"Created Token with id [NOLIrHYBfpRg9Hfc] in parent Scene [zzdKsJVYne8kySuq]","timestamp":"2026-05-30 20:14:02"}
{"level":"info","message":"Created FogExploration with id [CKFT1xX2PbHYKPKf]","timestamp":"2026-05-30 20:14:08"}
{"level":"info","message":"Deleted Token with id [Le6VLmtnvkzYynz4] in parent Scene [zzdKsJVYne8kySuq]","timestamp":"2026-05-30 20:15:00"}
{"level":"info","message":"Created Token with id [wWeSuWV6t7uwenGG] in parent Scene [ydd9vPKLQgLjyUXS]","timestamp":"2026-05-30 20:15:00"}
{"level":"info","message":"Deleted Token with id [Vmt0z6mSbCF7sWJb] in parent Scene [zzdKsJVYne8kySuq]","timestamp":"2026-05-30 20:15:04"}
{"level":"info","message":"Created Token with id [43tIvzUAuOlsyh2L] in parent Scene [ydd9vPKLQgLjyUXS]","timestamp":"2026-05-30 20:15:04"}
{"level":"info","message":"Deleted Token with id [N5KAKVNvvbs2ye14] in parent Scene [zzdKsJVYne8kySuq]","timestamp":"2026-05-30 20:15:05"}
{"level":"info","message":"Created Token with id [7UqIzjaxeHIYB9jq] in parent Scene [ydd9vPKLQgLjyUXS]","timestamp":"2026-05-30 20:15:05"}
{"level":"info","message":"Deleted Token with id [NOLIrHYBfpRg9Hfc] in parent Scene [zzdKsJVYne8kySuq]","timestamp":"2026-05-30 20:15:06"}
{"level":"info","message":"Created Token with id [7jwOjiFcZKC9BqmD] in parent Scene [ydd9vPKLQgLjyUXS]","timestamp":"2026-05-30 20:15:06"}
{"level":"info","message":"Created client session e55499ba0aadc10f360977ef","timestamp":"2026-05-30 20:19:10"}
{"level":"info","message":"Created ChatMessage with id [BdxsPHiDcYr9sORn]","timestamp":"2026-05-30 20:26:15"}
{"level":"info","message":"Created ChatMessage with id [qlmmnNmeunznRNhZ]","timestamp":"2026-05-30 20:27:07"}
{"level":"info","message":"Created client session 317954434026c4f06e758c40","timestamp":"2026-05-30 20:29:40"}
{"level":"info","message":"Created client session f329878d73bcaeb7df9677d7","timestamp":"2026-05-30 20:30:36"}
{"level":"info","message":"Created ChatMessage with id [QtNlMulOA5LJn165]","timestamp":"2026-05-30 20:31:05"}
{"level":"info","message":"Created ChatMessage with id [XDDkj7ZqBpSuw4uj]","timestamp":"2026-05-30 20:31:22"}
{"level":"info","message":"Created client session 248e5fbdd6db9287aaf9a681","timestamp":"2026-05-30 20:34:06"}
{"level":"info","message":"Created ChatMessage with id [TT2VmXOEETCDbT9B]","timestamp":"2026-05-30 20:35:02"}
{"level":"info","message":"Deleted Token with id [wWeSuWV6t7uwenGG] in parent Scene [ydd9vPKLQgLjyUXS]","timestamp":"2026-05-30 20:45:56"}
{"level":"info","message":"Created Token with id [yGJlAGe0rIWOnXuN] in parent Scene [mDTlNChiXKJL6tUz]","timestamp":"2026-05-30 20:45:56"}
{"level":"info","message":"Deleted Token with id [7UqIzjaxeHIYB9jq] in parent Scene [ydd9vPKLQgLjyUXS]","timestamp":"2026-05-30 20:46:00"}
{"level":"info","message":"Created Token with id [QBF0u3tOSUJGAlhx] in parent Scene [mDTlNChiXKJL6tUz]","timestamp":"2026-05-30 20:46:00"}
{"level":"info","message":"Deleted Token with id [43tIvzUAuOlsyh2L] in parent Scene [ydd9vPKLQgLjyUXS]","timestamp":"2026-05-30 20:46:04"}
{"level":"info","message":"Created Token with id [PXV4yL6J9eMyn9ys] in parent Scene [mDTlNChiXKJL6tUz]","timestamp":"2026-05-30 20:46:04"}
{"level":"info","message":"Deleted Token with id [7jwOjiFcZKC9BqmD] in parent Scene [ydd9vPKLQgLjyUXS]","timestamp":"2026-05-30 20:46:06"}
{"level":"info","message":"Created Token with id [VOkVfpajz26oYKcR] in parent Scene [mDTlNChiXKJL6tUz]","timestamp":"2026-05-30 20:46:07"}
{"level":"info","message":"Created client session aaca8264da2cb28dff6a92e5","timestamp":"2026-05-30 20:55:16"}
{"level":"info","message":"Created client session 415bd4414b27a8612b59e01f","timestamp":"2026-05-30 20:55:17"}
{"level":"info","message":"Created client session bcaa9bc3d03888ca408215a6","timestamp":"2026-05-30 20:55:17"}
{"level":"info","message":"Created client session c1c5619289a8342bb5b58600","timestamp":"2026-05-30 20:55:17"}
{"level":"info","message":"Created client session 6329659079075e3c45570717","timestamp":"2026-05-30 20:55:17"}
{"level":"info","message":"Created client session b563d84393b510c2f007d3e6","timestamp":"2026-05-30 20:55:18"}
{"level":"info","message":"Created client session 9303036fb72efbe6744108a1","timestamp":"2026-05-30 20:55:18"}
{"level":"info","message":"Created client session a9d27ba6575a2df8fccc315d","timestamp":"2026-05-30 20:55:18"}
{"level":"info","message":"Created client session 7722ee6fee6ed86b45baa3e5","timestamp":"2026-05-30 20:55:18"}
{"level":"info","message":"Created client session e0b8e9bc50ee948e90fbc7dc","timestamp":"2026-05-30 20:55:18"}
{"level":"info","message":"Created client session 815c15c12d2716d8a278cfc2","timestamp":"2026-05-30 20:55:18"}
{"level":"info","message":"Created client session 1d75c3851b0f24a4cf015200","timestamp":"2026-05-30 20:55:18"}
{"level":"info","message":"Created client session 3ce38a8d21edfce81c8afa3d","timestamp":"2026-05-30 20:55:18"}
{"level":"info","message":"Created client session 7292a05ea0681e5982bdc909","timestamp":"2026-05-30 20:55:19"}
{"level":"info","message":"Created client session 556cad13e254ca884740af46","timestamp":"2026-05-30 20:55:19"}
{"level":"info","message":"Created client session e8477fc24a6614987aa641c5","timestamp":"2026-05-30 20:55:19"}
{"level":"info","message":"Created client session 4952b3a12677f110f5bd1cde","timestamp":"2026-05-30 20:55:19"}
{"level":"info","message":"Created client session 3faa1f9404c508bc3fa3e7d8","timestamp":"2026-05-30 20:55:19"}
{"level":"info","message":"Created client session 11a4f7b3da54b2d0b199a8b6","timestamp":"2026-05-30 20:55:19"}
{"level":"info","message":"Created client session a4a250ebb7a8e3c2dafc0f00","timestamp":"2026-05-30 20:55:19"}
{"level":"info","message":"Created client session 3e356a2ca215ee16cc008cc0","timestamp":"2026-05-30 20:55:19"}
{"level":"info","message":"Created client session 03e15c9fa444d984af33d84f","timestamp":"2026-05-30 20:55:19"}
{"level":"info","message":"Created client session c772524646ee51c87b685cb3","timestamp":"2026-05-30 20:55:20"}
{"level":"info","message":"Created client session 314ff3a1901d12a1768bebfb","timestamp":"2026-05-30 20:55:20"}
{"level":"info","message":"Created client session cc62640236d38d87a1a365d7","timestamp":"2026-05-30 20:55:20"}
{"level":"info","message":"Created client session 2518f8c5ce7380c368a220b2","timestamp":"2026-05-30 20:55:20"}
{"level":"info","message":"Created client session dbc970ea0a0bbab54da24d4f","timestamp":"2026-05-30 20:55:20"}
{"level":"info","message":"Created client session fc876d573656098495dfaed4","timestamp":"2026-05-30 20:55:20"}
{"level":"info","message":"Created client session 452da2b65ee88eb7a0350257","timestamp":"2026-05-30 20:55:20"}
{"level":"info","message":"Created client session 304a84a84a5f57e7c7457062","timestamp":"2026-05-30 20:55:20"}
{"level":"info","message":"Created client session 3cb0d5dbaff2e33be7c32d32","timestamp":"2026-05-30 20:55:20"}
{"level":"info","message":"Created client session 229c1b107feaa8b820588bd6","timestamp":"2026-05-30 20:55:21"}
{"level":"info","message":"Created client session 87054672d4a5d802965a22c5","timestamp":"2026-05-30 20:55:21"}
{"level":"info","message":"Created client session 2b60d070fd4e9d464543b637","timestamp":"2026-05-30 20:55:21"}
{"level":"info","message":"Created client session 22a056311809f895c2957d24","timestamp":"2026-05-30 20:55:21"}
{"level":"info","message":"Created client session 62312c0ff3101fd159c409df","timestamp":"2026-05-30 20:55:21"}
{"level":"info","message":"Created client session affe5b04327b17d1b85301d0","timestamp":"2026-05-30 20:55:21"}
{"level":"info","message":"Created client session 7d94833cc3a429b6c0ce7f40","timestamp":"2026-05-30 20:55:21"}
{"level":"info","message":"Created client session 6ccc673efeefa3f7a92c277c","timestamp":"2026-05-30 20:55:21"}
{"level":"info","message":"Created client session 98d7df8075e42756726d3b8f","timestamp":"2026-05-30 20:55:22"}
{"level":"info","message":"Created client session 79f1e86b5b43ad76fc72bedf","timestamp":"2026-05-30 20:55:22"}
{"level":"info","message":"Created client session d6de1c8e6a241a7cfa0c5b60","timestamp":"2026-05-30 20:55:22"}
{"level":"info","message":"Created client session d2a2aa807e4c5fa6779b2f48","timestamp":"2026-05-30 20:55:22"}
{"level":"info","message":"Created client session b948afced885a78805daa432","timestamp":"2026-05-30 20:55:22"}
{"level":"info","message":"Created ChatMessage with id [AiuzUgdE1Zwyp9bS]","timestamp":"2026-05-30 20:57:07"}
{"level":"info","message":"Created ChatMessage with id [LIOIxKEXNInJy7ue]","timestamp":"2026-05-30 20:58:53"}
{"level":"info","message":"Created ChatMessage with id [P61TA9OruGFI2rXu]","timestamp":"2026-05-30 20:59:46"}
{"level":"info","message":"Created ChatMessage with id [7LJvjmej6CDVLBsZ]","timestamp":"2026-05-30 21:19:53"}
{"level":"info","message":"Created ChatMessage with id [gC4P1gGcCSdRkAGO]","timestamp":"2026-05-30 21:21:01"}
{"level":"info","message":"Created client session 06ddbd36f425245993d4d79c","timestamp":"2026-05-30 21:27:12"}
{"level":"info","message":"Created ChatMessage with id [8smc5211MrZxn6HT]","timestamp":"2026-05-30 21:28:30"}
{"level":"info","message":"Created ChatMessage with id [aEPO6RJxNeSla7GS]","timestamp":"2026-05-30 21:33:55"}
{"level":"info","message":"Created ChatMessage with id [LwKArfsVUCQBGeXI]","timestamp":"2026-05-30 21:37:21"}
{"level":"info","message":"Created ChatMessage with id [oYR48NZpf3Og01S3]","timestamp":"2026-05-30 21:41:06"}
{"level":"info","message":"Created ChatMessage with id [6wwjpmNgFD9hq1PM]","timestamp":"2026-05-30 21:42:21"}
{"level":"info","message":"Deleted Token with id [QBF0u3tOSUJGAlhx] in parent Scene [mDTlNChiXKJL6tUz]","timestamp":"2026-05-30 21:54:08"}
{"level":"info","message":"Created Token with id [INAZ2CYXx9kIAlfi] in parent Scene [ydd9vPKLQgLjyUXS]","timestamp":"2026-05-30 21:54:08"}
{"level":"info","message":"Deleted Token with id [INAZ2CYXx9kIAlfi] in parent Scene [ydd9vPKLQgLjyUXS]","timestamp":"2026-05-30 21:54:22"}
{"level":"info","message":"Created Token with id [sjhHv8PTxvwKrBJs] in parent Scene [mDTlNChiXKJL6tUz]","timestamp":"2026-05-30 21:54:22"}
{"level":"info","message":"Created 2 Token documents with ids: [QFk7XWR1sJajLQgZ,KswLxr99GfAnVMqO] in parent Scene [bUjSvOW5coibKHmL]","timestamp":"2026-05-30 21:56:15"}
{"level":"info","message":"Created Token with id [Vb7OXqXquUDvXdnt] in parent Scene [bUjSvOW5coibKHmL]","timestamp":"2026-05-30 21:56:40"}
{"level":"info","message":"Deleted Token with id [Vb7OXqXquUDvXdnt] in parent Scene [bUjSvOW5coibKHmL]","timestamp":"2026-05-30 21:56:53"}
{"level":"info","message":"Created client session 348cd05e30ec39a5d8568ce5","timestamp":"2026-05-30 21:59:15"}
{"level":"info","message":"Created Token with id [TtzM6w4kFMqva3H0] in parent Scene [bUjSvOW5coibKHmL]","timestamp":"2026-05-30 22:02:47"}
{"level":"info","message":"Deleted Token with id [qzTdoIzib3q520Jb] in parent Scene [bUjSvOW5coibKHmL]","timestamp":"2026-05-30 22:02:49"}
{"level":"info","message":"Created client session 40d8ab73e7d0ba97df4218e3","timestamp":"2026-05-30 22:05:25"}
{"level":"info","message":"Created client session eedd4b407d5cd6c8d7b62cee","timestamp":"2026-05-30 22:05:25"}
{"level":"info","message":"Created client session 59940d8431f29ed9b38636f4","timestamp":"2026-05-30 22:05:25"}
{"level":"info","message":"Created client session e59d872157dd3aacb1f232be","timestamp":"2026-05-30 22:05:25"}
{"level":"info","message":"Created client session 507fd9cda35d8aa92746c0e0","timestamp":"2026-05-30 22:05:25"}
{"level":"info","message":"Created client session 981d004a2378bc10001a66d5","timestamp":"2026-05-30 22:05:25"}
{"level":"info","message":"Created client session 897ce6e3ffb99931e34967d3","timestamp":"2026-05-30 22:05:25"}
{"level":"info","message":"Created client session cee739fd9094d5a9a70f2687","timestamp":"2026-05-30 22:05:25"}
{"level":"info","message":"Created client session 253e51300760751ed82bfdc6","timestamp":"2026-05-30 22:05:25"}
{"level":"info","message":"Created client session 17577edbf70c19aeef7491f6","timestamp":"2026-05-30 22:05:25"}
{"level":"info","message":"Created client session 5aa462d313c70f5d8584d230","timestamp":"2026-05-30 22:05:25"}
{"level":"info","message":"Created client session 0698f242fe78788022bc5c66","timestamp":"2026-05-30 22:05:26"}
{"level":"info","message":"Created client session d3edba2abcb5f415abec6c65","timestamp":"2026-05-30 22:05:26"}
{"level":"info","message":"Created client session 50d247af7e4edf5cf751a0b0","timestamp":"2026-05-30 22:05:26"}
{"level":"info","message":"Created client session 4a7acf4012c59992f065b456","timestamp":"2026-05-30 22:05:26"}
{"level":"info","message":"Created client session 1218446812f901a6a8551326","timestamp":"2026-05-30 22:05:26"}
{"level":"info","message":"Created client session 18b6382b76c9241cc88d4229","timestamp":"2026-05-30 22:05:26"}
{"level":"info","message":"Created client session 5b6a7a1ea30a4c7182539d80","timestamp":"2026-05-30 22:05:26"}
{"level":"info","message":"Created client session b5e3853c25aa20afdd1b35e6","timestamp":"2026-05-30 22:05:26"}
{"level":"info","message":"Created client session 2de1a118b89263061d792a8f","timestamp":"2026-05-30 22:05:26"}
{"level":"info","message":"Created client session eb8d818c1f45bfd202594d2f","timestamp":"2026-05-30 22:05:26"}
{"level":"info","message":"Created client session 2d5b939c7b36d4565dd749ac","timestamp":"2026-05-30 22:05:26"}
{"level":"info","message":"Created client session 53383a4182c869cd72634a95","timestamp":"2026-05-30 22:05:26"}
{"level":"info","message":"Created client session 7a34d1a35e99f0ed38cf5780","timestamp":"2026-05-30 22:05:26"}
{"level":"info","message":"Created client session 748ee249c183dce63860ea46","timestamp":"2026-05-30 22:05:26"}
{"level":"info","message":"Created client session 03d54539aa63b3c35bba2b0e","timestamp":"2026-05-30 22:05:26"}
{"level":"info","message":"Created client session 3ab658f5cb32f94548506662","timestamp":"2026-05-30 22:05:26"}
{"level":"info","message":"Created client session 987ec6007bde064aea417be7","timestamp":"2026-05-30 22:05:26"}
{"level":"info","message":"Created client session e71ad4dd80346060bed232c7","timestamp":"2026-05-30 22:05:26"}
{"level":"info","message":"Created client session 36e0af9ceb1a14ef54d5997d","timestamp":"2026-05-30 22:05:26"}
{"level":"info","message":"Created client session a8755a19f785b56d9b9bc981","timestamp":"2026-05-30 22:05:26"}
{"level":"info","message":"Created client session af010be7cab0c748c1f9d63f","timestamp":"2026-05-30 22:05:26"}
{"level":"info","message":"Created client session 63ae67350fc35dfdcf07ad37","timestamp":"2026-05-30 22:05:26"}
{"level":"info","message":"Created client session bfafafb73f03d00ad1b822a8","timestamp":"2026-05-30 22:05:27"}
{"level":"info","message":"Created client session c8e4e5cad836459f8d548b25","timestamp":"2026-05-30 22:05:27"}
{"level":"info","message":"Created client session d721509caa2ff6672c32853b","timestamp":"2026-05-30 22:05:27"}
{"level":"info","message":"Created client session 0a65b7a6cc37d64ef47e0bb9","timestamp":"2026-05-30 22:05:27"}
{"level":"info","message":"Created client session 09a69260f8ba65c7588d48b1","timestamp":"2026-05-30 22:05:27"}
{"level":"info","message":"Created client session 002f4c4d988026bbb19b65a6","timestamp":"2026-05-30 22:05:27"}
{"level":"info","message":"Created client session 5c45c58435a030aeb8085801","timestamp":"2026-05-30 22:05:27"}
{"level":"info","message":"Created client session d977b86a030912f238dcaa6a","timestamp":"2026-05-30 22:05:27"}
{"level":"info","message":"Created client session 4e29e93f346f2694e2dc3cac","timestamp":"2026-05-30 22:05:27"}
{"level":"info","message":"Created client session c690a6916be90301bf2dee35","timestamp":"2026-05-30 22:05:27"}
{"level":"info","message":"Created client session 0af3dd2bb9b3758cd2d7df2e","timestamp":"2026-05-30 22:05:27"}
{"level":"info","message":"Created client session acbe04c31ba610c0b79d6002","timestamp":"2026-05-30 22:11:18"}
{"level":"info","message":"Created client session be38d57a99355fd63f8f1231","timestamp":"2026-05-30 22:11:18"}
{"level":"info","message":"Created client session 353627debd857e181a556886","timestamp":"2026-05-30 22:11:18"}
{"level":"info","message":"Created ChatMessage with id [AmwxeRTSCpcKYKho]","timestamp":"2026-05-30 22:18:32"}
{"level":"info","message":"Created ChatMessage with id [jhG5oYyx7zBEsTT6]","timestamp":"2026-05-30 22:20:27"}
{"level":"info","message":"Deleted Token with id [HFYCgtkPry0kZz16] in parent Scene [mDTlNChiXKJL6tUz]","timestamp":"2026-05-30 22:24:54"}
{"level":"info","message":"Toggling game pause status to true","timestamp":"2026-05-30 22:25:15"}
{"level":"info","message":"Logged user d7Jxxn5B6j1l4Shx out of active World","timestamp":"2026-05-30 22:29:48"}
{"ip":"::1","level":"info","message":"User authentication successful for user Erevan","session":"34538ff9a220de0f3688d368","timestamp":"2026-05-30 22:29:54"}
{"level":"info","message":"Dungeons & Dragons Fifth Edition update 5.3.3 is now available!","timestamp":"2026-05-30 22:29:55"}
{"level":"info","message":"Vended World data to User [d7Jxxn5B6j1l4Shx] in 675ms","timestamp":"2026-05-30 22:29:55"}
{"level":"info","message":"Toggling game pause status to false","timestamp":"2026-05-30 22:30:13"}
{"level":"info","message":"Created ActiveEffect with id [dnd5ehiding00000] in parent Actor [PaW5YJwuaFlOREtj]","timestamp":"2026-05-30 22:30:54"}
{"level":"info","message":"Deleted Token with id [yGJlAGe0rIWOnXuN] in parent Scene [mDTlNChiXKJL6tUz]","timestamp":"2026-05-30 22:36:33"}
{"level":"info","message":"Created Token with id [uNuKYq1LWFVYgBJ6] in parent Scene [bUjSvOW5coibKHmL]","timestamp":"2026-05-30 22:36:33"}
{"level":"info","message":"Deleted Token with id [uNuKYq1LWFVYgBJ6] in parent Scene [bUjSvOW5coibKHmL]","timestamp":"2026-05-30 22:36:50"}
{"level":"info","message":"Created Token with id [2QW39oKDR8tqJkH8] in parent Scene [mDTlNChiXKJL6tUz]","timestamp":"2026-05-30 22:36:50"}
{"level":"info","message":"Deleted Token with id [2QW39oKDR8tqJkH8] in parent Scene [mDTlNChiXKJL6tUz]","timestamp":"2026-05-30 22:37:28"}
{"level":"info","message":"Created Token with id [fqTPVYdRtxSBhCob] in parent Scene [bUjSvOW5coibKHmL]","timestamp":"2026-05-30 22:37:28"}
{"level":"info","message":"Created Token with id [6n2po0s1jNFqknOT] in parent Scene [8cTBvb4W5xKft2fU]","timestamp":"2026-05-30 22:39:17"}
{"level":"info","message":"Deleted Token with id [VOkVfpajz26oYKcR] in parent Scene [mDTlNChiXKJL6tUz]","timestamp":"2026-05-30 22:39:29"}
{"level":"info","message":"Deleted Token with id [fqTPVYdRtxSBhCob] in parent Scene [bUjSvOW5coibKHmL]","timestamp":"2026-05-30 22:39:39"}
{"level":"info","message":"Created Token with id [j3pshmvYK8Q6jQbv] in parent Scene [8cTBvb4W5xKft2fU]","timestamp":"2026-05-30 22:39:39"}
{"level":"info","message":"Deleted Token with id [PXV4yL6J9eMyn9ys] in parent Scene [mDTlNChiXKJL6tUz]","timestamp":"2026-05-30 22:39:51"}
{"level":"info","message":"Created Token with id [1Jxw7NFijnf9amV6] in parent Scene [bUjSvOW5coibKHmL]","timestamp":"2026-05-30 22:39:51"}
{"level":"info","message":"Deleted Token with id [sjhHv8PTxvwKrBJs] in parent Scene [mDTlNChiXKJL6tUz]","timestamp":"2026-05-30 22:39:52"}
{"level":"info","message":"Created Token with id [esYH0USthxJpyY4x] in parent Scene [bUjSvOW5coibKHmL]","timestamp":"2026-05-30 22:39:52"}
{"level":"info","message":"Deleted 2 Token documents with ids: [QFk7XWR1sJajLQgZ,esYH0USthxJpyY4x] in parent Scene [bUjSvOW5coibKHmL]","timestamp":"2026-05-30 22:39:54"}
{"level":"info","message":"Created 2 Token documents with ids: [2rmFWwcvG4D7uO3p,7rJSHC3cM6BYDtO6] in parent Scene [mDTlNChiXKJL6tUz]","timestamp":"2026-05-30 22:39:54"}
{"level":"info","message":"Deleted 2 Token documents with ids: [7rJSHC3cM6BYDtO6,2rmFWwcvG4D7uO3p] in parent Scene [mDTlNChiXKJL6tUz]","timestamp":"2026-05-30 22:39:56"}
{"level":"info","message":"Created 2 Token documents with ids: [YHaKU5MDyEutuSPq,q0DjWJmXg4yWEXeo] in parent Scene [bUjSvOW5coibKHmL]","timestamp":"2026-05-30 22:39:56"}
{"level":"info","message":"Deleted 2 Token documents with ids: [q0DjWJmXg4yWEXeo,YHaKU5MDyEutuSPq] in parent Scene [bUjSvOW5coibKHmL]","timestamp":"2026-05-30 22:40:11"}
{"level":"info","message":"Created 2 Token documents with ids: [s7h31mdqmIfsgZop,jZTOqQ1XYR8jz5R8] in parent Scene [8cTBvb4W5xKft2fU]","timestamp":"2026-05-30 22:40:11"}
{"level":"info","message":"Deleted Token with id [1Jxw7NFijnf9amV6] in parent Scene [bUjSvOW5coibKHmL]","timestamp":"2026-05-30 22:40:21"}
{"level":"info","message":"Deleted ActiveEffect with id [dnd5ehiding00000] in parent Actor [PaW5YJwuaFlOREtj]","timestamp":"2026-05-30 22:40:56"}
{"level":"info","message":"Created Token with id [y67pFrTNWSuq4Ac7] in parent Scene [8cTBvb4W5xKft2fU]","timestamp":"2026-05-30 22:41:40"}
{"level":"info","message":"Deleted Token with id [y67pFrTNWSuq4Ac7] in parent Scene [8cTBvb4W5xKft2fU]","timestamp":"2026-05-30 22:41:44"}
{"level":"info","message":"Created Token with id [qH4HUgj1P9m95vtk] in parent Scene [8cTBvb4W5xKft2fU]","timestamp":"2026-05-30 22:42:43"}
{"level":"info","message":"Deleted Token with id [s7h31mdqmIfsgZop] in parent Scene [8cTBvb4W5xKft2fU]","timestamp":"2026-05-30 22:49:03"}
{"level":"info","message":"Created client session 3d73a2bf0282f37f1adfe291","timestamp":"2026-05-30 22:56:29"}
{"level":"info","message":"Created client session add1f7c504a46bfda8262739","timestamp":"2026-05-30 23:04:45"}
{"level":"info","message":"Created ChatMessage with id [sHIWobPWIC94RuPb]","timestamp":"2026-05-30 23:05:49"}
{"level":"info","message":"Logged user 7fNHm3YbN0rkIUxL out of active World","timestamp":"2026-05-30 23:11:55"}
{"level":"info","message":"Created client session afabc1616070ab5cc2e19b21","timestamp":"2026-05-30 23:15:12"}
{"level":"info","message":"Created client session 20255c129ed002af4c8a3037","timestamp":"2026-05-30 23:15:12"}
{"level":"info","message":"Created client session da7bb920ea685eb82777f4d6","timestamp":"2026-05-30 23:17:18"}
{"level":"info","message":"Created client session 81b8181771cc5b9b97714b7c","timestamp":"2026-05-30 23:17:18"}
