{"level":"info","message":"Created client session 669b2105761ef7cb374e288a","timestamp":"2026-05-17 00:04:05"}
{"level":"info","message":"Created client session a22fd8234e471347a7011065","timestamp":"2026-05-17 00:18:07"}
{"level":"info","message":"Created client session 120f19d00c3e7ee557e4148c","timestamp":"2026-05-17 00:48:47"}
{"level":"info","message":"Created client session bbd8a3a06374aafbaaea6473","timestamp":"2026-05-17 01:02:10"}
{"level":"info","message":"Created client session 3625ae73643b490bcb6cb84a","timestamp":"2026-05-17 01:02:10"}
{"level":"info","message":"Created client session adeecda7e9afdcaf8ffc2067","timestamp":"2026-05-17 01:02:10"}
{"level":"info","message":"Created client session 62c83dac2709ff1eaa6a2a0b","timestamp":"2026-05-17 01:02:10"}
{"level":"info","message":"Created client session 603a310caad38805812eeb8c","timestamp":"2026-05-17 01:02:10"}
{"level":"info","message":"Created client session 1fec7394f0b2a1fd1c5e5ffa","timestamp":"2026-05-17 01:02:10"}
{"level":"info","message":"Created client session 20461e3c0df9574ccf07792f","timestamp":"2026-05-17 01:02:10"}
{"level":"info","message":"Created client session eed5d758f6580cf34c2cdef5","timestamp":"2026-05-17 01:02:10"}
{"level":"info","message":"Created client session 0a077bc043a5c953a2172fd2","timestamp":"2026-05-17 01:02:10"}
{"level":"info","message":"Created client session c8d65e20fc2680697e46fa5a","timestamp":"2026-05-17 01:02:10"}
{"level":"info","message":"Created client session 77967612aab83a482d243671","timestamp":"2026-05-17 01:02:10"}
{"level":"info","message":"Created client session d2cb9196067768beb78c8392","timestamp":"2026-05-17 01:02:10"}
{"level":"info","message":"Created client session 87494dc2d8da16d2e308ff17","timestamp":"2026-05-17 01:02:10"}
{"level":"info","message":"Created client session dd356d18540d911858008793","timestamp":"2026-05-17 01:02:10"}
{"level":"info","message":"Created client session 862ed8d3fa361a50b6aa347e","timestamp":"2026-05-17 01:02:10"}
{"level":"info","message":"Created client session 57256b9b25dc6a6c4025fd39","timestamp":"2026-05-17 01:02:10"}
{"level":"info","message":"Created client session e922501f5f5faa292625d861","timestamp":"2026-05-17 01:02:10"}
{"level":"info","message":"Created client session 27c556f80614ab42c1cc750b","timestamp":"2026-05-17 01:02:10"}
{"level":"info","message":"Created client session f16a25f9703ff5f06e9f1d72","timestamp":"2026-05-17 01:02:10"}
{"level":"info","message":"Created client session 26901d73690e9d505b961b82","timestamp":"2026-05-17 01:02:10"}
{"level":"info","message":"Created client session 6587d4765ef394fce7ccdde4","timestamp":"2026-05-17 01:02:10"}
{"level":"info","message":"Created client session 043935b01c9517c97603311e","timestamp":"2026-05-17 01:02:10"}
{"level":"info","message":"Created client session cc7cb8c5cb7f7d5606276f9d","timestamp":"2026-05-17 01:02:10"}
{"level":"info","message":"Created client session 051565a805d2e92bf04f675c","timestamp":"2026-05-17 01:02:10"}
{"level":"info","message":"Created client session bb2bdba1c6943fb85eb69fab","timestamp":"2026-05-17 01:02:10"}
{"level":"info","message":"Created client session 0abe73277e21eb0c7b8d0f17","timestamp":"2026-05-17 01:02:10"}
{"level":"info","message":"Created client session 9f41658492a759fd2d8c4d91","timestamp":"2026-05-17 01:02:10"}
{"level":"info","message":"Created client session 5db77e9335b98887caa34138","timestamp":"2026-05-17 01:02:10"}
{"level":"info","message":"Created client session 5e16d23df7efa28893e703d2","timestamp":"2026-05-17 01:02:10"}
{"level":"info","message":"Created client session 083d974e127dd2bf5abb4abf","timestamp":"2026-05-17 01:02:10"}
{"level":"info","message":"Created client session 8a19fefd8bd082bd777e877b","timestamp":"2026-05-17 01:02:10"}
{"level":"info","message":"Created client session 9a1bc2a422d95d7624e7c49e","timestamp":"2026-05-17 01:02:10"}
{"level":"info","message":"Created client session e1430308fe08015bfe3a9fdb","timestamp":"2026-05-17 01:02:10"}
{"level":"info","message":"Created client session fa92daa39abca89b7afb5cc4","timestamp":"2026-05-17 01:02:10"}
{"level":"info","message":"Created client session 715f1cf65a53b52296814c42","timestamp":"2026-05-17 01:02:10"}
{"level":"info","message":"Created client session e643e44cd2fa3ed56a3c8f3f","timestamp":"2026-05-17 01:02:10"}
{"level":"info","message":"Created client session 495b33eafcce801aff0c36c3","timestamp":"2026-05-17 01:02:10"}
{"level":"info","message":"Created client session 4713577dc8a28e8a920edf27","timestamp":"2026-05-17 01:02:10"}
{"level":"info","message":"Created client session 0482561fd3c834ca14cb8c61","timestamp":"2026-05-17 01:02:10"}
{"level":"info","message":"Created client session 3f9de2aea1db51e239274279","timestamp":"2026-05-17 01:02:10"}
{"level":"info","message":"Created client session f5e31f74e07d4230629ba28b","timestamp":"2026-05-17 01:02:10"}
{"level":"info","message":"Created client session 75f59ffad00f599dff568fcb","timestamp":"2026-05-17 01:02:10"}
{"level":"info","message":"Created client session bb99efcc97b605741ef0ff8a","timestamp":"2026-05-17 01:02:10"}
{"level":"info","message":"Created client session cd886a6b364e95849f6cd1ed","timestamp":"2026-05-17 01:02:10"}
{"level":"info","message":"Created client session 2622ea405e2d0328e8002996","timestamp":"2026-05-17 01:02:10"}
{"level":"info","message":"Created client session dbfc96d772ce82f589977d33","timestamp":"2026-05-17 01:02:10"}
{"level":"info","message":"Created client session cdbe0ac4258fd6499e34a59e","timestamp":"2026-05-17 01:02:10"}
{"level":"info","message":"Created client session 519f25fd885df920834af916","timestamp":"2026-05-17 01:02:10"}
{"level":"info","message":"Created client session 60159c9a7d93c0d7fc0e950f","timestamp":"2026-05-17 01:02:10"}
{"level":"info","message":"Created client session bda2b9dc04dd57414aec871d","timestamp":"2026-05-17 01:02:10"}
{"level":"info","message":"Created client session d875fbb7ca785b3daa4a98ed","timestamp":"2026-05-17 01:02:11"}
{"level":"info","message":"Created client session 4a0f926fa8b36eebe707019b","timestamp":"2026-05-17 01:02:11"}
{"level":"info","message":"Created client session b493e49e52733e04fc14e9c3","timestamp":"2026-05-17 01:02:11"}
{"level":"info","message":"Created client session da8e47ec2a86b2f341a294c7","timestamp":"2026-05-17 01:02:11"}
{"level":"info","message":"Created client session 06c7318d0fef5d7f0b5dd444","timestamp":"2026-05-17 01:02:11"}
{"level":"info","message":"Created client session 562f343f47749972cc7afffc","timestamp":"2026-05-17 01:11:59"}
{"level":"info","message":"Created client session 817bdb8b418be310cb8c3d97","timestamp":"2026-05-17 01:13:05"}
{"level":"info","message":"Created client session dc022f796ff0c0b737ec51f4","timestamp":"2026-05-17 01:17:57"}
{"level":"info","message":"Created client session 2f415f74b4a50b7108c54e65","timestamp":"2026-05-17 01:18:10"}
{"level":"info","message":"Created client session 8a241a146d93dc6251674cae","timestamp":"2026-05-17 01:18:10"}
{"level":"info","message":"Created client session 38b9bd993887217ee4037b78","timestamp":"2026-05-17 01:37:22"}
{"level":"info","message":"Created client session 7c467f71d7b796035e7cfe66","timestamp":"2026-05-17 01:46:59"}
{"level":"info","message":"Created client session fd2e378d9592574de474e811","timestamp":"2026-05-17 01:46:59"}
{"level":"info","message":"Created client session bf1f840738cd2220c737e711","timestamp":"2026-05-17 01:46:59"}
{"level":"info","message":"Created client session 0b1dbed3842941c7add68549","timestamp":"2026-05-17 01:47:00"}
{"level":"info","message":"Created client session 5fae2a3d111e2c2c2039e932","timestamp":"2026-05-17 01:47:00"}
{"level":"info","message":"Created client session 263031cbd8eaecc00816c758","timestamp":"2026-05-17 01:47:00"}
{"level":"info","message":"Created client session f80c4ab79b80f9fd300f85ca","timestamp":"2026-05-17 01:47:00"}
{"level":"info","message":"Created client session 9c08fabf03e7694a79ba05e7","timestamp":"2026-05-17 01:47:00"}
{"level":"info","message":"Created client session 7acc53e6ee11633ad5d6a08d","timestamp":"2026-05-17 01:47:00"}
{"level":"info","message":"Created client session abd2fd819889682b6eb37285","timestamp":"2026-05-17 01:47:00"}
{"level":"info","message":"Created client session 9309c127ad3cb5693df4a24c","timestamp":"2026-05-17 01:47:00"}
{"level":"info","message":"Created client session 28aa61c5fb656acd20bec5b3","timestamp":"2026-05-17 01:47:00"}
{"level":"info","message":"Created client session f567f8f285c09a8be7131b71","timestamp":"2026-05-17 01:47:00"}
{"level":"info","message":"Created client session ae1efda48365e19114c6ef90","timestamp":"2026-05-17 01:47:00"}
{"level":"info","message":"Created client session 875b7fda213bc913fcf63f17","timestamp":"2026-05-17 01:47:00"}
{"level":"info","message":"Created client session ce2e2297b032f8c6a9d7b91c","timestamp":"2026-05-17 01:47:00"}
{"level":"info","message":"Created client session 010141f8a1d5a6f9bfd90429","timestamp":"2026-05-17 01:47:00"}
{"level":"info","message":"Created client session 78c5a5e7d7bfccd452bb170e","timestamp":"2026-05-17 01:47:00"}
{"level":"info","message":"Created client session fe13e44b0c0b55a2a86147a3","timestamp":"2026-05-17 01:47:00"}
{"level":"info","message":"Created client session d6238d5393775e9ac55ad73d","timestamp":"2026-05-17 01:47:00"}
{"level":"info","message":"Created client session 8f99735afa389400d2013249","timestamp":"2026-05-17 01:47:00"}
{"level":"info","message":"Created client session 274b6b06930aa0f090ac07d8","timestamp":"2026-05-17 01:47:00"}
{"level":"info","message":"Created client session 69fc3bf33c0e7e270eb1f3e1","timestamp":"2026-05-17 01:47:00"}
{"level":"info","message":"Created client session 8e7b3f113f6e98e62e608c27","timestamp":"2026-05-17 01:47:00"}
{"level":"info","message":"Created client session ba5ad5ef0dc15f23e4370aa5","timestamp":"2026-05-17 01:47:00"}
{"level":"info","message":"Created client session ff25aa65ef219d4d797a0b9a","timestamp":"2026-05-17 01:47:00"}
{"level":"info","message":"Created client session 19b0855ddf46957d1d8fd5b7","timestamp":"2026-05-17 01:47:00"}
{"level":"info","message":"Created client session b4e465bcb44ee93773aab0f1","timestamp":"2026-05-17 01:47:00"}
{"level":"info","message":"Created client session 87c1fe803f7fd18141355c7c","timestamp":"2026-05-17 01:47:01"}
{"level":"info","message":"Created client session 1730ec4bb0b6a2a584551408","timestamp":"2026-05-17 01:59:22"}
{"level":"info","message":"Created client session 04d1c41842cb7054fb7109b7","timestamp":"2026-05-17 02:01:04"}
{"level":"info","message":"Created client session 370614c094a208982a47a24a","timestamp":"2026-05-17 02:23:03"}
{"level":"info","message":"Created client session 0d9b11698afc2f562a1199f0","timestamp":"2026-05-17 02:30:09"}
{"level":"info","message":"Created client session d4643bbf125046ab9faf3ec6","timestamp":"2026-05-17 02:32:34"}
{"level":"info","message":"Created client session c9d6606429d39c1539e09a5c","timestamp":"2026-05-17 03:44:29"}
{"level":"info","message":"Created client session 4d201a81cd4e62f0574b34b4","timestamp":"2026-05-17 03:49:58"}
{"level":"info","message":"Created client session cff03aafab2f0ccba685cb5f","timestamp":"2026-05-17 03:50:00"}
{"level":"info","message":"Created client session 53fa371930f777931aa7d5ea","timestamp":"2026-05-17 03:50:12"}
{"level":"info","message":"Created client session 1b967c402c08d5a276aefc4c","timestamp":"2026-05-17 04:04:11"}
{"level":"info","message":"Created client session bf8fb85636d92baac5309ad7","timestamp":"2026-05-17 04:20:45"}
{"level":"info","message":"Created client session 3abfbb324113141d7fa10445","timestamp":"2026-05-17 04:24:38"}
{"level":"info","message":"Created client session 280bdb197f116a5cb22b1503","timestamp":"2026-05-17 04:24:39"}
{"level":"info","message":"Created client session 6b6ec1a5131141cbfa99e525","timestamp":"2026-05-17 04:44:31"}
{"level":"info","message":"Created client session 707228ebd8b971676afa14c3","timestamp":"2026-05-17 04:45:20"}
{"level":"info","message":"Created client session 0e57f0e387669764ebc3371b","timestamp":"2026-05-17 04:47:07"}
{"level":"info","message":"Created client session a0b1805bd61f4e3caafa09c8","timestamp":"2026-05-17 04:55:40"}
{"level":"info","message":"Created client session 98ea366be70ae7eb6de8a7a9","timestamp":"2026-05-17 04:56:17"}
{"level":"info","message":"Created client session e1d2edd50260e9ef19e1f6d8","timestamp":"2026-05-17 05:01:33"}
{"level":"info","message":"Created client session abe529c486302738f1a1e313","timestamp":"2026-05-17 05:12:28"}
{"level":"info","message":"Created client session afaa594aefee5ec96a4c16fb","timestamp":"2026-05-17 05:44:34"}
{"level":"info","message":"Created client session c9849b8414b7096ff3eb8b21","timestamp":"2026-05-17 05:55:16"}
{"level":"info","message":"Created client session d532d27def48863210249e56","timestamp":"2026-05-17 06:58:34"}
{"level":"info","message":"Created client session 4df38ee4a883e921821116a1","timestamp":"2026-05-17 07:04:50"}
{"level":"info","message":"Created client session 0376b632db8457e69300a9eb","timestamp":"2026-05-17 07:06:51"}
{"level":"info","message":"Created client session 8504ee31e467d9662883e551","timestamp":"2026-05-17 07:19:45"}
{"level":"info","message":"Created client session ab58bf38cc3c9f7b793e7a12","timestamp":"2026-05-17 08:16:43"}
{"level":"info","message":"Created client session 3514b4659e1eb7cf2e359006","timestamp":"2026-05-17 08:34:25"}
{"level":"info","message":"Created client session b6a75df724024ec9e4a9eaa4","timestamp":"2026-05-17 08:49:10"}
{"level":"info","message":"Created client session 53ff56709547c48b392a4e10","timestamp":"2026-05-17 09:00:21"}
{"level":"info","message":"Created client session acb65181f86192a6265c76c7","timestamp":"2026-05-17 09:00:21"}
{"level":"info","message":"Created client session 014d084af63e1a2bd3d1f644","timestamp":"2026-05-17 09:00:34"}
{"level":"info","message":"Created client session 871ca883562434398e8f134d","timestamp":"2026-05-17 09:00:34"}
{"level":"info","message":"Created client session d588fe16441859efe257a269","timestamp":"2026-05-17 09:02:53"}
{"level":"info","message":"Created client session 71b5977fc8d65a26cbbd3a96","timestamp":"2026-05-17 09:19:37"}
{"level":"info","message":"Created client session 45e55e1cbe38155ae715ef6f","timestamp":"2026-05-17 09:53:03"}
{"level":"info","message":"Created client session f15c554abea6e52db0d191f7","timestamp":"2026-05-17 10:00:40"}
{"level":"info","message":"Created client session 442fc3acc99d0390449ed2bc","timestamp":"2026-05-17 10:00:40"}
{"level":"info","message":"Created client session e1178fd894515f51f4cf371f","timestamp":"2026-05-17 10:00:41"}
{"level":"info","message":"Created client session 282a831ab75b314c5f1c01b0","timestamp":"2026-05-17 10:00:41"}
{"level":"info","message":"Created client session 7920be2a638e99b46b18ee95","timestamp":"2026-05-17 10:00:41"}
{"level":"info","message":"Created client session 6f2427276cee3b62fd3bed06","timestamp":"2026-05-17 10:00:41"}
{"level":"info","message":"Created client session a2ad507d4306288d73903370","timestamp":"2026-05-17 10:00:41"}
{"level":"info","message":"Created client session e42cec788342581d2ebbe8d1","timestamp":"2026-05-17 10:00:41"}
{"level":"info","message":"Created client session 560b17d6b848da3abe299515","timestamp":"2026-05-17 10:00:42"}
{"level":"info","message":"Created client session 6ab104e2425a0daf8a2c46e3","timestamp":"2026-05-17 10:00:42"}
{"level":"info","message":"Created client session b3f025ba23f32251682fd085","timestamp":"2026-05-17 10:00:42"}
{"level":"info","message":"Created client session cdbb73a0b1c520658c11dcf9","timestamp":"2026-05-17 10:00:42"}
{"level":"info","message":"Created client session 6e0299afdff78edc00b6b550","timestamp":"2026-05-17 10:00:42"}
{"level":"info","message":"Created client session 4fd330a87ea607db89dc4a7c","timestamp":"2026-05-17 10:00:42"}
{"level":"info","message":"Created client session f7d42c8f589d6ae4f0a4b567","timestamp":"2026-05-17 10:00:42"}
{"level":"info","message":"Created client session 35dd7dccdb8422f14180d9bc","timestamp":"2026-05-17 10:00:43"}
{"level":"info","message":"Created client session 8564348b119de25aab78169f","timestamp":"2026-05-17 10:00:43"}
{"level":"info","message":"Created client session 9a8fd4aef2bb33cc860571fc","timestamp":"2026-05-17 10:00:43"}
{"level":"info","message":"Created client session c4f4a2bdd908a3ccc1e4e28c","timestamp":"2026-05-17 10:00:43"}
{"level":"info","message":"Created client session 8d97d0597464f25c17352e6e","timestamp":"2026-05-17 10:00:43"}
{"level":"info","message":"Created client session a1961d92204d9c541df9ed23","timestamp":"2026-05-17 10:00:43"}
{"level":"info","message":"Created client session 4befac0b943d1b9b4ea91b8e","timestamp":"2026-05-17 10:00:43"}
{"level":"info","message":"Created client session fad4b6005301403ff9acb115","timestamp":"2026-05-17 10:00:44"}
{"level":"info","message":"Created client session 526ed13e5203b12489d460c5","timestamp":"2026-05-17 10:00:44"}
{"level":"info","message":"Created client session 2f08fd21985eaf838ae75661","timestamp":"2026-05-17 10:00:44"}
{"level":"info","message":"Created client session ef88ed1d421ba28144ec959a","timestamp":"2026-05-17 10:00:44"}
{"level":"info","message":"Created client session 7c6347b993c9a93302295939","timestamp":"2026-05-17 10:00:45"}
{"level":"info","message":"Created client session a967edf5de69cde8781ba5cf","timestamp":"2026-05-17 10:00:45"}
{"level":"info","message":"Created client session 1664c2c95d32c1531adc1a3a","timestamp":"2026-05-17 10:00:46"}
{"level":"info","message":"Created client session 4d604b150f3a49c82d46ca7d","timestamp":"2026-05-17 10:00:46"}
{"level":"info","message":"Created client session 12f0f3eebca782b25d9e5069","timestamp":"2026-05-17 10:00:46"}
{"level":"info","message":"Created client session 4ed31274067397168fe1a30f","timestamp":"2026-05-17 10:00:46"}
{"level":"info","message":"Created client session fce09ea19617abc95cd5618f","timestamp":"2026-05-17 10:00:47"}
{"level":"info","message":"Created client session 9c5bed1a2c377c643bdc5054","timestamp":"2026-05-17 10:00:47"}
{"level":"info","message":"Created client session 00717f6a9da25bd57df3b4a8","timestamp":"2026-05-17 10:00:47"}
{"level":"info","message":"Created client session 6d4a0a271cee8b1656968ca1","timestamp":"2026-05-17 10:00:47"}
{"level":"info","message":"Created client session 234a07ac5f1094d1bef8ae58","timestamp":"2026-05-17 10:00:48"}
{"level":"info","message":"Created client session 31ac959bc0687f144b6ca618","timestamp":"2026-05-17 10:00:48"}
{"level":"info","message":"Created client session 043c83829f4db1b0e4cb6127","timestamp":"2026-05-17 10:00:48"}
{"level":"info","message":"Created client session 3b2806b8b0cfceafa10acf01","timestamp":"2026-05-17 10:00:48"}
{"level":"info","message":"Created client session 02d2a54bad23ca4f9314f1a5","timestamp":"2026-05-17 10:00:48"}
{"level":"info","message":"Created client session 344065faccbe325393a0eb39","timestamp":"2026-05-17 10:00:48"}
{"level":"info","message":"Created client session 3c70e593e408a97b58ad8ae9","timestamp":"2026-05-17 10:00:48"}
{"level":"info","message":"Created client session 3bb87ac70e953eac07ff04dd","timestamp":"2026-05-17 10:00:49"}
{"level":"info","message":"Created client session 45d4bc10f734ea7102c7cea2","timestamp":"2026-05-17 10:00:49"}
{"level":"info","message":"Created client session d4f0a43eb2d0827c141fa39c","timestamp":"2026-05-17 10:00:49"}
{"level":"info","message":"Created client session 36ef1b2676a590a7e905095f","timestamp":"2026-05-17 10:02:09"}
{"level":"info","message":"Created client session a080688268f9691a5bb460e1","timestamp":"2026-05-17 10:02:11"}
{"level":"info","message":"Created client session 488656cfae6535527fd7ad80","timestamp":"2026-05-17 10:02:14"}
{"level":"info","message":"Created client session 92f49b9d0c677d1597502d3a","timestamp":"2026-05-17 10:14:55"}
{"level":"info","message":"Created client session b1351897ac9c4733d5f744f2","timestamp":"2026-05-17 10:23:08"}
{"level":"info","message":"Created client session 2a480420d7d31694dcbca5d4","timestamp":"2026-05-17 10:23:41"}
{"level":"info","message":"Created client session 4634c665d478e5e23ba5772b","timestamp":"2026-05-17 10:33:20"}
{"level":"info","message":"Created client session 3af359cf6dd5f2108ff30b9b","timestamp":"2026-05-17 10:39:39"}
{"level":"info","message":"Created client session b4755c081f0a3509a22f2b15","timestamp":"2026-05-17 10:48:14"}
{"level":"info","message":"Created client session ffdd9848f2a6a68124cb52c9","timestamp":"2026-05-17 10:48:15"}
{"level":"info","message":"Created client session fbb6e3de0535f85a36d5ceda","timestamp":"2026-05-17 11:04:07"}
{"level":"info","message":"Created client session aa80fff725b5b57b5075b6ce","timestamp":"2026-05-17 11:13:03"}
{"level":"info","message":"Created client session e77d33c1d52ccbdabb2f8378","timestamp":"2026-05-17 11:19:25"}
{"level":"info","message":"Created client session 4e32e7702ac4b5dc67e6ab80","timestamp":"2026-05-17 12:03:15"}
{"level":"info","message":"Created client session 98145ee7c88cadc8691bd7cc","timestamp":"2026-05-17 12:03:16"}
{"level":"info","message":"Created client session 2cdf9158186834f5822bb53b","timestamp":"2026-05-17 12:13:08"}
{"level":"info","message":"Created client session 5d9a5c305a984d25bfec2cc3","timestamp":"2026-05-17 12:13:44"}
{"level":"info","message":"Created client session 4978b63edddde2efc7d434af","timestamp":"2026-05-17 12:14:29"}
{"level":"info","message":"Created client session b557bab44167b0e26f810690","timestamp":"2026-05-17 12:50:58"}
{"level":"info","message":"Created client session 824ae3224783662a66b08f97","timestamp":"2026-05-17 13:44:09"}
{"level":"info","message":"Created client session e6c7a3a9be66058af48f58f8","timestamp":"2026-05-17 14:14:40"}
{"level":"info","message":"Created client session 3e8c34efdb583adcd50dba95","timestamp":"2026-05-17 14:22:21"}
{"level":"info","message":"Created client session 1ce216ac58a62641a52d293f","timestamp":"2026-05-17 14:33:39"}
{"level":"info","message":"Created client session 9bd70d6fe0db85c28f1d9938","timestamp":"2026-05-17 14:34:02"}
{"level":"info","message":"Created client session d1c9d28df2961fda7108bf55","timestamp":"2026-05-17 14:50:14"}
{"level":"info","message":"Created client session 2e290374ca38f449475f5916","timestamp":"2026-05-17 14:50:14"}
{"level":"info","message":"Created client session d288be2f048f724ed9b0e9c9","timestamp":"2026-05-17 14:54:06"}
{"level":"info","message":"Created client session e156a16215f4aab80ee2c850","timestamp":"2026-05-17 15:02:50"}
{"level":"info","message":"Created client session 4e873f8bb13331db1396bba6","timestamp":"2026-05-17 15:10:54"}
{"level":"info","message":"Created client session c19820df0596695b2a3d9c55","timestamp":"2026-05-17 15:14:45"}
{"level":"info","message":"Created client session e2403f49da2df937c542bb12","timestamp":"2026-05-17 15:15:30"}
{"level":"info","message":"Created client session ae4a7d0f840688540924a094","timestamp":"2026-05-17 15:24:42"}
{"level":"info","message":"Created client session 8c44ef0f900d1887691bdec9","timestamp":"2026-05-17 16:08:51"}
{"level":"info","message":"Created client session f9f0968a33f59881ede7103e","timestamp":"2026-05-17 16:28:05"}
{"level":"info","message":"Created client session 1eed3f7c66a3ebe1dcaf4857","timestamp":"2026-05-17 16:28:56"}
{"level":"info","message":"Created client session 95b893f2082a0316a9c4cafd","timestamp":"2026-05-17 16:47:22"}
{"ip":"::1","level":"info","message":"User authentication successful for user Gamemaster","session":"95b893f2082a0316a9c4cafd","timestamp":"2026-05-17 16:47:30"}
{"level":"info","message":"Dungeons & Dragons Fifth Edition update 5.3.3 is now available!","timestamp":"2026-05-17 16:47:32"}
{"level":"info","message":"Core software stable update 14.361 is available!","timestamp":"2026-05-17 16:47:32"}
{"level":"info","message":"Vended World data to User [YzL2W1htQr2gHsBA] in 1496ms","timestamp":"2026-05-17 16:47:33"}
{"level":"info","message":"Created client session 4bfbfe5ea90bea92fa730cb5","timestamp":"2026-05-17 17:08:19"}
{"level":"info","message":"Created client session e3f215dced0a263d9ca6cc39","timestamp":"2026-05-17 17:23:12"}
{"level":"info","message":"Created client session 8dffa9797c213d6fda30336e","timestamp":"2026-05-17 17:23:12"}
{"level":"info","message":"Created client session a12c88cbde1c9cc8ea9090d2","timestamp":"2026-05-17 17:23:12"}
{"level":"info","message":"Created client session a69572baefc208df68029b8c","timestamp":"2026-05-17 17:23:12"}
{"level":"info","message":"Created client session 7cb4e49ce5d3c4450ad744d8","timestamp":"2026-05-17 17:23:12"}
{"level":"info","message":"Created client session b00158662db36b13cd5ae161","timestamp":"2026-05-17 17:23:12"}
{"level":"info","message":"Created client session df93f4eddfabea3d13ac241a","timestamp":"2026-05-17 17:23:12"}
{"level":"info","message":"Created client session 2a92945eb64e0b789531350c","timestamp":"2026-05-17 17:23:12"}
{"level":"info","message":"Created client session 656917cf6f785b83560f49cc","timestamp":"2026-05-17 17:23:12"}
{"level":"info","message":"Created client session e2d8b2f62f6f010b245640a9","timestamp":"2026-05-17 17:23:12"}
{"level":"info","message":"Created client session b2e5ca9592a47ba9ca77e2e8","timestamp":"2026-05-17 17:23:12"}
{"level":"info","message":"Created client session f5ecf9f4f64d1a178d636f26","timestamp":"2026-05-17 17:23:12"}
{"level":"info","message":"Created client session 98c5fe611e7c5bc385035151","timestamp":"2026-05-17 17:23:12"}
{"level":"info","message":"Created client session a5d61102303cf536a17549f7","timestamp":"2026-05-17 17:23:12"}
{"level":"info","message":"Created client session 967e125a5fc5975084e5b9a4","timestamp":"2026-05-17 17:23:12"}
{"level":"info","message":"Created client session 05341c5b150f1a9138d6fc10","timestamp":"2026-05-17 17:23:12"}
{"level":"info","message":"Created client session 021abd817da761155454e36b","timestamp":"2026-05-17 17:23:12"}
{"level":"info","message":"Created client session 8913828c412c5eecc71b71b9","timestamp":"2026-05-17 17:23:12"}
{"level":"info","message":"Created client session bdeaa9f2069765e8f2f7fd40","timestamp":"2026-05-17 17:23:12"}
{"level":"info","message":"Created client session 9db1ea60fb894dc78a11c7a8","timestamp":"2026-05-17 17:23:12"}
{"level":"info","message":"Created client session 353d297170c7154d80510ff8","timestamp":"2026-05-17 17:23:12"}
{"level":"info","message":"Created client session 99169d37fd32b6ea7194bcb0","timestamp":"2026-05-17 17:23:12"}
{"level":"info","message":"Created client session ef84205da6e2b1724e55af5a","timestamp":"2026-05-17 17:23:12"}
{"level":"info","message":"Created client session ed7a6f9e713f26225bc482f9","timestamp":"2026-05-17 17:23:12"}
{"level":"info","message":"Created client session c13af3494d0f884950cac372","timestamp":"2026-05-17 17:23:12"}
{"level":"info","message":"Created client session ad658f698f1924c9713b21eb","timestamp":"2026-05-17 17:23:12"}
{"level":"info","message":"Created client session 0638b6b1acef48d92c4f31ee","timestamp":"2026-05-17 17:23:12"}
{"level":"info","message":"Created client session 16b11ed9b5b1fca60dfb334b","timestamp":"2026-05-17 17:23:12"}
{"level":"info","message":"Created client session cfd9ac5b081163270c03e031","timestamp":"2026-05-17 17:23:12"}
{"level":"info","message":"Created client session f907eb2a0e68658ba4d4163c","timestamp":"2026-05-17 17:23:12"}
{"level":"info","message":"Created client session 598b056e0b9d0e26c1a5361b","timestamp":"2026-05-17 17:23:12"}
{"level":"info","message":"Created client session 29662e361798bc579454f1ba","timestamp":"2026-05-17 17:23:12"}
{"level":"info","message":"Created client session 99cd6879a50f3561d7f92e6d","timestamp":"2026-05-17 17:23:12"}
{"level":"info","message":"Created client session 3da48a22f793909df6e957d3","timestamp":"2026-05-17 17:23:12"}
{"level":"info","message":"Created client session 1e6ceb896cb5cd3a102dfed0","timestamp":"2026-05-17 17:23:12"}
{"level":"info","message":"Created client session 180846a7f317fcb9755393a1","timestamp":"2026-05-17 17:23:12"}
{"level":"info","message":"Created client session d077390822dcfd7a218f8501","timestamp":"2026-05-17 17:23:12"}
{"level":"info","message":"Created client session f83a1f9d74988260e08b0d69","timestamp":"2026-05-17 17:23:12"}
{"level":"info","message":"Created client session 29c7596b6ebd0695346e01df","timestamp":"2026-05-17 17:23:12"}
{"level":"info","message":"Created client session 15ed2c6d5da74f810fb30229","timestamp":"2026-05-17 17:23:12"}
{"level":"info","message":"Created client session 80f3bde13b7411f665aff018","timestamp":"2026-05-17 17:23:12"}
{"level":"info","message":"Created client session 7523d56c51b733e9f8a8c96f","timestamp":"2026-05-17 17:23:12"}
{"level":"info","message":"Created client session 0ebb1ea01216a96420a2d77b","timestamp":"2026-05-17 17:23:12"}
{"level":"info","message":"Created client session 80c2f789c27a7c176970de6c","timestamp":"2026-05-17 17:23:12"}
{"level":"info","message":"Created client session e0f03068fd5f21837203aa46","timestamp":"2026-05-17 17:23:12"}
{"level":"info","message":"Created client session 03538c402432db0c689571a5","timestamp":"2026-05-17 17:23:12"}
{"level":"info","message":"Created client session 7e97eb40d3b3f326e083b8c0","timestamp":"2026-05-17 17:23:12"}
{"level":"info","message":"Created client session e5e5be019059f6eb8bb2dfa0","timestamp":"2026-05-17 17:23:12"}
{"level":"info","message":"Created client session 3109f63a3b71d2405099b3e2","timestamp":"2026-05-17 17:23:12"}
{"level":"info","message":"Created client session 1420fce792803a9cc4aa8e32","timestamp":"2026-05-17 17:23:12"}
{"level":"info","message":"Created client session 88c38004a6d0c02507abfb1a","timestamp":"2026-05-17 17:23:12"}
{"level":"info","message":"Created client session c21c2d3eec6fbfe21df4bad9","timestamp":"2026-05-17 17:23:12"}
{"level":"info","message":"Created client session 01343ed08c339a8ce01eb030","timestamp":"2026-05-17 17:23:12"}
{"level":"info","message":"Created client session 91ae7b677af56bacf4501a3e","timestamp":"2026-05-17 17:23:13"}
{"level":"info","message":"Created client session 5a6c981c89aedfeb1ab501d6","timestamp":"2026-05-17 17:23:13"}
{"level":"info","message":"Created client session c828855610386dba340c064a","timestamp":"2026-05-17 17:23:13"}
{"level":"info","message":"Created client session 833de12b82c6a7baf665d44b","timestamp":"2026-05-17 17:23:13"}
{"level":"info","message":"Created client session 14798013573a24f510993a9c","timestamp":"2026-05-17 17:23:13"}
{"level":"info","message":"Created client session c3f7fe06a81627186124b952","timestamp":"2026-05-17 17:23:13"}
{"level":"info","message":"Created client session 6f9fff9aa38ef356d1d1ba1d","timestamp":"2026-05-17 17:23:13"}
{"level":"info","message":"Created client session 73ff8c0024338cbedf6d998b","timestamp":"2026-05-17 17:23:13"}
{"level":"info","message":"Created client session 60b3db9b32c78ac4be9e069d","timestamp":"2026-05-17 17:23:13"}
{"level":"info","message":"Created client session 5a144d0c4b1772c7a08286f7","timestamp":"2026-05-17 17:23:13"}
{"level":"info","message":"Created client session 30679e4af537b1437b6ba582","timestamp":"2026-05-17 17:23:13"}
{"level":"info","message":"Created client session 489b05be6d6e103a8e1c9fac","timestamp":"2026-05-17 17:23:13"}
{"level":"info","message":"Created client session c30a506594e6b692ada1246f","timestamp":"2026-05-17 17:23:13"}
{"level":"info","message":"Created client session c1445a949e00835219d3e5e9","timestamp":"2026-05-17 17:23:13"}
{"level":"info","message":"Created client session 1f9d33ba984c9363eed3b4bb","timestamp":"2026-05-17 17:23:13"}
{"level":"info","message":"Created client session 410d827aeec91ee644737548","timestamp":"2026-05-17 17:23:13"}
{"level":"info","message":"Created client session aea5236c8e82c59af7f1ea85","timestamp":"2026-05-17 17:23:13"}
{"level":"info","message":"Created client session d6fe38bc7ef1bd43188a0916","timestamp":"2026-05-17 17:23:13"}
{"level":"info","message":"Created client session dffdbafca7bab7f3f1638821","timestamp":"2026-05-17 17:23:13"}
{"level":"info","message":"Created client session dcea1023a8f743b38e2ac27d","timestamp":"2026-05-17 17:23:13"}
{"level":"info","message":"Created client session daf83d99626ca75173940b8e","timestamp":"2026-05-17 17:23:13"}
{"level":"info","message":"Created client session 3bfbe1df91d841a4c2e0e67d","timestamp":"2026-05-17 17:23:13"}
{"level":"info","message":"Created client session 4c156c86bf04f13eeeda4911","timestamp":"2026-05-17 17:23:13"}
{"level":"info","message":"Created client session 2ecc92b9ca386b08cf5fea95","timestamp":"2026-05-17 17:23:13"}
{"level":"info","message":"Created client session b61bdc8cdfaf3b5a4f925a22","timestamp":"2026-05-17 17:23:13"}
{"level":"info","message":"Created client session 8328e29c22f0c5fa830ab742","timestamp":"2026-05-17 17:23:13"}
{"level":"info","message":"Created client session 33a4172274c0376797cec084","timestamp":"2026-05-17 17:23:13"}
{"level":"info","message":"Created client session d132571d01f606a659abb34b","timestamp":"2026-05-17 17:23:13"}
{"level":"info","message":"Created client session 856e359020401802ba2128d9","timestamp":"2026-05-17 17:23:13"}
{"level":"info","message":"Created client session ca71eb164c26242ab12ad9dd","timestamp":"2026-05-17 17:23:13"}
{"level":"info","message":"Created client session 81a543b90575f74cd740482d","timestamp":"2026-05-17 17:23:13"}
{"level":"info","message":"Created client session f7e8ab69e2d1001faed00aea","timestamp":"2026-05-17 17:23:13"}
{"level":"info","message":"Created client session 0f03fd1fe345ed81b4211ee0","timestamp":"2026-05-17 17:23:13"}
{"level":"info","message":"Created client session 767aa1adc0aa80006361448e","timestamp":"2026-05-17 17:23:13"}
{"level":"info","message":"Created client session 5ab83e511b51137cdf8b3a9c","timestamp":"2026-05-17 17:23:13"}
{"level":"info","message":"Created client session 9f805b682ff33c14c8665cc1","timestamp":"2026-05-17 17:23:13"}
{"level":"info","message":"Created client session 5d823922801d147fa69a0a17","timestamp":"2026-05-17 17:23:13"}
{"level":"info","message":"Created client session c9422fc03501e3ddea9eedea","timestamp":"2026-05-17 17:23:13"}
{"level":"info","message":"Created client session 9149d1a0eae0072d1ff07dc6","timestamp":"2026-05-17 17:23:13"}
{"level":"info","message":"Created client session 657f15370e4b9e48477e602f","timestamp":"2026-05-17 17:23:13"}
{"level":"info","message":"Created client session 4593d76f5e90e97bc24b5472","timestamp":"2026-05-17 17:23:13"}
{"level":"info","message":"Created client session c15684fbfc02f6342b074b66","timestamp":"2026-05-17 17:23:13"}
{"level":"info","message":"Created client session 97c98e5b0787ee44631e3cb0","timestamp":"2026-05-17 17:23:13"}
{"level":"info","message":"Created client session 14661fbe6d85d70a4f95e388","timestamp":"2026-05-17 17:23:13"}
{"level":"info","message":"Created client session dcca35d6e8d1c2617137a911","timestamp":"2026-05-17 17:23:13"}
{"level":"info","message":"Created client session 1431f1a63fecf500a402e706","timestamp":"2026-05-17 17:23:13"}
{"level":"info","message":"Created client session be730e7d60a50b09c4f2f3bf","timestamp":"2026-05-17 17:23:13"}
{"level":"info","message":"Created client session 767b982d5f95341ba726cc6a","timestamp":"2026-05-17 17:23:13"}
{"level":"info","message":"Created client session c8001784ce3e573595dc4401","timestamp":"2026-05-17 17:23:13"}
{"level":"info","message":"Created client session fede7cbd8d8cdf970515e015","timestamp":"2026-05-17 17:23:13"}
{"level":"info","message":"Created client session 1e945afbe7981c2224ac17aa","timestamp":"2026-05-17 17:23:13"}
{"level":"info","message":"Created client session f88772faf7c63c636f9b38f8","timestamp":"2026-05-17 17:23:13"}
{"level":"info","message":"Created client session 6a355e9f81106dfc1b8d538a","timestamp":"2026-05-17 17:23:13"}
{"level":"info","message":"Created client session 7b1fc0aae2d7b6e9c317d9b0","timestamp":"2026-05-17 17:23:13"}
{"level":"info","message":"Created client session db9deddb7ae16876b1eea598","timestamp":"2026-05-17 17:23:13"}
{"level":"info","message":"Created client session 751674c971782a9efe618371","timestamp":"2026-05-17 17:23:13"}
{"level":"info","message":"Created client session 55d0f7b8b5b0d0fc3f088d4b","timestamp":"2026-05-17 17:23:13"}
{"level":"info","message":"Created client session fc8850823c4857f878b4b545","timestamp":"2026-05-17 17:23:13"}
{"level":"info","message":"Created client session d2e4351724dc88d13d863a82","timestamp":"2026-05-17 17:23:13"}
{"level":"info","message":"Created client session 2cc99f08227f8f9c0428b956","timestamp":"2026-05-17 17:23:13"}
{"level":"info","message":"Created client session 7a0ac64911cd207f478b64c0","timestamp":"2026-05-17 17:23:13"}
{"level":"info","message":"Created client session 1ca132aeca963020acbcffd1","timestamp":"2026-05-17 17:23:14"}
{"level":"info","message":"Created client session a9a86b6cf241b023d1a5a1f2","timestamp":"2026-05-17 17:23:14"}
{"level":"info","message":"Created client session 57ed7d8a4d24d320e0c3d5e1","timestamp":"2026-05-17 17:23:14"}
{"level":"info","message":"Created client session 1fee0ac1cd86000f7f5c00fa","timestamp":"2026-05-17 17:23:14"}
{"level":"info","message":"Created client session 28244ffff2bf2761de4b4ec7","timestamp":"2026-05-17 17:23:14"}
{"level":"info","message":"Created client session d296a07ed952a637ca6cf970","timestamp":"2026-05-17 17:23:14"}
{"level":"info","message":"Created client session d1280d4c61f8dbbec60af42d","timestamp":"2026-05-17 17:23:14"}
{"level":"info","message":"Created client session 59ea77f7896efedbf7208a78","timestamp":"2026-05-17 17:23:14"}
{"level":"info","message":"Created client session 148d50a0cb6f952ba298c37a","timestamp":"2026-05-17 17:23:14"}
{"level":"info","message":"Created client session c00517c231b8c6c3c15e8edf","timestamp":"2026-05-17 17:23:14"}
{"level":"info","message":"Created client session f3ad3c5ca15ba64f933d4a45","timestamp":"2026-05-17 17:23:14"}
{"level":"info","message":"Created client session d86033d0d150082d0de5161f","timestamp":"2026-05-17 17:23:14"}
{"level":"info","message":"Created client session 0a7c97c2d05d1b37456097aa","timestamp":"2026-05-17 17:23:14"}
{"level":"info","message":"Created client session b119a42bef140bc4d0913f51","timestamp":"2026-05-17 17:23:14"}
{"level":"info","message":"Created client session 3e7764d749b657f0e2b0006f","timestamp":"2026-05-17 17:23:14"}
{"level":"info","message":"Created client session 54f7b0e9145e64f7be78a5a2","timestamp":"2026-05-17 17:23:14"}
{"level":"info","message":"Created client session 1e86d00e5aebb35b09c6dce0","timestamp":"2026-05-17 17:23:14"}
{"level":"info","message":"Created client session 5ccad1b8a4a6dad681ad08be","timestamp":"2026-05-17 17:23:14"}
{"level":"info","message":"Created client session b3e27a03436b7925edb7d9d6","timestamp":"2026-05-17 17:23:14"}
{"level":"info","message":"Created client session 5f089d4c1b92c0bdc20af3d1","timestamp":"2026-05-17 17:23:14"}
{"level":"info","message":"Created client session cb81afb3f87d5ddbd9d50497","timestamp":"2026-05-17 17:23:14"}
{"level":"info","message":"Created client session 6a5d6c9f8f9bf7fd97872d45","timestamp":"2026-05-17 17:23:14"}
{"level":"info","message":"Created client session bd0ea28b053894e0cc0d3f86","timestamp":"2026-05-17 17:23:14"}
{"level":"info","message":"Created client session 8bf28ec1759f2b2035c088be","timestamp":"2026-05-17 17:23:14"}
{"level":"info","message":"Created client session 77bd063177ef089bafbdb5ed","timestamp":"2026-05-17 17:23:14"}
{"level":"info","message":"Created client session 3d914214e0d9cd7e64447b4e","timestamp":"2026-05-17 17:23:14"}
{"level":"info","message":"Created client session 8c5c77a4d53c37a86282d67b","timestamp":"2026-05-17 17:23:14"}
{"level":"info","message":"Created client session ba2278d6a396436509051432","timestamp":"2026-05-17 17:23:15"}
{"level":"info","message":"Created client session 0a8b6b898166b26a2e2cdbe6","timestamp":"2026-05-17 17:23:15"}
{"level":"info","message":"Created client session fd0db4acff14208cb74e641d","timestamp":"2026-05-17 17:23:15"}
{"level":"info","message":"Created client session 47b52f7fe599af0e3d620d94","timestamp":"2026-05-17 17:23:15"}
{"level":"info","message":"Created client session 7214db324b8583b04683ae38","timestamp":"2026-05-17 17:23:15"}
{"level":"info","message":"Created client session 4929943cbf382373f8146f14","timestamp":"2026-05-17 17:23:15"}
{"level":"info","message":"Created client session 5aa2ca217663368a9b40d126","timestamp":"2026-05-17 17:23:15"}
{"level":"info","message":"Created client session 30012f9e478fadb7aaff5145","timestamp":"2026-05-17 17:23:15"}
{"level":"info","message":"Created client session 7d11da8e5a690f1cf728e313","timestamp":"2026-05-17 17:23:15"}
{"level":"info","message":"Created client session 09b35c5453bbcfd7f7eada45","timestamp":"2026-05-17 17:23:15"}
{"level":"info","message":"Created client session ce3f084a084074d5a41b4026","timestamp":"2026-05-17 17:23:15"}
{"level":"info","message":"Created client session e6116770d110511e17afb531","timestamp":"2026-05-17 17:23:15"}
{"level":"info","message":"Created client session 8c6105945a959631b56e1aaf","timestamp":"2026-05-17 17:23:15"}
{"level":"info","message":"Created client session 87c827d7d320e93b9df3fbdb","timestamp":"2026-05-17 17:23:15"}
{"level":"info","message":"Created client session 0663f212da45dcdb31b2bc3c","timestamp":"2026-05-17 17:23:15"}
{"level":"info","message":"Created client session df1b1701349bbdcee6abfd59","timestamp":"2026-05-17 17:23:15"}
{"level":"info","message":"Created client session b4f0d630cdfc035472261cea","timestamp":"2026-05-17 17:23:15"}
{"level":"info","message":"Created client session a05f3bdc35f70b6d5445d52a","timestamp":"2026-05-17 17:23:16"}
{"level":"info","message":"Created client session 40788cef595de74c1ed4c71b","timestamp":"2026-05-17 17:23:16"}
{"level":"info","message":"Created client session 2b6181407574056377821a67","timestamp":"2026-05-17 17:23:16"}
{"level":"info","message":"Created client session f4e891c2058d869cb222cdcb","timestamp":"2026-05-17 17:23:16"}
{"level":"info","message":"Created client session e1575898184ff3ff6b8a571c","timestamp":"2026-05-17 17:23:16"}
{"level":"info","message":"Created client session e7f62e67ee9757fb63a3c098","timestamp":"2026-05-17 17:23:16"}
{"level":"info","message":"Created client session 3ede760faf862b47e800840b","timestamp":"2026-05-17 17:23:16"}
{"level":"info","message":"Created client session 698aeaea6ea6e9e25ca23aef","timestamp":"2026-05-17 17:23:16"}
{"level":"info","message":"Created client session 39d070b1f69a63c90218a2be","timestamp":"2026-05-17 17:23:16"}
{"level":"info","message":"Created client session 8f456ed37da11cbb0de82fc4","timestamp":"2026-05-17 17:23:16"}
{"level":"info","message":"Created client session cad149a9cdba8257da6ada2f","timestamp":"2026-05-17 17:23:16"}
{"level":"info","message":"Created client session b02ebab603c5f382793bc690","timestamp":"2026-05-17 17:23:16"}
{"level":"info","message":"Created client session e10f5d6ac6db751cf71d8361","timestamp":"2026-05-17 17:23:16"}
{"level":"info","message":"Created client session cf1ab54fc15a5601ddbe9dc5","timestamp":"2026-05-17 17:23:16"}
{"level":"info","message":"Created client session 7ce496e0bffc08660c4934ec","timestamp":"2026-05-17 17:23:16"}
{"level":"info","message":"Created client session 804363b4a66d9bdcac142c8e","timestamp":"2026-05-17 17:23:17"}
{"level":"info","message":"Created client session 5dacf389ea2e54e20e012dd5","timestamp":"2026-05-17 17:23:17"}
{"level":"info","message":"Created client session bc0ac179f7dda5dda803ea24","timestamp":"2026-05-17 17:23:17"}
{"level":"info","message":"Created client session 0d1cdb073ee2af01a15d967d","timestamp":"2026-05-17 17:23:17"}
{"level":"info","message":"Created client session 73cbe74435729bbbb86606d7","timestamp":"2026-05-17 17:23:17"}
{"level":"info","message":"Created client session 8daf2588f886436bfa78519a","timestamp":"2026-05-17 17:23:17"}
{"level":"info","message":"Created client session 798d0a89a6f0bb20f7f110e4","timestamp":"2026-05-17 17:23:18"}
{"level":"info","message":"Created client session 9bcf20b9a5b6d870cc5b86fa","timestamp":"2026-05-17 17:23:18"}
{"level":"info","message":"Created client session 96ad5c30f1f2757e8f2f14bd","timestamp":"2026-05-17 17:23:18"}
{"level":"info","message":"Created client session 6c308e718d01aba5a6ab7d14","timestamp":"2026-05-17 17:23:18"}
{"level":"info","message":"Created client session 3e6d0e2348b3043f79577a82","timestamp":"2026-05-17 17:23:19"}
{"level":"info","message":"Created client session 907fe78dde1ee0bdd9d82641","timestamp":"2026-05-17 17:23:19"}
{"level":"info","message":"Created client session de1abc0e8c707828b191314f","timestamp":"2026-05-17 17:23:19"}
{"level":"info","message":"Created client session 02e1cb6e5e95816c8c6c574a","timestamp":"2026-05-17 17:23:19"}
{"level":"info","message":"Created client session 37e826ac1e2af8528a6a7d96","timestamp":"2026-05-17 17:23:19"}
{"level":"info","message":"Created client session 0749a5d24ab000dc9740b699","timestamp":"2026-05-17 17:23:19"}
{"level":"info","message":"Created client session bb2b5cc49db78d249c4c4d1c","timestamp":"2026-05-17 17:23:19"}
{"level":"info","message":"Created client session a74b19d865e32163ecd8e5fb","timestamp":"2026-05-17 17:23:20"}
{"level":"info","message":"Created client session 252610655d6c24a87b529466","timestamp":"2026-05-17 17:23:20"}
{"level":"info","message":"Created client session 9a12677575290253831c6b72","timestamp":"2026-05-17 17:23:21"}
{"level":"info","message":"Created client session 5a33dde05a553d714646f8ae","timestamp":"2026-05-17 17:23:21"}
{"level":"info","message":"Created client session eb0712ab0388ea7e8702b413","timestamp":"2026-05-17 17:23:21"}
{"level":"info","message":"Created client session 66ccc793627b237ab90e8081","timestamp":"2026-05-17 17:23:21"}
{"level":"info","message":"Created client session e290063adea3b469ceb6c3a7","timestamp":"2026-05-17 17:23:21"}
{"level":"info","message":"Created client session d4736665af2a1db0aa7addad","timestamp":"2026-05-17 17:23:22"}
{"level":"info","message":"Created client session 3d15a84959246c9181f76256","timestamp":"2026-05-17 17:23:22"}
{"level":"info","message":"Created client session 71b9377179f1b547660004b2","timestamp":"2026-05-17 17:23:22"}
{"level":"info","message":"Created client session 2a086e12b5f6ac26979bdd2d","timestamp":"2026-05-17 17:23:22"}
{"level":"info","message":"Created client session b1b14f7db9e587b1d590b262","timestamp":"2026-05-17 17:23:22"}
{"level":"info","message":"Created client session fcc82a0cc72cbf0fdaa5397c","timestamp":"2026-05-17 17:23:23"}
{"level":"info","message":"Created client session b852cd3969f0ebd4438a7c34","timestamp":"2026-05-17 17:23:23"}
{"level":"info","message":"Created client session 22b423079614f9cf60d7543d","timestamp":"2026-05-17 17:23:23"}
{"level":"info","message":"Created client session 22fd947fb6fbfd46b015b7bf","timestamp":"2026-05-17 17:23:24"}
{"level":"info","message":"Created client session dcb3a7ec369f3ab7ff9cd484","timestamp":"2026-05-17 17:23:24"}
{"level":"info","message":"Created client session 5ed4e42214ff6575e6c7d5af","timestamp":"2026-05-17 17:23:24"}
{"level":"info","message":"Created client session d77fb62339f908a2b4a502e8","timestamp":"2026-05-17 17:23:24"}
{"level":"info","message":"Created client session 14cbc73b975cff848626a00a","timestamp":"2026-05-17 17:23:24"}
{"level":"info","message":"Created client session e39227b37cda7baf2566b300","timestamp":"2026-05-17 17:23:24"}
{"level":"info","message":"Created client session 2f29705feb98fc6f7d1735e4","timestamp":"2026-05-17 17:23:25"}
{"level":"info","message":"Created client session 1e323dbb20217276dd3a35c4","timestamp":"2026-05-17 17:23:25"}
{"level":"info","message":"Created client session 200a9c14b372f4f3caae8c33","timestamp":"2026-05-17 17:23:25"}
{"level":"info","message":"Created client session a02a1dfd537438e0f63e2a63","timestamp":"2026-05-17 17:23:25"}
{"level":"info","message":"Created client session 6fb522ecc66c5a7639b8a58a","timestamp":"2026-05-17 17:23:26"}
{"level":"info","message":"Created client session c474771745ff5997de0ca7c5","timestamp":"2026-05-17 17:23:26"}
{"level":"info","message":"Created Scene with id [t5xjgozQiEWk5aDN]","timestamp":"2026-05-17 17:29:13"}
{"level":"info","message":"full-berez-map-hex-crawl-40x40-v0-v09ncl60os271.webp saved to Chapters/10. Die Ruinen von Beres/Maps","timestamp":"2026-05-17 17:32:47"}
{"level":"info","message":"Persisted base64 image to \"/home/foundry/data/Data/worlds/cos/assets/scenes/thumb-KyfPp-43cJKMKBbnC7aEFQ.webp\"","timestamp":"2026-05-17 17:33:08"}
{"level":"info","message":"Created Token with id [l9P7tguhkgnblOCL] in parent Scene [t5xjgozQiEWk5aDN]","timestamp":"2026-05-17 17:35:11"}
{"level":"info","message":"Created FogExploration with id [TFMKrCyAJseC2uDT]","timestamp":"2026-05-17 17:35:19"}
{"level":"info","message":"Created Folder with id [O3tpNHEiLXeQVJi4]","timestamp":"2026-05-17 17:38:06"}
{"level":"info","message":"Created JournalEntry with id [DGfjvIgrrKtWUP7J]","timestamp":"2026-05-17 17:38:58"}
{"level":"info","message":"Created JournalEntry with id [pvj1i6lt1v1F6z6Q]","timestamp":"2026-05-17 17:39:12"}
{"level":"info","message":"Created JournalEntryPage with id [mPbIWRPWcbTVsnsG] in parent JournalEntry [pvj1i6lt1v1F6z6Q]","timestamp":"2026-05-17 17:39:19"}
{"level":"debug","message":"Starting edit session for user 'YzL2W1htQr2gHsBA' and instance 'JournalEntry.pvj1i6lt1v1F6z6Q.JournalEntryPage.mPbIWRPWcbTVsnsG#text.content'.","timestamp":"2026-05-17 17:39:19"}
{"level":"debug","message":"Retiring user 'YzL2W1htQr2gHsBA' from editing session for instance 'JournalEntry.pvj1i6lt1v1F6z6Q.JournalEntryPage.mPbIWRPWcbTVsnsG#text.content'.","timestamp":"2026-05-17 17:39:50"}
{"level":"debug","message":"Instance 'JournalEntry.pvj1i6lt1v1F6z6Q.JournalEntryPage.mPbIWRPWcbTVsnsG#text.content' has no more active editors, cleaning up.","timestamp":"2026-05-17 17:39:50"}
{"level":"debug","message":"Starting edit session for user 'YzL2W1htQr2gHsBA' and instance 'JournalEntry.pvj1i6lt1v1F6z6Q.JournalEntryPage.mPbIWRPWcbTVsnsG#text.content'.","timestamp":"2026-05-17 17:46:30"}
{"level":"debug","message":"Broadcasting autosave update for instance 'JournalEntry.pvj1i6lt1v1F6z6Q.JournalEntryPage.mPbIWRPWcbTVsnsG#text.content'.","timestamp":"2026-05-17 17:47:30"}
{"level":"debug","message":"Broadcasting autosave update for instance 'JournalEntry.pvj1i6lt1v1F6z6Q.JournalEntryPage.mPbIWRPWcbTVsnsG#text.content'.","timestamp":"2026-05-17 17:48:30"}
{"level":"debug","message":"Broadcasting autosave update for instance 'JournalEntry.pvj1i6lt1v1F6z6Q.JournalEntryPage.mPbIWRPWcbTVsnsG#text.content'.","timestamp":"2026-05-17 17:50:30"}
{"level":"debug","message":"Broadcasting autosave update for instance 'JournalEntry.pvj1i6lt1v1F6z6Q.JournalEntryPage.mPbIWRPWcbTVsnsG#text.content'.","timestamp":"2026-05-17 17:53:30"}
{"level":"info","message":"Created client session 795186be92f4089928a91758","timestamp":"2026-05-17 17:54:27"}
{"level":"debug","message":"Retiring user 'YzL2W1htQr2gHsBA' from editing session for instance 'JournalEntry.pvj1i6lt1v1F6z6Q.JournalEntryPage.mPbIWRPWcbTVsnsG#text.content'.","timestamp":"2026-05-17 17:55:57"}
{"level":"debug","message":"Instance 'JournalEntry.pvj1i6lt1v1F6z6Q.JournalEntryPage.mPbIWRPWcbTVsnsG#text.content' has no more active editors, cleaning up.","timestamp":"2026-05-17 17:55:57"}
{"level":"info","message":"Created Actor with id [hab7uzcn7A8tbzQD]","timestamp":"2026-05-17 17:56:16"}
{"level":"info","message":"Deleted Token with id [l9P7tguhkgnblOCL] in parent Scene [t5xjgozQiEWk5aDN]","timestamp":"2026-05-17 17:56:51"}
{"level":"info","message":"Created Token with id [pqq1PSLPhdgypZTd] in parent Scene [t5xjgozQiEWk5aDN]","timestamp":"2026-05-17 17:57:04"}
{"level":"info","message":"Created client session 26443ce0e34cfa5c97398ac9","timestamp":"2026-05-17 17:57:35"}
{"level":"info","message":"Created client session fbf586afcd0f99bd4d34ad2c","timestamp":"2026-05-17 17:57:35"}
{"level":"info","message":"Reset 1 FogExploration documents for Scene t5xjgozQiEWk5aDN","timestamp":"2026-05-17 17:58:48"}
{"level":"info","message":"Created FogExploration with id [5155GNxjfhoaNT0i]","timestamp":"2026-05-17 17:59:05"}
{"level":"info","message":"Created client session 1f0d2925843f2f960c4db3eb","timestamp":"2026-05-17 18:22:38"}
{"level":"info","message":"Created client session 466abe399e5d7d26adf1c7db","timestamp":"2026-05-17 18:45:17"}
{"level":"info","message":"Created client session 9272567f34dac3f228c034f6","timestamp":"2026-05-17 18:52:07"}
{"level":"info","message":"Created client session f1b7f38eb8655760481bcd3e","timestamp":"2026-05-17 18:52:07"}
{"level":"info","message":"Created client session 021c4ed802a4906012b56ff3","timestamp":"2026-05-17 18:58:15"}
{"level":"info","message":"Created client session ffc857e90c1eb223177c9ede","timestamp":"2026-05-17 19:07:09"}
{"level":"info","message":"Created client session 3eb2d0fa00456714e27fb6a9","timestamp":"2026-05-17 19:09:16"}
{"level":"info","message":"Created client session 056cdb893a500c36fcd9a5a0","timestamp":"2026-05-17 19:11:45"}
{"level":"info","message":"Created client session 3c27e49656bf887f696e103d","timestamp":"2026-05-17 19:15:18"}
{"level":"info","message":"Created client session e3c6c445f676f464fabc4f0b","timestamp":"2026-05-17 19:19:21"}
{"level":"info","message":"Created client session 26777251f807557698b09aea","timestamp":"2026-05-17 19:26:56"}
{"level":"info","message":"Created client session 18fd67f439a6526d56c21542","timestamp":"2026-05-17 19:39:37"}
{"level":"info","message":"Created client session 34f949ea290933849ecb1fb4","timestamp":"2026-05-17 19:44:33"}
{"level":"info","message":"Created client session 6ffb95108a8861513dc9e6ec","timestamp":"2026-05-17 20:00:29"}
{"level":"info","message":"Created client session 2cc855af18f973baefbc7f24","timestamp":"2026-05-17 20:16:39"}
{"level":"info","message":"Created client session 95da2812e5b393ec3d871031","timestamp":"2026-05-17 20:29:12"}
{"level":"info","message":"Created client session 7ee511c089bb07bedf507102","timestamp":"2026-05-17 20:42:44"}
{"level":"info","message":"Created client session f1d3a11935be8962872079cf","timestamp":"2026-05-17 20:46:02"}
{"level":"info","message":"Created client session d0edf5903b7ffc79f2bdec40","timestamp":"2026-05-17 20:48:32"}
{"level":"info","message":"Created client session 3dc9692081f9a2e448109dc9","timestamp":"2026-05-17 20:57:10"}
{"level":"info","message":"Created client session 26e317fc2fca58a01975faa1","timestamp":"2026-05-17 21:02:42"}
{"level":"info","message":"Created client session be4fa9ab0aad5dc5298a6680","timestamp":"2026-05-17 21:21:25"}
{"level":"info","message":"Created client session 3e6a7b61aa133196d4dfb02b","timestamp":"2026-05-17 21:45:16"}
{"level":"info","message":"Created client session 77ab338caf4b5fc31bd68a9d","timestamp":"2026-05-17 21:46:42"}
{"level":"info","message":"Created client session d31e05111946651d90e857e2","timestamp":"2026-05-17 21:46:53"}
{"level":"info","message":"Created client session 56cb8be283a5959533ad2556","timestamp":"2026-05-17 21:50:03"}
{"level":"info","message":"Created client session 5aa9d34695afe27362d8539f","timestamp":"2026-05-17 21:58:44"}
{"level":"info","message":"Created client session 641fab75b94495a970d88b8f","timestamp":"2026-05-17 22:14:55"}
{"level":"info","message":"Created client session c57691739cacc3c6e497e8af","timestamp":"2026-05-17 22:17:53"}
{"level":"info","message":"Created client session b06a9071efcf4a4a4192893a","timestamp":"2026-05-17 22:36:49"}
{"level":"info","message":"Created client session 3e47c65358c4d807bd20b900","timestamp":"2026-05-17 22:38:23"}
{"level":"info","message":"Created client session 553f8f47c0c77a7a7719b902","timestamp":"2026-05-17 22:38:57"}
{"level":"info","message":"Created client session be5ba27c8f4844f950ccf5b4","timestamp":"2026-05-17 22:55:09"}
{"level":"info","message":"Created client session 8e2f20d72d07753be03d8048","timestamp":"2026-05-17 23:06:16"}
{"level":"info","message":"Created client session c0aa111992a71712d1417d10","timestamp":"2026-05-17 23:18:07"}
{"level":"info","message":"Created client session 0ab89726f3345226daebe041","timestamp":"2026-05-17 23:18:08"}
{"level":"info","message":"Created client session 1640c77a77f2a43f7a640ddb","timestamp":"2026-05-17 23:18:08"}
{"level":"info","message":"Created client session 7b12998d92c23bae10874b0e","timestamp":"2026-05-17 23:18:09"}
{"level":"info","message":"Created client session d8c6a5c48479bc9b0091e791","timestamp":"2026-05-17 23:18:09"}
{"level":"info","message":"Created client session e17f60616d0bc97a07297c05","timestamp":"2026-05-17 23:18:10"}
{"level":"info","message":"Created client session 99ea45a71929c776794d8988","timestamp":"2026-05-17 23:18:11"}
{"level":"info","message":"Created client session c5a9de5a8fe44800d75db927","timestamp":"2026-05-17 23:18:11"}
{"level":"info","message":"Created client session 56f492d4809cf6b50c0a8ef1","timestamp":"2026-05-17 23:18:12"}
{"level":"info","message":"Created client session b804900e92d42829a0830a30","timestamp":"2026-05-17 23:18:13"}
{"level":"info","message":"Created client session d3babca31b9d5002fad4994f","timestamp":"2026-05-17 23:18:13"}
{"level":"info","message":"Created client session d731d75d8e668d183d08c496","timestamp":"2026-05-17 23:18:14"}
{"level":"info","message":"Created client session 49ed556454db6fbcaa9c5816","timestamp":"2026-05-17 23:18:15"}
{"level":"info","message":"Created client session 82bd968746543cc434f8e5a9","timestamp":"2026-05-17 23:18:15"}
{"level":"info","message":"Created client session b065f5e3835cad9b98f98d06","timestamp":"2026-05-17 23:18:16"}
{"level":"info","message":"Created client session cb3ff06dbcd2c22e70ad2c5a","timestamp":"2026-05-17 23:18:17"}
{"level":"info","message":"Created client session 72497f9000ae407835c376f9","timestamp":"2026-05-17 23:18:17"}
{"level":"info","message":"Created client session b5897809f9d0fdda8782eed2","timestamp":"2026-05-17 23:18:18"}
{"level":"info","message":"Created client session 2c2365a3654597c138d86b87","timestamp":"2026-05-17 23:18:18"}
{"level":"info","message":"Created client session 825ac33882f1dc146c590d23","timestamp":"2026-05-17 23:18:19"}
{"level":"info","message":"Created client session e4cd4773f93e877e5d01176b","timestamp":"2026-05-17 23:18:20"}
{"level":"info","message":"Created client session 8ea56cc24d36aa515c4d8a6b","timestamp":"2026-05-17 23:18:20"}
{"level":"info","message":"Created client session 013d2cfd9b0f20b99762ebe9","timestamp":"2026-05-17 23:18:21"}
{"level":"info","message":"Created client session f0c014ff0870abfd41d91400","timestamp":"2026-05-17 23:18:22"}
{"level":"info","message":"Created client session a0a28b80ce3cd82baafefd2b","timestamp":"2026-05-17 23:18:22"}
{"level":"info","message":"Created client session 6cbce98d9d5f44b28f1ea456","timestamp":"2026-05-17 23:18:23"}
{"level":"info","message":"Created client session 61e99f4815b441db6db31165","timestamp":"2026-05-17 23:18:23"}
{"level":"info","message":"Created client session 788c8d45740654059a02e7ab","timestamp":"2026-05-17 23:18:24"}
{"level":"info","message":"Created client session 513d7bde54787b5639e90ad7","timestamp":"2026-05-17 23:18:25"}
{"level":"info","message":"Created client session 09632aa6780b0d040bd1cf4a","timestamp":"2026-05-17 23:18:25"}
{"level":"info","message":"Created client session 86f3337dcb3ed11c46f939ee","timestamp":"2026-05-17 23:18:26"}
{"level":"info","message":"Created client session dd8307efbe5fe965210e93d8","timestamp":"2026-05-17 23:18:27"}
{"level":"info","message":"Created client session 40bf553583751fca09be5dc4","timestamp":"2026-05-17 23:18:28"}
{"level":"info","message":"Created client session bdb77d5a5df7b2254b4f743b","timestamp":"2026-05-17 23:18:29"}
{"level":"info","message":"Created client session 9423b6a2ec429bbbd8d332e6","timestamp":"2026-05-17 23:18:29"}
{"level":"info","message":"Created client session 32928e12f162da25c14173bc","timestamp":"2026-05-17 23:18:30"}
{"level":"info","message":"Created client session 2835033d0c676ba13833388a","timestamp":"2026-05-17 23:18:30"}
{"level":"info","message":"Created client session 3ebad3f36dbb42205aafbe7a","timestamp":"2026-05-17 23:18:31"}
{"level":"info","message":"Created client session a1f5326bb8adf695e8158909","timestamp":"2026-05-17 23:18:31"}
{"level":"info","message":"Created client session 41e5c15983cd1fc22664041e","timestamp":"2026-05-17 23:18:32"}
{"level":"info","message":"Created client session 6ce8686b56873d7d1c97f244","timestamp":"2026-05-17 23:18:33"}
{"level":"info","message":"Created client session 0d411c75c1dc9a3eed1c4cd4","timestamp":"2026-05-17 23:18:33"}
{"level":"info","message":"Created client session 74efe2ff8878f3f6ff8695cf","timestamp":"2026-05-17 23:18:34"}
{"level":"info","message":"Created client session 87e51c17e2712a38a8ddcd03","timestamp":"2026-05-17 23:18:35"}
{"level":"info","message":"Created client session b508251b109d46cac7ffb6e1","timestamp":"2026-05-17 23:19:54"}
{"level":"info","message":"Created client session 6c287becc0b1eec7d234d248","timestamp":"2026-05-17 23:24:21"}
{"level":"info","message":"Created client session ad7b1da3b207da12b32a2991","timestamp":"2026-05-17 23:39:17"}
{"level":"info","message":"Created client session 291574e0b107feb5f2ae9f03","timestamp":"2026-05-17 23:45:37"}
{"level":"info","message":"Created client session 03b0a9cc07c492360feb1cf0","timestamp":"2026-05-17 23:47:28"}
{"level":"info","message":"Created client session e89bba6d515d5fefee357954","timestamp":"2026-05-17 23:47:28"}
