{"level":"info","message":"Created client session d14040a3edb9fbc0811caf8f","timestamp":"2026-05-08 00:00:54"}
{"level":"info","message":"Created client session 37ac62ec680c40ff1bf1beec","timestamp":"2026-05-08 00:00:56"}
{"level":"info","message":"Created client session c9c2adac8c11dcefdb69fa56","timestamp":"2026-05-08 00:00:57"}
{"level":"info","message":"Created client session 08d78703e0b5a88236af899a","timestamp":"2026-05-08 00:10:52"}
{"level":"info","message":"Created client session c66983bbc0acde9735988a63","timestamp":"2026-05-08 00:17:09"}
{"level":"info","message":"Created client session 31d0ef776407bae0e7c3185a","timestamp":"2026-05-08 00:17:09"}
{"level":"info","message":"Created client session e61e5928d98f3ea763c2cdb3","timestamp":"2026-05-08 00:17:19"}
{"level":"info","message":"Created client session 88c9b3ed652a5e7c5bd075b2","timestamp":"2026-05-08 00:27:53"}
{"level":"info","message":"Created client session 264c7faf97b0311077715e9d","timestamp":"2026-05-08 00:27:54"}
{"level":"info","message":"Created client session 3b7c7d9ed83920e7e667149c","timestamp":"2026-05-08 00:27:55"}
{"level":"info","message":"Created client session 13b221e4e3ddbf0e85adb194","timestamp":"2026-05-08 00:27:57"}
{"level":"info","message":"Created client session e1aa84840184270b1c205821","timestamp":"2026-05-08 00:27:57"}
{"level":"info","message":"Created client session 590ffd89709cd73cf13e5321","timestamp":"2026-05-08 00:27:58"}
{"level":"info","message":"Created client session 99acaf0c6a32dc8fd1b68b41","timestamp":"2026-05-08 00:27:58"}
{"level":"info","message":"Created client session fa93282ef46b7d82d8c8c424","timestamp":"2026-05-08 00:27:59"}
{"level":"info","message":"Created client session 03263a286237fd161cb00f25","timestamp":"2026-05-08 00:28:00"}
{"level":"info","message":"Created client session a32a0162cb90acfe8d8dcbb4","timestamp":"2026-05-08 00:28:01"}
{"level":"info","message":"Created client session 42f26be3d7828a3422c874bc","timestamp":"2026-05-08 00:28:01"}
{"level":"info","message":"Created client session 10fe4e200e1044f335d5e406","timestamp":"2026-05-08 00:28:02"}
{"level":"info","message":"Created client session 3c1e60a6b9a58d9707cbc3e9","timestamp":"2026-05-08 00:28:02"}
{"level":"info","message":"Created client session 3ecafce981938915cafc9aeb","timestamp":"2026-05-08 00:28:03"}
{"level":"info","message":"Created client session d7606e8f642e7e3cd8e12edc","timestamp":"2026-05-08 00:28:05"}
{"level":"info","message":"Created client session e5bf7774defe4c6273a7662a","timestamp":"2026-05-08 00:28:06"}
{"level":"info","message":"Created client session df4b4a214fb7ef717ff3a37f","timestamp":"2026-05-08 00:28:07"}
{"level":"info","message":"Created client session 4bfd4e79d1ffed1c5ebdcfca","timestamp":"2026-05-08 00:28:07"}
{"level":"info","message":"Created client session 8da0cf4e5457830d3ebc9a56","timestamp":"2026-05-08 00:28:08"}
{"level":"info","message":"Created client session 5924c0934d835f51ddfe9c6e","timestamp":"2026-05-08 00:28:08"}
{"level":"info","message":"Created client session 528905272e7a4809cd0227a6","timestamp":"2026-05-08 00:28:08"}
{"level":"info","message":"Created client session d803fe107f04eba9455daf3c","timestamp":"2026-05-08 00:28:12"}
{"level":"info","message":"Created client session d2e244b1d2a554a08d6d14d5","timestamp":"2026-05-08 01:00:02"}
{"level":"info","message":"Created client session 898bf8c828d0c61ffd4a1898","timestamp":"2026-05-08 01:02:51"}
{"level":"info","message":"Created client session b5142504f3b88dc7a89f9830","timestamp":"2026-05-08 01:28:37"}
{"level":"info","message":"Created client session 77b841b60125736c534afe2d","timestamp":"2026-05-08 01:34:03"}
{"level":"info","message":"Created client session 43d2b42c0a672df4284cae48","timestamp":"2026-05-08 01:40:38"}
{"level":"info","message":"Created client session 9f2132422002e151449bbcab","timestamp":"2026-05-08 01:51:58"}
{"level":"info","message":"Created client session 8c2c22fa78fc965c3bbc009c","timestamp":"2026-05-08 02:31:38"}
{"level":"info","message":"Created client session 3280de0cf33f438a1d8749b1","timestamp":"2026-05-08 02:31:38"}
{"level":"info","message":"Created client session 0a8a1372ee138384aff56da4","timestamp":"2026-05-08 03:03:31"}
{"level":"info","message":"Created client session 2271e5f116e05c37774786c6","timestamp":"2026-05-08 03:03:58"}
{"level":"info","message":"Created client session 06bac3c34be6f7b95cd5e8ff","timestamp":"2026-05-08 03:23:15"}
{"level":"info","message":"Created client session f0e378604493f4ea060c53b9","timestamp":"2026-05-08 03:26:37"}
{"level":"info","message":"Created client session 0b169be2c1462930847d2d7b","timestamp":"2026-05-08 03:28:21"}
{"level":"info","message":"Created client session 925a8ea010b51e4dcc2a30e4","timestamp":"2026-05-08 03:37:40"}
{"level":"info","message":"Created client session ac7671e144181ae3ac335203","timestamp":"2026-05-08 04:11:55"}
{"level":"info","message":"Created client session 8a987d72a0b597e1a5a9bf58","timestamp":"2026-05-08 04:12:02"}
{"level":"info","message":"Created client session 3c93d6e399b07b309913531b","timestamp":"2026-05-08 04:37:23"}
{"level":"info","message":"Created client session 30f10de1e19a58927bff14b9","timestamp":"2026-05-08 04:40:27"}
{"level":"info","message":"Created client session d39889c7d07e09732079be8e","timestamp":"2026-05-08 04:40:56"}
{"level":"info","message":"Created client session 41b1a5ae2160031df5bf752d","timestamp":"2026-05-08 05:00:41"}
{"level":"info","message":"Created client session 1b51f0736e417b23f1b2e979","timestamp":"2026-05-08 05:15:00"}
{"level":"info","message":"Created client session 3204f99faaa9de0677f52e01","timestamp":"2026-05-08 05:19:23"}
{"level":"info","message":"Created client session fbed577a26772d25ad71b38e","timestamp":"2026-05-08 05:46:57"}
{"level":"info","message":"Created client session 769e23b08a7d5ebe64005184","timestamp":"2026-05-08 06:06:23"}
{"level":"info","message":"Created client session 3593acb5330edbc91ca0a153","timestamp":"2026-05-08 06:17:40"}
{"level":"info","message":"Created client session e1ec91c3abb632f22dccc1a9","timestamp":"2026-05-08 06:36:28"}
{"level":"info","message":"Created client session 9bdd853dc976c33904213b13","timestamp":"2026-05-08 06:42:30"}
{"level":"info","message":"Created client session b6f5b17069ed9c55fe9c89be","timestamp":"2026-05-08 06:54:19"}
{"level":"info","message":"Created client session 3f952439b61c8a1b8535fc05","timestamp":"2026-05-08 07:59:03"}
{"level":"info","message":"Created client session 878b45b917fea4ef5e76a070","timestamp":"2026-05-08 08:00:04"}
{"level":"info","message":"Created client session 77d3c082a1375a1f032c1c76","timestamp":"2026-05-08 08:01:13"}
{"level":"info","message":"Created client session 9c215f1a70e14317803d04a1","timestamp":"2026-05-08 08:01:13"}
{"level":"info","message":"Created client session 71b90797a5896d98cb93baa1","timestamp":"2026-05-08 08:01:13"}
{"level":"info","message":"Created client session a2b6aa1efe4b4ebaffb2b88e","timestamp":"2026-05-08 08:01:13"}
{"level":"info","message":"Created client session 7dcd025876ce727be25a14c8","timestamp":"2026-05-08 08:01:13"}
{"level":"info","message":"Created client session 56850e7f18695d4a0d00e122","timestamp":"2026-05-08 08:01:13"}
{"level":"info","message":"Created client session 8d96ac159d58152cf268b406","timestamp":"2026-05-08 08:01:13"}
{"level":"info","message":"Created client session 3406e879e1f154ff9135935a","timestamp":"2026-05-08 08:01:13"}
{"level":"info","message":"Created client session 8d8dc36a51cec9ed5262af83","timestamp":"2026-05-08 08:01:13"}
{"level":"info","message":"Created client session 4859a6e79ec092f9fb043f57","timestamp":"2026-05-08 08:01:13"}
{"level":"info","message":"Created client session 7a049ed38b5c6f3c91bdc2ca","timestamp":"2026-05-08 08:01:13"}
{"level":"info","message":"Created client session 7df068bdbe6bd53d227457f5","timestamp":"2026-05-08 08:01:13"}
{"level":"info","message":"Created client session 8ae889d283d8b7bdc269c8e1","timestamp":"2026-05-08 08:01:13"}
{"level":"info","message":"Created client session c79750c2c5f433140d320c5f","timestamp":"2026-05-08 08:01:13"}
{"level":"info","message":"Created client session d8dd8a8e68572c911420a672","timestamp":"2026-05-08 08:01:13"}
{"level":"info","message":"Created client session 470f6b8221fd6ceb16ebb5ea","timestamp":"2026-05-08 08:01:13"}
{"level":"info","message":"Created client session 3f0c16aac5fe2044039ba441","timestamp":"2026-05-08 08:01:13"}
{"level":"info","message":"Created client session ea58b1aa204dd3d4a16ca9fe","timestamp":"2026-05-08 08:01:14"}
{"level":"info","message":"Created client session b8d8353a1ffe53530d738bda","timestamp":"2026-05-08 08:01:14"}
{"level":"info","message":"Created client session 0c0dcab58218750cf262c9f2","timestamp":"2026-05-08 08:01:14"}
{"level":"info","message":"Created client session 5633ab92b0f042c1e3ec538d","timestamp":"2026-05-08 08:01:14"}
{"level":"info","message":"Created client session 673b0feb41cdbb8784c49441","timestamp":"2026-05-08 08:01:14"}
{"level":"info","message":"Created client session 40c444beff234915c04761cf","timestamp":"2026-05-08 08:01:14"}
{"level":"info","message":"Created client session 246d7a1dd231a4d730aacc3d","timestamp":"2026-05-08 08:01:14"}
{"level":"info","message":"Created client session b8fbda5efd3505baf33e9b0e","timestamp":"2026-05-08 08:01:14"}
{"level":"info","message":"Created client session cd6f96774439b3a265b0d652","timestamp":"2026-05-08 08:01:14"}
{"level":"info","message":"Created client session eb1eb8e0f47f19f731ce89f3","timestamp":"2026-05-08 08:01:14"}
{"level":"info","message":"Created client session 3db9c4803755bbcc7aa125c1","timestamp":"2026-05-08 08:01:14"}
{"level":"info","message":"Created client session 04a8169d285a48796c851623","timestamp":"2026-05-08 08:01:14"}
{"level":"info","message":"Created client session 5e3e4ca8db4e8c08511b5900","timestamp":"2026-05-08 08:01:14"}
{"level":"info","message":"Created client session 0092b65cece2d1050a9b1167","timestamp":"2026-05-08 08:01:14"}
{"level":"info","message":"Created client session d1a905f5656b5854a93a87ed","timestamp":"2026-05-08 08:01:14"}
{"level":"info","message":"Created client session f5b3cff0c59357baa58799f9","timestamp":"2026-05-08 08:01:14"}
{"level":"info","message":"Created client session 999caf12988229261f6fec9e","timestamp":"2026-05-08 08:01:14"}
{"level":"info","message":"Created client session f974193139d379162fbd4eeb","timestamp":"2026-05-08 08:01:14"}
{"level":"info","message":"Created client session 005505f8d8a117452544f966","timestamp":"2026-05-08 08:01:14"}
{"level":"info","message":"Created client session 893f27ec99ac1dad49aa6502","timestamp":"2026-05-08 08:01:14"}
{"level":"info","message":"Created client session b0ed108e977bde1b30bd15a4","timestamp":"2026-05-08 08:01:14"}
{"level":"info","message":"Created client session 73bf7971e68050917876ecee","timestamp":"2026-05-08 08:01:14"}
{"level":"info","message":"Created client session b06d6c6e32b4135c90e2153c","timestamp":"2026-05-08 08:01:14"}
{"level":"info","message":"Created client session f8d4aa39fd98fc5c24823857","timestamp":"2026-05-08 08:01:15"}
{"level":"info","message":"Created client session 1b6affa1b910f3dfeb1cf49f","timestamp":"2026-05-08 08:01:15"}
{"level":"info","message":"Created client session f7ab2127ede1825980c089fa","timestamp":"2026-05-08 08:01:15"}
{"level":"info","message":"Created client session 23bf16ee469a1376fccb3fa9","timestamp":"2026-05-08 08:01:15"}
{"level":"info","message":"Created client session 5dea8575a4aa2c55979c779d","timestamp":"2026-05-08 08:01:15"}
{"level":"info","message":"Created client session 6b0ca4d7be9c103f9f8bc268","timestamp":"2026-05-08 08:01:15"}
{"level":"info","message":"Created client session 48be3d3dd6fed01eb5800426","timestamp":"2026-05-08 08:01:15"}
{"level":"info","message":"Created client session 2a8bf99a2768505745cab715","timestamp":"2026-05-08 08:01:15"}
{"level":"info","message":"Created client session 453f055e0132359e0817e9f0","timestamp":"2026-05-08 08:01:15"}
{"level":"info","message":"Created client session 5cdb43ed7459a6bb54e2b2a8","timestamp":"2026-05-08 08:01:15"}
{"level":"info","message":"Created client session 33243488a205ff6254535e84","timestamp":"2026-05-08 08:01:15"}
{"level":"info","message":"Created client session fef6eb4121abf5d4bd6f3e8a","timestamp":"2026-05-08 08:01:15"}
{"level":"info","message":"Created client session 2c1f9570c621e966403e7fe3","timestamp":"2026-05-08 08:01:15"}
{"level":"info","message":"Created client session 96410ec281b15cfa87ddb265","timestamp":"2026-05-08 08:01:15"}
{"level":"info","message":"Created client session ccfc5423b54bc3cd7f4417f1","timestamp":"2026-05-08 08:01:15"}
{"level":"info","message":"Created client session 9e82b09a2b48de45fb235f2f","timestamp":"2026-05-08 08:01:15"}
{"level":"info","message":"Created client session 087de4a50d447ab28ae8f376","timestamp":"2026-05-08 08:01:15"}
{"level":"info","message":"Created client session db831cdba59727e9a03c1ec9","timestamp":"2026-05-08 08:01:15"}
{"level":"info","message":"Created client session 9467150c07fa7d1ceee29a8f","timestamp":"2026-05-08 08:01:15"}
{"level":"info","message":"Created client session 62721ef8cd93cc4ab0f72518","timestamp":"2026-05-08 08:01:15"}
{"level":"info","message":"Created client session aae544c8e0e297132ad1e7e0","timestamp":"2026-05-08 08:01:15"}
{"level":"info","message":"Created client session 24a98d683c23e1a4435e713c","timestamp":"2026-05-08 08:42:53"}
{"level":"info","message":"Created client session 1755cec3ab095e9e1cd74d87","timestamp":"2026-05-08 09:28:13"}
{"level":"info","message":"Created client session 4727665e92450cfebe30953d","timestamp":"2026-05-08 09:29:21"}
{"level":"info","message":"Created client session b7055b1a6146172c12c64180","timestamp":"2026-05-08 09:29:45"}
{"level":"info","message":"Created client session 90750a5269a757af21b253d2","timestamp":"2026-05-08 09:32:01"}
{"ip":"::1","level":"info","message":"User authentication successful for user Gamemaster","session":"90750a5269a757af21b253d2","timestamp":"2026-05-08 09:32:09"}
{"level":"info","message":"Dungeons & Dragons Fifth Edition update 5.3.3 is now available!","timestamp":"2026-05-08 09:32:11"}
{"level":"info","message":"Core software stable update 14.361 is available!","timestamp":"2026-05-08 09:32:12"}
{"level":"info","message":"Vended World data to User [YzL2W1htQr2gHsBA] in 1416ms","timestamp":"2026-05-08 09:32:12"}
{"level":"info","message":"Created client session 38ab1f8fb9180eca5a9afc1e","timestamp":"2026-05-08 09:44:39"}
{"level":"info","message":"Created client session 43c8ae4487a3ea385ef042f1","timestamp":"2026-05-08 09:45:27"}
{"level":"info","message":"Created client session 50647aefd53e516e4433e3e1","timestamp":"2026-05-08 09:47:32"}
{"level":"info","message":"Created client session ebcc308876b7bd81e68311ae","timestamp":"2026-05-08 09:52:40"}
{"level":"info","message":"Created client session 252fbf6d34e8afdc8dc6671f","timestamp":"2026-05-08 09:57:26"}
{"level":"info","message":"Created client session 3bc6adc94b1d2874e1049cc8","timestamp":"2026-05-08 09:57:46"}
{"level":"info","message":"Created client session a70dc036359b6653dd15c30b","timestamp":"2026-05-08 09:58:06"}
{"level":"info","message":"Created client session 81aa66c102236adcd5f3e971","timestamp":"2026-05-08 09:58:32"}
{"level":"info","message":"Deleted Token with id [PtbOMux0wNzrV21a] in parent Scene [mDTlNChiXKJL6tUz]","timestamp":"2026-05-08 10:02:18"}
{"level":"info","message":"Created Token with id [xz7VeqLMjTrGnpAW] in parent Scene [mDTlNChiXKJL6tUz]","timestamp":"2026-05-08 10:02:29"}
{"level":"info","message":"Deleted Token with id [xz7VeqLMjTrGnpAW] in parent Scene [mDTlNChiXKJL6tUz]","timestamp":"2026-05-08 10:02:34"}
{"level":"info","message":"Created Token with id [vAdfZHHNeuZE9bWN] in parent Scene [mDTlNChiXKJL6tUz]","timestamp":"2026-05-08 10:02:35"}
{"level":"info","message":"Deleted Token with id [1xE9aXYqHAReWPd0] in parent Scene [mDTlNChiXKJL6tUz]","timestamp":"2026-05-08 10:04:52"}
{"level":"info","message":"Created Token with id [AYMIgx3iGEqQYX97] in parent Scene [mDTlNChiXKJL6tUz]","timestamp":"2026-05-08 10:04:54"}
{"level":"info","message":"Created client session 5eaff9885f3652e9037d3801","timestamp":"2026-05-08 10:05:14"}
{"level":"info","message":"Created client session 8384f9da68f6f0bb85eb12b4","timestamp":"2026-05-08 10:05:30"}
{"level":"info","message":"Deleted Token with id [AYMIgx3iGEqQYX97] in parent Scene [mDTlNChiXKJL6tUz]","timestamp":"2026-05-08 10:07:44"}
{"level":"info","message":"Created Token with id [HFYCgtkPry0kZz16] in parent Scene [mDTlNChiXKJL6tUz]","timestamp":"2026-05-08 10:07:48"}
{"level":"info","message":"Created client session fa2e84cbddbc1fcf617c36f6","timestamp":"2026-05-08 10:12:15"}
{"level":"info","message":"Created client session edb0aaa2a659ff82a9211771","timestamp":"2026-05-08 10:17:44"}
{"level":"info","message":"Created client session d28232d7832756a7dc0ae7b0","timestamp":"2026-05-08 10:34:04"}
{"level":"info","message":"Created JournalEntry with id [OA8juIHIY3ItHJZJ]","timestamp":"2026-05-08 10:36:49"}
{"level":"info","message":"Created JournalEntryPage with id [el9V7dXN0DmLN7nt] in parent JournalEntry [OA8juIHIY3ItHJZJ]","timestamp":"2026-05-08 10:36:59"}
{"level":"info","message":"SchreinevonBarovia.pdf saved to Chapters/7. Feste Argynvost/Items","timestamp":"2026-05-08 10:37:41"}
{"level":"debug","message":"Starting edit session for user 'YzL2W1htQr2gHsBA' and instance 'JournalEntry.jn7hdIHaubUzWu4N.JournalEntryPage.MOxATznTCSDKPUAS#text.content'.","timestamp":"2026-05-08 10:40:15"}
{"level":"debug","message":"Retiring user 'YzL2W1htQr2gHsBA' from editing session for instance 'JournalEntry.jn7hdIHaubUzWu4N.JournalEntryPage.MOxATznTCSDKPUAS#text.content'.","timestamp":"2026-05-08 10:41:07"}
{"level":"debug","message":"Instance 'JournalEntry.jn7hdIHaubUzWu4N.JournalEntryPage.MOxATznTCSDKPUAS#text.content' has no more active editors, cleaning up.","timestamp":"2026-05-08 10:41:07"}
{"level":"debug","message":"Starting edit session for user 'YzL2W1htQr2gHsBA' and instance 'JournalEntry.jn7hdIHaubUzWu4N.JournalEntryPage.MOxATznTCSDKPUAS#text.content'.","timestamp":"2026-05-08 10:41:16"}
{"level":"debug","message":"Retiring user 'YzL2W1htQr2gHsBA' from editing session for instance 'JournalEntry.jn7hdIHaubUzWu4N.JournalEntryPage.MOxATznTCSDKPUAS#text.content'.","timestamp":"2026-05-08 10:41:30"}
{"level":"debug","message":"Instance 'JournalEntry.jn7hdIHaubUzWu4N.JournalEntryPage.MOxATznTCSDKPUAS#text.content' has no more active editors, cleaning up.","timestamp":"2026-05-08 10:41:30"}
{"level":"info","message":"Created JournalEntryPage with id [Iz2MrgrzLojibRto] in parent JournalEntry [OA8juIHIY3ItHJZJ]","timestamp":"2026-05-08 10:42:11"}
{"level":"debug","message":"Starting edit session for user 'YzL2W1htQr2gHsBA' and instance 'JournalEntry.OA8juIHIY3ItHJZJ.JournalEntryPage.Iz2MrgrzLojibRto#text.content'.","timestamp":"2026-05-08 10:42:11"}
{"level":"debug","message":"Retiring user 'YzL2W1htQr2gHsBA' from editing session for instance 'JournalEntry.OA8juIHIY3ItHJZJ.JournalEntryPage.Iz2MrgrzLojibRto#text.content'.","timestamp":"2026-05-08 10:42:13"}
{"level":"debug","message":"Instance 'JournalEntry.OA8juIHIY3ItHJZJ.JournalEntryPage.Iz2MrgrzLojibRto#text.content' has no more active editors, cleaning up.","timestamp":"2026-05-08 10:42:13"}
{"level":"debug","message":"Starting edit session for user 'YzL2W1htQr2gHsBA' and instance 'JournalEntry.OA8juIHIY3ItHJZJ.JournalEntryPage.Iz2MrgrzLojibRto#text.content'.","timestamp":"2026-05-08 10:42:13"}
{"level":"debug","message":"Retiring user 'YzL2W1htQr2gHsBA' from editing session for instance 'JournalEntry.OA8juIHIY3ItHJZJ.JournalEntryPage.Iz2MrgrzLojibRto#text.content'.","timestamp":"2026-05-08 10:42:16"}
{"level":"debug","message":"Instance 'JournalEntry.OA8juIHIY3ItHJZJ.JournalEntryPage.Iz2MrgrzLojibRto#text.content' has no more active editors, cleaning up.","timestamp":"2026-05-08 10:42:16"}
{"level":"debug","message":"Starting edit session for user 'YzL2W1htQr2gHsBA' and instance 'JournalEntry.OA8juIHIY3ItHJZJ.JournalEntryPage.Iz2MrgrzLojibRto#text.content'.","timestamp":"2026-05-08 10:42:16"}
{"level":"debug","message":"Broadcasting autosave update for instance 'JournalEntry.OA8juIHIY3ItHJZJ.JournalEntryPage.Iz2MrgrzLojibRto#text.content'.","timestamp":"2026-05-08 10:43:16"}
{"level":"debug","message":"Broadcasting autosave update for instance 'JournalEntry.OA8juIHIY3ItHJZJ.JournalEntryPage.Iz2MrgrzLojibRto#text.content'.","timestamp":"2026-05-08 10:44:16"}
{"level":"debug","message":"Broadcasting autosave update for instance 'JournalEntry.OA8juIHIY3ItHJZJ.JournalEntryPage.Iz2MrgrzLojibRto#text.content'.","timestamp":"2026-05-08 10:45:16"}
{"level":"info","message":"Created client session 3c5729a083639296667cf598","timestamp":"2026-05-08 10:47:36"}
{"level":"info","message":"Created JournalEntry with id [zak99OApCB0FNcxf]","timestamp":"2026-05-08 10:48:17"}
{"level":"info","message":"Created JournalEntryPage with id [ygdSoT4LvqcTfyds] in parent JournalEntry [zak99OApCB0FNcxf]","timestamp":"2026-05-08 10:48:22"}
{"level":"debug","message":"Broadcasting autosave update for instance 'JournalEntry.OA8juIHIY3ItHJZJ.JournalEntryPage.Iz2MrgrzLojibRto#text.content'.","timestamp":"2026-05-08 10:53:16"}
{"level":"debug","message":"Broadcasting autosave update for instance 'JournalEntry.OA8juIHIY3ItHJZJ.JournalEntryPage.Iz2MrgrzLojibRto#text.content'.","timestamp":"2026-05-08 10:54:16"}
{"level":"debug","message":"Broadcasting autosave update for instance 'JournalEntry.OA8juIHIY3ItHJZJ.JournalEntryPage.Iz2MrgrzLojibRto#text.content'.","timestamp":"2026-05-08 10:55:16"}
{"level":"debug","message":"Retiring user 'YzL2W1htQr2gHsBA' from editing session for instance 'JournalEntry.OA8juIHIY3ItHJZJ.JournalEntryPage.Iz2MrgrzLojibRto#text.content'.","timestamp":"2026-05-08 10:56:36"}
{"level":"debug","message":"Instance 'JournalEntry.OA8juIHIY3ItHJZJ.JournalEntryPage.Iz2MrgrzLojibRto#text.content' has no more active editors, cleaning up.","timestamp":"2026-05-08 10:56:36"}
{"level":"debug","message":"Starting edit session for user 'YzL2W1htQr2gHsBA' and instance 'JournalEntry.OA8juIHIY3ItHJZJ.JournalEntryPage.Iz2MrgrzLojibRto#text.content'.","timestamp":"2026-05-08 10:56:45"}
{"level":"debug","message":"Retiring user 'YzL2W1htQr2gHsBA' from editing session for instance 'JournalEntry.OA8juIHIY3ItHJZJ.JournalEntryPage.Iz2MrgrzLojibRto#text.content'.","timestamp":"2026-05-08 10:56:51"}
{"level":"debug","message":"Instance 'JournalEntry.OA8juIHIY3ItHJZJ.JournalEntryPage.Iz2MrgrzLojibRto#text.content' has no more active editors, cleaning up.","timestamp":"2026-05-08 10:56:51"}
{"level":"debug","message":"Starting edit session for user 'YzL2W1htQr2gHsBA' and instance 'JournalEntry.OA8juIHIY3ItHJZJ.JournalEntryPage.Iz2MrgrzLojibRto#text.content'.","timestamp":"2026-05-08 10:56:51"}
{"level":"debug","message":"Starting edit session for user 'YzL2W1htQr2gHsBA' and instance 'JournalEntry.OA8juIHIY3ItHJZJ.JournalEntryPage.Iz2MrgrzLojibRto#text.content'.","timestamp":"2026-05-08 10:56:51"}
{"level":"debug","message":"Retiring user 'YzL2W1htQr2gHsBA' from editing session for instance 'JournalEntry.OA8juIHIY3ItHJZJ.JournalEntryPage.Iz2MrgrzLojibRto#text.content'.","timestamp":"2026-05-08 10:56:52"}
{"level":"debug","message":"Instance 'JournalEntry.OA8juIHIY3ItHJZJ.JournalEntryPage.Iz2MrgrzLojibRto#text.content' has no more active editors, cleaning up.","timestamp":"2026-05-08 10:56:52"}
{"level":"info","message":"Created JournalEntryPage with id [Z3di3ICyDoyZuOH5] in parent JournalEntry [OA8juIHIY3ItHJZJ]","timestamp":"2026-05-08 10:56:58"}
{"level":"debug","message":"Starting edit session for user 'YzL2W1htQr2gHsBA' and instance 'JournalEntry.OA8juIHIY3ItHJZJ.JournalEntryPage.Z3di3ICyDoyZuOH5#text.content'.","timestamp":"2026-05-08 10:56:58"}
{"level":"debug","message":"Retiring user 'YzL2W1htQr2gHsBA' from editing session for instance 'JournalEntry.OA8juIHIY3ItHJZJ.JournalEntryPage.Z3di3ICyDoyZuOH5#text.content'.","timestamp":"2026-05-08 10:57:00"}
{"level":"debug","message":"Instance 'JournalEntry.OA8juIHIY3ItHJZJ.JournalEntryPage.Z3di3ICyDoyZuOH5#text.content' has no more active editors, cleaning up.","timestamp":"2026-05-08 10:57:00"}
{"level":"debug","message":"Starting edit session for user 'YzL2W1htQr2gHsBA' and instance 'JournalEntry.OA8juIHIY3ItHJZJ.JournalEntryPage.Z3di3ICyDoyZuOH5#text.content'.","timestamp":"2026-05-08 10:57:00"}
{"level":"debug","message":"Retiring user 'YzL2W1htQr2gHsBA' from editing session for instance 'JournalEntry.OA8juIHIY3ItHJZJ.JournalEntryPage.Z3di3ICyDoyZuOH5#text.content'.","timestamp":"2026-05-08 10:57:02"}
{"level":"debug","message":"Instance 'JournalEntry.OA8juIHIY3ItHJZJ.JournalEntryPage.Z3di3ICyDoyZuOH5#text.content' has no more active editors, cleaning up.","timestamp":"2026-05-08 10:57:02"}
{"level":"debug","message":"Starting edit session for user 'YzL2W1htQr2gHsBA' and instance 'JournalEntry.OA8juIHIY3ItHJZJ.JournalEntryPage.Z3di3ICyDoyZuOH5#text.content'.","timestamp":"2026-05-08 10:57:02"}
{"level":"info","message":"Created client session 1e60a1e47529a6726fc72192","timestamp":"2026-05-08 10:57:06"}
{"level":"debug","message":"Retiring user 'YzL2W1htQr2gHsBA' from editing session for instance 'JournalEntry.OA8juIHIY3ItHJZJ.JournalEntryPage.Z3di3ICyDoyZuOH5#text.content'.","timestamp":"2026-05-08 10:57:44"}
{"level":"debug","message":"Instance 'JournalEntry.OA8juIHIY3ItHJZJ.JournalEntryPage.Z3di3ICyDoyZuOH5#text.content' has no more active editors, cleaning up.","timestamp":"2026-05-08 10:57:44"}
{"level":"debug","message":"Starting edit session for user 'YzL2W1htQr2gHsBA' and instance 'JournalEntry.OA8juIHIY3ItHJZJ.JournalEntryPage.Z3di3ICyDoyZuOH5#text.content'.","timestamp":"2026-05-08 10:58:28"}
{"level":"debug","message":"Broadcasting autosave update for instance 'JournalEntry.OA8juIHIY3ItHJZJ.JournalEntryPage.Z3di3ICyDoyZuOH5#text.content'.","timestamp":"2026-05-08 10:59:28"}
{"level":"debug","message":"Broadcasting autosave update for instance 'JournalEntry.OA8juIHIY3ItHJZJ.JournalEntryPage.Z3di3ICyDoyZuOH5#text.content'.","timestamp":"2026-05-08 11:00:28"}
{"level":"debug","message":"Broadcasting autosave update for instance 'JournalEntry.OA8juIHIY3ItHJZJ.JournalEntryPage.Z3di3ICyDoyZuOH5#text.content'.","timestamp":"2026-05-08 11:01:28"}
{"level":"debug","message":"Retiring user 'YzL2W1htQr2gHsBA' from editing session for instance 'JournalEntry.OA8juIHIY3ItHJZJ.JournalEntryPage.Z3di3ICyDoyZuOH5#text.content'.","timestamp":"2026-05-08 11:01:36"}
{"level":"debug","message":"Instance 'JournalEntry.OA8juIHIY3ItHJZJ.JournalEntryPage.Z3di3ICyDoyZuOH5#text.content' has no more active editors, cleaning up.","timestamp":"2026-05-08 11:01:36"}
{"level":"info","message":"Created JournalEntryPage with id [FvP7FDuedOC59dkU] in parent JournalEntry [OA8juIHIY3ItHJZJ]","timestamp":"2026-05-08 11:02:56"}
{"level":"debug","message":"Starting edit session for user 'YzL2W1htQr2gHsBA' and instance 'JournalEntry.OA8juIHIY3ItHJZJ.JournalEntryPage.FvP7FDuedOC59dkU#text.content'.","timestamp":"2026-05-08 11:02:56"}
{"level":"debug","message":"Broadcasting autosave update for instance 'JournalEntry.OA8juIHIY3ItHJZJ.JournalEntryPage.FvP7FDuedOC59dkU#text.content'.","timestamp":"2026-05-08 11:03:56"}
{"level":"info","message":"Created client session 1d1fe7a83a63da448a575b3b","timestamp":"2026-05-08 11:10:39"}
{"level":"debug","message":"Retiring user 'YzL2W1htQr2gHsBA' from editing session for instance 'JournalEntry.OA8juIHIY3ItHJZJ.JournalEntryPage.FvP7FDuedOC59dkU#text.content'.","timestamp":"2026-05-08 11:14:06"}
{"level":"debug","message":"Instance 'JournalEntry.OA8juIHIY3ItHJZJ.JournalEntryPage.FvP7FDuedOC59dkU#text.content' has no more active editors, cleaning up.","timestamp":"2026-05-08 11:14:06"}
{"level":"debug","message":"Starting edit session for user 'YzL2W1htQr2gHsBA' and instance 'JournalEntry.OA8juIHIY3ItHJZJ.JournalEntryPage.FvP7FDuedOC59dkU#text.content'.","timestamp":"2026-05-08 11:14:06"}
{"level":"debug","message":"Broadcasting autosave update for instance 'JournalEntry.OA8juIHIY3ItHJZJ.JournalEntryPage.FvP7FDuedOC59dkU#text.content'.","timestamp":"2026-05-08 11:15:06"}
{"level":"debug","message":"Broadcasting autosave update for instance 'JournalEntry.OA8juIHIY3ItHJZJ.JournalEntryPage.FvP7FDuedOC59dkU#text.content'.","timestamp":"2026-05-08 11:16:06"}
{"level":"info","message":"Created Cards with id [6fyKdXmox6oNkVw1]","timestamp":"2026-05-08 11:17:01"}
{"level":"debug","message":"Broadcasting autosave update for instance 'JournalEntry.OA8juIHIY3ItHJZJ.JournalEntryPage.FvP7FDuedOC59dkU#text.content'.","timestamp":"2026-05-08 11:17:06"}
{"level":"info","message":"Created Card with id [tsnOZtJBOoihzrn0] in parent Cards [6fyKdXmox6oNkVw1]","timestamp":"2026-05-08 11:17:16"}
{"level":"debug","message":"Broadcasting autosave update for instance 'JournalEntry.OA8juIHIY3ItHJZJ.JournalEntryPage.FvP7FDuedOC59dkU#text.content'.","timestamp":"2026-05-08 11:18:06"}
{"level":"info","message":"Created Card with id [suDzjxC5QLhYXB4r] in parent Cards [6fyKdXmox6oNkVw1]","timestamp":"2026-05-08 11:18:29"}
{"level":"debug","message":"Broadcasting autosave update for instance 'JournalEntry.OA8juIHIY3ItHJZJ.JournalEntryPage.FvP7FDuedOC59dkU#text.content'.","timestamp":"2026-05-08 11:19:06"}
{"level":"info","message":"Created Card with id [lJ9yAidqNsgDW9fb] in parent Cards [6fyKdXmox6oNkVw1]","timestamp":"2026-05-08 11:19:07"}
{"level":"info","message":"Created Card with id [Q8CM9ZZXysCTlbQ5] in parent Cards [6fyKdXmox6oNkVw1]","timestamp":"2026-05-08 11:19:22"}
{"level":"info","message":"Created Card with id [wmhDSDfM8mj0jDd5] in parent Cards [6fyKdXmox6oNkVw1]","timestamp":"2026-05-08 11:19:41"}
{"level":"debug","message":"Retiring user 'YzL2W1htQr2gHsBA' from editing session for instance 'JournalEntry.OA8juIHIY3ItHJZJ.JournalEntryPage.FvP7FDuedOC59dkU#text.content'.","timestamp":"2026-05-08 11:20:00"}
{"level":"debug","message":"Instance 'JournalEntry.OA8juIHIY3ItHJZJ.JournalEntryPage.FvP7FDuedOC59dkU#text.content' has no more active editors, cleaning up.","timestamp":"2026-05-08 11:20:00"}
{"level":"info","message":"Created ChatMessage with id [6i0XPTAn0rFpkPUA]","timestamp":"2026-05-08 11:20:07"}
{"level":"info","message":"Created ChatMessage with id [wiSMUigAEwoizZpf]","timestamp":"2026-05-08 11:20:44"}
{"level":"info","message":"Deleted ChatMessage with id [6i0XPTAn0rFpkPUA]","timestamp":"2026-05-08 11:20:53"}
{"level":"info","message":"Deleted ChatMessage with id [wiSMUigAEwoizZpf]","timestamp":"2026-05-08 11:20:56"}
{"level":"info","message":"Created Cards with id [FIRZnDSbZx9gmrLf]","timestamp":"2026-05-08 11:21:37"}
{"level":"info","message":"Created Cards with id [iv9pyeQuNCnaL8hR]","timestamp":"2026-05-08 11:21:47"}
{"level":"info","message":"Created ChatMessage with id [fIUFPDPMGSjkYUEC]","timestamp":"2026-05-08 11:21:51"}
{"level":"info","message":"Created Card with id [suDzjxC5QLhYXB4r] in parent Cards [FIRZnDSbZx9gmrLf]","timestamp":"2026-05-08 11:22:13"}
{"level":"info","message":"Created ChatMessage with id [dGBhYJ3gEVRjD50g]","timestamp":"2026-05-08 11:22:13"}
{"level":"info","message":"Created ChatMessage with id [47yVFTyGol29k9T8]","timestamp":"2026-05-08 11:22:34"}
{"level":"info","message":"Created ChatMessage with id [Kb8niBd6pay3LK51]","timestamp":"2026-05-08 11:22:35"}
{"level":"info","message":"Created ChatMessage with id [z3VONRocmkzOIdKd]","timestamp":"2026-05-08 11:22:35"}
{"level":"info","message":"Created ChatMessage with id [hypZkvNwTDOgzj7N]","timestamp":"2026-05-08 11:22:36"}
{"level":"info","message":"Created ChatMessage with id [jVMnmpEyBzZ4Aito]","timestamp":"2026-05-08 11:22:36"}
{"level":"info","message":"Created ChatMessage with id [yafZAz4PpcM1igsh]","timestamp":"2026-05-08 11:22:36"}
{"level":"info","message":"Created ChatMessage with id [hFK8QX4IuIOfxvJI]","timestamp":"2026-05-08 11:22:36"}
{"level":"info","message":"Deleted Card with id [suDzjxC5QLhYXB4r] in parent Cards [FIRZnDSbZx9gmrLf]","timestamp":"2026-05-08 11:22:43"}
{"level":"info","message":"Created ChatMessage with id [B0bMxbhWeb2DuriM]","timestamp":"2026-05-08 11:22:43"}
{"level":"info","message":"Deleted ChatMessage with id [B0bMxbhWeb2DuriM]","timestamp":"2026-05-08 11:22:49"}
{"level":"info","message":"Deleted ChatMessage with id [hFK8QX4IuIOfxvJI]","timestamp":"2026-05-08 11:22:51"}
{"level":"info","message":"Deleted ChatMessage with id [yafZAz4PpcM1igsh]","timestamp":"2026-05-08 11:22:54"}
{"level":"info","message":"Deleted ChatMessage with id [jVMnmpEyBzZ4Aito]","timestamp":"2026-05-08 11:22:55"}
{"level":"info","message":"Deleted ChatMessage with id [hypZkvNwTDOgzj7N]","timestamp":"2026-05-08 11:22:57"}
{"level":"info","message":"Deleted ChatMessage with id [z3VONRocmkzOIdKd]","timestamp":"2026-05-08 11:22:58"}
{"level":"info","message":"Deleted ChatMessage with id [Kb8niBd6pay3LK51]","timestamp":"2026-05-08 11:22:59"}
{"level":"info","message":"Deleted ChatMessage with id [47yVFTyGol29k9T8]","timestamp":"2026-05-08 11:23:01"}
{"level":"info","message":"Deleted ChatMessage with id [dGBhYJ3gEVRjD50g]","timestamp":"2026-05-08 11:23:03"}
{"level":"info","message":"Deleted ChatMessage with id [fIUFPDPMGSjkYUEC]","timestamp":"2026-05-08 11:23:04"}
{"level":"debug","message":"Starting edit session for user 'YzL2W1htQr2gHsBA' and instance 'JournalEntry.OA8juIHIY3ItHJZJ.JournalEntryPage.FvP7FDuedOC59dkU#text.content'.","timestamp":"2026-05-08 11:23:11"}
{"level":"debug","message":"Retiring user 'YzL2W1htQr2gHsBA' from editing session for instance 'JournalEntry.OA8juIHIY3ItHJZJ.JournalEntryPage.FvP7FDuedOC59dkU#text.content'.","timestamp":"2026-05-08 11:23:20"}
{"level":"debug","message":"Instance 'JournalEntry.OA8juIHIY3ItHJZJ.JournalEntryPage.FvP7FDuedOC59dkU#text.content' has no more active editors, cleaning up.","timestamp":"2026-05-08 11:23:20"}
{"level":"debug","message":"Starting edit session for user 'YzL2W1htQr2gHsBA' and instance 'JournalEntry.jn7hdIHaubUzWu4N.JournalEntryPage.cz1xdKjb6PIYDEVN#text.content'.","timestamp":"2026-05-08 11:29:36"}
{"level":"debug","message":"Broadcasting autosave update for instance 'JournalEntry.jn7hdIHaubUzWu4N.JournalEntryPage.cz1xdKjb6PIYDEVN#text.content'.","timestamp":"2026-05-08 11:32:36"}
{"level":"debug","message":"Retiring user 'YzL2W1htQr2gHsBA' from editing session for instance 'JournalEntry.jn7hdIHaubUzWu4N.JournalEntryPage.cz1xdKjb6PIYDEVN#text.content'.","timestamp":"2026-05-08 11:33:28"}
{"level":"debug","message":"Instance 'JournalEntry.jn7hdIHaubUzWu4N.JournalEntryPage.cz1xdKjb6PIYDEVN#text.content' has no more active editors, cleaning up.","timestamp":"2026-05-08 11:33:28"}
{"level":"info","message":"Created Token with id [OD1UivCpAnlvbicd] in parent Scene [bUjSvOW5coibKHmL]","timestamp":"2026-05-08 11:39:02"}
{"level":"info","message":"Created JournalEntry with id [2Q9qui6r2HmL3Djz]","timestamp":"2026-05-08 11:43:07"}
{"level":"info","message":"Created JournalEntryPage with id [r9AUQVZeGNqKPPml] in parent JournalEntry [2Q9qui6r2HmL3Djz]","timestamp":"2026-05-08 11:43:18"}
{"level":"debug","message":"Starting edit session for user 'YzL2W1htQr2gHsBA' and instance 'JournalEntry.2Q9qui6r2HmL3Djz.JournalEntryPage.r9AUQVZeGNqKPPml#text.content'.","timestamp":"2026-05-08 11:43:18"}
{"level":"debug","message":"Retiring user 'YzL2W1htQr2gHsBA' from editing session for instance 'JournalEntry.2Q9qui6r2HmL3Djz.JournalEntryPage.r9AUQVZeGNqKPPml#text.content'.","timestamp":"2026-05-08 11:43:35"}
{"level":"debug","message":"Instance 'JournalEntry.2Q9qui6r2HmL3Djz.JournalEntryPage.r9AUQVZeGNqKPPml#text.content' has no more active editors, cleaning up.","timestamp":"2026-05-08 11:43:35"}
{"level":"info","message":"Created JournalEntryPage with id [4HqsDnA7Ho5WjjIl] in parent JournalEntry [2Q9qui6r2HmL3Djz]","timestamp":"2026-05-08 11:43:41"}
{"level":"debug","message":"Starting edit session for user 'YzL2W1htQr2gHsBA' and instance 'JournalEntry.2Q9qui6r2HmL3Djz.JournalEntryPage.4HqsDnA7Ho5WjjIl#text.content'.","timestamp":"2026-05-08 11:43:41"}
{"level":"debug","message":"Broadcasting autosave update for instance 'JournalEntry.2Q9qui6r2HmL3Djz.JournalEntryPage.4HqsDnA7Ho5WjjIl#text.content'.","timestamp":"2026-05-08 11:44:41"}
{"level":"debug","message":"Broadcasting autosave update for instance 'JournalEntry.2Q9qui6r2HmL3Djz.JournalEntryPage.4HqsDnA7Ho5WjjIl#text.content'.","timestamp":"2026-05-08 11:46:41"}
{"level":"debug","message":"Retiring user 'YzL2W1htQr2gHsBA' from editing session for instance 'JournalEntry.2Q9qui6r2HmL3Djz.JournalEntryPage.4HqsDnA7Ho5WjjIl#text.content'.","timestamp":"2026-05-08 11:47:06"}
{"level":"debug","message":"Instance 'JournalEntry.2Q9qui6r2HmL3Djz.JournalEntryPage.4HqsDnA7Ho5WjjIl#text.content' has no more active editors, cleaning up.","timestamp":"2026-05-08 11:47:06"}
{"level":"info","message":"Created Note with id [4NJgQHIFFQiP9WDi] in parent Scene [ydd9vPKLQgLjyUXS]","timestamp":"2026-05-08 11:47:13"}
{"level":"info","message":"Created Note with id [MnHlWh67vpykYqfp] in parent Scene [ydd9vPKLQgLjyUXS]","timestamp":"2026-05-08 11:47:17"}
{"level":"info","message":"Created Note with id [3TP22gl4FklFSHua] in parent Scene [ydd9vPKLQgLjyUXS]","timestamp":"2026-05-08 11:47:20"}
{"level":"info","message":"Created Token with id [eVL723ySosNGqUKe] in parent Scene [ydd9vPKLQgLjyUXS]","timestamp":"2026-05-08 11:47:48"}
{"level":"info","message":"SirFortis.png saved to Chapters/7. Feste Argynvost/Images","timestamp":"2026-05-08 11:50:09"}
{"level":"info","message":"Created JournalEntryPage with id [UlBPHYQivsglxw5K] in parent JournalEntry [2Q9qui6r2HmL3Djz]","timestamp":"2026-05-08 11:51:10"}
{"level":"debug","message":"Starting edit session for user 'YzL2W1htQr2gHsBA' and instance 'JournalEntry.2Q9qui6r2HmL3Djz.JournalEntryPage.UlBPHYQivsglxw5K#text.content'.","timestamp":"2026-05-08 11:51:10"}
{"level":"debug","message":"Retiring user 'YzL2W1htQr2gHsBA' from editing session for instance 'JournalEntry.2Q9qui6r2HmL3Djz.JournalEntryPage.UlBPHYQivsglxw5K#text.content'.","timestamp":"2026-05-08 11:51:12"}
{"level":"debug","message":"Instance 'JournalEntry.2Q9qui6r2HmL3Djz.JournalEntryPage.UlBPHYQivsglxw5K#text.content' has no more active editors, cleaning up.","timestamp":"2026-05-08 11:51:12"}
{"level":"info","message":"Created Note with id [UFbV5ZJ7V1AwKNIO] in parent Scene [ydd9vPKLQgLjyUXS]","timestamp":"2026-05-08 11:51:19"}
{"level":"info","message":"Created JournalEntryPage with id [LbQ7ntbbJscqaQ4B] in parent JournalEntry [2Q9qui6r2HmL3Djz]","timestamp":"2026-05-08 11:51:26"}
{"level":"debug","message":"Starting edit session for user 'YzL2W1htQr2gHsBA' and instance 'JournalEntry.2Q9qui6r2HmL3Djz.JournalEntryPage.LbQ7ntbbJscqaQ4B#text.content'.","timestamp":"2026-05-08 11:51:26"}
{"level":"debug","message":"Retiring user 'YzL2W1htQr2gHsBA' from editing session for instance 'JournalEntry.2Q9qui6r2HmL3Djz.JournalEntryPage.LbQ7ntbbJscqaQ4B#text.content'.","timestamp":"2026-05-08 11:51:28"}
{"level":"debug","message":"Instance 'JournalEntry.2Q9qui6r2HmL3Djz.JournalEntryPage.LbQ7ntbbJscqaQ4B#text.content' has no more active editors, cleaning up.","timestamp":"2026-05-08 11:51:28"}
{"level":"info","message":"Created Note with id [90tukf9C9G0EZAS3] in parent Scene [ydd9vPKLQgLjyUXS]","timestamp":"2026-05-08 11:51:33"}
{"level":"info","message":"Created JournalEntryPage with id [sUa4sjw3Rfv2NKa7] in parent JournalEntry [2Q9qui6r2HmL3Djz]","timestamp":"2026-05-08 11:51:50"}
{"level":"debug","message":"Starting edit session for user 'YzL2W1htQr2gHsBA' and instance 'JournalEntry.2Q9qui6r2HmL3Djz.JournalEntryPage.sUa4sjw3Rfv2NKa7#text.content'.","timestamp":"2026-05-08 11:51:50"}
{"level":"debug","message":"Retiring user 'YzL2W1htQr2gHsBA' from editing session for instance 'JournalEntry.2Q9qui6r2HmL3Djz.JournalEntryPage.sUa4sjw3Rfv2NKa7#text.content'.","timestamp":"2026-05-08 11:51:52"}
{"level":"debug","message":"Instance 'JournalEntry.2Q9qui6r2HmL3Djz.JournalEntryPage.sUa4sjw3Rfv2NKa7#text.content' has no more active editors, cleaning up.","timestamp":"2026-05-08 11:51:52"}
{"level":"info","message":"Created Note with id [uHakRnnED7Ba0HRN] in parent Scene [ydd9vPKLQgLjyUXS]","timestamp":"2026-05-08 11:51:56"}
{"level":"info","message":"Created JournalEntryPage with id [yYc7oXWHAqeWpTtL] in parent JournalEntry [2Q9qui6r2HmL3Djz]","timestamp":"2026-05-08 11:52:18"}
{"level":"debug","message":"Starting edit session for user 'YzL2W1htQr2gHsBA' and instance 'JournalEntry.2Q9qui6r2HmL3Djz.JournalEntryPage.yYc7oXWHAqeWpTtL#text.content'.","timestamp":"2026-05-08 11:52:18"}
{"level":"debug","message":"Retiring user 'YzL2W1htQr2gHsBA' from editing session for instance 'JournalEntry.2Q9qui6r2HmL3Djz.JournalEntryPage.yYc7oXWHAqeWpTtL#text.content'.","timestamp":"2026-05-08 11:52:20"}
{"level":"debug","message":"Instance 'JournalEntry.2Q9qui6r2HmL3Djz.JournalEntryPage.yYc7oXWHAqeWpTtL#text.content' has no more active editors, cleaning up.","timestamp":"2026-05-08 11:52:20"}
{"level":"info","message":"Created Note with id [LyA1HgOE9FHmKuHx] in parent Scene [ydd9vPKLQgLjyUXS]","timestamp":"2026-05-08 11:52:23"}
{"level":"info","message":"Created Note with id [3LVIS9qDNyMIEMcv] in parent Scene [ydd9vPKLQgLjyUXS]","timestamp":"2026-05-08 11:52:28"}
{"level":"info","message":"Created JournalEntryPage with id [Ck5GJspt6Krq1gsd] in parent JournalEntry [2Q9qui6r2HmL3Djz]","timestamp":"2026-05-08 11:52:38"}
{"level":"debug","message":"Starting edit session for user 'YzL2W1htQr2gHsBA' and instance 'JournalEntry.2Q9qui6r2HmL3Djz.JournalEntryPage.Ck5GJspt6Krq1gsd#text.content'.","timestamp":"2026-05-08 11:52:38"}
{"level":"debug","message":"Retiring user 'YzL2W1htQr2gHsBA' from editing session for instance 'JournalEntry.2Q9qui6r2HmL3Djz.JournalEntryPage.Ck5GJspt6Krq1gsd#text.content'.","timestamp":"2026-05-08 11:52:39"}
{"level":"debug","message":"Instance 'JournalEntry.2Q9qui6r2HmL3Djz.JournalEntryPage.Ck5GJspt6Krq1gsd#text.content' has no more active editors, cleaning up.","timestamp":"2026-05-08 11:52:39"}
{"level":"info","message":"Created Note with id [twCQ09PDPw3jkmFv] in parent Scene [ydd9vPKLQgLjyUXS]","timestamp":"2026-05-08 11:52:41"}
{"level":"info","message":"Created JournalEntryPage with id [YdNpIyJ5sLY6KK3V] in parent JournalEntry [2Q9qui6r2HmL3Djz]","timestamp":"2026-05-08 11:53:08"}
{"level":"debug","message":"Starting edit session for user 'YzL2W1htQr2gHsBA' and instance 'JournalEntry.2Q9qui6r2HmL3Djz.JournalEntryPage.YdNpIyJ5sLY6KK3V#text.content'.","timestamp":"2026-05-08 11:53:08"}
{"level":"debug","message":"Retiring user 'YzL2W1htQr2gHsBA' from editing session for instance 'JournalEntry.2Q9qui6r2HmL3Djz.JournalEntryPage.YdNpIyJ5sLY6KK3V#text.content'.","timestamp":"2026-05-08 11:53:09"}
{"level":"debug","message":"Instance 'JournalEntry.2Q9qui6r2HmL3Djz.JournalEntryPage.YdNpIyJ5sLY6KK3V#text.content' has no more active editors, cleaning up.","timestamp":"2026-05-08 11:53:09"}
{"level":"info","message":"Created Note with id [mR30Uq2LaQFDDSfY] in parent Scene [ydd9vPKLQgLjyUXS]","timestamp":"2026-05-08 11:53:12"}
{"level":"debug","message":"Starting edit session for user 'YzL2W1htQr2gHsBA' and instance 'JournalEntry.2Q9qui6r2HmL3Djz.JournalEntryPage.UlBPHYQivsglxw5K#text.content'.","timestamp":"2026-05-08 11:53:42"}
{"level":"info","message":"Created client session e390c40346fd4f532211dd3f","timestamp":"2026-05-08 11:53:58"}
{"level":"debug","message":"Retiring user 'YzL2W1htQr2gHsBA' from editing session for instance 'JournalEntry.2Q9qui6r2HmL3Djz.JournalEntryPage.UlBPHYQivsglxw5K#text.content'.","timestamp":"2026-05-08 11:54:20"}
{"level":"debug","message":"Instance 'JournalEntry.2Q9qui6r2HmL3Djz.JournalEntryPage.UlBPHYQivsglxw5K#text.content' has no more active editors, cleaning up.","timestamp":"2026-05-08 11:54:20"}
{"level":"debug","message":"Starting edit session for user 'YzL2W1htQr2gHsBA' and instance 'JournalEntry.2Q9qui6r2HmL3Djz.JournalEntryPage.LbQ7ntbbJscqaQ4B#text.content'.","timestamp":"2026-05-08 11:55:36"}
{"level":"debug","message":"Broadcasting autosave update for instance 'JournalEntry.2Q9qui6r2HmL3Djz.JournalEntryPage.LbQ7ntbbJscqaQ4B#text.content'.","timestamp":"2026-05-08 11:56:36"}
{"level":"debug","message":"Broadcasting autosave update for instance 'JournalEntry.2Q9qui6r2HmL3Djz.JournalEntryPage.LbQ7ntbbJscqaQ4B#text.content'.","timestamp":"2026-05-08 11:57:36"}
{"level":"debug","message":"Retiring user 'YzL2W1htQr2gHsBA' from editing session for instance 'JournalEntry.2Q9qui6r2HmL3Djz.JournalEntryPage.LbQ7ntbbJscqaQ4B#text.content'.","timestamp":"2026-05-08 11:58:02"}
{"level":"debug","message":"Instance 'JournalEntry.2Q9qui6r2HmL3Djz.JournalEntryPage.LbQ7ntbbJscqaQ4B#text.content' has no more active editors, cleaning up.","timestamp":"2026-05-08 11:58:02"}
{"level":"debug","message":"Starting edit session for user 'YzL2W1htQr2gHsBA' and instance 'JournalEntry.2Q9qui6r2HmL3Djz.JournalEntryPage.r9AUQVZeGNqKPPml#text.content'.","timestamp":"2026-05-08 11:58:04"}
{"level":"debug","message":"Retiring user 'YzL2W1htQr2gHsBA' from editing session for instance 'JournalEntry.2Q9qui6r2HmL3Djz.JournalEntryPage.r9AUQVZeGNqKPPml#text.content'.","timestamp":"2026-05-08 11:58:30"}
{"level":"debug","message":"Instance 'JournalEntry.2Q9qui6r2HmL3Djz.JournalEntryPage.r9AUQVZeGNqKPPml#text.content' has no more active editors, cleaning up.","timestamp":"2026-05-08 11:58:30"}
{"level":"info","message":"Created Token with id [Iw3caQneqlFZWlkF] in parent Scene [ydd9vPKLQgLjyUXS]","timestamp":"2026-05-08 11:58:43"}
{"level":"info","message":"Created Token with id [Iprx6QLCfeiT7I4U] in parent Scene [ydd9vPKLQgLjyUXS]","timestamp":"2026-05-08 11:58:50"}
{"level":"debug","message":"Starting edit session for user 'YzL2W1htQr2gHsBA' and instance 'JournalEntry.2Q9qui6r2HmL3Djz.JournalEntryPage.sUa4sjw3Rfv2NKa7#text.content'.","timestamp":"2026-05-08 11:59:50"}
{"level":"debug","message":"Retiring user 'YzL2W1htQr2gHsBA' from editing session for instance 'JournalEntry.2Q9qui6r2HmL3Djz.JournalEntryPage.sUa4sjw3Rfv2NKa7#text.content'.","timestamp":"2026-05-08 12:00:12"}
{"level":"debug","message":"Instance 'JournalEntry.2Q9qui6r2HmL3Djz.JournalEntryPage.sUa4sjw3Rfv2NKa7#text.content' has no more active editors, cleaning up.","timestamp":"2026-05-08 12:00:12"}
{"level":"info","message":"Created Token with id [LSjviFoHFOGPiaGF] in parent Scene [ydd9vPKLQgLjyUXS]","timestamp":"2026-05-08 12:00:25"}
{"level":"info","message":"Created Token with id [4ph9xtVxg1EnxMRu] in parent Scene [ydd9vPKLQgLjyUXS]","timestamp":"2026-05-08 12:00:27"}
{"level":"debug","message":"Starting edit session for user 'YzL2W1htQr2gHsBA' and instance 'JournalEntry.2Q9qui6r2HmL3Djz.JournalEntryPage.yYc7oXWHAqeWpTtL#text.content'.","timestamp":"2026-05-08 12:01:38"}
{"level":"debug","message":"Retiring user 'YzL2W1htQr2gHsBA' from editing session for instance 'JournalEntry.2Q9qui6r2HmL3Djz.JournalEntryPage.yYc7oXWHAqeWpTtL#text.content'.","timestamp":"2026-05-08 12:02:03"}
{"level":"debug","message":"Instance 'JournalEntry.2Q9qui6r2HmL3Djz.JournalEntryPage.yYc7oXWHAqeWpTtL#text.content' has no more active editors, cleaning up.","timestamp":"2026-05-08 12:02:03"}
{"level":"debug","message":"Starting edit session for user 'YzL2W1htQr2gHsBA' and instance 'JournalEntry.2Q9qui6r2HmL3Djz.JournalEntryPage.Ck5GJspt6Krq1gsd#text.content'.","timestamp":"2026-05-08 12:02:32"}
{"level":"debug","message":"Retiring user 'YzL2W1htQr2gHsBA' from editing session for instance 'JournalEntry.2Q9qui6r2HmL3Djz.JournalEntryPage.Ck5GJspt6Krq1gsd#text.content'.","timestamp":"2026-05-08 12:03:07"}
{"level":"debug","message":"Instance 'JournalEntry.2Q9qui6r2HmL3Djz.JournalEntryPage.Ck5GJspt6Krq1gsd#text.content' has no more active editors, cleaning up.","timestamp":"2026-05-08 12:03:07"}
{"level":"debug","message":"Starting edit session for user 'YzL2W1htQr2gHsBA' and instance 'JournalEntry.2Q9qui6r2HmL3Djz.JournalEntryPage.YdNpIyJ5sLY6KK3V#text.content'.","timestamp":"2026-05-08 12:03:52"}
{"level":"info","message":"Created client session a7379e569daf6940000e9971","timestamp":"2026-05-08 12:03:53"}
{"level":"debug","message":"Broadcasting autosave update for instance 'JournalEntry.2Q9qui6r2HmL3Djz.JournalEntryPage.YdNpIyJ5sLY6KK3V#text.content'.","timestamp":"2026-05-08 12:04:52"}
{"level":"debug","message":"Retiring user 'YzL2W1htQr2gHsBA' from editing session for instance 'JournalEntry.2Q9qui6r2HmL3Djz.JournalEntryPage.YdNpIyJ5sLY6KK3V#text.content'.","timestamp":"2026-05-08 12:05:15"}
{"level":"debug","message":"Instance 'JournalEntry.2Q9qui6r2HmL3Djz.JournalEntryPage.YdNpIyJ5sLY6KK3V#text.content' has no more active editors, cleaning up.","timestamp":"2026-05-08 12:05:15"}
{"level":"info","message":"Created client session 84e24bef9fda5ef9fd7cf7d9","timestamp":"2026-05-08 12:05:29"}
{"level":"info","message":"Created JournalEntry with id [ARB3vNLvKMw9HyEL]","timestamp":"2026-05-08 12:06:06"}
{"level":"info","message":"Created JournalEntryPage with id [qs31f46nXiD9Z1Ib] in parent JournalEntry [ARB3vNLvKMw9HyEL]","timestamp":"2026-05-08 12:09:44"}
{"level":"debug","message":"Starting edit session for user 'YzL2W1htQr2gHsBA' and instance 'JournalEntry.ARB3vNLvKMw9HyEL.JournalEntryPage.qs31f46nXiD9Z1Ib#text.content'.","timestamp":"2026-05-08 12:09:44"}
{"level":"debug","message":"Retiring user 'YzL2W1htQr2gHsBA' from editing session for instance 'JournalEntry.ARB3vNLvKMw9HyEL.JournalEntryPage.qs31f46nXiD9Z1Ib#text.content'.","timestamp":"2026-05-08 12:09:46"}
{"level":"debug","message":"Instance 'JournalEntry.ARB3vNLvKMw9HyEL.JournalEntryPage.qs31f46nXiD9Z1Ib#text.content' has no more active editors, cleaning up.","timestamp":"2026-05-08 12:09:46"}
{"level":"info","message":"Created Note with id [pFOIpdHCj5k8pLdv] in parent Scene [zzdKsJVYne8kySuq]","timestamp":"2026-05-08 12:09:54"}
{"level":"info","message":"Created Note with id [MEQ2shV8k7xuSNo7] in parent Scene [zzdKsJVYne8kySuq]","timestamp":"2026-05-08 12:09:57"}
{"level":"info","message":"Created JournalEntryPage with id [pwA9lU1jAmJO8uDY] in parent JournalEntry [ARB3vNLvKMw9HyEL]","timestamp":"2026-05-08 12:10:06"}
{"level":"debug","message":"Starting edit session for user 'YzL2W1htQr2gHsBA' and instance 'JournalEntry.ARB3vNLvKMw9HyEL.JournalEntryPage.pwA9lU1jAmJO8uDY#text.content'.","timestamp":"2026-05-08 12:10:06"}
{"level":"debug","message":"Retiring user 'YzL2W1htQr2gHsBA' from editing session for instance 'JournalEntry.ARB3vNLvKMw9HyEL.JournalEntryPage.pwA9lU1jAmJO8uDY#text.content'.","timestamp":"2026-05-08 12:10:08"}
{"level":"debug","message":"Instance 'JournalEntry.ARB3vNLvKMw9HyEL.JournalEntryPage.pwA9lU1jAmJO8uDY#text.content' has no more active editors, cleaning up.","timestamp":"2026-05-08 12:10:08"}
{"level":"debug","message":"Starting edit session for user 'YzL2W1htQr2gHsBA' and instance 'JournalEntry.ARB3vNLvKMw9HyEL.JournalEntryPage.pwA9lU1jAmJO8uDY#text.content'.","timestamp":"2026-05-08 12:10:11"}
{"level":"debug","message":"Retiring user 'YzL2W1htQr2gHsBA' from editing session for instance 'JournalEntry.ARB3vNLvKMw9HyEL.JournalEntryPage.pwA9lU1jAmJO8uDY#text.content'.","timestamp":"2026-05-08 12:10:15"}
{"level":"debug","message":"Instance 'JournalEntry.ARB3vNLvKMw9HyEL.JournalEntryPage.pwA9lU1jAmJO8uDY#text.content' has no more active editors, cleaning up.","timestamp":"2026-05-08 12:10:15"}
{"level":"debug","message":"Starting edit session for user 'YzL2W1htQr2gHsBA' and instance 'JournalEntry.ARB3vNLvKMw9HyEL.JournalEntryPage.pwA9lU1jAmJO8uDY#text.content'.","timestamp":"2026-05-08 12:10:15"}
{"level":"debug","message":"Retiring user 'YzL2W1htQr2gHsBA' from editing session for instance 'JournalEntry.ARB3vNLvKMw9HyEL.JournalEntryPage.pwA9lU1jAmJO8uDY#text.content'.","timestamp":"2026-05-08 12:10:16"}
{"level":"debug","message":"Instance 'JournalEntry.ARB3vNLvKMw9HyEL.JournalEntryPage.pwA9lU1jAmJO8uDY#text.content' has no more active editors, cleaning up.","timestamp":"2026-05-08 12:10:16"}
{"level":"info","message":"Created Note with id [ck0P9MGaPiWFcWU5] in parent Scene [zzdKsJVYne8kySuq]","timestamp":"2026-05-08 12:10:19"}
{"level":"debug","message":"Starting edit session for user 'YzL2W1htQr2gHsBA' and instance 'JournalEntry.ARB3vNLvKMw9HyEL.JournalEntryPage.pwA9lU1jAmJO8uDY#text.content'.","timestamp":"2026-05-08 12:10:56"}
{"level":"debug","message":"Retiring user 'YzL2W1htQr2gHsBA' from editing session for instance 'JournalEntry.ARB3vNLvKMw9HyEL.JournalEntryPage.pwA9lU1jAmJO8uDY#text.content'.","timestamp":"2026-05-08 12:11:44"}
{"level":"debug","message":"Instance 'JournalEntry.ARB3vNLvKMw9HyEL.JournalEntryPage.pwA9lU1jAmJO8uDY#text.content' has no more active editors, cleaning up.","timestamp":"2026-05-08 12:11:44"}
{"level":"info","message":"Created client session e58754266857a9d81f993f98","timestamp":"2026-05-08 12:12:22"}
{"level":"debug","message":"Starting edit session for user 'YzL2W1htQr2gHsBA' and instance 'JournalEntry.ARB3vNLvKMw9HyEL.JournalEntryPage.qs31f46nXiD9Z1Ib#text.content'.","timestamp":"2026-05-08 12:12:38"}
{"level":"debug","message":"Retiring user 'YzL2W1htQr2gHsBA' from editing session for instance 'JournalEntry.ARB3vNLvKMw9HyEL.JournalEntryPage.qs31f46nXiD9Z1Ib#text.content'.","timestamp":"2026-05-08 12:13:10"}
{"level":"debug","message":"Instance 'JournalEntry.ARB3vNLvKMw9HyEL.JournalEntryPage.qs31f46nXiD9Z1Ib#text.content' has no more active editors, cleaning up.","timestamp":"2026-05-08 12:13:10"}
{"level":"info","message":"Created JournalEntry with id [AAIC5FlZ45WmpfP1]","timestamp":"2026-05-08 12:14:39"}
{"level":"info","message":"Created JournalEntryPage with id [Tnwl5uUzYMMFxBp5] in parent JournalEntry [AAIC5FlZ45WmpfP1]","timestamp":"2026-05-08 12:14:49"}
{"level":"debug","message":"Starting edit session for user 'YzL2W1htQr2gHsBA' and instance 'JournalEntry.AAIC5FlZ45WmpfP1.JournalEntryPage.Tnwl5uUzYMMFxBp5#text.content'.","timestamp":"2026-05-08 12:14:49"}
{"level":"debug","message":"Broadcasting autosave update for instance 'JournalEntry.AAIC5FlZ45WmpfP1.JournalEntryPage.Tnwl5uUzYMMFxBp5#text.content'.","timestamp":"2026-05-08 12:15:49"}
{"level":"info","message":"Created client session 303c418ae1aa5cc234e6d5fb","timestamp":"2026-05-08 12:17:28"}
{"level":"info","message":"Created client session d99013bf57e58aaaa01fe635","timestamp":"2026-05-08 12:25:13"}
{"level":"debug","message":"Broadcasting autosave update for instance 'JournalEntry.AAIC5FlZ45WmpfP1.JournalEntryPage.Tnwl5uUzYMMFxBp5#text.content'.","timestamp":"2026-05-08 12:32:49"}
{"level":"debug","message":"Broadcasting autosave update for instance 'JournalEntry.AAIC5FlZ45WmpfP1.JournalEntryPage.Tnwl5uUzYMMFxBp5#text.content'.","timestamp":"2026-05-08 12:33:49"}
{"level":"debug","message":"Broadcasting autosave update for instance 'JournalEntry.AAIC5FlZ45WmpfP1.JournalEntryPage.Tnwl5uUzYMMFxBp5#text.content'.","timestamp":"2026-05-08 12:37:49"}
{"level":"debug","message":"Broadcasting autosave update for instance 'JournalEntry.AAIC5FlZ45WmpfP1.JournalEntryPage.Tnwl5uUzYMMFxBp5#text.content'.","timestamp":"2026-05-08 12:40:49"}
{"level":"info","message":"Created JournalEntryPage with id [2bCPl3l8t36wO3Uz] in parent JournalEntry [AAIC5FlZ45WmpfP1]","timestamp":"2026-05-08 12:41:32"}
{"level":"debug","message":"Starting edit session for user 'YzL2W1htQr2gHsBA' and instance 'JournalEntry.AAIC5FlZ45WmpfP1.JournalEntryPage.2bCPl3l8t36wO3Uz#text.content'.","timestamp":"2026-05-08 12:41:32"}
{"level":"debug","message":"Broadcasting autosave update for instance 'JournalEntry.AAIC5FlZ45WmpfP1.JournalEntryPage.Tnwl5uUzYMMFxBp5#text.content'.","timestamp":"2026-05-08 12:41:49"}
{"level":"debug","message":"Broadcasting autosave update for instance 'JournalEntry.AAIC5FlZ45WmpfP1.JournalEntryPage.2bCPl3l8t36wO3Uz#text.content'.","timestamp":"2026-05-08 12:42:32"}
{"level":"debug","message":"Broadcasting autosave update for instance 'JournalEntry.AAIC5FlZ45WmpfP1.JournalEntryPage.2bCPl3l8t36wO3Uz#text.content'.","timestamp":"2026-05-08 12:44:32"}
{"level":"info","message":"Created JournalEntryPage with id [oPcgavjIQueXhHIX] in parent JournalEntry [AAIC5FlZ45WmpfP1]","timestamp":"2026-05-08 13:07:06"}
{"level":"debug","message":"Starting edit session for user 'YzL2W1htQr2gHsBA' and instance 'JournalEntry.AAIC5FlZ45WmpfP1.JournalEntryPage.oPcgavjIQueXhHIX#text.content'.","timestamp":"2026-05-08 13:07:06"}
{"level":"debug","message":"Broadcasting autosave update for instance 'JournalEntry.AAIC5FlZ45WmpfP1.JournalEntryPage.oPcgavjIQueXhHIX#text.content'.","timestamp":"2026-05-08 13:08:06"}
{"level":"debug","message":"Retiring user 'YzL2W1htQr2gHsBA' from editing session for instance 'JournalEntry.AAIC5FlZ45WmpfP1.JournalEntryPage.oPcgavjIQueXhHIX#text.content'.","timestamp":"2026-05-08 13:09:45"}
{"level":"debug","message":"Instance 'JournalEntry.AAIC5FlZ45WmpfP1.JournalEntryPage.oPcgavjIQueXhHIX#text.content' has no more active editors, cleaning up.","timestamp":"2026-05-08 13:09:45"}
{"level":"debug","message":"Retiring user 'YzL2W1htQr2gHsBA' from editing session for instance 'JournalEntry.AAIC5FlZ45WmpfP1.JournalEntryPage.2bCPl3l8t36wO3Uz#text.content'.","timestamp":"2026-05-08 13:10:35"}
{"level":"debug","message":"Instance 'JournalEntry.AAIC5FlZ45WmpfP1.JournalEntryPage.2bCPl3l8t36wO3Uz#text.content' has no more active editors, cleaning up.","timestamp":"2026-05-08 13:10:35"}
{"level":"debug","message":"Broadcasting autosave update for instance 'JournalEntry.AAIC5FlZ45WmpfP1.JournalEntryPage.Tnwl5uUzYMMFxBp5#text.content'.","timestamp":"2026-05-08 13:11:49"}
{"level":"debug","message":"Retiring user 'YzL2W1htQr2gHsBA' from editing session for instance 'JournalEntry.AAIC5FlZ45WmpfP1.JournalEntryPage.Tnwl5uUzYMMFxBp5#text.content'.","timestamp":"2026-05-08 13:12:05"}
{"level":"debug","message":"Instance 'JournalEntry.AAIC5FlZ45WmpfP1.JournalEntryPage.Tnwl5uUzYMMFxBp5#text.content' has no more active editors, cleaning up.","timestamp":"2026-05-08 13:12:05"}
{"level":"debug","message":"Starting edit session for user 'YzL2W1htQr2gHsBA' and instance 'JournalEntry.AAIC5FlZ45WmpfP1.JournalEntryPage.2bCPl3l8t36wO3Uz#text.content'.","timestamp":"2026-05-08 13:12:07"}
{"level":"debug","message":"Retiring user 'YzL2W1htQr2gHsBA' from editing session for instance 'JournalEntry.AAIC5FlZ45WmpfP1.JournalEntryPage.2bCPl3l8t36wO3Uz#text.content'.","timestamp":"2026-05-08 13:12:24"}
{"level":"debug","message":"Instance 'JournalEntry.AAIC5FlZ45WmpfP1.JournalEntryPage.2bCPl3l8t36wO3Uz#text.content' has no more active editors, cleaning up.","timestamp":"2026-05-08 13:12:24"}
{"level":"info","message":"Created JournalEntryPage with id [pIav30qlvTIX1Kwy] in parent JournalEntry [AAIC5FlZ45WmpfP1]","timestamp":"2026-05-08 13:12:31"}
{"level":"debug","message":"Starting edit session for user 'YzL2W1htQr2gHsBA' and instance 'JournalEntry.AAIC5FlZ45WmpfP1.JournalEntryPage.pIav30qlvTIX1Kwy#text.content'.","timestamp":"2026-05-08 13:12:31"}
{"level":"debug","message":"Retiring user 'YzL2W1htQr2gHsBA' from editing session for instance 'JournalEntry.AAIC5FlZ45WmpfP1.JournalEntryPage.pIav30qlvTIX1Kwy#text.content'.","timestamp":"2026-05-08 13:12:39"}
{"level":"debug","message":"Instance 'JournalEntry.AAIC5FlZ45WmpfP1.JournalEntryPage.pIav30qlvTIX1Kwy#text.content' has no more active editors, cleaning up.","timestamp":"2026-05-08 13:12:39"}
{"level":"debug","message":"Starting edit session for user 'YzL2W1htQr2gHsBA' and instance 'JournalEntry.jn7hdIHaubUzWu4N.JournalEntryPage.9oJGJyRzsvHx6qLz#text.content'.","timestamp":"2026-05-08 13:12:56"}
{"level":"debug","message":"Retiring user 'YzL2W1htQr2gHsBA' from editing session for instance 'JournalEntry.jn7hdIHaubUzWu4N.JournalEntryPage.9oJGJyRzsvHx6qLz#text.content'.","timestamp":"2026-05-08 13:13:58"}
{"level":"debug","message":"Instance 'JournalEntry.jn7hdIHaubUzWu4N.JournalEntryPage.9oJGJyRzsvHx6qLz#text.content' has no more active editors, cleaning up.","timestamp":"2026-05-08 13:13:58"}
{"level":"info","message":"Created client session ed0c13801f827793d28fc446","timestamp":"2026-05-08 13:20:35"}
{"level":"info","message":"Created client session d880f314975a7cbb30cafff9","timestamp":"2026-05-08 13:25:26"}
{"level":"info","message":"Dungeons & Dragons Fifth Edition update 5.3.3 is now available!","timestamp":"2026-05-08 13:33:51"}
{"level":"info","message":"Vended World data to User [YzL2W1htQr2gHsBA] in 865ms","timestamp":"2026-05-08 13:33:51"}
{"level":"info","message":"Created client session f5bce4cf31f6189f80b39694","timestamp":"2026-05-08 14:30:11"}
{"level":"info","message":"Created client session 0dc94b866f5b75721e5d2d73","timestamp":"2026-05-08 14:30:17"}
{"level":"info","message":"Created client session 69269bc7bdd7a8e00555a4ef","timestamp":"2026-05-08 14:30:33"}
{"level":"info","message":"Created client session dce80fa3f8b4873ceadb63c9","timestamp":"2026-05-08 14:30:35"}
{"level":"info","message":"Created client session e07360f7416ffb35a2edcc95","timestamp":"2026-05-08 14:30:37"}
{"level":"info","message":"Created client session 572b054d5ed9c2aa8a180dd8","timestamp":"2026-05-08 14:30:38"}
{"level":"info","message":"Created client session bfff30b1f0feecf5a6e8688f","timestamp":"2026-05-08 14:30:41"}
{"level":"info","message":"Created client session d13f316bc279f2822c73abf0","timestamp":"2026-05-08 14:30:43"}
{"level":"info","message":"Created client session 991e25be0443da1567b46a3c","timestamp":"2026-05-08 14:30:44"}
{"level":"info","message":"Created client session b9e239960dfc6eda5db1ff24","timestamp":"2026-05-08 14:30:46"}
{"level":"info","message":"Created client session 38bb3ca24afece4d74363f80","timestamp":"2026-05-08 14:30:47"}
{"level":"info","message":"Created client session d0291f93a8ecd08bd6c3256f","timestamp":"2026-05-08 14:30:50"}
{"level":"info","message":"Created client session a84975c203b4e5e97893199b","timestamp":"2026-05-08 14:30:52"}
{"level":"info","message":"Created client session 60e9c56bc98bd5559cee7329","timestamp":"2026-05-08 14:30:53"}
{"level":"info","message":"Created client session 3715b30b9875adcfa3f6e3d9","timestamp":"2026-05-08 14:30:54"}
{"level":"info","message":"Created client session 9b558c15f1c5233476c607ab","timestamp":"2026-05-08 14:30:56"}
{"level":"info","message":"Created client session 7027bf042dea326aa40f7b4f","timestamp":"2026-05-08 14:30:57"}
{"level":"info","message":"Created client session 09134d7462a64298eea1ba25","timestamp":"2026-05-08 14:30:58"}
{"level":"info","message":"Created client session 85d565987daf27343f210bcc","timestamp":"2026-05-08 14:30:59"}
{"level":"info","message":"Created client session b6627ad0aec384a198a8ac52","timestamp":"2026-05-08 14:31:01"}
{"level":"info","message":"Created client session d86da637d1b9fcbbac9ba1f3","timestamp":"2026-05-08 14:31:03"}
{"level":"info","message":"Created client session 9bc82860f39467fd5f69c775","timestamp":"2026-05-08 14:31:04"}
{"level":"info","message":"Created client session 1e09bb21f943cd2800d362fb","timestamp":"2026-05-08 14:31:05"}
{"level":"info","message":"Created client session c866e383c653a0b739be770f","timestamp":"2026-05-08 14:31:06"}
{"level":"info","message":"Created client session 48244e8783ffd633da7bf09b","timestamp":"2026-05-08 14:31:07"}
{"level":"info","message":"Created client session b1c59c8bfbcc310cd742ff59","timestamp":"2026-05-08 14:31:09"}
{"level":"info","message":"Created client session 7f3aa8a5bfacdcc3a19a2544","timestamp":"2026-05-08 14:31:10"}
{"level":"info","message":"Created client session d42761d166329b02e537b9a8","timestamp":"2026-05-08 14:31:12"}
{"level":"info","message":"Created client session 1a3f530f661b1ec85426c89c","timestamp":"2026-05-08 14:31:13"}
{"level":"info","message":"Created client session 796e6b973da5f1a94b8c4b97","timestamp":"2026-05-08 14:31:14"}
{"level":"info","message":"Created client session cc392566cc310a7e1c659f5c","timestamp":"2026-05-08 14:31:15"}
{"level":"info","message":"Created client session dabe2a84ff7d21f3ec114c34","timestamp":"2026-05-08 14:31:16"}
{"level":"info","message":"Created client session 59f853849ad8b057472d3358","timestamp":"2026-05-08 14:31:17"}
{"level":"info","message":"Created client session c3a6ab483a94bc3ca0aa39ba","timestamp":"2026-05-08 14:31:18"}
{"level":"info","message":"Created client session 4760a3aee1ab43a68b98c05a","timestamp":"2026-05-08 14:31:20"}
{"level":"info","message":"Created client session f9983e21fabb06630c48a793","timestamp":"2026-05-08 14:31:20"}
{"level":"info","message":"Created client session 9b048e4c41d2a5d46dedd07c","timestamp":"2026-05-08 14:31:22"}
{"level":"info","message":"Created client session 011a34c0a3ada1a06b759ae1","timestamp":"2026-05-08 14:31:24"}
{"level":"info","message":"Created client session 2b46f95a02f691b3be125a2c","timestamp":"2026-05-08 14:31:25"}
{"level":"info","message":"Created client session 4cc74f5dbc6364328964ad9a","timestamp":"2026-05-08 14:31:27"}
{"level":"info","message":"Created client session 4b113b03881727b97307d9b6","timestamp":"2026-05-08 15:15:04"}
{"level":"info","message":"Created client session d3b8c83df3ffd32ab9ee15d7","timestamp":"2026-05-08 15:25:38"}
{"level":"info","message":"Created client session 39ec5f7a6ef0700a78631cf6","timestamp":"2026-05-08 15:28:06"}
{"level":"info","message":"Created client session 7335d3be532f276b35ef9f7a","timestamp":"2026-05-08 15:43:54"}
{"level":"info","message":"Created client session 27a7ac26a062ce9fce165bd9","timestamp":"2026-05-08 15:44:56"}
{"level":"info","message":"Created client session 1c6583b59559ef715eb32ef2","timestamp":"2026-05-08 16:10:03"}
{"level":"info","message":"Created client session 80841071d8f95c7423cbe70e","timestamp":"2026-05-08 17:01:34"}
{"level":"info","message":"Created client session e79833caa6d0ea4c6ddfe3a8","timestamp":"2026-05-08 17:14:45"}
{"level":"info","message":"Created client session 4c057a085bfb55838b358510","timestamp":"2026-05-08 17:18:07"}
{"level":"info","message":"Created client session 096623be89598aa589bddad0","timestamp":"2026-05-08 17:24:52"}
{"level":"info","message":"Created client session a44dff71cf1c4aa24ebae328","timestamp":"2026-05-08 17:28:13"}
{"level":"info","message":"Created client session 8f3c083d61d185754d733edb","timestamp":"2026-05-08 17:29:30"}
{"level":"info","message":"Created client session 7f13cf66b62eadaa16bbd415","timestamp":"2026-05-08 17:34:00"}
{"level":"info","message":"Created client session a995b62727b55b32680efa90","timestamp":"2026-05-08 18:06:27"}
{"level":"info","message":"Created client session e5aa127390fd670674075093","timestamp":"2026-05-08 18:10:12"}
{"level":"info","message":"Created client session 52f6d158f104757045dfd84c","timestamp":"2026-05-08 18:32:14"}
{"level":"info","message":"Created client session a0837e06246f3a8f75b6dc27","timestamp":"2026-05-08 18:32:16"}
{"level":"info","message":"Created client session add0217cf59bf219ae9d0098","timestamp":"2026-05-08 18:32:39"}
{"level":"info","message":"Created client session 87b9fae64379e2026efad46a","timestamp":"2026-05-08 18:41:11"}
{"level":"info","message":"Created client session fc9d82645e39815a188e2fbf","timestamp":"2026-05-08 18:41:12"}
{"level":"info","message":"Created client session b5364173f240c6b47ea43911","timestamp":"2026-05-08 18:41:12"}
{"level":"info","message":"Created client session 4c6175c9d1f05944ae912905","timestamp":"2026-05-08 18:41:12"}
{"level":"info","message":"Created client session c8b2bdf9f92ade2b22a1c271","timestamp":"2026-05-08 18:41:12"}
{"level":"info","message":"Created client session 0425b89a98b87b262a6ab709","timestamp":"2026-05-08 18:41:12"}
{"level":"info","message":"Created client session a2afaaec5440024b043bc13a","timestamp":"2026-05-08 18:41:13"}
{"level":"info","message":"Created client session d8373b83d724522c9ab612bf","timestamp":"2026-05-08 18:41:13"}
{"level":"info","message":"Created client session 1292dcdcc6688aa099c807f2","timestamp":"2026-05-08 18:41:13"}
{"level":"info","message":"Created client session 7a7dfc5ab572f284337f775f","timestamp":"2026-05-08 18:41:13"}
{"level":"info","message":"Created client session b2387f873839ac1b2a996157","timestamp":"2026-05-08 18:41:13"}
{"level":"info","message":"Created client session cc9d0a0f7d3688b6f4b67218","timestamp":"2026-05-08 18:41:13"}
{"level":"info","message":"Created client session caa2b54d0569267a85706a99","timestamp":"2026-05-08 18:41:14"}
{"level":"info","message":"Created client session 1a4c660a5129b7f1df0e5899","timestamp":"2026-05-08 18:41:14"}
{"level":"info","message":"Created client session 87aa2012fcb18ad2e967a504","timestamp":"2026-05-08 18:41:14"}
{"level":"info","message":"Created client session bfbf396cd638810f028b5c76","timestamp":"2026-05-08 18:41:14"}
{"level":"info","message":"Created client session c34dc620c594cb7b6d5043bf","timestamp":"2026-05-08 18:41:14"}
{"level":"info","message":"Created client session beda13fb01e9e9c913989345","timestamp":"2026-05-08 18:41:14"}
{"level":"info","message":"Created client session 5fcb90d1264d325afa425a55","timestamp":"2026-05-08 18:41:14"}
{"level":"info","message":"Created client session 33776563bdf9b68299bb9677","timestamp":"2026-05-08 18:41:14"}
{"level":"info","message":"Created client session 8efd0d46679b1c53fd55f7cb","timestamp":"2026-05-08 18:41:14"}
{"level":"info","message":"Created client session f216fbfa645a32e4bcd98bc2","timestamp":"2026-05-08 18:41:14"}
{"level":"info","message":"Created client session 499cea6dbff7b54a82772b98","timestamp":"2026-05-08 18:41:14"}
{"level":"info","message":"Created client session ec1a02380d9bc415b0c34ed7","timestamp":"2026-05-08 18:41:14"}
{"level":"info","message":"Created client session 579b3c8392b7c512d02c7f55","timestamp":"2026-05-08 18:41:14"}
{"level":"info","message":"Created client session b66865177faaa8a5eb0ba3b9","timestamp":"2026-05-08 18:41:14"}
{"level":"info","message":"Created client session 25a6f83c7720e9a6ea23199f","timestamp":"2026-05-08 18:41:15"}
{"level":"info","message":"Created client session 06ed4425396edf06f9356005","timestamp":"2026-05-08 18:41:15"}
{"level":"info","message":"Created client session 571924fc692119590ea92f84","timestamp":"2026-05-08 18:41:15"}
{"level":"info","message":"Created client session 158733afbb40ef057d551407","timestamp":"2026-05-08 18:41:15"}
{"level":"info","message":"Created client session cc94a6affc3f176c66325206","timestamp":"2026-05-08 18:41:15"}
{"level":"info","message":"Created client session e0c00bbdc0aee62711f26d84","timestamp":"2026-05-08 18:41:15"}
{"level":"info","message":"Created client session 4aa9dabfcc58ca07078e387d","timestamp":"2026-05-08 18:41:15"}
{"level":"info","message":"Created client session 5f817e72b009f085dae70a3d","timestamp":"2026-05-08 18:41:15"}
{"level":"info","message":"Created client session 6bc5ec55a6702bf2f29fefa8","timestamp":"2026-05-08 18:41:15"}
{"level":"info","message":"Created client session 9fba0a8fee9de789ac632e04","timestamp":"2026-05-08 18:41:15"}
{"level":"info","message":"Created client session 3fe6133aa59611866ee8d56d","timestamp":"2026-05-08 18:41:16"}
{"level":"info","message":"Created client session c0be8390318be58ca762bec1","timestamp":"2026-05-08 18:41:16"}
{"level":"info","message":"Created client session 666c01c06427b0dda47c28ff","timestamp":"2026-05-08 18:41:16"}
{"level":"info","message":"Created client session 6466366ee4ad14caa0854f8a","timestamp":"2026-05-08 18:41:16"}
{"level":"info","message":"Created client session 454a6e7faac618ca48d24ab7","timestamp":"2026-05-08 18:41:17"}
{"level":"info","message":"Created client session c0b2cb176f9c073e7656ba80","timestamp":"2026-05-08 18:41:17"}
{"level":"info","message":"Created client session a8fb121619ea694c088b135d","timestamp":"2026-05-08 18:41:17"}
{"level":"info","message":"Created client session 0e1159d17f688d7a3ba14057","timestamp":"2026-05-08 18:41:17"}
{"level":"info","message":"Created client session bbe0e36348d86c84bfd5c685","timestamp":"2026-05-08 18:49:39"}
{"level":"info","message":"Created client session f579a6b26f15fe4975cc577c","timestamp":"2026-05-08 18:52:16"}
{"level":"info","message":"Created client session fa2bb773f9e83c2359408569","timestamp":"2026-05-08 18:52:20"}
{"level":"info","message":"Created client session a49bdef81fed4c5627d64967","timestamp":"2026-05-08 19:04:00"}
{"level":"info","message":"Toggling game pause status to true","timestamp":"2026-05-08 19:04:00"}
{"ip":"::ffff:127.0.0.1","level":"info","message":"User authentication successful for user Vandor","session":"a49bdef81fed4c5627d64967","timestamp":"2026-05-08 19:04:10"}
{"level":"info","message":"Dungeons & Dragons Fifth Edition update 5.3.3 is now available!","timestamp":"2026-05-08 19:04:11"}
{"level":"info","message":"Vended World data to User [7fNHm3YbN0rkIUxL] in 688ms","timestamp":"2026-05-08 19:04:11"}
{"level":"info","message":"Toggling game pause status to false","timestamp":"2026-05-08 19:04:46"}
{"level":"info","message":"Toggling game pause status to true","timestamp":"2026-05-08 19:04:48"}
{"level":"info","message":"Created client session d9ae982ce58d8aac4ce5f0b1","timestamp":"2026-05-08 19:05:33"}
{"ip":"::1","level":"info","message":"User authentication successful for user Erevan","session":"d9ae982ce58d8aac4ce5f0b1","timestamp":"2026-05-08 19:05:41"}
{"level":"info","message":"Dungeons & Dragons Fifth Edition update 5.3.3 is now available!","timestamp":"2026-05-08 19:05:42"}
{"level":"info","message":"Vended World data to User [d7Jxxn5B6j1l4Shx] in 603ms","timestamp":"2026-05-08 19:05:42"}
{"level":"info","message":"Created client session e8ca6d9dd64b44c45e1d4ba4","timestamp":"2026-05-08 19:07:04"}
{"ip":"::ffff:127.0.0.1","level":"warn","message":"User authentication failed for user Thiala; invalid password","session":"e8ca6d9dd64b44c45e1d4ba4","status":401,"timestamp":"2026-05-08 19:07:10"}
{"ip":"::1","level":"warn","message":"User authentication failed for user Thiala; invalid password","session":"e8ca6d9dd64b44c45e1d4ba4","status":401,"timestamp":"2026-05-08 19:07:13"}
{"ip":"::ffff:127.0.0.1","level":"info","message":"User authentication successful for user Thiala","session":"e8ca6d9dd64b44c45e1d4ba4","timestamp":"2026-05-08 19:07:24"}
{"level":"info","message":"Dungeons & Dragons Fifth Edition update 5.3.3 is now available!","timestamp":"2026-05-08 19:07:26"}
{"level":"info","message":"Vended World data to User [sjYkV3qNoQe97JYZ] in 567ms","timestamp":"2026-05-08 19:07:26"}
{"level":"info","message":"Created client session fa6e26c523b4fdc264fa0053","timestamp":"2026-05-08 19:07:51"}
{"level":"info","message":"Created client session cb51c1d08ecdd5c891bc5b2d","timestamp":"2026-05-08 19:09:07"}
{"level":"info","message":"Created client session d7cf7cec379ad408e68f1c2c","timestamp":"2026-05-08 19:09:07"}
{"level":"info","message":"Created client session ccc69c927b57eec106775b35","timestamp":"2026-05-08 19:09:07"}
{"level":"info","message":"Created client session 4edc1e1071a74ef3cf21f3c8","timestamp":"2026-05-08 19:09:07"}
{"level":"info","message":"Created client session f8c5e1bf5d7ac5e3f253b39f","timestamp":"2026-05-08 19:09:07"}
{"level":"info","message":"Created client session d69ab052a5ad40e61e00698f","timestamp":"2026-05-08 19:09:07"}
{"level":"info","message":"Created client session 9f96d56e30d7f6ac7f79109d","timestamp":"2026-05-08 19:09:07"}
{"level":"info","message":"Created client session b0933fe8db00e479c047ff7c","timestamp":"2026-05-08 19:09:07"}
{"level":"info","message":"Created client session 0f25a4551f28b1b4b89cfb30","timestamp":"2026-05-08 19:09:07"}
{"level":"info","message":"Created client session 8bf7268be58377e47f4769fa","timestamp":"2026-05-08 19:09:07"}
{"level":"info","message":"Created client session 45a5df3bb0f79fc3005e6c10","timestamp":"2026-05-08 19:09:07"}
{"level":"info","message":"Created client session 34937ef05b69522d1a323bef","timestamp":"2026-05-08 19:09:07"}
{"level":"info","message":"Created client session 2e847a391756e72642b4fcd5","timestamp":"2026-05-08 19:09:08"}
{"level":"info","message":"Created client session 96d6f1754a42fe8e76fa19c1","timestamp":"2026-05-08 19:09:08"}
{"level":"info","message":"Created client session 3a274d89aa08e79f6a457295","timestamp":"2026-05-08 19:09:08"}
{"level":"info","message":"Created client session 6bd98d31ab169a46b7cf9dd5","timestamp":"2026-05-08 19:09:08"}
{"level":"info","message":"Created client session 2c71dc0cd1c549264337fbc8","timestamp":"2026-05-08 19:09:08"}
{"level":"info","message":"Created client session 6d7e3f82574326c384100a61","timestamp":"2026-05-08 19:09:08"}
{"level":"info","message":"Created client session 443530413d11e57ae37c346b","timestamp":"2026-05-08 19:09:08"}
{"level":"info","message":"Created client session 8194a6eae63151b875c8defa","timestamp":"2026-05-08 19:09:08"}
{"level":"info","message":"Created client session 4926ca30eec0a179a3365b48","timestamp":"2026-05-08 19:09:08"}
{"level":"info","message":"Created client session 0e45ce4875eae9d522862460","timestamp":"2026-05-08 19:09:08"}
{"level":"info","message":"Created client session 201c854f87529ae157687dd0","timestamp":"2026-05-08 19:09:08"}
{"level":"info","message":"Created client session 3d8c951303913d58063087bc","timestamp":"2026-05-08 19:09:08"}
{"level":"info","message":"Created client session 926487c4b3081c8d4b9ec3ec","timestamp":"2026-05-08 19:09:08"}
{"level":"info","message":"Created client session ab7ace43fe7869c04102e0f6","timestamp":"2026-05-08 19:09:08"}
{"level":"info","message":"Created client session f17a067268c9abc2314ddca8","timestamp":"2026-05-08 19:09:08"}
{"level":"info","message":"Created client session 74d0741da2fc07f4aed01d98","timestamp":"2026-05-08 19:09:08"}
{"level":"info","message":"Created client session 8d9125976301d9997ead16f1","timestamp":"2026-05-08 19:09:08"}
{"level":"info","message":"Created client session 535cb6581db47942c5259f2c","timestamp":"2026-05-08 19:09:08"}
{"level":"info","message":"Created client session 43b670c1d61dcb7d204ed080","timestamp":"2026-05-08 19:09:08"}
{"level":"info","message":"Created client session 292bf44085bce1552b234034","timestamp":"2026-05-08 19:09:09"}
{"level":"info","message":"Created client session 2c9a8b7eac5a812446f865bd","timestamp":"2026-05-08 19:09:09"}
{"level":"info","message":"Created client session 32763a6d30bdd6e38d00127b","timestamp":"2026-05-08 19:09:09"}
{"level":"info","message":"Created client session 250f347bbc03889cabe7ece7","timestamp":"2026-05-08 19:09:09"}
{"level":"info","message":"Created client session 3fe7461f5f589617a59626f2","timestamp":"2026-05-08 19:09:09"}
{"level":"info","message":"Created client session a05590764f77b1e983b7eabe","timestamp":"2026-05-08 19:09:09"}
{"level":"info","message":"Created client session dfa876ef09a7268eea17b229","timestamp":"2026-05-08 19:09:09"}
{"level":"info","message":"Created client session 73403646de5943605f3acfa1","timestamp":"2026-05-08 19:09:09"}
{"level":"info","message":"Created client session f43abc315ff392a67d236d62","timestamp":"2026-05-08 19:09:09"}
{"level":"info","message":"Created client session 766c378d7f511912f45a8c5f","timestamp":"2026-05-08 19:09:09"}
{"level":"info","message":"Created client session bd1bfd3ae6636f345fb3f1d2","timestamp":"2026-05-08 19:09:09"}
{"level":"info","message":"Created client session 0c09190227a7d6d4202e0ade","timestamp":"2026-05-08 19:09:09"}
{"level":"info","message":"Created client session 256f0bb6c644be644fdba65b","timestamp":"2026-05-08 19:09:09"}
{"level":"info","message":"Created client session 94157fbf4b6d1dd29cc65b19","timestamp":"2026-05-08 19:09:09"}
{"level":"info","message":"Created client session 1ff871452e9870625266cb3e","timestamp":"2026-05-08 19:09:09"}
{"level":"info","message":"Created client session d6bfe2081d6120399ff8ad35","timestamp":"2026-05-08 19:09:09"}
{"level":"info","message":"Created client session 3c88aa77bf6beb9f9afe0a62","timestamp":"2026-05-08 19:09:09"}
{"level":"info","message":"Created client session 2dbb060a848000cf8bae5db3","timestamp":"2026-05-08 19:09:09"}
{"level":"info","message":"Created client session 26f391074c1eb5dbc3f20be9","timestamp":"2026-05-08 19:09:09"}
{"level":"info","message":"Created client session db41bd71029b9729a7c19915","timestamp":"2026-05-08 19:09:09"}
{"level":"info","message":"Created client session 2de7a784b11b86072d5d74fa","timestamp":"2026-05-08 19:09:09"}
{"level":"info","message":"Created client session 57e63bfd879d543aa83ae113","timestamp":"2026-05-08 19:09:09"}
{"level":"info","message":"Created client session 2b525b620c1a8f5eac12063c","timestamp":"2026-05-08 19:09:09"}
{"level":"info","message":"Created client session 6809e03969f90b37c9adcbe6","timestamp":"2026-05-08 19:09:10"}
{"level":"info","message":"Created client session 4b8a5a793e0a9d5f381696d9","timestamp":"2026-05-08 19:09:10"}
{"level":"info","message":"Created client session d88b0d762336d22366364df9","timestamp":"2026-05-08 19:09:10"}
{"level":"info","message":"Created client session c3925c00616621b65b4ccf93","timestamp":"2026-05-08 19:09:10"}
{"level":"info","message":"Created client session 41256472f41f768860e650d1","timestamp":"2026-05-08 19:09:10"}
{"level":"info","message":"Created client session b9b6fcbbe926fee830dd241b","timestamp":"2026-05-08 19:09:10"}
{"level":"info","message":"Created client session 2bb1d79ff0c96bcb643913b3","timestamp":"2026-05-08 19:09:10"}
{"level":"info","message":"Created client session 63e1a40746ac33b545f50a71","timestamp":"2026-05-08 19:11:07"}
{"level":"info","message":"Created client session 98d3d7e44b22f2c1a3175cc9","timestamp":"2026-05-08 19:21:08"}
{"ip":"::1","level":"info","message":"User authentication successful for user Barogart","session":"98d3d7e44b22f2c1a3175cc9","timestamp":"2026-05-08 19:21:19"}
{"level":"info","message":"Created client session 30bfa888970579273cc79f64","timestamp":"2026-05-08 19:21:20"}
{"level":"info","message":"Dungeons & Dragons Fifth Edition update 5.3.3 is now available!","timestamp":"2026-05-08 19:21:21"}
{"level":"info","message":"Vended World data to User [y8opEFHvV7c7QIhq] in 658ms","timestamp":"2026-05-08 19:21:21"}
{"level":"info","message":"Created client session 004afceb1bcd2c5a568e2757","timestamp":"2026-05-08 19:24:48"}
{"level":"info","message":"Created client session dfd9ccdb36d0e6e4594c8594","timestamp":"2026-05-08 19:26:10"}
{"level":"info","message":"Toggling game pause status to false","timestamp":"2026-05-08 19:29:44"}
{"level":"info","message":"Created ChatMessage with id [tEs4J2HB4Tqo3noZ]","timestamp":"2026-05-08 19:30:24"}
{"level":"info","message":"Created client session 60b4259734a460ac5e7cc32c","timestamp":"2026-05-08 19:30:55"}
{"level":"info","message":"Created ChatMessage with id [09JDNsxyJzA7SSRO]","timestamp":"2026-05-08 19:47:21"}
{"level":"info","message":"Created ChatMessage with id [XtZwlN3sCsXRzhim]","timestamp":"2026-05-08 19:51:06"}
{"level":"info","message":"Created ActiveEffect with id [WkTzCHqQkWeuCl7H] in parent Actor [Mzp9Dcz9ff8SEHHD]","timestamp":"2026-05-08 19:52:37"}
{"level":"info","message":"Created ChatMessage with id [SfkXpubr1mDJrGf6]","timestamp":"2026-05-08 19:52:37"}
{"level":"info","message":"Created Region with id [TJVZY0T3PlUS99iK] in parent Scene [mDTlNChiXKJL6tUz]","timestamp":"2026-05-08 19:52:39"}
{"level":"info","message":"Deleted Region with id [TJVZY0T3PlUS99iK] in parent Scene [mDTlNChiXKJL6tUz]","timestamp":"2026-05-08 19:52:55"}
{"level":"info","message":"Created ChatMessage with id [r6mU4mgyjDXVR2uP]","timestamp":"2026-05-08 19:56:55"}
{"level":"info","message":"Created client session b4495a8138c5a9c9f32c2f12","timestamp":"2026-05-08 20:19:52"}
{"level":"info","message":"Created client session 7ec30ec856e8c02b78eb40ba","timestamp":"2026-05-08 20:23:32"}
{"level":"info","message":"Created client session 3136450e8547df0a55c87adf","timestamp":"2026-05-08 20:46:11"}
{"level":"info","message":"Created client session 9cc14729361857896ffa2f51","timestamp":"2026-05-08 20:46:12"}
{"level":"info","message":"Created Token with id [WN3X8vo3ArQBUnr8] in parent Scene [ydd9vPKLQgLjyUXS]","timestamp":"2026-05-08 20:48:36"}
{"level":"info","message":"Created Drawing with id [anP7wCqmguglpNCy] in parent Scene [mDTlNChiXKJL6tUz]","timestamp":"2026-05-08 20:51:36"}
{"level":"info","message":"Deleted Drawing with id [anP7wCqmguglpNCy] in parent Scene [mDTlNChiXKJL6tUz]","timestamp":"2026-05-08 20:51:38"}
{"level":"info","message":"Created Drawing with id [l12OwsWU3Cdem23m] in parent Scene [mDTlNChiXKJL6tUz]","timestamp":"2026-05-08 20:52:02"}
{"level":"info","message":"Deleted Drawing with id [l12OwsWU3Cdem23m] in parent Scene [mDTlNChiXKJL6tUz]","timestamp":"2026-05-08 20:52:45"}
{"level":"info","message":"Created ChatMessage with id [UJWroKRbQN2Jwa5m]","timestamp":"2026-05-08 20:56:04"}
{"level":"info","message":"Created ChatMessage with id [QpzOB7jmwHJRiLIf]","timestamp":"2026-05-08 20:56:27"}
{"level":"info","message":"Created ChatMessage with id [OL6krpBHHxg3e8ST]","timestamp":"2026-05-08 20:56:35"}
{"level":"info","message":"Created ChatMessage with id [ICGo2ihD2zl39dp0]","timestamp":"2026-05-08 20:57:05"}
{"level":"info","message":"Created client session 3505494c4e01beb7235d6fc7","timestamp":"2026-05-08 21:36:12"}
{"level":"info","message":"Created ChatMessage with id [EM6CAeEb8lN4A6Nv]","timestamp":"2026-05-08 21:38:43"}
{"level":"info","message":"Created ChatMessage with id [tEwR1SlTNy7UVvSW]","timestamp":"2026-05-08 21:51:44"}
{"level":"info","message":"Created client session 55477a2a4b214fbdc47c6ff9","timestamp":"2026-05-08 21:55:32"}
{"level":"info","message":"Created Item with id [tnNqy1nc1W4jgj8J] in parent Actor [PaW5YJwuaFlOREtj]","timestamp":"2026-05-08 21:57:53"}
{"level":"info","message":"Toggling game pause status to true","timestamp":"2026-05-08 22:20:22"}
{"level":"info","message":"Toggling game pause status to false","timestamp":"2026-05-08 22:20:22"}
{"level":"info","message":"Created client session 017af4e8f44b484b52aefd28","timestamp":"2026-05-08 22:22:33"}
{"level":"info","message":"Deleted Token with id [jwBcTdignr8uDlkA] in parent Scene [mDTlNChiXKJL6tUz]","timestamp":"2026-05-08 22:24:51"}
{"level":"info","message":"Created Token with id [XZ9umezcwqY1ADfh] in parent Scene [ydd9vPKLQgLjyUXS]","timestamp":"2026-05-08 22:24:52"}
{"level":"info","message":"Created FogExploration with id [HFTg6XsUWbFLN9rU]","timestamp":"2026-05-08 22:24:54"}
{"level":"info","message":"Deleted Token with id [Ab91Cj5uqFtTwvRn] in parent Scene [mDTlNChiXKJL6tUz]","timestamp":"2026-05-08 22:24:57"}
{"level":"info","message":"Created Token with id [82Ov05HEEkIEYpHi] in parent Scene [ydd9vPKLQgLjyUXS]","timestamp":"2026-05-08 22:24:57"}
{"level":"info","message":"Deleted Token with id [2d9woZjT2vJN3GHu] in parent Scene [mDTlNChiXKJL6tUz]","timestamp":"2026-05-08 22:24:58"}
{"level":"info","message":"Created Token with id [mevTVWtcETuN6hzK] in parent Scene [ydd9vPKLQgLjyUXS]","timestamp":"2026-05-08 22:24:58"}
{"level":"info","message":"Created FogExploration with id [ArsBCiEPw5tBi4q1]","timestamp":"2026-05-08 22:25:00"}
{"level":"info","message":"Created FogExploration with id [Q9rVWnjHtCMF3Iei]","timestamp":"2026-05-08 22:25:00"}
{"level":"info","message":"Deleted Token with id [82Ov05HEEkIEYpHi] in parent Scene [ydd9vPKLQgLjyUXS]","timestamp":"2026-05-08 22:25:04"}
{"level":"info","message":"Created Token with id [s6RkUgJtrZ9qA9dA] in parent Scene [mDTlNChiXKJL6tUz]","timestamp":"2026-05-08 22:25:04"}
{"level":"info","message":"Deleted Token with id [s6RkUgJtrZ9qA9dA] in parent Scene [mDTlNChiXKJL6tUz]","timestamp":"2026-05-08 22:25:07"}
{"level":"info","message":"Created Token with id [LLUWfUYbVpXpGwWq] in parent Scene [ydd9vPKLQgLjyUXS]","timestamp":"2026-05-08 22:25:07"}
{"level":"info","message":"Deleted Token with id [PmHJ4xZdEckO96oU] in parent Scene [mDTlNChiXKJL6tUz]","timestamp":"2026-05-08 22:25:16"}
{"level":"info","message":"Created Token with id [L8L01eDIhII6GzzJ] in parent Scene [ydd9vPKLQgLjyUXS]","timestamp":"2026-05-08 22:25:16"}
{"level":"info","message":"Deleted Token with id [L8L01eDIhII6GzzJ] in parent Scene [ydd9vPKLQgLjyUXS]","timestamp":"2026-05-08 22:25:18"}
{"level":"info","message":"Created Token with id [F5v9ZGlA8rvg95E5] in parent Scene [mDTlNChiXKJL6tUz]","timestamp":"2026-05-08 22:25:18"}
{"level":"info","message":"Created FogExploration with id [LkqeeB2cnPIecIXc]","timestamp":"2026-05-08 22:25:18"}
{"level":"info","message":"Deleted Token with id [F5v9ZGlA8rvg95E5] in parent Scene [mDTlNChiXKJL6tUz]","timestamp":"2026-05-08 22:25:20"}
{"level":"info","message":"Created Token with id [OTD5Iv2FFT6VhSIt] in parent Scene [ydd9vPKLQgLjyUXS]","timestamp":"2026-05-08 22:25:20"}
{"level":"info","message":"Created FogExploration with id [ChtKZmeXXdo5Evvv]","timestamp":"2026-05-08 22:29:52"}
{"level":"info","message":"Created client session 2dde60c0b7c750a086445d83","timestamp":"2026-05-08 22:32:32"}
{"level":"info","message":"Created ChatMessage with id [6UjCb45ty9g7u7IO]","timestamp":"2026-05-08 22:33:56"}
{"level":"info","message":"Created ChatMessage with id [HX4uebaF3RU1OBTO]","timestamp":"2026-05-08 22:34:55"}
{"level":"info","message":"Created ChatMessage with id [6uXzvU5veLsMhYG6]","timestamp":"2026-05-08 22:40:17"}
{"level":"info","message":"Deleted Token with id [OTD5Iv2FFT6VhSIt] in parent Scene [ydd9vPKLQgLjyUXS]","timestamp":"2026-05-08 22:47:39"}
{"level":"info","message":"Created Token with id [MRRG253SXaSuVowg] in parent Scene [zzdKsJVYne8kySuq]","timestamp":"2026-05-08 22:47:39"}
{"level":"info","message":"Deleted Token with id [XZ9umezcwqY1ADfh] in parent Scene [ydd9vPKLQgLjyUXS]","timestamp":"2026-05-08 22:47:40"}
{"level":"info","message":"Created Token with id [YOogJAlfyg72qk8l] in parent Scene [zzdKsJVYne8kySuq]","timestamp":"2026-05-08 22:47:40"}
{"level":"info","message":"Deleted Token with id [LLUWfUYbVpXpGwWq] in parent Scene [ydd9vPKLQgLjyUXS]","timestamp":"2026-05-08 22:47:40"}
{"level":"info","message":"Created Token with id [hSw6xHuMtBmpKC85] in parent Scene [zzdKsJVYne8kySuq]","timestamp":"2026-05-08 22:47:41"}
{"level":"info","message":"Deleted Token with id [mevTVWtcETuN6hzK] in parent Scene [ydd9vPKLQgLjyUXS]","timestamp":"2026-05-08 22:47:41"}
{"level":"info","message":"Created Token with id [DVYU025srgJ6fa4W] in parent Scene [zzdKsJVYne8kySuq]","timestamp":"2026-05-08 22:47:42"}
{"level":"info","message":"Created FogExploration with id [0qiuj8hEpSBcxZ7H]","timestamp":"2026-05-08 22:47:42"}
{"level":"info","message":"Created FogExploration with id [dcIg7A0pkkXBNp37]","timestamp":"2026-05-08 22:47:43"}
{"level":"info","message":"Created FogExploration with id [xoWc9pdo91EUnTAB]","timestamp":"2026-05-08 22:47:44"}
{"level":"info","message":"Created FogExploration with id [bra8lEIqQ68TNAiQ]","timestamp":"2026-05-08 22:47:45"}
{"level":"info","message":"Deleted Wall with id [qLLF0qppi7ioklGs] in parent Scene [zzdKsJVYne8kySuq]","timestamp":"2026-05-08 22:48:01"}
{"level":"info","message":"Deleted Token with id [YOogJAlfyg72qk8l] in parent Scene [zzdKsJVYne8kySuq]","timestamp":"2026-05-08 22:48:40"}
{"level":"info","message":"Created Token with id [747lhtPrcCdCIzWT] in parent Scene [ydd9vPKLQgLjyUXS]","timestamp":"2026-05-08 22:48:40"}
{"level":"info","message":"Deleted Token with id [747lhtPrcCdCIzWT] in parent Scene [ydd9vPKLQgLjyUXS]","timestamp":"2026-05-08 22:48:42"}
{"level":"info","message":"Created Token with id [3btMlo027DXTAQH1] in parent Scene [zzdKsJVYne8kySuq]","timestamp":"2026-05-08 22:48:42"}
{"level":"info","message":"Deleted Token with id [MRRG253SXaSuVowg] in parent Scene [zzdKsJVYne8kySuq]","timestamp":"2026-05-08 22:49:22"}
{"level":"info","message":"Created Token with id [v3qCW2GP2d8ikoY4] in parent Scene [g69WCDHJm79AwLfO]","timestamp":"2026-05-08 22:49:22"}
{"level":"info","message":"Deleted Token with id [hSw6xHuMtBmpKC85] in parent Scene [zzdKsJVYne8kySuq]","timestamp":"2026-05-08 22:49:22"}
{"level":"info","message":"Created Token with id [a9ITMXqmYdj2dJKM] in parent Scene [g69WCDHJm79AwLfO]","timestamp":"2026-05-08 22:49:22"}
{"level":"info","message":"Deleted Token with id [3btMlo027DXTAQH1] in parent Scene [zzdKsJVYne8kySuq]","timestamp":"2026-05-08 22:49:23"}
{"level":"info","message":"Created Token with id [DVDO9vrmSFdbgXGt] in parent Scene [g69WCDHJm79AwLfO]","timestamp":"2026-05-08 22:49:23"}
{"level":"info","message":"Deleted Token with id [DVYU025srgJ6fa4W] in parent Scene [zzdKsJVYne8kySuq]","timestamp":"2026-05-08 22:49:24"}
{"level":"info","message":"Created Token with id [BeiwvopX8hh1lfIo] in parent Scene [g69WCDHJm79AwLfO]","timestamp":"2026-05-08 22:49:24"}
{"level":"info","message":"Created FogExploration with id [zvfOET1Jfy4xHjkI]","timestamp":"2026-05-08 22:49:25"}
{"level":"info","message":"Created FogExploration with id [i5Ojd4TBsLzSvmNS]","timestamp":"2026-05-08 22:49:25"}
{"level":"info","message":"Created FogExploration with id [SF9cuxr7mHKyN8L6]","timestamp":"2026-05-08 22:49:26"}
{"level":"info","message":"Created FogExploration with id [wzxvfjOBliPYSst7]","timestamp":"2026-05-08 22:49:27"}
{"level":"info","message":"Created client session a87c3b5ee73fd16075ed7f6b","timestamp":"2026-05-08 22:52:03"}
{"level":"info","message":"Created ChatMessage with id [dvqplJjNa3bhyisI]","timestamp":"2026-05-08 22:53:43"}
{"level":"info","message":"Logged user 7fNHm3YbN0rkIUxL out of active World","timestamp":"2026-05-08 23:01:05"}
{"level":"info","message":"Created client session aa6a295d4d94ddfa9f4303f3","timestamp":"2026-05-08 23:01:50"}
{"level":"info","message":"Created client session 96453b2bbdd90cd3a2c470c8","timestamp":"2026-05-08 23:02:29"}
{"level":"info","message":"Created client session 57806dd3f13f6a93496b9057","timestamp":"2026-05-08 23:02:29"}
{"level":"info","message":"Created client session b40842e1297161897980fec4","timestamp":"2026-05-08 23:02:29"}
{"level":"info","message":"Created client session 9494408ca70b3b04fdb78d91","timestamp":"2026-05-08 23:02:29"}
{"level":"info","message":"Created client session 38ef643d68e64f28047fe7a2","timestamp":"2026-05-08 23:02:29"}
{"level":"info","message":"Created client session 8cd8d346a55e9973ca8869d3","timestamp":"2026-05-08 23:02:29"}
{"level":"info","message":"Created client session e96fe06cbd1ad852c70914f4","timestamp":"2026-05-08 23:02:29"}
{"level":"info","message":"Created client session 88910e417db04288eadce53e","timestamp":"2026-05-08 23:02:29"}
{"level":"info","message":"Created client session 3dadef6b885f97b488976282","timestamp":"2026-05-08 23:02:29"}
{"level":"info","message":"Created client session 3ce5bebb1027227cef97af1b","timestamp":"2026-05-08 23:02:29"}
{"level":"info","message":"Created client session 0433a80a0699dffa9f2f0196","timestamp":"2026-05-08 23:02:29"}
{"level":"info","message":"Created client session 1d4c15b1f8f3ebbe2176bc23","timestamp":"2026-05-08 23:02:29"}
{"level":"info","message":"Created client session 79372b90eb173bbeb237d51d","timestamp":"2026-05-08 23:02:29"}
{"level":"info","message":"Created client session 224a287d6ed4bb3b2f63b77b","timestamp":"2026-05-08 23:02:29"}
{"level":"info","message":"Created client session 000bc154e76b7da1df07e84d","timestamp":"2026-05-08 23:02:29"}
{"level":"info","message":"Created client session 8561afca41131494d3bcb8b5","timestamp":"2026-05-08 23:02:29"}
{"level":"info","message":"Created client session 3403e0e8ef3efc303aac73c9","timestamp":"2026-05-08 23:02:29"}
{"level":"info","message":"Created client session f4a9117266d9c3f971557260","timestamp":"2026-05-08 23:02:29"}
{"level":"info","message":"Created client session 1dd38e7f0ed8752348b105d1","timestamp":"2026-05-08 23:02:29"}
{"level":"info","message":"Created client session 40a469742a1b3b813a3b0eb7","timestamp":"2026-05-08 23:02:30"}
{"level":"info","message":"Created client session 33e7f33ceb8dedb264ef87c5","timestamp":"2026-05-08 23:02:30"}
{"level":"info","message":"Created client session 62755855f5d8a99b3f79275d","timestamp":"2026-05-08 23:02:30"}
{"level":"info","message":"Created client session ccb772f0810559c591b32549","timestamp":"2026-05-08 23:02:30"}
{"level":"info","message":"Created client session 293796c4dd86aeaa9669bd3e","timestamp":"2026-05-08 23:02:30"}
{"level":"info","message":"Created client session b783b1bbad74b4fb9b048a16","timestamp":"2026-05-08 23:02:30"}
{"level":"info","message":"Created client session 836b91fb083751d3fa19f41e","timestamp":"2026-05-08 23:02:30"}
{"level":"info","message":"Created client session 70fa2bb4caf4066f8f4517c0","timestamp":"2026-05-08 23:02:30"}
{"level":"info","message":"Created client session 9070535303b7974ded2da3f7","timestamp":"2026-05-08 23:02:30"}
{"level":"info","message":"Created client session 513e696deb02635555eeed82","timestamp":"2026-05-08 23:02:30"}
{"level":"info","message":"Created client session b50619b1bc7b82912cb6b868","timestamp":"2026-05-08 23:02:30"}
{"level":"info","message":"Created client session 0ebc187e42667f7840dfceb3","timestamp":"2026-05-08 23:02:30"}
{"level":"info","message":"Created client session 15e65742ef6f1719191bfd5b","timestamp":"2026-05-08 23:02:30"}
{"level":"info","message":"Created client session ca9d7654f8b72a67cbe2d431","timestamp":"2026-05-08 23:02:30"}
{"level":"info","message":"Created client session f2974a0c2ada2d29a6dd25a6","timestamp":"2026-05-08 23:02:30"}
{"level":"info","message":"Created client session 002715f7f3f95d3878ad45c1","timestamp":"2026-05-08 23:02:30"}
{"level":"info","message":"Created client session 082df4fca4cd99ed026dc04e","timestamp":"2026-05-08 23:02:30"}
{"level":"info","message":"Created client session 51211b9d20b12894591ab407","timestamp":"2026-05-08 23:02:30"}
{"level":"info","message":"Created client session a037962e533ccf0cdbd46b9e","timestamp":"2026-05-08 23:02:30"}
{"level":"info","message":"Created client session e74b10a9d13a3f4adc204794","timestamp":"2026-05-08 23:02:30"}
{"level":"info","message":"Created client session 4a3a2ce46842a7080086a77b","timestamp":"2026-05-08 23:02:30"}
{"level":"info","message":"Created client session 0251f6d74f4df022b25365ce","timestamp":"2026-05-08 23:02:30"}
{"level":"info","message":"Created client session dc16b52d8da11022f8d062c1","timestamp":"2026-05-08 23:02:30"}
{"level":"info","message":"Created client session e9dff3e9273b068d5790fe9d","timestamp":"2026-05-08 23:02:30"}
{"level":"info","message":"Created client session d8636bfc4b531dfd0338e849","timestamp":"2026-05-08 23:02:30"}
{"level":"info","message":"Created client session 13734bdec4ac40bcf8824c4b","timestamp":"2026-05-08 23:02:30"}
{"level":"info","message":"Created client session 59d6c854b30239229a237718","timestamp":"2026-05-08 23:02:30"}
{"level":"info","message":"Created client session e7e78b73e695bc38022fb2c5","timestamp":"2026-05-08 23:02:30"}
{"level":"info","message":"Created client session 3ebb754e67ccff2bf33ace84","timestamp":"2026-05-08 23:02:30"}
{"level":"info","message":"Created client session 55ccae2d840f0914eeed6262","timestamp":"2026-05-08 23:02:30"}
{"level":"info","message":"Created client session fbeb3be94c48beebf15e74b9","timestamp":"2026-05-08 23:02:30"}
{"level":"info","message":"Created client session b02813d4088438224ef921ba","timestamp":"2026-05-08 23:02:30"}
{"level":"info","message":"Created client session 24e1b94d30d2f6e7782f1b7c","timestamp":"2026-05-08 23:02:30"}
{"level":"info","message":"Created client session 0e8fc37cf5351aff56c75b60","timestamp":"2026-05-08 23:02:30"}
{"level":"info","message":"Created client session 125f440436adaeb42af72c39","timestamp":"2026-05-08 23:02:30"}
{"level":"info","message":"Created client session 9ddf872d9151f10b21cffb14","timestamp":"2026-05-08 23:02:30"}
{"level":"info","message":"Created client session 656d12e8779b7ce460d6b840","timestamp":"2026-05-08 23:02:30"}
{"level":"info","message":"Created client session 1a180161d9b68101f025c21d","timestamp":"2026-05-08 23:02:30"}
{"level":"info","message":"Created client session 9708368e3bf7796688195a1e","timestamp":"2026-05-08 23:02:30"}
{"level":"info","message":"Created FogExploration with id [0TvsVIQqtvW4sxIA]","timestamp":"2026-05-08 23:03:26"}
{"level":"info","message":"Created client session 5f17e12c37713fd97885b60c","timestamp":"2026-05-08 23:23:38"}
