{"level":"info","message":"Created client session 9c0fc734d3c04a407eea73ad","timestamp":"2026-08-16 00:02:56"}
{"level":"info","message":"Created Setting with id [MBnw5F3gABYvbkJl]","timestamp":"2026-08-16 00:06:36"}
{"level":"info","message":"Created Setting with id [0VlDLN5yeNFnbwti]","timestamp":"2026-08-16 00:06:36"}
{"level":"info","message":"Created Setting with id [2o9EBl1ZzFFn2wRv]","timestamp":"2026-08-16 00:06:36"}
{"level":"info","message":"Created Setting with id [NRRgqDCLFBolOPJU]","timestamp":"2026-08-16 00:06:36"}
{"level":"info","message":"Created Setting with id [0vmYJDcaryRj86kC]","timestamp":"2026-08-16 00:06:36"}
{"level":"info","message":"Created Setting with id [KFaHenFiwjlwoqjk]","timestamp":"2026-08-16 00:06:36"}
{"level":"info","message":"Created Setting with id [iCa0Vda26g9aK3tk]","timestamp":"2026-08-16 00:06:36"}
{"level":"info","message":"Created Setting with id [mQbT4tOWPURJbY5M]","timestamp":"2026-08-16 00:06:36"}
{"level":"info","message":"Created Setting with id [wSFwVPMtz8a5ze3V]","timestamp":"2026-08-16 00:06:36"}
{"level":"info","message":"Created Setting with id [Csu3q3nzqRBlGMYk]","timestamp":"2026-08-16 00:06:36"}
{"level":"info","message":"Created Setting with id [TSzVsl4AQlLGje0m]","timestamp":"2026-08-16 00:06:36"}
{"level":"info","message":"Created Setting with id [t6YxqcWzd9Nsljt9]","timestamp":"2026-08-16 00:06:36"}
{"level":"info","message":"Created Setting with id [c3qUK4aMIaVRcNtL]","timestamp":"2026-08-16 00:06:36"}
{"level":"info","message":"Created Setting with id [CuVy28SWYCa31PLg]","timestamp":"2026-08-16 00:06:37"}
{"level":"info","message":"Created Setting with id [sK6zKTVCWCqTLF9L]","timestamp":"2026-08-16 00:06:37"}
{"level":"info","message":"Created Setting with id [Jn2ALI7eskaMkRZA]","timestamp":"2026-08-16 00:06:37"}
{"level":"info","message":"Created Setting with id [PD9TIO20Ox4e24fJ]","timestamp":"2026-08-16 00:06:37"}
{"level":"info","message":"Created Setting with id [L6R9JxnOQcbg04kv]","timestamp":"2026-08-16 00:06:37"}
{"level":"info","message":"No system update for Dungeons & Dragons Fifth Edition is currently available.","timestamp":"2026-08-16 00:06:40"}
{"level":"info","message":"Vended World data to User [YzL2W1htQr2gHsBA] in 492ms","timestamp":"2026-08-16 00:06:40"}
{"level":"info","message":"Toggling game pause status to false","timestamp":"2026-08-16 00:07:49"}
{"level":"info","message":"Created Setting with id [pyFHnLK5jVd1Pdbw]","timestamp":"2026-08-16 00:11:34"}
{"level":"info","message":"No system update for Dungeons & Dragons Fifth Edition is currently available.","timestamp":"2026-08-16 00:31:11"}
{"level":"info","message":"Vended World data to User [YzL2W1htQr2gHsBA] in 510ms","timestamp":"2026-08-16 00:31:11"}
{"level":"info","message":"Created Macro with id [bKnQhbE7nGSF6ePr]","timestamp":"2026-08-16 00:33:57"}
{"level":"info","message":"Created ChatMessage with id [g9oDNLPOjXpWobZn]","timestamp":"2026-08-16 00:34:27"}
{"level":"info","message":"Created ChatMessage with id [sjGPgR5ikTK2FCgL]","timestamp":"2026-08-16 00:34:32"}
{"level":"info","message":"Deleted ChatMessage with id [sjGPgR5ikTK2FCgL]","timestamp":"2026-08-16 00:34:53"}
{"level":"info","message":"Deleted ChatMessage with id [g9oDNLPOjXpWobZn]","timestamp":"2026-08-16 00:34:56"}
{"level":"info","message":"Created ChatMessage with id [ftYMzrIYDNEUeC98]","timestamp":"2026-08-16 00:35:24"}
{"level":"info","message":"Created ChatMessage with id [Bs36synwyxbavv64]","timestamp":"2026-08-16 00:35:27"}
{"level":"info","message":"Created ChatMessage with id [LOBBzcs2c8gbz3h2]","timestamp":"2026-08-16 00:36:44"}
{"level":"info","message":"Created ChatMessage with id [2t725gU8mJPE9YOO]","timestamp":"2026-08-16 00:36:49"}
{"level":"info","message":"Deleted ChatMessage with id [LOBBzcs2c8gbz3h2]","timestamp":"2026-08-16 00:38:19"}
{"level":"info","message":"Deleted ChatMessage with id [Bs36synwyxbavv64]","timestamp":"2026-08-16 00:38:21"}
{"level":"info","message":"Deleted ChatMessage with id [ftYMzrIYDNEUeC98]","timestamp":"2026-08-16 00:38:24"}
{"level":"info","message":"Deleted ChatMessage with id [2t725gU8mJPE9YOO]","timestamp":"2026-08-16 00:39:13"}
{"level":"info","message":"Deleted ChatMessage with id [6izfqq5wyiJHLPmu]","timestamp":"2026-08-16 00:39:17"}
{"level":"info","message":"Deleted ChatMessage with id [6ZHxwElNKVvst8sj]","timestamp":"2026-08-16 00:39:19"}
{"level":"info","message":"Deleted ChatMessage with id [NBg67uWsVKAORxCE]","timestamp":"2026-08-16 00:39:22"}
{"level":"info","message":"Created client session 2fb5cbcfb9d284f277798f68","timestamp":"2026-08-16 00:44:32"}
{"level":"info","message":"No system update for Dungeons & Dragons Fifth Edition is currently available.","timestamp":"2026-08-16 00:50:53"}
{"level":"info","message":"Vended World data to User [YzL2W1htQr2gHsBA] in 536ms","timestamp":"2026-08-16 00:50:53"}
{"level":"info","message":"Created client session f600444521166c4a6e7ffde1","timestamp":"2026-08-16 00:53:32"}
{"level":"info","message":"Created client session ca359f4520bd9d2dae0e80ef","timestamp":"2026-08-16 00:53:32"}
{"level":"info","message":"Created client session 459068b58ddc7b9662f54534","timestamp":"2026-08-16 00:53:32"}
{"level":"info","message":"Created client session 420b558771f28e19f9033751","timestamp":"2026-08-16 00:59:06"}
{"level":"info","message":"Created client session e81988856a4eb25e6bf0245a","timestamp":"2026-08-16 01:00:00"}
{"level":"info","message":"Created client session 6d8e1280594c40df65136980","timestamp":"2026-08-16 01:12:37"}
{"level":"info","message":"Created client session 46b4bcdd629f45ec804d3987","timestamp":"2026-08-16 01:24:02"}
{"level":"info","message":"Created client session 5b2e44759fce4c4259004bb3","timestamp":"2026-08-16 01:24:02"}
{"level":"info","message":"Created client session 18d8edd570f78291cfeb9dce","timestamp":"2026-08-16 01:24:02"}
{"level":"info","message":"Created client session 11cc5206137ac01fd2dc9112","timestamp":"2026-08-16 01:24:02"}
{"level":"info","message":"Created client session 25bb0e450e3d61f4bc9ea7c2","timestamp":"2026-08-16 01:24:02"}
{"level":"info","message":"Created client session 378a5202eb7cf22600ee254d","timestamp":"2026-08-16 01:24:02"}
{"level":"info","message":"Created client session c8f8f6f745ea62313cdb06e4","timestamp":"2026-08-16 01:24:02"}
{"level":"info","message":"Created client session 4b0d3b48c2c6b56d31e2bfac","timestamp":"2026-08-16 01:24:02"}
{"level":"info","message":"Created client session ee062a028262547b989ab555","timestamp":"2026-08-16 01:24:02"}
{"level":"info","message":"Created client session ff3b8efa84697e5f1fbcec8b","timestamp":"2026-08-16 01:24:02"}
{"level":"info","message":"Created client session f149e7df1970e86d962f8917","timestamp":"2026-08-16 01:24:02"}
{"level":"info","message":"Created client session a003ae7b7af321f6c90bce9e","timestamp":"2026-08-16 01:24:02"}
{"level":"info","message":"Created client session e5455b452b088e94660a19e1","timestamp":"2026-08-16 01:24:02"}
{"level":"info","message":"Created client session af59d4247c581603357af6b6","timestamp":"2026-08-16 01:24:02"}
{"level":"info","message":"Created client session 19406314e707e76ac15fc4a1","timestamp":"2026-08-16 01:24:02"}
{"level":"info","message":"Created client session 0fdcf2ad391607b1e24b695b","timestamp":"2026-08-16 01:24:02"}
{"level":"info","message":"Created client session 0972e2269c497642a213520b","timestamp":"2026-08-16 01:24:02"}
{"level":"info","message":"Created client session b2af6871153e33893cb1b947","timestamp":"2026-08-16 01:24:02"}
{"level":"info","message":"Created client session 27da4e0e63baa99c17f7ebde","timestamp":"2026-08-16 01:24:02"}
{"level":"info","message":"Created client session 3bc4eb6f4453b5b7c4b7646c","timestamp":"2026-08-16 01:24:02"}
{"level":"info","message":"Created client session 65aa9e019729b20942e4a2ef","timestamp":"2026-08-16 01:24:02"}
{"level":"info","message":"Created client session 96a651cc3ac09709b287c984","timestamp":"2026-08-16 01:24:02"}
{"level":"info","message":"Created client session cfae4976630e646eadf25c5b","timestamp":"2026-08-16 01:24:02"}
{"level":"info","message":"Created client session 8e2b1fbb5153b21a1e4169b1","timestamp":"2026-08-16 01:24:02"}
{"level":"info","message":"Created client session 9c22d663c24e6ff4c43c8094","timestamp":"2026-08-16 01:24:02"}
{"level":"info","message":"Created client session e1edf192a4007d74099bf9ea","timestamp":"2026-08-16 01:24:02"}
{"level":"info","message":"Created client session 9ac803c54aada65485023bd9","timestamp":"2026-08-16 01:24:02"}
{"level":"info","message":"Created client session a97e02844c9896fbbb2007b5","timestamp":"2026-08-16 01:24:02"}
{"level":"info","message":"Created client session b1a14100db1544aa076c6486","timestamp":"2026-08-16 01:24:02"}
{"level":"info","message":"Created client session 12e64513d269cd0ff66d8e33","timestamp":"2026-08-16 01:24:02"}
{"level":"info","message":"Created client session 8f0b3c91099d99772a88d51a","timestamp":"2026-08-16 01:24:02"}
{"level":"info","message":"Created client session 9f9a2136de955b9d13b014d6","timestamp":"2026-08-16 01:24:02"}
{"level":"info","message":"Created client session 0238f7709eaddf396f8c721a","timestamp":"2026-08-16 01:24:02"}
{"level":"info","message":"Created client session 5fd5622ff51391434bfa9d07","timestamp":"2026-08-16 01:24:02"}
{"level":"info","message":"Created client session 22d1a91d4c831a7904a5a3e8","timestamp":"2026-08-16 01:24:03"}
{"level":"info","message":"Created client session 91dfa1370385d784a0a1681b","timestamp":"2026-08-16 01:24:03"}
{"level":"info","message":"Created client session 591e9ad5e842b0b38ff664d7","timestamp":"2026-08-16 01:24:03"}
{"level":"info","message":"Created client session a8200fff735d2c36428c37c0","timestamp":"2026-08-16 01:24:03"}
{"level":"info","message":"Created client session ddcb7e4be76a8f09895dbbc2","timestamp":"2026-08-16 01:24:03"}
{"level":"info","message":"Created client session 68db7a0467764ccbc56d82a2","timestamp":"2026-08-16 01:24:03"}
{"level":"info","message":"Created client session ed340c6e89dce7de7353cc93","timestamp":"2026-08-16 01:24:03"}
{"level":"info","message":"Created client session ada222c7a0e03214d4a6e697","timestamp":"2026-08-16 01:24:03"}
{"level":"info","message":"Created client session 211efd1dd62837da0ca579c2","timestamp":"2026-08-16 01:24:03"}
{"level":"info","message":"Created client session 749d6fe99bec07daa7598d03","timestamp":"2026-08-16 01:24:03"}
{"level":"info","message":"Created client session 14bf697d99f1ba199e0b75b8","timestamp":"2026-08-16 01:24:03"}
{"level":"info","message":"Created client session 58341f4dd35fc381822feeac","timestamp":"2026-08-16 01:24:03"}
{"level":"info","message":"Created client session e47f580e961167d8a5676fa8","timestamp":"2026-08-16 01:36:25"}
{"level":"info","message":"Created client session b43ecd7095a0ba3ea96793f8","timestamp":"2026-08-16 01:47:32"}
{"level":"info","message":"Created client session de1184817f4f0e2b445f50a6","timestamp":"2026-08-16 01:47:34"}
{"level":"info","message":"Created client session 974a6240770f05e45ee3d0de","timestamp":"2026-08-16 01:47:34"}
{"level":"info","message":"Created client session b5e493769294e2f504517c0e","timestamp":"2026-08-16 01:49:05"}
{"level":"info","message":"Created client session 5bef745b570f0efd6bdfc73e","timestamp":"2026-08-16 01:49:05"}
{"level":"info","message":"Created client session 327bb0abbbabc20519ea68f5","timestamp":"2026-08-16 01:49:05"}
{"level":"info","message":"Created client session 80cbea920101aeb0ab4020aa","timestamp":"2026-08-16 01:49:05"}
{"level":"info","message":"Created client session c298c4d40b2bf538b8b5bac9","timestamp":"2026-08-16 01:49:05"}
{"level":"info","message":"Created client session 3741ca44e055116bc91cda64","timestamp":"2026-08-16 01:49:05"}
{"level":"info","message":"Created client session 4cddbdc3dc9653780c55a7e9","timestamp":"2026-08-16 01:49:05"}
{"level":"info","message":"Created client session a29b7a70d4d62fa95f46e52d","timestamp":"2026-08-16 01:49:05"}
{"level":"info","message":"Created client session e39e7b0554c36ef43881da02","timestamp":"2026-08-16 01:49:05"}
{"level":"info","message":"Created client session 03ab97bcab7d80322b93391a","timestamp":"2026-08-16 01:49:05"}
{"level":"info","message":"Created client session aa04d7750bbbf4c26ea7d220","timestamp":"2026-08-16 01:49:05"}
{"level":"info","message":"Created client session 1afdf01960481402e1497046","timestamp":"2026-08-16 01:49:05"}
{"level":"info","message":"Created client session 799e993dd9ec94c122578333","timestamp":"2026-08-16 01:49:05"}
{"level":"info","message":"Created client session d32ab0b8d6d3f0a08ee9b011","timestamp":"2026-08-16 01:49:05"}
{"level":"info","message":"Created client session d1a4db0e6611afbd055f3e03","timestamp":"2026-08-16 01:49:05"}
{"level":"info","message":"Created client session 364c677147b7f0c49c925b30","timestamp":"2026-08-16 01:49:06"}
{"level":"info","message":"Created client session cbde1c294e619bc85e23842f","timestamp":"2026-08-16 01:49:06"}
{"level":"info","message":"Created client session f1b69d14a696edf5925f96d6","timestamp":"2026-08-16 01:49:06"}
{"level":"info","message":"Created client session f18e66afe5fa658ff871ce09","timestamp":"2026-08-16 01:49:06"}
{"level":"info","message":"Created client session 0ed801919f254f4c6d261a64","timestamp":"2026-08-16 01:49:06"}
{"level":"info","message":"Created client session 5526fadcddf1449b89fabe10","timestamp":"2026-08-16 01:49:06"}
{"level":"info","message":"Created client session d18633b9aed819db02c43721","timestamp":"2026-08-16 01:49:06"}
{"level":"info","message":"Created client session 53862b1f7ad1f964ac9d7be6","timestamp":"2026-08-16 03:02:01"}
{"level":"info","message":"Created client session f4fe81c77d112b9e6af2fd55","timestamp":"2026-08-16 03:23:40"}
{"level":"info","message":"Created client session 45e414be05543b9607a152de","timestamp":"2026-08-16 03:32:12"}
{"level":"info","message":"Created client session e886df49cbafb80070d0f8bd","timestamp":"2026-08-16 03:41:01"}
{"level":"info","message":"Created client session 4ad154f0ca139a9840dc7cd4","timestamp":"2026-08-16 03:41:02"}
{"level":"info","message":"Created client session ae7360e881a3c80d6b150eca","timestamp":"2026-08-16 03:41:03"}
{"level":"info","message":"Created client session 4d0d574bd725b55f8d7620ac","timestamp":"2026-08-16 04:06:01"}
{"level":"info","message":"Created client session fdab489eff6d6c740a6f1090","timestamp":"2026-08-16 04:11:11"}
{"level":"info","message":"Created client session a4bb97aaa7b05fbc0ad9d7c3","timestamp":"2026-08-16 04:14:51"}
{"level":"info","message":"Created client session fa57d3fe36efed2126ce8d52","timestamp":"2026-08-16 04:17:28"}
{"level":"info","message":"Created client session 4815a033549a137978d80520","timestamp":"2026-08-16 04:58:57"}
{"level":"info","message":"Created client session f0727db0ea9938d1f7c39dcf","timestamp":"2026-08-16 04:58:57"}
{"level":"info","message":"Created client session 112ace6bb0412b8000513dd3","timestamp":"2026-08-16 04:58:57"}
{"level":"info","message":"Created client session f186f238279f7c50855a8bc8","timestamp":"2026-08-16 04:58:57"}
{"level":"info","message":"Created client session d8c33b0d280fbf5a0d3cf359","timestamp":"2026-08-16 04:58:57"}
{"level":"info","message":"Created client session 3927db1fb92a9e39b0f85662","timestamp":"2026-08-16 04:58:57"}
{"level":"info","message":"Created client session e2ceb59f434fbced851eb3b3","timestamp":"2026-08-16 04:58:57"}
{"level":"info","message":"Created client session e58c32ba437b1d8a32fe122e","timestamp":"2026-08-16 04:58:57"}
{"level":"info","message":"Created client session 54279cd40528ac0963c3eac9","timestamp":"2026-08-16 04:58:57"}
{"level":"info","message":"Created client session d9ab06ae51d1b2590923fc85","timestamp":"2026-08-16 04:58:57"}
{"level":"info","message":"Created client session 350e9d6a55cd719b626c7d10","timestamp":"2026-08-16 04:58:57"}
{"level":"info","message":"Created client session 3d4288192c18e844af4c3bda","timestamp":"2026-08-16 04:58:57"}
{"level":"info","message":"Created client session cd665418c48e2c32ea57aad8","timestamp":"2026-08-16 04:58:57"}
{"level":"info","message":"Created client session f3603b9c9610cf33ac9468fb","timestamp":"2026-08-16 04:58:57"}
{"level":"info","message":"Created client session f2e9405287acf4c7f95cb4a2","timestamp":"2026-08-16 04:58:57"}
{"level":"info","message":"Created client session ea75266b5b488e5d05ee2104","timestamp":"2026-08-16 04:58:57"}
{"level":"info","message":"Created client session 657816355354468eb4e98bf2","timestamp":"2026-08-16 04:58:57"}
{"level":"info","message":"Created client session 313641b6c2e447be2efd82e5","timestamp":"2026-08-16 04:58:57"}
{"level":"info","message":"Created client session d7a86e9f82cda617fa5ce2e2","timestamp":"2026-08-16 04:58:57"}
{"level":"info","message":"Created client session 55ebf3224e843e50fc49a128","timestamp":"2026-08-16 04:58:58"}
{"level":"info","message":"Created client session 7d99792ab8b7d16dcd6f04fe","timestamp":"2026-08-16 04:58:58"}
{"level":"info","message":"Created client session 6bef0c8009f9ad93697897f1","timestamp":"2026-08-16 04:58:58"}
{"level":"info","message":"Created client session c10572fcc94cc0c6fedd5a23","timestamp":"2026-08-16 05:02:29"}
{"level":"info","message":"Created client session 917846319cb626f90ebf2dc4","timestamp":"2026-08-16 05:22:50"}
{"level":"info","message":"Created client session af97b3f3e1089471fec55f75","timestamp":"2026-08-16 05:34:02"}
{"level":"info","message":"Created client session da144c278bf632a5ba103aa6","timestamp":"2026-08-16 05:50:20"}
{"level":"info","message":"Created client session 4dad9eaa2af1c41d28cbde61","timestamp":"2026-08-16 05:52:23"}
{"level":"info","message":"Created client session a9faa6ef5b6ce039da05d7c6","timestamp":"2026-08-16 06:02:20"}
{"level":"info","message":"Created client session 00b7aa676a4bea46a3a17e27","timestamp":"2026-08-16 06:22:05"}
{"level":"info","message":"Created client session ae6ed86513934ec63b40c8e7","timestamp":"2026-08-16 06:33:51"}
{"level":"info","message":"Created client session 241c595f8aa4251c1692de18","timestamp":"2026-08-16 07:07:37"}
{"level":"info","message":"Created client session 9902e864d51f71fee2db6052","timestamp":"2026-08-16 07:24:10"}
{"level":"info","message":"Created client session 75dfa3b7cf6fbb83458cc42e","timestamp":"2026-08-16 07:39:09"}
{"level":"info","message":"Created client session 1b2f5b1ab36073f5f745b3eb","timestamp":"2026-08-16 07:39:09"}
{"level":"info","message":"Created client session 8ffda82cdec1aaeafd7d05e7","timestamp":"2026-08-16 07:39:09"}
{"level":"info","message":"Created client session ffd2678fe1a0512e2b9ed4f9","timestamp":"2026-08-16 07:39:09"}
{"level":"info","message":"Created client session 18074e4403681a9596c77f56","timestamp":"2026-08-16 07:39:09"}
{"level":"info","message":"Created client session f63b5253ad20bfd88179df45","timestamp":"2026-08-16 07:39:09"}
{"level":"info","message":"Created client session 5ada470a9272273834bc5770","timestamp":"2026-08-16 07:39:09"}
{"level":"info","message":"Created client session 71bdb41fae8b5e03d37fbed8","timestamp":"2026-08-16 07:39:09"}
{"level":"info","message":"Created client session 762c918362bbb3d4ea2b2967","timestamp":"2026-08-16 07:39:09"}
{"level":"info","message":"Created client session 4c6c15413e93b1f8e8794bfd","timestamp":"2026-08-16 07:39:09"}
{"level":"info","message":"Created client session 9d58cb1df935512d1ac197e8","timestamp":"2026-08-16 07:39:09"}
{"level":"info","message":"Created client session 4cd83826f0f404265fe10de7","timestamp":"2026-08-16 07:39:09"}
{"level":"info","message":"Created client session c45ed1efb332f4c82b057850","timestamp":"2026-08-16 07:39:10"}
{"level":"info","message":"Created client session c94c2d89ec887eeadccc3514","timestamp":"2026-08-16 07:39:10"}
{"level":"info","message":"Created client session 74607222847129de261c5add","timestamp":"2026-08-16 07:39:10"}
{"level":"info","message":"Created client session c6915cc497072b8add15891a","timestamp":"2026-08-16 07:39:10"}
{"level":"info","message":"Created client session 4ecbae3b53e04cc461d36292","timestamp":"2026-08-16 07:39:10"}
{"level":"info","message":"Created client session 53dcfe18ce639c6ee741b19d","timestamp":"2026-08-16 07:39:10"}
{"level":"info","message":"Created client session f4301cd7d066b79671af3892","timestamp":"2026-08-16 07:39:10"}
{"level":"info","message":"Created client session 9d28377c4281b6009bf45b2d","timestamp":"2026-08-16 07:39:10"}
{"level":"info","message":"Created client session cac08fae235658a1373cd00a","timestamp":"2026-08-16 07:39:10"}
{"level":"info","message":"Created client session cdb3f4ac615af5ea72dbd1bb","timestamp":"2026-08-16 07:39:10"}
{"level":"info","message":"Created client session 96dbb9ea9f98d72452c5d6db","timestamp":"2026-08-16 08:00:14"}
{"level":"info","message":"Created client session f70c7c196f8cf9c25cf35976","timestamp":"2026-08-16 08:00:14"}
{"level":"info","message":"Created client session 2d317e27b6ab76a18cb8f9e0","timestamp":"2026-08-16 08:00:14"}
{"level":"info","message":"Created client session 58aab3e124cbbc81168b2a11","timestamp":"2026-08-16 08:00:14"}
{"level":"info","message":"Created client session 05886a1b7f5a10ff0db09f74","timestamp":"2026-08-16 08:00:14"}
{"level":"info","message":"Created client session 7c7eccfd4a6f1f691bb1c6b3","timestamp":"2026-08-16 08:00:14"}
{"level":"info","message":"Created client session 9e23c5d2ec41a506aeda6f09","timestamp":"2026-08-16 08:00:14"}
{"level":"info","message":"Created client session c77483a20c71e992879cf460","timestamp":"2026-08-16 08:13:26"}
{"level":"info","message":"Created client session 59c81b0398aad4e8ff1c8075","timestamp":"2026-08-16 08:31:08"}
{"level":"info","message":"Created client session 2ad3fc03ba5d01b8e3bf5708","timestamp":"2026-08-16 08:57:22"}
{"level":"info","message":"Created client session 8ffa2816028e48467bbc421c","timestamp":"2026-08-16 09:47:59"}
{"level":"info","message":"Created client session eb1373ce96b95d9c4cb85deb","timestamp":"2026-08-16 10:03:13"}
{"level":"info","message":"Created client session 30d09a2547d905ec1836f773","timestamp":"2026-08-16 10:06:20"}
{"level":"info","message":"Created client session a7a090035dc16f15cfc55b31","timestamp":"2026-08-16 10:57:56"}
{"level":"info","message":"Created client session a3a0bd0aeaf3cd0b47e8f953","timestamp":"2026-08-16 11:00:53"}
{"level":"info","message":"Created client session a390633bc10e1116845bafa2","timestamp":"2026-08-16 11:27:40"}
{"level":"info","message":"Created client session 2d434c38162ff3f445f3fe35","timestamp":"2026-08-16 11:34:24"}
{"level":"info","message":"Created client session 2e3acd320a37ecc402755d1a","timestamp":"2026-08-16 11:34:24"}
{"level":"info","message":"Created client session 73ff375d64a36510a0c9e860","timestamp":"2026-08-16 11:34:24"}
{"level":"info","message":"Created client session 35c8e1a74ac103a6c07087dd","timestamp":"2026-08-16 11:34:24"}
{"level":"info","message":"Created client session f55ff7652984400febf801a0","timestamp":"2026-08-16 11:34:24"}
{"level":"info","message":"Created client session e68409d0b6e35e925d535691","timestamp":"2026-08-16 11:34:25"}
{"level":"info","message":"Created client session f61d75a3249510d8fe98aea6","timestamp":"2026-08-16 11:34:25"}
{"level":"info","message":"Created client session 52143af535cbbe235fe97933","timestamp":"2026-08-16 11:34:25"}
{"level":"info","message":"Created client session 07d209773bb5167b1143c02c","timestamp":"2026-08-16 11:34:25"}
{"level":"info","message":"Created client session c89180202b716a3d0cec42e2","timestamp":"2026-08-16 11:34:25"}
{"level":"info","message":"Created client session e2a11802eda4e3d40963b24e","timestamp":"2026-08-16 11:34:25"}
{"level":"info","message":"Created client session 6ac6e2032aab363975068bb4","timestamp":"2026-08-16 11:34:25"}
{"level":"info","message":"Created client session c23d50bae92c63f6f16a7567","timestamp":"2026-08-16 11:34:25"}
{"level":"info","message":"Created client session c09d22a7f146266a909d13d9","timestamp":"2026-08-16 11:34:25"}
{"level":"info","message":"Created client session 833a2de2bb9ceed4aaca2ea3","timestamp":"2026-08-16 11:34:25"}
{"level":"info","message":"Created client session acf64849401f78be67f37762","timestamp":"2026-08-16 11:34:25"}
{"level":"info","message":"Created client session f98b5de1c2470d978857f5a3","timestamp":"2026-08-16 11:34:25"}
{"level":"info","message":"Created client session 91fb9b757d9dbc0f731c5f9e","timestamp":"2026-08-16 11:34:25"}
{"level":"info","message":"Created client session cb044a29550bef59ba82304b","timestamp":"2026-08-16 11:34:25"}
{"level":"info","message":"Created client session bebed7858b1e23595434a965","timestamp":"2026-08-16 11:50:14"}
{"level":"info","message":"Created client session dd038251e2dee73975e4e301","timestamp":"2026-08-16 11:58:36"}
{"level":"info","message":"Created client session 4b0aa1076ad98b3b35ee452f","timestamp":"2026-08-16 12:15:46"}
{"level":"info","message":"Created client session 7b25d46500f01a409b64f12d","timestamp":"2026-08-16 12:19:48"}
{"level":"info","message":"Created client session b233402c849fb2440b5bfd0f","timestamp":"2026-08-16 12:19:48"}
{"level":"info","message":"Created client session b617affa6f3a92710aed1dbd","timestamp":"2026-08-16 12:19:48"}
{"level":"info","message":"Created client session 4342b7def5a4155c3774afbd","timestamp":"2026-08-16 12:19:48"}
{"level":"info","message":"Created client session 0d5cf322e4afee85b14eb7d1","timestamp":"2026-08-16 12:19:48"}
{"level":"info","message":"Created client session b8b093f0d1cd4e26bffc0d5c","timestamp":"2026-08-16 12:19:48"}
{"level":"info","message":"Created client session 055e86a073025cce9e2fcd7c","timestamp":"2026-08-16 12:50:28"}
{"level":"info","message":"Created client session 8f20eaae1fe5e8dc114b7dd6","timestamp":"2026-08-16 14:22:40"}
{"level":"info","message":"Created client session b3e6bc16007b89825201baac","timestamp":"2026-08-16 14:25:16"}
{"level":"info","message":"Created client session a88a936d6d4a9777169339bc","timestamp":"2026-08-16 14:39:23"}
{"level":"info","message":"Created client session 28653c7d704bbb269b43d880","timestamp":"2026-08-16 14:50:33"}
{"level":"info","message":"Created client session f0a031ca72c19c0190502c44","timestamp":"2026-08-16 15:03:15"}
{"level":"info","message":"Created client session 0818a33268fef06dc1fbe059","timestamp":"2026-08-16 15:13:49"}
{"level":"info","message":"Created client session f236bc1cb39a2b48e7ea6a07","timestamp":"2026-08-16 15:26:43"}
{"level":"info","message":"Created client session ad5d588e06b155c7b0aa695e","timestamp":"2026-08-16 15:48:24"}
{"level":"info","message":"Created client session a73678b4682b3f556b1c2568","timestamp":"2026-08-16 16:03:17"}
{"level":"info","message":"Created client session 15aa33dc36208b465b89127c","timestamp":"2026-08-16 16:04:52"}
{"level":"info","message":"Created client session b38dc0271a9597ede5e616d0","timestamp":"2026-08-16 16:08:42"}
{"level":"info","message":"Created client session 306270ac75ecaddb66008b34","timestamp":"2026-08-16 16:14:15"}
{"level":"info","message":"Created client session d1937388f177350897e2f537","timestamp":"2026-08-16 16:18:32"}
{"level":"info","message":"Created client session 5e4513015abe1ca6441bcaa8","timestamp":"2026-08-16 16:42:54"}
{"level":"info","message":"Created client session 5a7f388b00ee98b5aee85a1f","timestamp":"2026-08-16 16:43:03"}
{"level":"info","message":"Created client session e21ba04836847bc3fd463801","timestamp":"2026-08-16 16:45:07"}
{"level":"info","message":"Created client session 4db4806a22a4773033381ce6","timestamp":"2026-08-16 16:45:09"}
{"level":"info","message":"Created client session df1b0f47ae9f62c32f9bce4a","timestamp":"2026-08-16 16:45:29"}
{"level":"info","message":"Created client session bc09722220050140130f2aa1","timestamp":"2026-08-16 16:48:14"}
{"level":"info","message":"Created client session 6b692fc92846b2efb87da93f","timestamp":"2026-08-16 16:51:58"}
{"level":"info","message":"Created client session e1a5d9cfd126143f44435b65","timestamp":"2026-08-16 16:54:56"}
{"level":"info","message":"Created client session 2f12df93a861d237dde84d70","timestamp":"2026-08-16 16:58:57"}
{"level":"info","message":"Created client session 797dd406aa05821b72351b5b","timestamp":"2026-08-16 16:59:24"}
{"level":"info","message":"Created client session 0be44f1949424c8bd38c2a79","timestamp":"2026-08-16 16:59:53"}
{"level":"info","message":"Created client session 2af7c73237ff8d3c5f3ea426","timestamp":"2026-08-16 17:00:09"}
{"level":"info","message":"Created client session 2db1f158a67d7d45df38facf","timestamp":"2026-08-16 17:02:38"}
{"level":"info","message":"Created client session 1a24f0c69af48bcdba95817e","timestamp":"2026-08-16 17:03:28"}
{"level":"info","message":"Created client session 5b0cd00b717b58f25dd4095f","timestamp":"2026-08-16 17:04:36"}
{"level":"info","message":"Created client session a679718df525b7a3c8b749e0","timestamp":"2026-08-16 17:05:12"}
{"level":"info","message":"Created client session 8a7b6c40abb6c946c8c0438f","timestamp":"2026-08-16 17:06:06"}
{"level":"info","message":"Created client session 7d317e0543540214f705b1f1","timestamp":"2026-08-16 17:07:33"}
{"level":"info","message":"Created client session 26babd411269219a55619105","timestamp":"2026-08-16 17:07:39"}
{"level":"info","message":"Created client session 097234b8fe0721b234e7fa8e","timestamp":"2026-08-16 17:12:06"}
{"level":"info","message":"Created client session 01cc781d375c4869bd644014","timestamp":"2026-08-16 17:13:05"}
{"level":"info","message":"Created client session 0f31fdac0a6b91bb881d6654","timestamp":"2026-08-16 17:21:55"}
{"level":"info","message":"Created client session 744483629e4959b8c6f78884","timestamp":"2026-08-16 17:23:25"}
{"level":"info","message":"Created client session f2f1afcee7d834fe76e155b6","timestamp":"2026-08-16 17:25:28"}
{"level":"info","message":"Created client session 6f1851a3a4738d4d68609016","timestamp":"2026-08-16 17:27:48"}
{"level":"info","message":"Created client session 2c436aa03410c1fc98e3b610","timestamp":"2026-08-16 17:29:38"}
{"level":"info","message":"Created client session 66257987cf12d406d30651cb","timestamp":"2026-08-16 17:35:00"}
{"level":"info","message":"Created client session 56b6a548689e3e3381901ecd","timestamp":"2026-08-16 17:35:44"}
{"level":"info","message":"Created client session 6b36daa5d042957bf5a977ae","timestamp":"2026-08-16 17:35:55"}
{"level":"info","message":"Created client session e2b41fb1129a30cda2fdce25","timestamp":"2026-08-16 17:36:14"}
{"level":"info","message":"Created client session 24a0caef5aa93984364c20ce","timestamp":"2026-08-16 17:36:41"}
{"level":"info","message":"Created client session 1f8c8959a1406abe5c7c346d","timestamp":"2026-08-16 17:41:08"}
{"level":"info","message":"Created client session afb749b6f72983952e01c4ad","timestamp":"2026-08-16 17:41:22"}
{"level":"info","message":"Created client session 54086c1ac91e303f46697053","timestamp":"2026-08-16 17:44:32"}
{"level":"info","message":"Created client session 906c6df484785c36468a7f68","timestamp":"2026-08-16 17:46:09"}
{"level":"info","message":"Created client session 18d3dad422fa0b3cb13f4e80","timestamp":"2026-08-16 17:47:04"}
{"level":"info","message":"Created client session d5914de411ecce8847ea5216","timestamp":"2026-08-16 17:49:59"}
{"level":"info","message":"Created client session 53fedba3816c5166dca72af1","timestamp":"2026-08-16 17:51:28"}
{"level":"info","message":"Created client session 1aadfdd08dcb4d5c808beed9","timestamp":"2026-08-16 17:52:48"}
{"level":"info","message":"Created client session d3ee4af48c8533bbf4396735","timestamp":"2026-08-16 17:54:27"}
{"level":"info","message":"Created client session f1da9f331cb54dc4c929a4b4","timestamp":"2026-08-16 17:54:51"}
{"level":"info","message":"Created client session 101f03b35529fc02bcdaefb6","timestamp":"2026-08-16 17:54:58"}
{"level":"info","message":"Created client session 560f3d9d9d5ec63cfa58282c","timestamp":"2026-08-16 18:01:03"}
{"level":"info","message":"Created client session 9017a425a69c87fc1cfc72e3","timestamp":"2026-08-16 18:01:20"}
{"level":"info","message":"Created client session c8d6c5f08334812f82504459","timestamp":"2026-08-16 18:06:28"}
{"level":"info","message":"Created client session d267d0212d31b1c934df28fa","timestamp":"2026-08-16 18:08:15"}
{"level":"info","message":"Created client session 5cd02ddfd8dd2cade302d245","timestamp":"2026-08-16 18:08:28"}
{"level":"info","message":"Created client session e5953196b1a8ca6bb1fef39c","timestamp":"2026-08-16 18:10:53"}
{"level":"info","message":"Created client session 1f42d1e5263fb8a6486ba5e6","timestamp":"2026-08-16 18:12:30"}
{"level":"info","message":"Created client session e9032c6d21f784dd323611d5","timestamp":"2026-08-16 18:14:28"}
{"level":"info","message":"Created client session 98b21793aa4d8801001fe0e4","timestamp":"2026-08-16 18:15:59"}
{"level":"info","message":"Created client session 53248fcc6910d688f3e4f7f2","timestamp":"2026-08-16 18:16:09"}
{"level":"info","message":"Created client session 66d8ad7477c043cbbc7f494b","timestamp":"2026-08-16 18:17:30"}
{"level":"info","message":"Created client session a85b634722bcb988c496c734","timestamp":"2026-08-16 18:20:02"}
{"level":"info","message":"Created client session 9d803ac09e274bf2d930a222","timestamp":"2026-08-16 18:20:12"}
{"level":"info","message":"Created client session de2964fe1afa6c6652c67c08","timestamp":"2026-08-16 18:20:31"}
{"level":"info","message":"Created client session 0715f867fc95d1fded58f2b4","timestamp":"2026-08-16 18:22:46"}
{"level":"info","message":"Created client session bd04d46aed2e2a2feda498ff","timestamp":"2026-08-16 18:24:55"}
{"level":"info","message":"Created client session 9baa351b45a791e4d6da1fe6","timestamp":"2026-08-16 18:26:05"}
{"level":"info","message":"Created client session c070c11f7fbc13486448414f","timestamp":"2026-08-16 18:29:20"}
{"level":"info","message":"Created client session 8c7d79a979b706ea1dba0b79","timestamp":"2026-08-16 18:31:19"}
{"level":"info","message":"Created client session cb3cd70ce8517ba0bc6c07b1","timestamp":"2026-08-16 18:31:41"}
{"level":"info","message":"Created client session 87ff03c5fdb4e3a3630df337","timestamp":"2026-08-16 18:32:02"}
{"level":"info","message":"Created client session 5bd09c499a3127811ccf1495","timestamp":"2026-08-16 18:34:34"}
{"level":"info","message":"Created client session 40977b0925f2ce233de01570","timestamp":"2026-08-16 18:35:55"}
{"level":"info","message":"Created client session a3ace46078fa5e06b4835444","timestamp":"2026-08-16 18:36:47"}
{"level":"info","message":"Created client session 2cfb874524f554f447b7d19e","timestamp":"2026-08-16 18:37:30"}
{"level":"info","message":"Created client session bd4ac59452a585a74fabb892","timestamp":"2026-08-16 18:39:26"}
{"level":"info","message":"Created client session c71bcc1b1880dd85a80c8651","timestamp":"2026-08-16 18:41:06"}
{"level":"info","message":"Created client session 53bb60153489d431b4059336","timestamp":"2026-08-16 18:41:42"}
{"level":"info","message":"Created client session 9570348c7b6b459321ed4d2e","timestamp":"2026-08-16 18:42:02"}
{"level":"info","message":"Created client session df625447248afd6a7267ee68","timestamp":"2026-08-16 18:42:09"}
{"level":"info","message":"Created client session 2bbc278305aeafc3fb47daef","timestamp":"2026-08-16 18:43:27"}
{"level":"info","message":"Created client session 97cadd36dc583b5068137929","timestamp":"2026-08-16 18:43:52"}
{"level":"info","message":"Created client session d47fdca08f9ed1b138390e94","timestamp":"2026-08-16 18:44:52"}
{"level":"info","message":"Created client session b8f8ec1ca543f872e84d3db7","timestamp":"2026-08-16 18:48:21"}
{"level":"info","message":"Created client session 99f207f586aff5dcc9aa3ae7","timestamp":"2026-08-16 18:49:37"}
{"level":"info","message":"Created client session e3d0b630d998d4d8100ae97a","timestamp":"2026-08-16 18:54:17"}
{"level":"info","message":"Created client session 6109247f0ead2b6f0a0bb5c6","timestamp":"2026-08-16 19:02:05"}
{"level":"info","message":"Created client session 67d267725f766ffb30f23cd8","timestamp":"2026-08-16 19:06:08"}
{"level":"info","message":"Created client session a40712c7779c0b9457f14da8","timestamp":"2026-08-16 19:06:23"}
{"level":"info","message":"Created client session 758718dffc1ca33d254df33d","timestamp":"2026-08-16 19:07:07"}
{"level":"info","message":"Created client session 9092186bf40766c3d2d65297","timestamp":"2026-08-16 19:07:58"}
{"level":"info","message":"Created client session e94fe7cee9129e65e83e5fe2","timestamp":"2026-08-16 19:08:09"}
{"level":"info","message":"Created client session 6b4d223b54cc51a9c9a9bbbb","timestamp":"2026-08-16 19:09:38"}
{"level":"info","message":"Created client session 4c8cdb6fa7c66f93910cbb25","timestamp":"2026-08-16 19:17:22"}
{"level":"info","message":"Created client session 30981fedc9d7bfc81584be3c","timestamp":"2026-08-16 19:18:18"}
{"level":"info","message":"Created client session 9425625fd9b6cf91bf5b586c","timestamp":"2026-08-16 19:21:32"}
{"level":"info","message":"Created client session 7c9793a745c75af7ba0995ea","timestamp":"2026-08-16 19:24:04"}
{"level":"info","message":"Created client session a27a719cccf63f5779e05e9d","timestamp":"2026-08-16 19:25:03"}
{"level":"info","message":"Created client session f0702706943b737b0935c20a","timestamp":"2026-08-16 19:26:22"}
{"level":"info","message":"Created client session 14eca2ece4ea8cc15df2c9d5","timestamp":"2026-08-16 19:28:37"}
{"level":"info","message":"Created client session ecdad669054d92e83953c039","timestamp":"2026-08-16 19:30:40"}
{"level":"info","message":"Created client session cc57158b9c43f5d4786c2641","timestamp":"2026-08-16 19:32:09"}
{"level":"info","message":"Created client session 711727234ecb0835bb72de6e","timestamp":"2026-08-16 19:32:57"}
{"level":"info","message":"Created client session 09ae1c6c8ca7575626650eb9","timestamp":"2026-08-16 19:35:26"}
{"level":"info","message":"Created client session fb6dcfa22dcd961d38f44bd6","timestamp":"2026-08-16 19:37:43"}
{"level":"info","message":"Created client session 3a9b2bbc9505f19e1bcb759b","timestamp":"2026-08-16 19:39:01"}
{"level":"info","message":"Created client session 5f6343773350aed948714077","timestamp":"2026-08-16 19:39:45"}
{"level":"info","message":"Created client session 1e0532f993050a5705f1b693","timestamp":"2026-08-16 19:40:07"}
{"level":"info","message":"Created client session f1710343cb0564c6d1c44f0e","timestamp":"2026-08-16 19:43:41"}
{"level":"info","message":"Created client session 95f28089c2822423f0c6a972","timestamp":"2026-08-16 19:45:02"}
{"level":"info","message":"Created client session 6af4ac8ca4b898b97971df83","timestamp":"2026-08-16 19:47:04"}
{"level":"info","message":"Created client session 8779a53e770cb871a209eaa7","timestamp":"2026-08-16 19:53:24"}
{"level":"info","message":"Created client session 2548c36f7ff13d05ff13d4ac","timestamp":"2026-08-16 20:07:15"}
{"level":"info","message":"Created client session aa9cc5b3f5440bdc15128c7a","timestamp":"2026-08-16 20:07:24"}
{"level":"info","message":"Created client session 66da044e1891fcb33ebaa723","timestamp":"2026-08-16 20:07:31"}
{"level":"info","message":"Created client session 1cf706a9dd11c394fc2d8597","timestamp":"2026-08-16 20:07:38"}
{"level":"info","message":"Created client session 460d169b2707f51533a864ce","timestamp":"2026-08-16 20:07:51"}
{"level":"info","message":"Created client session 6750200d269f02e424a896f3","timestamp":"2026-08-16 20:08:03"}
{"level":"info","message":"Created client session 3ffc3e481ac5e8ff6cb0156e","timestamp":"2026-08-16 20:08:03"}
{"level":"info","message":"Created client session 9891d0f0e374a6812532b93d","timestamp":"2026-08-16 20:08:16"}
{"level":"info","message":"Created client session 7e72ae0f7b941f18f1380498","timestamp":"2026-08-16 20:08:16"}
{"level":"info","message":"Created client session 68a07dd45539a54f278d5179","timestamp":"2026-08-16 20:08:17"}
{"level":"info","message":"Created client session 7e1af58f6d48e9408e127c8f","timestamp":"2026-08-16 20:08:17"}
{"level":"info","message":"Created client session 4231147b108d6052a55194e1","timestamp":"2026-08-16 20:08:18"}
{"level":"info","message":"Created client session 059953deb6e8879412f3914f","timestamp":"2026-08-16 20:08:18"}
{"level":"info","message":"Created client session 2a22d88d1057c6ba806bb621","timestamp":"2026-08-16 20:08:19"}
{"level":"info","message":"Created client session f3a6aa70f4446e12a343c299","timestamp":"2026-08-16 20:08:30"}
{"level":"info","message":"Created client session 5d9902acbfee3500b9714429","timestamp":"2026-08-16 20:10:56"}
{"level":"info","message":"Created client session f1ddc33b32caef4bff6c2f54","timestamp":"2026-08-16 20:12:50"}
{"level":"info","message":"Created client session 65ca41648fae2012244cdd61","timestamp":"2026-08-16 20:12:51"}
{"level":"info","message":"Created client session 8ee3213397f7014cfd73513d","timestamp":"2026-08-16 20:15:10"}
{"level":"info","message":"Created client session 45a27cc0e2f0943a007bc2ca","timestamp":"2026-08-16 20:16:47"}
{"level":"info","message":"Created client session 5125502b2f3ff78c03dc9357","timestamp":"2026-08-16 20:22:52"}
{"level":"info","message":"Created client session 426fedc1ecfa531149e9ee12","timestamp":"2026-08-16 20:23:17"}
{"level":"info","message":"Created client session 732939438fa561c50ed180cb","timestamp":"2026-08-16 20:23:40"}
{"level":"info","message":"Created client session a2f293b123d5adb81b3bf9f9","timestamp":"2026-08-16 20:24:04"}
{"level":"info","message":"Created client session 3a8a10a07dc8c9573f845efb","timestamp":"2026-08-16 20:24:23"}
{"level":"info","message":"Created client session ffe417295919be5d2cce87ea","timestamp":"2026-08-16 20:24:49"}
{"level":"info","message":"Created client session c703750d72afef2ba9a0b0e7","timestamp":"2026-08-16 20:25:15"}
{"level":"info","message":"Created client session 196a8021e53423e616f96225","timestamp":"2026-08-16 20:25:37"}
{"level":"info","message":"Created client session d9b9fd5539be94a4d2e4b960","timestamp":"2026-08-16 20:25:59"}
{"level":"info","message":"Created client session e4f704f9b0ca5eb9235eb278","timestamp":"2026-08-16 20:26:19"}
{"level":"info","message":"Created client session ef8c7e960f6319d59018024d","timestamp":"2026-08-16 20:26:42"}
{"level":"info","message":"Created client session f2946339aebc9c0adf66ea92","timestamp":"2026-08-16 20:27:04"}
{"level":"info","message":"Created client session 425958b3673e79990359de1e","timestamp":"2026-08-16 20:27:27"}
{"level":"info","message":"Created client session a4f3d7b90d10ab8951fb5790","timestamp":"2026-08-16 20:27:49"}
{"level":"info","message":"Created client session e011451d280e6e9d8d5e0e8b","timestamp":"2026-08-16 20:28:10"}
{"level":"info","message":"Created client session a8eaa11d941aebcccb5035d1","timestamp":"2026-08-16 20:28:30"}
{"level":"info","message":"Created client session bf4d0df690b7882d8de867e0","timestamp":"2026-08-16 20:28:53"}
{"level":"info","message":"Created client session caa37361ca9a32cdbb0eaada","timestamp":"2026-08-16 20:29:15"}
{"level":"info","message":"Created client session 3b2e13883ea7f49a4ab01e8e","timestamp":"2026-08-16 20:29:36"}
{"level":"info","message":"Created client session 0e353f5f162c6e9e32d511e5","timestamp":"2026-08-16 20:29:58"}
{"level":"info","message":"Created client session a6c4b4c3032cb130c4279695","timestamp":"2026-08-16 20:30:20"}
{"level":"info","message":"Created client session 93a9d9f74578a7baa65e1aaa","timestamp":"2026-08-16 20:30:20"}
{"level":"info","message":"Created client session 0ce8fd2c04d8471185601e06","timestamp":"2026-08-16 20:30:40"}
{"level":"info","message":"Created client session 38837b1f89e4efd97bb93053","timestamp":"2026-08-16 20:31:01"}
{"level":"info","message":"Created client session 90e520c6c6e376a5d168a7e6","timestamp":"2026-08-16 20:31:14"}
{"level":"info","message":"Created client session 7e5c87c1416c0ee1aef813be","timestamp":"2026-08-16 20:31:30"}
{"level":"info","message":"Created client session 5114a8182cb590fdb317813c","timestamp":"2026-08-16 20:31:47"}
{"level":"info","message":"Created client session 451129ab8775807475f151d7","timestamp":"2026-08-16 20:31:56"}
{"level":"info","message":"Created client session 565b6c5b6a6c23a078b5e2ba","timestamp":"2026-08-16 20:32:15"}
{"level":"info","message":"Created client session 5e3f7dda84f2289566730f45","timestamp":"2026-08-16 20:32:37"}
{"level":"info","message":"Created client session 1dc476d05fd5947424bf9355","timestamp":"2026-08-16 20:33:00"}
{"level":"info","message":"Created client session 32f695019658d367e34aa5a0","timestamp":"2026-08-16 20:33:23"}
{"level":"info","message":"Created client session e4141edd46a13a83fb1d007d","timestamp":"2026-08-16 20:33:44"}
{"level":"info","message":"Created client session 23d19090c2cc2f7377f1e477","timestamp":"2026-08-16 20:34:06"}
{"level":"info","message":"Created client session 0b1d2176371232dc1ee517cb","timestamp":"2026-08-16 20:34:27"}
{"level":"info","message":"Created client session 72c67b2ea602d3aee4f18f25","timestamp":"2026-08-16 20:34:50"}
{"level":"info","message":"Created client session 20cbd0dcea1e22641302b800","timestamp":"2026-08-16 20:35:13"}
{"level":"info","message":"Created client session 29ca81a41291961be15be48f","timestamp":"2026-08-16 20:35:16"}
{"level":"info","message":"Created client session ba9b57e3b343c09d3ad66234","timestamp":"2026-08-16 20:35:34"}
{"level":"info","message":"Created client session 71c64f9197c46a59f91de26f","timestamp":"2026-08-16 20:35:56"}
{"level":"info","message":"Created client session 1994ff009bf83f6e84db2261","timestamp":"2026-08-16 20:36:17"}
{"level":"info","message":"Created client session 0ab385b5c02f1a2c5fc753d2","timestamp":"2026-08-16 20:36:38"}
{"level":"info","message":"Created client session 597b6dda34d68af464f55423","timestamp":"2026-08-16 20:36:56"}
{"level":"info","message":"Created client session 490ad1b412c6148e86f3434c","timestamp":"2026-08-16 20:37:01"}
{"level":"info","message":"Created client session e04b632c228d6b521be37f8f","timestamp":"2026-08-16 20:37:22"}
{"level":"info","message":"Created client session b8e81d37bc0d03909879d67e","timestamp":"2026-08-16 20:37:43"}
{"level":"info","message":"Created client session 3338871abff7d58949a5f5eb","timestamp":"2026-08-16 20:37:58"}
{"level":"info","message":"Created client session da84f8bd2e7c1b4b68ec1cd9","timestamp":"2026-08-16 20:38:04"}
{"level":"info","message":"Created client session 9d090b385d4aa20026851974","timestamp":"2026-08-16 20:38:24"}
{"level":"info","message":"Created client session b3e7e84345bb4cb6c613abd7","timestamp":"2026-08-16 20:38:46"}
{"level":"info","message":"Created client session 7d5e9a8da7b5141b6badcfff","timestamp":"2026-08-16 20:39:07"}
{"level":"info","message":"Created client session 6d6b5b29444d1ad57e4df1d0","timestamp":"2026-08-16 20:39:30"}
{"level":"info","message":"Created client session 3b2d9a52064498aa772212ee","timestamp":"2026-08-16 20:39:50"}
{"level":"info","message":"Created client session 227156271e2e3a8ccc9e16c5","timestamp":"2026-08-16 20:40:08"}
{"level":"info","message":"Created client session b06fefc8b92c2985f4ad5896","timestamp":"2026-08-16 20:40:29"}
{"level":"info","message":"Created client session 2665960ffb886b6f1beefc08","timestamp":"2026-08-16 20:40:51"}
{"level":"info","message":"Created client session 661ce46b72c5a5660823935d","timestamp":"2026-08-16 20:41:13"}
{"level":"info","message":"Created client session 65f843fd00b3db151c797343","timestamp":"2026-08-16 20:41:36"}
{"level":"info","message":"Created client session a1cdd3655bd06fc785a7652c","timestamp":"2026-08-16 20:42:00"}
{"level":"info","message":"Created client session c5526e7f2e890e9f37f56574","timestamp":"2026-08-16 20:42:14"}
{"level":"info","message":"Created client session e71094c275064b63475b74e2","timestamp":"2026-08-16 20:42:23"}
{"level":"info","message":"Created client session 830acd713ef4768dd587a88c","timestamp":"2026-08-16 20:42:44"}
{"level":"info","message":"Created client session e3a596f4f726e82df7a9ee12","timestamp":"2026-08-16 20:43:05"}
{"level":"info","message":"Created client session 9a34acc6a491045437d87acb","timestamp":"2026-08-16 20:43:26"}
{"level":"info","message":"Created client session cc2787c5adf10717a7049f31","timestamp":"2026-08-16 20:43:45"}
{"level":"info","message":"Created client session e5fa50fc250d54260a45b742","timestamp":"2026-08-16 20:44:06"}
{"level":"info","message":"Created client session bf35154545256b07f9173e57","timestamp":"2026-08-16 20:44:07"}
{"level":"info","message":"Created client session e911fd3802c369dd526264bb","timestamp":"2026-08-16 20:44:33"}
{"level":"info","message":"Created client session a27d17a9b0085a09b768edea","timestamp":"2026-08-16 20:44:59"}
{"level":"info","message":"Created client session 41ad9fbe2e18d2939a948326","timestamp":"2026-08-16 20:45:29"}
{"level":"info","message":"Created client session 7a32e75319118813828575ce","timestamp":"2026-08-16 20:45:55"}
{"level":"info","message":"Created client session 1710152f77e70c4887835c92","timestamp":"2026-08-16 20:46:23"}
{"level":"info","message":"Created client session fabdf3cf4a785c1f4a5744c7","timestamp":"2026-08-16 20:46:47"}
{"level":"info","message":"Created client session 19394a3d141344e55ffb75fd","timestamp":"2026-08-16 20:47:13"}
{"level":"info","message":"Created client session aed83b3a1ef81aa069076f16","timestamp":"2026-08-16 20:47:39"}
{"level":"info","message":"Created client session 23fbcc44438583d8a6987031","timestamp":"2026-08-16 20:48:02"}
{"level":"info","message":"Created client session 5c90389766d11b8993e1da72","timestamp":"2026-08-16 20:48:06"}
{"level":"info","message":"Created client session c151caea839d88c69bcda980","timestamp":"2026-08-16 20:48:32"}
{"level":"info","message":"Created client session fdb49ec7c23798d30968fd2a","timestamp":"2026-08-16 20:49:00"}
{"level":"info","message":"Created client session 426918fa99e635f23d1e2b6a","timestamp":"2026-08-16 20:49:26"}
{"level":"info","message":"Created client session 231be9102fa413f1d7442b83","timestamp":"2026-08-16 20:49:51"}
{"level":"info","message":"Created client session dc618d1bf44039401536343f","timestamp":"2026-08-16 20:50:17"}
{"level":"info","message":"Created client session f3c973783c8b41584249fd79","timestamp":"2026-08-16 20:50:42"}
{"level":"info","message":"Created client session 45e8ab3cd270cb2407bbdfc9","timestamp":"2026-08-16 20:51:07"}
{"level":"info","message":"Created client session 49d1bbe9ad2e0d5b2a15b4a3","timestamp":"2026-08-16 20:51:34"}
{"level":"info","message":"Created client session dea13704ee853c03866f353a","timestamp":"2026-08-16 20:52:00"}
{"level":"info","message":"Created client session a68ca018154e7afe5a5d9d0c","timestamp":"2026-08-16 20:52:39"}
{"level":"info","message":"Created client session a0a71287bcec27b7f101dc86","timestamp":"2026-08-16 20:53:33"}
{"level":"info","message":"Created client session 27b55fadccb10caf1b5e3f07","timestamp":"2026-08-16 20:54:18"}
{"level":"info","message":"Created client session b9a6b59c84250062a4939b1e","timestamp":"2026-08-16 20:56:35"}
{"level":"info","message":"Created client session 67efc45ad5a99f4efa34c547","timestamp":"2026-08-16 21:02:02"}
{"level":"info","message":"Created client session eea213faee056772974d42d9","timestamp":"2026-08-16 21:02:49"}
{"level":"info","message":"Created client session 2c748f7e1f599ab287971c47","timestamp":"2026-08-16 21:06:11"}
{"level":"info","message":"Created client session b167c8d028b639a1406f8b66","timestamp":"2026-08-16 21:07:14"}
{"level":"info","message":"Created client session 3ca63134bb31440fb058e405","timestamp":"2026-08-16 21:09:39"}
{"level":"info","message":"Created client session 950eea280741c55aadd506c8","timestamp":"2026-08-16 21:12:36"}
{"level":"info","message":"Created client session 50c44352a8d49fef916b0966","timestamp":"2026-08-16 21:18:39"}
{"level":"info","message":"Created client session 821d8c75e81836716f4f8441","timestamp":"2026-08-16 21:18:47"}
{"level":"info","message":"Created client session 61a964d2475c90fe58664570","timestamp":"2026-08-16 21:18:55"}
{"level":"info","message":"Created client session eb03c88f166ca97a15fbdf1c","timestamp":"2026-08-16 21:21:35"}
{"level":"info","message":"Created client session e372fde26305aaee03871acd","timestamp":"2026-08-16 21:25:20"}
{"level":"info","message":"Created client session 49d0b20997a12a8bb40efa3f","timestamp":"2026-08-16 21:28:45"}
{"level":"info","message":"Created client session 48a773b18b71b5f81e461f99","timestamp":"2026-08-16 21:29:36"}
{"level":"info","message":"Created client session c0775d48eaac743e266a8a25","timestamp":"2026-08-16 21:31:06"}
{"level":"info","message":"Created client session f18a5119640cac653f998ae3","timestamp":"2026-08-16 21:35:13"}
{"level":"info","message":"Created client session e4c8943a8dc438f536489fda","timestamp":"2026-08-16 21:36:17"}
{"level":"info","message":"Created client session 89fc1de2bf079fd259c1cf81","timestamp":"2026-08-16 21:36:30"}
{"level":"info","message":"Created client session 7a321aacca52ad5eff5d2d5a","timestamp":"2026-08-16 21:36:53"}
{"level":"info","message":"Created client session eefdbf1084f0022fa7c8ceb1","timestamp":"2026-08-16 21:43:17"}
{"level":"info","message":"Created client session b58a0210da1080dd101309b7","timestamp":"2026-08-16 21:44:20"}
{"level":"info","message":"Created client session 9a5a791929248172c32ec440","timestamp":"2026-08-16 21:48:20"}
{"level":"info","message":"Created client session c0d4ef2b6508c81d27352dfb","timestamp":"2026-08-16 21:49:51"}
{"level":"info","message":"Created client session 6b2a14d593e9b159ca3e29ee","timestamp":"2026-08-16 21:51:23"}
{"level":"info","message":"Created client session d3f40e5eda3ea983ddaa46d8","timestamp":"2026-08-16 21:53:04"}
{"level":"info","message":"Created client session 7a331790e72b6196d670a66a","timestamp":"2026-08-16 21:57:30"}
{"level":"info","message":"Created client session 433bc19da232ef9ee91b16f9","timestamp":"2026-08-16 21:59:34"}
{"level":"info","message":"Created client session ad681d61e33953364548e0c2","timestamp":"2026-08-16 21:59:54"}
{"level":"info","message":"Created client session 48e81432282838526cdabbb7","timestamp":"2026-08-16 22:02:21"}
{"level":"info","message":"Created client session dad3313ad72b9e59fc1615cf","timestamp":"2026-08-16 22:05:40"}
{"level":"info","message":"Created client session 55f1b0e23bbeca055aef57bb","timestamp":"2026-08-16 22:11:02"}
{"level":"info","message":"Created client session 7e201554e7004b262ea1b1d2","timestamp":"2026-08-16 22:11:06"}
{"level":"info","message":"Created client session ec135ce5c0dc1ffe47554d2f","timestamp":"2026-08-16 22:12:52"}
{"level":"info","message":"Created client session 243a5da01bd9b9f60fd42edb","timestamp":"2026-08-16 22:19:37"}
{"level":"info","message":"Created client session 2983836e0e8c15114706393c","timestamp":"2026-08-16 22:19:48"}
{"level":"info","message":"Created client session 230442a64fb662ace96b9bd7","timestamp":"2026-08-16 22:21:24"}
{"level":"info","message":"Created client session 7a0618492d1ff5696c6c1e91","timestamp":"2026-08-16 22:22:10"}
{"level":"info","message":"Created client session 43c402e12aa9e2e9634cdc65","timestamp":"2026-08-16 22:25:56"}
{"level":"info","message":"Created client session 778db0a1572840ff0ab99366","timestamp":"2026-08-16 22:27:27"}
{"level":"info","message":"Created client session e8c12c82cbed7e7864e1521d","timestamp":"2026-08-16 22:28:16"}
{"level":"info","message":"Created client session 78364f4c0c3ab10a659e833e","timestamp":"2026-08-16 22:31:44"}
{"level":"info","message":"Created client session 14efa3055e0b90e029a5fe7f","timestamp":"2026-08-16 22:32:44"}
{"level":"info","message":"Created client session 50e0201f49475d3450571f42","timestamp":"2026-08-16 22:33:24"}
{"level":"info","message":"Created client session a48dd70c4a82d8e7ec2788ad","timestamp":"2026-08-16 22:38:15"}
{"level":"info","message":"Created client session 77b5d19235c43c78703c1bfc","timestamp":"2026-08-16 22:38:30"}
{"level":"info","message":"Created client session e12fbfdb3b00d5b642c87608","timestamp":"2026-08-16 22:38:35"}
{"level":"info","message":"Created client session 35eaf535b662c9c07c7d3e2b","timestamp":"2026-08-16 22:39:07"}
{"level":"info","message":"Created client session f9845a668ccf763c241637f9","timestamp":"2026-08-16 22:39:43"}
{"level":"info","message":"Created client session 92b959b7442fde2717d606af","timestamp":"2026-08-16 22:41:20"}
{"level":"info","message":"Created client session 9862a17c6147a8a575d4d2c9","timestamp":"2026-08-16 22:41:58"}
{"level":"info","message":"Created client session 96ef94dbb701502c9fcefb15","timestamp":"2026-08-16 22:42:50"}
{"level":"info","message":"Created client session b1c4e3c155521489f50d583b","timestamp":"2026-08-16 22:43:44"}
{"level":"info","message":"Created client session 746f43c99394a34bf6018db2","timestamp":"2026-08-16 22:48:25"}
{"level":"info","message":"Created client session 687f1ed6facc403483bbdef4","timestamp":"2026-08-16 22:49:04"}
{"level":"info","message":"Created client session 6035fa880b9078f57f5ec05b","timestamp":"2026-08-16 22:49:06"}
{"level":"info","message":"Created client session a835d2023695bfe9f44610d4","timestamp":"2026-08-16 22:52:48"}
{"level":"info","message":"Created client session 7c3e2d5b1f158b1d5031f852","timestamp":"2026-08-16 22:53:34"}
{"level":"info","message":"Created client session b6fcd2cbbc891f07d14c502a","timestamp":"2026-08-16 22:54:00"}
{"level":"info","message":"Created client session 786186e0547263ae5c054714","timestamp":"2026-08-16 22:54:24"}
{"level":"info","message":"Created client session a41cdea005697200d71a8075","timestamp":"2026-08-16 22:54:48"}
{"level":"info","message":"Created client session e29387053bebd16f2aacde84","timestamp":"2026-08-16 22:56:52"}
{"level":"info","message":"Created client session 33e6cd1456b3c5bdc8c238a3","timestamp":"2026-08-16 22:58:57"}
{"level":"info","message":"Created client session 164267a49745a1d26f2f482f","timestamp":"2026-08-16 23:01:00"}
{"level":"info","message":"Created client session 3dddde4b229d216d74a15ca0","timestamp":"2026-08-16 23:06:11"}
{"level":"info","message":"Created client session 6fa6d0d82465cb3f21bb1645","timestamp":"2026-08-16 23:07:13"}
{"level":"info","message":"Created client session 2b3ff45c0a1f5c1e5bb7f852","timestamp":"2026-08-16 23:08:14"}
{"level":"info","message":"Created client session e7760161109bf655247817df","timestamp":"2026-08-16 23:08:16"}
{"level":"info","message":"Created client session ed5d712cff8c8514ca06cb97","timestamp":"2026-08-16 23:16:26"}
{"level":"info","message":"Created client session ab9981b444dfba6a14110d89","timestamp":"2026-08-16 23:17:22"}
{"level":"info","message":"Created client session a82a242397c9c7d3d71f4a15","timestamp":"2026-08-16 23:19:04"}
{"level":"info","message":"Created client session 92ccf298f746831a577bd8a9","timestamp":"2026-08-16 23:21:40"}
{"level":"info","message":"Created client session e67ee04d8620509753e85e80","timestamp":"2026-08-16 23:21:56"}
{"level":"info","message":"Created client session 8cfc8ac3f5e02a6bf8599fc8","timestamp":"2026-08-16 23:22:22"}
{"level":"info","message":"Created client session da85412be3f7cf2aba61d6a0","timestamp":"2026-08-16 23:24:48"}
{"level":"info","message":"Created client session 53367a481fa4a4361067a954","timestamp":"2026-08-16 23:27:04"}
{"level":"info","message":"Created client session bd4394a81e7a43ab6a8a8dde","timestamp":"2026-08-16 23:28:28"}
{"level":"info","message":"Created client session 3973b949b3c5e169c6452efe","timestamp":"2026-08-16 23:29:44"}
{"level":"info","message":"Created client session 5752348edd457fdae260f6ab","timestamp":"2026-08-16 23:29:50"}
{"level":"info","message":"Created client session de5bb69925632e0200a3d09e","timestamp":"2026-08-16 23:29:52"}
{"level":"info","message":"Created client session b555fab8a590a08d996d58f5","timestamp":"2026-08-16 23:31:52"}
{"level":"info","message":"Created client session b990be07b2cb5cddf55ac983","timestamp":"2026-08-16 23:33:30"}
{"level":"info","message":"Created client session d7046de18a3b517bad4385bf","timestamp":"2026-08-16 23:36:51"}
{"level":"info","message":"Created client session ca3715d3624e2a024538df6d","timestamp":"2026-08-16 23:38:18"}
{"level":"info","message":"Created client session da985ac83e7427d7342bcb90","timestamp":"2026-08-16 23:39:47"}
{"level":"info","message":"Created client session 6165f37a03d6996adfbad840","timestamp":"2026-08-16 23:39:47"}
{"level":"info","message":"Created client session 8d9f5f68faf2c5d6036a0882","timestamp":"2026-08-16 23:39:47"}
{"level":"info","message":"Created client session bd5784cf889c66cf7ba7eeb3","timestamp":"2026-08-16 23:39:47"}
{"level":"info","message":"Created client session f2208343829f7fbd72fe6f3b","timestamp":"2026-08-16 23:39:47"}
{"level":"info","message":"Created client session db7e04e52d124ac6b389869e","timestamp":"2026-08-16 23:39:47"}
{"level":"info","message":"Created client session 25997424d94b7418f5f89569","timestamp":"2026-08-16 23:44:19"}
{"level":"info","message":"Created client session 9924af8a2291d042ae8eb3c7","timestamp":"2026-08-16 23:45:47"}
{"level":"info","message":"Created client session ddd86c975bbdbd64064252d3","timestamp":"2026-08-16 23:47:33"}
{"level":"info","message":"Created client session bdc8190bdc7f170582a9d181","timestamp":"2026-08-16 23:48:53"}
{"level":"info","message":"Created client session bdce385e888d716ecc6a9398","timestamp":"2026-08-16 23:50:02"}
{"level":"info","message":"Created client session aeff2d48aeaf8d92c9a84f88","timestamp":"2026-08-16 23:52:20"}
{"level":"info","message":"Created client session 39b5a2838661e2100e0b2d52","timestamp":"2026-08-16 23:53:38"}
{"level":"info","message":"Created client session ca2bacb1282a6bcc3bb7d4e2","timestamp":"2026-08-16 23:53:56"}
{"level":"info","message":"Created client session 480db4325634adf103f42229","timestamp":"2026-08-16 23:54:05"}
{"level":"info","message":"Created client session f9c7ccb9167d08888869a279","timestamp":"2026-08-16 23:56:16"}
{"level":"info","message":"Created client session f7b6aaa54784655aeda4b0ab","timestamp":"2026-08-16 23:57:34"}
